Archive member included to satisfy reference by file (symbol)

c:/program files (x86)/atmel/studio/7.0/toolchain/avr8/avr8-gnu-toolchain/bin/../lib/gcc/avr/5.4.0/avr5\libgcc.a(_exit.o)
                              C:/Program Files (x86)/Atmel/Studio/7.0/Packs/atmel/ATmega_DFP/1.6.364/gcc/dev/atmega32a/avr5/crtatmega32a.o (exit)
c:/program files (x86)/atmel/studio/7.0/toolchain/avr8/avr8-gnu-toolchain/bin/../lib/gcc/avr/5.4.0/avr5\libgcc.a(_copy_data.o)
                              main.o (__do_copy_data)

Discarded input sections

 .data          0x00000000        0x0 C:/Program Files (x86)/Atmel/Studio/7.0/Packs/atmel/ATmega_DFP/1.6.364/gcc/dev/atmega32a/avr5/crtatmega32a.o
 .bss           0x00000000        0x0 C:/Program Files (x86)/Atmel/Studio/7.0/Packs/atmel/ATmega_DFP/1.6.364/gcc/dev/atmega32a/avr5/crtatmega32a.o
 .text          0x00000000        0x0 Firmware/EEPROM/EEPROM.o
 .data          0x00000000        0x0 Firmware/EEPROM/EEPROM.o
 .bss           0x00000000        0x0 Firmware/EEPROM/EEPROM.o
 .text.EEPROM_ReadBytes
                0x00000000       0x4c Firmware/EEPROM/EEPROM.o
 .text.EEPROM_WriteBytes
                0x00000000       0x5a Firmware/EEPROM/EEPROM.o
 .text          0x00000000        0x0 Infrastructure/utils.o
 .data          0x00000000        0x0 Infrastructure/utils.o
 .bss           0x00000000        0x0 Infrastructure/utils.o
 .text.dummy_delay
                0x00000000       0x54 Infrastructure/utils.o
 .text          0x00000000        0x0 Mcal/I2C/I2C.o
 .data          0x00000000        0x0 Mcal/I2C/I2C.o
 .bss           0x00000000        0x0 Mcal/I2C/I2C.o
 .text.I2C_SetSlaveAddress
                0x00000000        0xc Mcal/I2C/I2C.o
 .text.I2C_ReadAck
                0x00000000       0x28 Mcal/I2C/I2C.o
 .text.I2C_Status
                0x00000000       0x1e Mcal/I2C/I2C.o
 .text.I2C_EnableInterrupt
                0x00000000       0x12 Mcal/I2C/I2C.o
 .text.I2C_DisableInterrupt
                0x00000000       0x12 Mcal/I2C/I2C.o
 .text.I2C_SetCallback
                0x00000000       0x28 Mcal/I2C/I2C.o
 .text          0x00000000        0x0 Mcal/UART/UART.o
 .data          0x00000000        0x0 Mcal/UART/UART.o
 .bss           0x00000000        0x0 Mcal/UART/UART.o
 .text.UART_EnableInterrupt
                0x00000000        0x4 Mcal/UART/UART.o
 .text.UART_DisableInterrupt
                0x00000000        0x4 Mcal/UART/UART.o
 .text.UART_SetCallback
                0x00000000        0xc Mcal/UART/UART.o
 .text.UART_FlushReceiveBuffer
                0x00000000       0x14 Mcal/UART/UART.o
 .text.UART_SetData
                0x00000000        0xc Mcal/UART/UART.o
 .text.UART_GetData
                0x00000000       0x1c Mcal/UART/UART.o
 .text          0x00000000        0x0 main.o
 .data          0x00000000        0x0 main.o
 .bss           0x00000000        0x0 main.o
 .text          0x00000000        0x0 Mcal/I2C/I2C_Config.o
 .data          0x00000000        0x0 Mcal/I2C/I2C_Config.o
 .bss           0x00000000        0x0 Mcal/I2C/I2C_Config.o
 .text          0x00000000        0x0 Mcal/UART/UART_Config.o
 .data          0x00000000        0x0 Mcal/UART/UART_Config.o
 .bss           0x00000000        0x0 Mcal/UART/UART_Config.o
 .text          0x00000000        0x0 c:/program files (x86)/atmel/studio/7.0/toolchain/avr8/avr8-gnu-toolchain/bin/../lib/gcc/avr/5.4.0/avr5\libgcc.a(_exit.o)
 .data          0x00000000        0x0 c:/program files (x86)/atmel/studio/7.0/toolchain/avr8/avr8-gnu-toolchain/bin/../lib/gcc/avr/5.4.0/avr5\libgcc.a(_exit.o)
 .bss           0x00000000        0x0 c:/program files (x86)/atmel/studio/7.0/toolchain/avr8/avr8-gnu-toolchain/bin/../lib/gcc/avr/5.4.0/avr5\libgcc.a(_exit.o)
 .text.libgcc.mul
                0x00000000        0x0 c:/program files (x86)/atmel/studio/7.0/toolchain/avr8/avr8-gnu-toolchain/bin/../lib/gcc/avr/5.4.0/avr5\libgcc.a(_exit.o)
 .text.libgcc.div
                0x00000000        0x0 c:/program files (x86)/atmel/studio/7.0/toolchain/avr8/avr8-gnu-toolchain/bin/../lib/gcc/avr/5.4.0/avr5\libgcc.a(_exit.o)
 .text.libgcc   0x00000000        0x0 c:/program files (x86)/atmel/studio/7.0/toolchain/avr8/avr8-gnu-toolchain/bin/../lib/gcc/avr/5.4.0/avr5\libgcc.a(_exit.o)
 .text.libgcc.prologue
                0x00000000        0x0 c:/program files (x86)/atmel/studio/7.0/toolchain/avr8/avr8-gnu-toolchain/bin/../lib/gcc/avr/5.4.0/avr5\libgcc.a(_exit.o)
 .text.libgcc.builtins
                0x00000000        0x0 c:/program files (x86)/atmel/studio/7.0/toolchain/avr8/avr8-gnu-toolchain/bin/../lib/gcc/avr/5.4.0/avr5\libgcc.a(_exit.o)
 .text.libgcc.fmul
                0x00000000        0x0 c:/program files (x86)/atmel/studio/7.0/toolchain/avr8/avr8-gnu-toolchain/bin/../lib/gcc/avr/5.4.0/avr5\libgcc.a(_exit.o)
 .text.libgcc.fixed
                0x00000000        0x0 c:/program files (x86)/atmel/studio/7.0/toolchain/avr8/avr8-gnu-toolchain/bin/../lib/gcc/avr/5.4.0/avr5\libgcc.a(_exit.o)
 .text          0x00000000        0x0 c:/program files (x86)/atmel/studio/7.0/toolchain/avr8/avr8-gnu-toolchain/bin/../lib/gcc/avr/5.4.0/avr5\libgcc.a(_copy_data.o)
 .data          0x00000000        0x0 c:/program files (x86)/atmel/studio/7.0/toolchain/avr8/avr8-gnu-toolchain/bin/../lib/gcc/avr/5.4.0/avr5\libgcc.a(_copy_data.o)
 .bss           0x00000000        0x0 c:/program files (x86)/atmel/studio/7.0/toolchain/avr8/avr8-gnu-toolchain/bin/../lib/gcc/avr/5.4.0/avr5\libgcc.a(_copy_data.o)
 .text.libgcc.mul
                0x00000000        0x0 c:/program files (x86)/atmel/studio/7.0/toolchain/avr8/avr8-gnu-toolchain/bin/../lib/gcc/avr/5.4.0/avr5\libgcc.a(_copy_data.o)
 .text.libgcc.div
                0x00000000        0x0 c:/program files (x86)/atmel/studio/7.0/toolchain/avr8/avr8-gnu-toolchain/bin/../lib/gcc/avr/5.4.0/avr5\libgcc.a(_copy_data.o)
 .text.libgcc   0x00000000        0x0 c:/program files (x86)/atmel/studio/7.0/toolchain/avr8/avr8-gnu-toolchain/bin/../lib/gcc/avr/5.4.0/avr5\libgcc.a(_copy_data.o)
 .text.libgcc.prologue
                0x00000000        0x0 c:/program files (x86)/atmel/studio/7.0/toolchain/avr8/avr8-gnu-toolchain/bin/../lib/gcc/avr/5.4.0/avr5\libgcc.a(_copy_data.o)
 .text.libgcc.builtins
                0x00000000        0x0 c:/program files (x86)/atmel/studio/7.0/toolchain/avr8/avr8-gnu-toolchain/bin/../lib/gcc/avr/5.4.0/avr5\libgcc.a(_copy_data.o)
 .text.libgcc.fmul
                0x00000000        0x0 c:/program files (x86)/atmel/studio/7.0/toolchain/avr8/avr8-gnu-toolchain/bin/../lib/gcc/avr/5.4.0/avr5\libgcc.a(_copy_data.o)
 .text.libgcc.fixed
                0x00000000        0x0 c:/program files (x86)/atmel/studio/7.0/toolchain/avr8/avr8-gnu-toolchain/bin/../lib/gcc/avr/5.4.0/avr5\libgcc.a(_copy_data.o)

Memory Configuration

Name             Origin             Length             Attributes
text             0x00000000         0x00008000         xr
data             0x00800060         0x00000800         rw !x
eeprom           0x00810000         0x00000400         rw !x
fuse             0x00820000         0x00000002         rw !x
lock             0x00830000         0x00000400         rw !x
signature        0x00840000         0x00000400         rw !x
user_signatures  0x00850000         0x00000400         rw !x
*default*        0x00000000         0xffffffff

Linker script and memory map

LOAD C:/Program Files (x86)/Atmel/Studio/7.0/Packs/atmel/ATmega_DFP/1.6.364/gcc/dev/atmega32a/avr5/crtatmega32a.o
LOAD Firmware/EEPROM/EEPROM.o
LOAD Infrastructure/utils.o
LOAD Mcal/I2C/I2C.o
LOAD Mcal/UART/UART.o
LOAD main.o
LOAD Mcal/I2C/I2C_Config.o
LOAD Mcal/UART/UART_Config.o
START GROUP
LOAD c:/program files (x86)/atmel/studio/7.0/toolchain/avr8/avr8-gnu-toolchain/bin/../lib/gcc/avr/5.4.0/../../../../avr/lib/avr5\libm.a
END GROUP
START GROUP
LOAD c:/program files (x86)/atmel/studio/7.0/toolchain/avr8/avr8-gnu-toolchain/bin/../lib/gcc/avr/5.4.0/avr5\libgcc.a
LOAD c:/program files (x86)/atmel/studio/7.0/toolchain/avr8/avr8-gnu-toolchain/bin/../lib/gcc/avr/5.4.0/../../../../avr/lib/avr5\libm.a
LOAD c:/program files (x86)/atmel/studio/7.0/toolchain/avr8/avr8-gnu-toolchain/bin/../lib/gcc/avr/5.4.0/../../../../avr/lib/avr5\libc.a
LOAD C:/Program Files (x86)/Atmel/Studio/7.0/Packs/atmel/ATmega_DFP/1.6.364/gcc/dev/atmega32a/avr5\libatmega32a.a
END GROUP
                [0x00000000]                __TEXT_REGION_ORIGIN__ = DEFINED (__TEXT_REGION_ORIGIN__)?__TEXT_REGION_ORIGIN__:0x0
                [0x00800060]                __DATA_REGION_ORIGIN__ = DEFINED (__DATA_REGION_ORIGIN__)?__DATA_REGION_ORIGIN__:0x800060
                [0x00008000]                __TEXT_REGION_LENGTH__ = DEFINED (__TEXT_REGION_LENGTH__)?__TEXT_REGION_LENGTH__:0x20000
                [0x00000800]                __DATA_REGION_LENGTH__ = DEFINED (__DATA_REGION_LENGTH__)?__DATA_REGION_LENGTH__:0xffa0
                [0x00000400]                __EEPROM_REGION_LENGTH__ = DEFINED (__EEPROM_REGION_LENGTH__)?__EEPROM_REGION_LENGTH__:0x10000
                [0x00000002]                __FUSE_REGION_LENGTH__ = DEFINED (__FUSE_REGION_LENGTH__)?__FUSE_REGION_LENGTH__:0x400
                0x00000400                __LOCK_REGION_LENGTH__ = DEFINED (__LOCK_REGION_LENGTH__)?__LOCK_REGION_LENGTH__:0x400
                0x00000400                __SIGNATURE_REGION_LENGTH__ = DEFINED (__SIGNATURE_REGION_LENGTH__)?__SIGNATURE_REGION_LENGTH__:0x400
                0x00000400                __USER_SIGNATURE_REGION_LENGTH__ = DEFINED (__USER_SIGNATURE_REGION_LENGTH__)?__USER_SIGNATURE_REGION_LENGTH__:0x400

.hash
 *(.hash)

.dynsym
 *(.dynsym)

.dynstr
 *(.dynstr)

.gnu.version
 *(.gnu.version)

.gnu.version_d
 *(.gnu.version_d)

.gnu.version_r
 *(.gnu.version_r)

.rel.init
 *(.rel.init)

.rela.init
 *(.rela.init)

.rel.text
 *(.rel.text)
 *(.rel.text.*)
 *(.rel.gnu.linkonce.t*)

.rela.text
 *(.rela.text)
 *(.rela.text.*)
 *(.rela.gnu.linkonce.t*)

.rel.fini
 *(.rel.fini)

.rela.fini
 *(.rela.fini)

.rel.rodata
 *(.rel.rodata)
 *(.rel.rodata.*)
 *(.rel.gnu.linkonce.r*)

.rela.rodata
 *(.rela.rodata)
 *(.rela.rodata.*)
 *(.rela.gnu.linkonce.r*)

.rel.data
 *(.rel.data)
 *(.rel.data.*)
 *(.rel.gnu.linkonce.d*)

.rela.data
 *(.rela.data)
 *(.rela.data.*)
 *(.rela.gnu.linkonce.d*)

.rel.ctors
 *(.rel.ctors)

.rela.ctors
 *(.rela.ctors)

.rel.dtors
 *(.rel.dtors)

.rela.dtors
 *(.rela.dtors)

.rel.got
 *(.rel.got)

.rela.got
 *(.rela.got)

.rel.bss
 *(.rel.bss)

.rela.bss
 *(.rela.bss)

.rel.plt
 *(.rel.plt)

.rela.plt
 *(.rela.plt)

.text           0x00000000      0x464
 *(.vectors)
 .vectors       0x00000000       0x54 C:/Program Files (x86)/Atmel/Studio/7.0/Packs/atmel/ATmega_DFP/1.6.364/gcc/dev/atmega32a/avr5/crtatmega32a.o
                0x00000000                __vector_default
                0x00000000                __vectors
 *(.vectors)
 *(.progmem.gcc*)
                0x00000054                . = ALIGN (0x2)
                0x00000054                __trampolines_start = .
 *(.trampolines)
 .trampolines   0x00000054        0x0 linker stubs
 *(.trampolines*)
                0x00000054                __trampolines_end = .
 *libprintf_flt.a:*(.progmem.data)
 *libc.a:*(.progmem.data)
 *(.progmem*)
                0x00000054                . = ALIGN (0x2)
 *(.jumptables)
 *(.jumptables*)
 *(.lowtext)
 *(.lowtext*)
                0x00000054                __ctors_start = .
 *(.ctors)
                0x00000054                __ctors_end = .
                0x00000054                __dtors_start = .
 *(.dtors)
                0x00000054                __dtors_end = .
 SORT(*)(.ctors)
 SORT(*)(.dtors)
 *(.init0)
 .init0         0x00000054        0x0 C:/Program Files (x86)/Atmel/Studio/7.0/Packs/atmel/ATmega_DFP/1.6.364/gcc/dev/atmega32a/avr5/crtatmega32a.o
                0x00000054                __init
 *(.init0)
 *(.init1)
 *(.init1)
 *(.init2)
 .init2         0x00000054        0xc C:/Program Files (x86)/Atmel/Studio/7.0/Packs/atmel/ATmega_DFP/1.6.364/gcc/dev/atmega32a/avr5/crtatmega32a.o
 *(.init2)
 *(.init3)
 *(.init3)
 *(.init4)
 .init4         0x00000060       0x16 c:/program files (x86)/atmel/studio/7.0/toolchain/avr8/avr8-gnu-toolchain/bin/../lib/gcc/avr/5.4.0/avr5\libgcc.a(_copy_data.o)
                0x00000060                __do_copy_data
 *(.init4)
 *(.init5)
 *(.init5)
 *(.init6)
 *(.init6)
 *(.init7)
 *(.init7)
 *(.init8)
 *(.init8)
 *(.init9)
 .init9         0x00000076        0x8 C:/Program Files (x86)/Atmel/Studio/7.0/Packs/atmel/ATmega_DFP/1.6.364/gcc/dev/atmega32a/avr5/crtatmega32a.o
 *(.init9)
 *(.text)
 .text          0x0000007e        0x4 C:/Program Files (x86)/Atmel/Studio/7.0/Packs/atmel/ATmega_DFP/1.6.364/gcc/dev/atmega32a/avr5/crtatmega32a.o
                0x0000007e                __vector_1
                0x0000007e                __vector_12
                0x0000007e                __bad_interrupt
                0x0000007e                __vector_6
                0x0000007e                __vector_3
                0x0000007e                __vector_11
                0x0000007e                __vector_13
                0x0000007e                __vector_17
                0x0000007e                __vector_19
                0x0000007e                __vector_7
                0x0000007e                __vector_5
                0x0000007e                __vector_4
                0x0000007e                __vector_9
                0x0000007e                __vector_2
                0x0000007e                __vector_15
                0x0000007e                __vector_8
                0x0000007e                __vector_14
                0x0000007e                __vector_10
                0x0000007e                __vector_16
                0x0000007e                __vector_18
                0x0000007e                __vector_20
                0x00000082                . = ALIGN (0x2)
 *(.text.*)
 .text.EEPROM_Init
                0x00000082       0x1a Firmware/EEPROM/EEPROM.o
                0x00000082                EEPROM_Init
 .text.EEPROM_Read
                0x0000009c       0x82 Firmware/EEPROM/EEPROM.o
                0x0000009c                EEPROM_Read
 .text.EEPROM_Write
                0x0000011e       0x62 Firmware/EEPROM/EEPROM.o
                0x0000011e                EEPROM_Write
 .text.StringCompare
                0x00000180       0x42 Infrastructure/utils.o
                0x00000180                StringCompare
 .text.I2C_Init
                0x000001c2       0x1e Mcal/I2C/I2C.o
                0x000001c2                I2C_Init
 .text.I2C_Start
                0x000001e0       0x16 Mcal/I2C/I2C.o
                0x000001e0                I2C_Start
 .text.I2C_RepeatedStart
                0x000001f6       0x18 Mcal/I2C/I2C.o
                0x000001f6                I2C_RepeatedStart
 .text.I2C_Write
                0x0000020e       0x18 Mcal/I2C/I2C.o
                0x0000020e                I2C_Write
 .text.I2C_ReadNoAck
                0x00000226       0x28 Mcal/I2C/I2C.o
                0x00000226                I2C_ReadNoAck
 .text.I2C_Stop
                0x0000024e       0x18 Mcal/I2C/I2C.o
                0x0000024e                I2C_Stop
 .text.UART_Init
                0x00000266       0x1e Mcal/UART/UART.o
                0x00000266                UART_Init
 .text.UART_TransmitChar
                0x00000284       0x12 Mcal/UART/UART.o
                0x00000284                UART_TransmitChar
 .text.UART_ReceiveChar
                0x00000296       0x20 Mcal/UART/UART.o
                0x00000296                UART_ReceiveChar
 .text.UART_TransmitString
                0x000002b6       0x2e Mcal/UART/UART.o
                0x000002b6                UART_TransmitString
 .text.UART_ReceiveString
                0x000002e4       0x5e Mcal/UART/UART.o
                0x000002e4                UART_ReceiveString
 .text.main     0x00000342      0x11e main.o
                0x00000342                main
                0x00000460                . = ALIGN (0x2)
 *(.fini9)
 .fini9         0x00000460        0x0 c:/program files (x86)/atmel/studio/7.0/toolchain/avr8/avr8-gnu-toolchain/bin/../lib/gcc/avr/5.4.0/avr5\libgcc.a(_exit.o)
                0x00000460                _exit
                0x00000460                exit
 *(.fini9)
 *(.fini8)
 *(.fini8)
 *(.fini7)
 *(.fini7)
 *(.fini6)
 *(.fini6)
 *(.fini5)
 *(.fini5)
 *(.fini4)
 *(.fini4)
 *(.fini3)
 *(.fini3)
 *(.fini2)
 *(.fini2)
 *(.fini1)
 *(.fini1)
 *(.fini0)
 .fini0         0x00000460        0x4 c:/program files (x86)/atmel/studio/7.0/toolchain/avr8/avr8-gnu-toolchain/bin/../lib/gcc/avr/5.4.0/avr5\libgcc.a(_exit.o)
 *(.fini0)
                0x00000464                _etext = .

.data           0x00800060       0x94 load address 0x00000464
                0x00800060                PROVIDE (__data_start, .)
 *(.data)
 *(.data*)
 *(.gnu.linkonce.d*)
 *(.rodata)
 *(.rodata*)
 .rodata.str1.1
                0x00800060       0x8e main.o
 .rodata.I2C_CH_0_BIT_RATE
                0x008000ee        0x1 Mcal/I2C/I2C_Config.o
                0x008000ee                I2C_CH_0_BIT_RATE
 .rodata.I2C_CH_0_CONTROL_MASK
                0x008000ef        0x1 Mcal/I2C/I2C_Config.o
                0x008000ef                I2C_CH_0_CONTROL_MASK
 .rodata.I2C_CH_0_PRESCALER
                0x008000f0        0x1 Mcal/I2C/I2C_Config.o
                0x008000f0                I2C_CH_0_PRESCALER
 .rodata.UART_CH_0_BaudRate
                0x008000f1        0x1 Mcal/UART/UART_Config.o
                0x008000f1                UART_CH_0_BaudRate
 .rodata.UART_CH_0_CONTROL_2
                0x008000f2        0x1 Mcal/UART/UART_Config.o
                0x008000f2                UART_CH_0_CONTROL_2
 .rodata.UART_CH_0_CONTROL
                0x008000f3        0x1 Mcal/UART/UART_Config.o
                0x008000f3                UART_CH_0_CONTROL
 *(.gnu.linkonce.r*)
                0x008000f4                . = ALIGN (0x2)
                0x008000f4                _edata = .
                0x008000f4                PROVIDE (__data_end, .)

.bss            0x008000f4        0x0
                [!provide]                PROVIDE (__bss_start, .)
 *(.bss)
 *(.bss*)
 *(COMMON)
                [!provide]                PROVIDE (__bss_end, .)
                0x00000464                __data_load_start = LOADADDR (.data)
                0x000004f8                __data_load_end = (__data_load_start + SIZEOF (.data))

.noinit         0x008000f4        0x0
                [!provide]                PROVIDE (__noinit_start, .)
 *(.noinit*)
                [!provide]                PROVIDE (__noinit_end, .)
                0x008000f4                _end = .
                [!provide]                PROVIDE (__heap_start, .)

.eeprom         0x00810000        0x0
 *(.eeprom*)
                0x00810000                __eeprom_end = .

.fuse
 *(.fuse)
 *(.lfuse)
 *(.hfuse)
 *(.efuse)

.lock
 *(.lock*)

.signature
 *(.signature*)

.user_signatures
 *(.user_signatures*)

.stab
 *(.stab)

.stabstr
 *(.stabstr)

.stab.excl
 *(.stab.excl)

.stab.exclstr
 *(.stab.exclstr)

.stab.index
 *(.stab.index)

.stab.indexstr
 *(.stab.indexstr)

.comment        0x00000000       0x30
 *(.comment)
 .comment       0x00000000       0x30 Firmware/EEPROM/EEPROM.o
                                 0x31 (size before relaxing)
 .comment       0x00000030       0x31 Infrastructure/utils.o
 .comment       0x00000030       0x31 Mcal/I2C/I2C.o
 .comment       0x00000030       0x31 Mcal/UART/UART.o
 .comment       0x00000030       0x31 main.o
 .comment       0x00000030       0x31 Mcal/I2C/I2C_Config.o
 .comment       0x00000030       0x31 Mcal/UART/UART_Config.o

.note.gnu.avr.deviceinfo
                0x00000000       0x3c
 .note.gnu.avr.deviceinfo
                0x00000000       0x3c C:/Program Files (x86)/Atmel/Studio/7.0/Packs/atmel/ATmega_DFP/1.6.364/gcc/dev/atmega32a/avr5/crtatmega32a.o

.note.gnu.build-id
 *(.note.gnu.build-id)

.debug
 *(.debug)

.line
 *(.line)

.debug_srcinfo
 *(.debug_srcinfo)

.debug_sfnames
 *(.debug_sfnames)

.debug_aranges  0x00000000      0x1a0
 *(.debug_aranges)
 .debug_aranges
                0x00000000       0x40 Firmware/EEPROM/EEPROM.o
 .debug_aranges
                0x00000040       0x28 Infrastructure/utils.o
 .debug_aranges
                0x00000068       0x78 Mcal/I2C/I2C.o
 .debug_aranges
                0x000000e0       0x70 Mcal/UART/UART.o
 .debug_aranges
                0x00000150       0x20 main.o
 .debug_aranges
                0x00000170       0x18 Mcal/I2C/I2C_Config.o
 .debug_aranges
                0x00000188       0x18 Mcal/UART/UART_Config.o

.debug_pubnames
 *(.debug_pubnames)

.debug_info     0x00000000     0x1985
 *(.debug_info .gnu.linkonce.wi.*)
 .debug_info    0x00000000      0x4e6 C:/Program Files (x86)/Atmel/Studio/7.0/Packs/atmel/ATmega_DFP/1.6.364/gcc/dev/atmega32a/avr5/crtatmega32a.o
 .debug_info    0x000004e6      0x48f Firmware/EEPROM/EEPROM.o
 .debug_info    0x00000975      0x143 Infrastructure/utils.o
 .debug_info    0x00000ab8      0x485 Mcal/I2C/I2C.o
 .debug_info    0x00000f3d      0x47c Mcal/UART/UART.o
 .debug_info    0x000013b9      0x489 main.o
 .debug_info    0x00001842       0x9c Mcal/I2C/I2C_Config.o
 .debug_info    0x000018de       0xa7 Mcal/UART/UART_Config.o

.debug_abbrev   0x00000000      0xa20
 *(.debug_abbrev)
 .debug_abbrev  0x00000000      0x4a3 C:/Program Files (x86)/Atmel/Studio/7.0/Packs/atmel/ATmega_DFP/1.6.364/gcc/dev/atmega32a/avr5/crtatmega32a.o
 .debug_abbrev  0x000004a3       0xe0 Firmware/EEPROM/EEPROM.o
 .debug_abbrev  0x00000583       0xc4 Infrastructure/utils.o
 .debug_abbrev  0x00000647      0x144 Mcal/I2C/I2C.o
 .debug_abbrev  0x0000078b      0x135 Mcal/UART/UART.o
 .debug_abbrev  0x000008c0       0xca main.o
 .debug_abbrev  0x0000098a       0x4b Mcal/I2C/I2C_Config.o
 .debug_abbrev  0x000009d5       0x4b Mcal/UART/UART_Config.o

.debug_line     0x00000000      0xd46
 *(.debug_line .debug_line.* .debug_line_end)
 .debug_line    0x00000000      0x116 C:/Program Files (x86)/Atmel/Studio/7.0/Packs/atmel/ATmega_DFP/1.6.364/gcc/dev/atmega32a/avr5/crtatmega32a.o
 .debug_line    0x00000116      0x2d8 Firmware/EEPROM/EEPROM.o
 .debug_line    0x000003ee      0x11d Infrastructure/utils.o
 .debug_line    0x0000050b      0x338 Mcal/I2C/I2C.o
 .debug_line    0x00000843      0x2fe Mcal/UART/UART.o
 .debug_line    0x00000b41      0x143 main.o
 .debug_line    0x00000c84       0x60 Mcal/I2C/I2C_Config.o
 .debug_line    0x00000ce4       0x62 Mcal/UART/UART_Config.o

.debug_frame    0x00000000      0x2f4
 *(.debug_frame)
 .debug_frame   0x00000000       0xd0 Firmware/EEPROM/EEPROM.o
 .debug_frame   0x000000d0       0x44 Infrastructure/utils.o
 .debug_frame   0x00000114       0xe4 Mcal/I2C/I2C.o
 .debug_frame   0x000001f8       0xc4 Mcal/UART/UART.o
 .debug_frame   0x000002bc       0x38 main.o

.debug_str      0x00000000      0x88e
 *(.debug_str)
 .debug_str     0x00000000      0x196 C:/Program Files (x86)/Atmel/Studio/7.0/Packs/atmel/ATmega_DFP/1.6.364/gcc/dev/atmega32a/avr5/crtatmega32a.o
 .debug_str     0x00000196      0x295 Firmware/EEPROM/EEPROM.o
                                0x2b6 (size before relaxing)
 .debug_str     0x0000042b       0x5a Infrastructure/utils.o
                                0x1d8 (size before relaxing)
 .debug_str     0x00000485      0x14e Mcal/I2C/I2C.o
                                0x334 (size before relaxing)
 .debug_str     0x000005d3      0x1d6 Mcal/UART/UART.o
                                0x375 (size before relaxing)
 .debug_str     0x000007a9       0xb1 main.o
                                0x2c0 (size before relaxing)
 .debug_str     0x0000085a       0x19 Mcal/I2C/I2C_Config.o
                                0x1c6 (size before relaxing)
 .debug_str     0x00000873       0x1b Mcal/UART/UART_Config.o
                                0x1cf (size before relaxing)

.debug_loc      0x00000000     0x1112
 *(.debug_loc)
 .debug_loc     0x00000000      0x779 Firmware/EEPROM/EEPROM.o
 .debug_loc     0x00000779      0x111 Infrastructure/utils.o
 .debug_loc     0x0000088a      0x49b Mcal/I2C/I2C.o
 .debug_loc     0x00000d25      0x3a5 Mcal/UART/UART.o
 .debug_loc     0x000010ca       0x48 main.o

.debug_macinfo
 *(.debug_macinfo)

.debug_weaknames
 *(.debug_weaknames)

.debug_funcnames
 *(.debug_funcnames)

.debug_typenames
 *(.debug_typenames)

.debug_varnames
 *(.debug_varnames)

.debug_pubtypes
 *(.debug_pubtypes)

.debug_ranges   0x00000000      0x150
 *(.debug_ranges)
 .debug_ranges  0x00000000       0x60 Firmware/EEPROM/EEPROM.o
 .debug_ranges  0x00000060       0x18 Infrastructure/utils.o
 .debug_ranges  0x00000078       0x68 Mcal/I2C/I2C.o
 .debug_ranges  0x000000e0       0x60 Mcal/UART/UART.o
 .debug_ranges  0x00000140       0x10 main.o

.debug_macro
 *(.debug_macro)
OUTPUT(InterfacingEEPROM_I2C.elf elf32-avr)
LOAD linker stubs
