Archive member included to satisfy reference by file (symbol)

c:/program files (x86)/atmel/studio/7.0/toolchain/avr8/avr8-gnu-toolchain/bin/../lib/gcc/avr/5.4.0/avr5\libgcc.a(_udivmodsi4.o)
                              Infrastructure/LIB/src/UTILS.o (__udivmodsi4)
c:/program files (x86)/atmel/studio/7.0/toolchain/avr8/avr8-gnu-toolchain/bin/../lib/gcc/avr/5.4.0/avr5\libgcc.a(_exit.o)
                              C:/Program Files (x86)/Atmel/Studio/7.0/Packs/atmel/ATmega_DFP/1.6.364/gcc/dev/atmega32a/avr5/crtatmega32a.o (exit)
c:/program files (x86)/atmel/studio/7.0/toolchain/avr8/avr8-gnu-toolchain/bin/../lib/gcc/avr/5.4.0/avr5\libgcc.a(_copy_data.o)
                              main.o (__do_copy_data)
c:/program files (x86)/atmel/studio/7.0/toolchain/avr8/avr8-gnu-toolchain/bin/../lib/gcc/avr/5.4.0/avr5\libgcc.a(_clear_bss.o)
                              Infrastructure/Design_Patterns/Interrupt_Handler/src/Interrupt_Design_Pattern.o (__do_clear_bss)

Discarded input sections

 .text          0x00000000        0x4 C:/Program Files (x86)/Atmel/Studio/7.0/Packs/atmel/ATmega_DFP/1.6.364/gcc/dev/atmega32a/avr5/crtatmega32a.o
 .data          0x00000000        0x0 C:/Program Files (x86)/Atmel/Studio/7.0/Packs/atmel/ATmega_DFP/1.6.364/gcc/dev/atmega32a/avr5/crtatmega32a.o
 .bss           0x00000000        0x0 C:/Program Files (x86)/Atmel/Studio/7.0/Packs/atmel/ATmega_DFP/1.6.364/gcc/dev/atmega32a/avr5/crtatmega32a.o
 .text          0x00000000        0x0 Infrastructure/Design_Patterns/Interrupt_Handler/src/Interrupt_Design_Pattern.o
 .data          0x00000000        0x0 Infrastructure/Design_Patterns/Interrupt_Handler/src/Interrupt_Design_Pattern.o
 .bss           0x00000000        0x0 Infrastructure/Design_Patterns/Interrupt_Handler/src/Interrupt_Design_Pattern.o
 .text.Interrupt_Deinstall
                0x00000000       0x24 Infrastructure/Design_Patterns/Interrupt_Handler/src/Interrupt_Design_Pattern.o
 .text          0x00000000        0x0 Infrastructure/LIB/src/UTILS.o
 .data          0x00000000        0x0 Infrastructure/LIB/src/UTILS.o
 .bss           0x00000000        0x0 Infrastructure/LIB/src/UTILS.o
 .text.dummy_delay
                0x00000000       0x54 Infrastructure/LIB/src/UTILS.o
 .text.StringCompare
                0x00000000       0x42 Infrastructure/LIB/src/UTILS.o
 .text.STR_Length
                0x00000000       0x26 Infrastructure/LIB/src/UTILS.o
 .text.STR_CharIsNumeric
                0x00000000       0x16 Infrastructure/LIB/src/UTILS.o
 .text.STR_StringIsNumeric
                0x00000000       0x54 Infrastructure/LIB/src/UTILS.o
 .text.STR_CompareString
                0x00000000       0x40 Infrastructure/LIB/src/UTILS.o
 .text.STR_String2Number
                0x00000000       0x80 Infrastructure/LIB/src/UTILS.o
 .text.STR_StringReverse
                0x00000000       0x26 Infrastructure/LIB/src/UTILS.o
 .text.STR_Number2String
                0x00000000       0x54 Infrastructure/LIB/src/UTILS.o
 .debug_info    0x00000000      0x3a3 Infrastructure/LIB/src/UTILS.o
 .debug_abbrev  0x00000000      0x124 Infrastructure/LIB/src/UTILS.o
 .debug_loc     0x00000000      0x567 Infrastructure/LIB/src/UTILS.o
 .debug_aranges
                0x00000000       0x60 Infrastructure/LIB/src/UTILS.o
 .debug_ranges  0x00000000       0x50 Infrastructure/LIB/src/UTILS.o
 .debug_line    0x00000000      0x351 Infrastructure/LIB/src/UTILS.o
 .debug_str     0x00000000      0x2ec Infrastructure/LIB/src/UTILS.o
 .comment       0x00000000       0x31 Infrastructure/LIB/src/UTILS.o
 .debug_frame   0x00000000      0x10c Infrastructure/LIB/src/UTILS.o
 .text          0x00000000        0x0 Mcal/DIO/src/DIO.o
 .data          0x00000000        0x0 Mcal/DIO/src/DIO.o
 .bss           0x00000000        0x0 Mcal/DIO/src/DIO.o
 .text.DIO_SetPinDirection
                0x00000000       0x70 Mcal/DIO/src/DIO.o
 .text.DIO_EnablePinPullup
                0x00000000       0x4a Mcal/DIO/src/DIO.o
 .text.DIO_WritePin
                0x00000000       0x70 Mcal/DIO/src/DIO.o
 .text.DIO_ReadPin
                0x00000000       0x60 Mcal/DIO/src/DIO.o
 .text.DIO_TogglePin
                0x00000000       0x4a Mcal/DIO/src/DIO.o
 .debug_info    0x00000000      0x232 Mcal/DIO/src/DIO.o
 .debug_abbrev  0x00000000       0xbf Mcal/DIO/src/DIO.o
 .debug_loc     0x00000000      0x3fa Mcal/DIO/src/DIO.o
 .debug_aranges
                0x00000000       0x40 Mcal/DIO/src/DIO.o
 .debug_ranges  0x00000000       0x30 Mcal/DIO/src/DIO.o
 .debug_line    0x00000000      0x2bd Mcal/DIO/src/DIO.o
 .debug_str     0x00000000      0x24f Mcal/DIO/src/DIO.o
 .comment       0x00000000       0x31 Mcal/DIO/src/DIO.o
 .debug_frame   0x00000000       0x64 Mcal/DIO/src/DIO.o
 .text          0x00000000        0x0 Mcal/I2C/src/I2C.o
 .data          0x00000000        0x0 Mcal/I2C/src/I2C.o
 .bss           0x00000000        0x0 Mcal/I2C/src/I2C.o
 .text.I2C_SetSlaveAddress
                0x00000000        0xc Mcal/I2C/src/I2C.o
 .text.I2C_RepeatedStart
                0x00000000       0x12 Mcal/I2C/src/I2C.o
 .text.I2C_ReadAck
                0x00000000       0x22 Mcal/I2C/src/I2C.o
 .text.I2C_ReadNoAck
                0x00000000       0x28 Mcal/I2C/src/I2C.o
 .text.I2C_DisableInterrupt
                0x00000000       0x12 Mcal/I2C/src/I2C.o
 .text.I2C_SetCallback
                0x00000000       0x28 Mcal/I2C/src/I2C.o
 .text.I2C_ClearIntFlag
                0x00000000       0x12 Mcal/I2C/src/I2C.o
 .text          0x00000000        0x0 Mcal/Interrupts/src/Interrupts.o
 .data          0x00000000        0x0 Mcal/Interrupts/src/Interrupts.o
 .bss           0x00000000        0x0 Mcal/Interrupts/src/Interrupts.o
 .text.INTERRUPTS_Disable
                0x00000000        0x8 Mcal/Interrupts/src/Interrupts.o
 .text          0x00000000        0x0 Mcal/SPI/src/SPI.o
 .data          0x00000000        0x0 Mcal/SPI/src/SPI.o
 .bss           0x00000000        0x0 Mcal/SPI/src/SPI.o
 .text.SPI_Init
                0x00000000       0x7e Mcal/SPI/src/SPI.o
 .text.SPI_TransmitChar
                0x00000000       0x66 Mcal/SPI/src/SPI.o
 .text.SPI_ReceiveChar
                0x00000000       0x76 Mcal/SPI/src/SPI.o
 .text.SPI_TransmitString
                0x00000000       0x86 Mcal/SPI/src/SPI.o
 .text.SPI_ReceiveString
                0x00000000       0xb4 Mcal/SPI/src/SPI.o
 .text.SPI_EnableInterrupt
                0x00000000       0x12 Mcal/SPI/src/SPI.o
 .text.SPI_DisableInterrupt
                0x00000000       0x12 Mcal/SPI/src/SPI.o
 .text.SPI_SetCallback
                0x00000000       0x28 Mcal/SPI/src/SPI.o
 .text.SPI_SetData
                0x00000000        0xc Mcal/SPI/src/SPI.o
 .text.SPI_GetData
                0x00000000       0x1c Mcal/SPI/src/SPI.o
 .debug_info    0x00000000      0x6b4 Mcal/SPI/src/SPI.o
 .debug_abbrev  0x00000000      0x160 Mcal/SPI/src/SPI.o
 .debug_loc     0x00000000      0xa6c Mcal/SPI/src/SPI.o
 .debug_aranges
                0x00000000       0x68 Mcal/SPI/src/SPI.o
 .debug_ranges  0x00000000       0x58 Mcal/SPI/src/SPI.o
 .debug_line    0x00000000      0x455 Mcal/SPI/src/SPI.o
 .debug_str     0x00000000      0x3fe Mcal/SPI/src/SPI.o
 .comment       0x00000000       0x31 Mcal/SPI/src/SPI.o
 .debug_frame   0x00000000      0x140 Mcal/SPI/src/SPI.o
 .text          0x00000000        0x0 Mcal/UART/src/UART.o
 .data          0x00000000        0x0 Mcal/UART/src/UART.o
 .bss           0x00000000        0x0 Mcal/UART/src/UART.o
 .text.UART_Init
                0x00000000       0x48 Mcal/UART/src/UART.o
 .text.UART_TransmitChar
                0x00000000       0x12 Mcal/UART/src/UART.o
 .text.UART_ReceiveChar
                0x00000000       0x20 Mcal/UART/src/UART.o
 .text.UART_TransmitString
                0x00000000       0x2e Mcal/UART/src/UART.o
 .text.UART_ReceiveString
                0x00000000       0x5e Mcal/UART/src/UART.o
 .text.UART_EnableInterrupt
                0x00000000       0x1e Mcal/UART/src/UART.o
 .text.UART_DisableInterrupt
                0x00000000       0x20 Mcal/UART/src/UART.o
 .text.UART_SetCallback
                0x00000000       0x46 Mcal/UART/src/UART.o
 .text.UART_FlushReceiveBuffer
                0x00000000       0x14 Mcal/UART/src/UART.o
 .text.UART_SetData
                0x00000000        0xc Mcal/UART/src/UART.o
 .text.UART_GetData
                0x00000000       0x1c Mcal/UART/src/UART.o
 .debug_info    0x00000000      0x4a9 Mcal/UART/src/UART.o
 .debug_abbrev  0x00000000      0x146 Mcal/UART/src/UART.o
 .debug_loc     0x00000000      0x545 Mcal/UART/src/UART.o
 .debug_aranges
                0x00000000       0x70 Mcal/UART/src/UART.o
 .debug_ranges  0x00000000       0x60 Mcal/UART/src/UART.o
 .debug_line    0x00000000      0x3d8 Mcal/UART/src/UART.o
 .debug_str     0x00000000      0x399 Mcal/UART/src/UART.o
 .comment       0x00000000       0x31 Mcal/UART/src/UART.o
 .debug_frame   0x00000000       0xd4 Mcal/UART/src/UART.o
 .text          0x00000000        0x0 main.o
 .data          0x00000000        0x0 main.o
 .bss           0x00000000        0x0 main.o
 .text.IncrementTxUART
                0x00000000       0x22 main.o
 .text.IncrementTxSPI
                0x00000000       0x22 main.o
 .text          0x00000000        0x0 Mcal/I2C/src/I2C_Config.o
 .data          0x00000000        0x0 Mcal/I2C/src/I2C_Config.o
 .bss           0x00000000        0x0 Mcal/I2C/src/I2C_Config.o
 .text          0x00000000        0x0 Mcal/Interrupts/src/Interrupts_Lcfg.o
 .data          0x00000000        0x0 Mcal/Interrupts/src/Interrupts_Lcfg.o
 .bss           0x00000000        0x0 Mcal/Interrupts/src/Interrupts_Lcfg.o
 .text          0x00000000        0x0 Mcal/SPI/src/SPI_Config.o
 .data          0x00000000        0x0 Mcal/SPI/src/SPI_Config.o
 .bss           0x00000000        0x0 Mcal/SPI/src/SPI_Config.o
 .rodata.SPI_CH_0_SS_CH_0_PIN
                0x00000000        0x1 Mcal/SPI/src/SPI_Config.o
 .rodata.SPI_CH_0_SS_CH_0_PORT
                0x00000000        0x1 Mcal/SPI/src/SPI_Config.o
 .rodata.SPI_CH_0_SCK_PIN
                0x00000000        0x1 Mcal/SPI/src/SPI_Config.o
 .rodata.SPI_CH_0_SCK_PORT
                0x00000000        0x1 Mcal/SPI/src/SPI_Config.o
 .rodata.SPI_CH_0_MISO_PIN
                0x00000000        0x1 Mcal/SPI/src/SPI_Config.o
 .rodata.SPI_CH_0_MISO_PORT
                0x00000000        0x1 Mcal/SPI/src/SPI_Config.o
 .rodata.SPI_CH_0_MOSI_PIN
                0x00000000        0x1 Mcal/SPI/src/SPI_Config.o
 .rodata.SPI_CH_0_MOSI_PORT
                0x00000000        0x1 Mcal/SPI/src/SPI_Config.o
 .rodata.SPI_CH_0_DOUBLE_SPEED
                0x00000000        0x1 Mcal/SPI/src/SPI_Config.o
 .rodata.SPI_CH_0_CONTROL_MASK
                0x00000000        0x1 Mcal/SPI/src/SPI_Config.o
 .debug_info    0x00000000      0x128 Mcal/SPI/src/SPI_Config.o
 .debug_abbrev  0x00000000       0x40 Mcal/SPI/src/SPI_Config.o
 .debug_aranges
                0x00000000       0x18 Mcal/SPI/src/SPI_Config.o
 .debug_line    0x00000000       0x6f Mcal/SPI/src/SPI_Config.o
 .debug_str     0x00000000      0x26b Mcal/SPI/src/SPI_Config.o
 .comment       0x00000000       0x31 Mcal/SPI/src/SPI_Config.o
 .text          0x00000000        0x0 Mcal/UART/src/UART_Config.o
 .data          0x00000000        0x0 Mcal/UART/src/UART_Config.o
 .bss           0x00000000        0x0 Mcal/UART/src/UART_Config.o
 .rodata.UART_CH_0_BaudRate
                0x00000000        0x2 Mcal/UART/src/UART_Config.o
 .rodata.UART_CH_0_CONTROL_2
                0x00000000        0x1 Mcal/UART/src/UART_Config.o
 .rodata.UART_CH_0_CONTROL
                0x00000000        0x1 Mcal/UART/src/UART_Config.o
 .debug_info    0x00000000       0xba Mcal/UART/src/UART_Config.o
 .debug_abbrev  0x00000000       0x40 Mcal/UART/src/UART_Config.o
 .debug_aranges
                0x00000000       0x18 Mcal/UART/src/UART_Config.o
 .debug_line    0x00000000       0x71 Mcal/UART/src/UART_Config.o
 .debug_str     0x00000000      0x1eb Mcal/UART/src/UART_Config.o
 .comment       0x00000000       0x31 Mcal/UART/src/UART_Config.o
 .text          0x00000000        0x0 c:/program files (x86)/atmel/studio/7.0/toolchain/avr8/avr8-gnu-toolchain/bin/../lib/gcc/avr/5.4.0/avr5\libgcc.a(_udivmodsi4.o)
 .data          0x00000000        0x0 c:/program files (x86)/atmel/studio/7.0/toolchain/avr8/avr8-gnu-toolchain/bin/../lib/gcc/avr/5.4.0/avr5\libgcc.a(_udivmodsi4.o)
 .bss           0x00000000        0x0 c:/program files (x86)/atmel/studio/7.0/toolchain/avr8/avr8-gnu-toolchain/bin/../lib/gcc/avr/5.4.0/avr5\libgcc.a(_udivmodsi4.o)
 .text.libgcc.mul
                0x00000000        0x0 c:/program files (x86)/atmel/studio/7.0/toolchain/avr8/avr8-gnu-toolchain/bin/../lib/gcc/avr/5.4.0/avr5\libgcc.a(_udivmodsi4.o)
 .text.libgcc.div
                0x00000000       0x44 c:/program files (x86)/atmel/studio/7.0/toolchain/avr8/avr8-gnu-toolchain/bin/../lib/gcc/avr/5.4.0/avr5\libgcc.a(_udivmodsi4.o)
 .text.libgcc   0x00000000        0x0 c:/program files (x86)/atmel/studio/7.0/toolchain/avr8/avr8-gnu-toolchain/bin/../lib/gcc/avr/5.4.0/avr5\libgcc.a(_udivmodsi4.o)
 .text.libgcc.prologue
                0x00000000        0x0 c:/program files (x86)/atmel/studio/7.0/toolchain/avr8/avr8-gnu-toolchain/bin/../lib/gcc/avr/5.4.0/avr5\libgcc.a(_udivmodsi4.o)
 .text.libgcc.builtins
                0x00000000        0x0 c:/program files (x86)/atmel/studio/7.0/toolchain/avr8/avr8-gnu-toolchain/bin/../lib/gcc/avr/5.4.0/avr5\libgcc.a(_udivmodsi4.o)
 .text.libgcc.fmul
                0x00000000        0x0 c:/program files (x86)/atmel/studio/7.0/toolchain/avr8/avr8-gnu-toolchain/bin/../lib/gcc/avr/5.4.0/avr5\libgcc.a(_udivmodsi4.o)
 .text.libgcc.fixed
                0x00000000        0x0 c:/program files (x86)/atmel/studio/7.0/toolchain/avr8/avr8-gnu-toolchain/bin/../lib/gcc/avr/5.4.0/avr5\libgcc.a(_udivmodsi4.o)
 .text          0x00000000        0x0 c:/program files (x86)/atmel/studio/7.0/toolchain/avr8/avr8-gnu-toolchain/bin/../lib/gcc/avr/5.4.0/avr5\libgcc.a(_exit.o)
 .data          0x00000000        0x0 c:/program files (x86)/atmel/studio/7.0/toolchain/avr8/avr8-gnu-toolchain/bin/../lib/gcc/avr/5.4.0/avr5\libgcc.a(_exit.o)
 .bss           0x00000000        0x0 c:/program files (x86)/atmel/studio/7.0/toolchain/avr8/avr8-gnu-toolchain/bin/../lib/gcc/avr/5.4.0/avr5\libgcc.a(_exit.o)
 .text.libgcc.mul
                0x00000000        0x0 c:/program files (x86)/atmel/studio/7.0/toolchain/avr8/avr8-gnu-toolchain/bin/../lib/gcc/avr/5.4.0/avr5\libgcc.a(_exit.o)
 .text.libgcc.div
                0x00000000        0x0 c:/program files (x86)/atmel/studio/7.0/toolchain/avr8/avr8-gnu-toolchain/bin/../lib/gcc/avr/5.4.0/avr5\libgcc.a(_exit.o)
 .text.libgcc   0x00000000        0x0 c:/program files (x86)/atmel/studio/7.0/toolchain/avr8/avr8-gnu-toolchain/bin/../lib/gcc/avr/5.4.0/avr5\libgcc.a(_exit.o)
 .text.libgcc.prologue
                0x00000000        0x0 c:/program files (x86)/atmel/studio/7.0/toolchain/avr8/avr8-gnu-toolchain/bin/../lib/gcc/avr/5.4.0/avr5\libgcc.a(_exit.o)
 .text.libgcc.builtins
                0x00000000        0x0 c:/program files (x86)/atmel/studio/7.0/toolchain/avr8/avr8-gnu-toolchain/bin/../lib/gcc/avr/5.4.0/avr5\libgcc.a(_exit.o)
 .text.libgcc.fmul
                0x00000000        0x0 c:/program files (x86)/atmel/studio/7.0/toolchain/avr8/avr8-gnu-toolchain/bin/../lib/gcc/avr/5.4.0/avr5\libgcc.a(_exit.o)
 .text.libgcc.fixed
                0x00000000        0x0 c:/program files (x86)/atmel/studio/7.0/toolchain/avr8/avr8-gnu-toolchain/bin/../lib/gcc/avr/5.4.0/avr5\libgcc.a(_exit.o)
 .text          0x00000000        0x0 c:/program files (x86)/atmel/studio/7.0/toolchain/avr8/avr8-gnu-toolchain/bin/../lib/gcc/avr/5.4.0/avr5\libgcc.a(_copy_data.o)
 .data          0x00000000        0x0 c:/program files (x86)/atmel/studio/7.0/toolchain/avr8/avr8-gnu-toolchain/bin/../lib/gcc/avr/5.4.0/avr5\libgcc.a(_copy_data.o)
 .bss           0x00000000        0x0 c:/program files (x86)/atmel/studio/7.0/toolchain/avr8/avr8-gnu-toolchain/bin/../lib/gcc/avr/5.4.0/avr5\libgcc.a(_copy_data.o)
 .text.libgcc.mul
                0x00000000        0x0 c:/program files (x86)/atmel/studio/7.0/toolchain/avr8/avr8-gnu-toolchain/bin/../lib/gcc/avr/5.4.0/avr5\libgcc.a(_copy_data.o)
 .text.libgcc.div
                0x00000000        0x0 c:/program files (x86)/atmel/studio/7.0/toolchain/avr8/avr8-gnu-toolchain/bin/../lib/gcc/avr/5.4.0/avr5\libgcc.a(_copy_data.o)
 .text.libgcc   0x00000000        0x0 c:/program files (x86)/atmel/studio/7.0/toolchain/avr8/avr8-gnu-toolchain/bin/../lib/gcc/avr/5.4.0/avr5\libgcc.a(_copy_data.o)
 .text.libgcc.prologue
                0x00000000        0x0 c:/program files (x86)/atmel/studio/7.0/toolchain/avr8/avr8-gnu-toolchain/bin/../lib/gcc/avr/5.4.0/avr5\libgcc.a(_copy_data.o)
 .text.libgcc.builtins
                0x00000000        0x0 c:/program files (x86)/atmel/studio/7.0/toolchain/avr8/avr8-gnu-toolchain/bin/../lib/gcc/avr/5.4.0/avr5\libgcc.a(_copy_data.o)
 .text.libgcc.fmul
                0x00000000        0x0 c:/program files (x86)/atmel/studio/7.0/toolchain/avr8/avr8-gnu-toolchain/bin/../lib/gcc/avr/5.4.0/avr5\libgcc.a(_copy_data.o)
 .text.libgcc.fixed
                0x00000000        0x0 c:/program files (x86)/atmel/studio/7.0/toolchain/avr8/avr8-gnu-toolchain/bin/../lib/gcc/avr/5.4.0/avr5\libgcc.a(_copy_data.o)
 .text          0x00000000        0x0 c:/program files (x86)/atmel/studio/7.0/toolchain/avr8/avr8-gnu-toolchain/bin/../lib/gcc/avr/5.4.0/avr5\libgcc.a(_clear_bss.o)
 .data          0x00000000        0x0 c:/program files (x86)/atmel/studio/7.0/toolchain/avr8/avr8-gnu-toolchain/bin/../lib/gcc/avr/5.4.0/avr5\libgcc.a(_clear_bss.o)
 .bss           0x00000000        0x0 c:/program files (x86)/atmel/studio/7.0/toolchain/avr8/avr8-gnu-toolchain/bin/../lib/gcc/avr/5.4.0/avr5\libgcc.a(_clear_bss.o)
 .text.libgcc.mul
                0x00000000        0x0 c:/program files (x86)/atmel/studio/7.0/toolchain/avr8/avr8-gnu-toolchain/bin/../lib/gcc/avr/5.4.0/avr5\libgcc.a(_clear_bss.o)
 .text.libgcc.div
                0x00000000        0x0 c:/program files (x86)/atmel/studio/7.0/toolchain/avr8/avr8-gnu-toolchain/bin/../lib/gcc/avr/5.4.0/avr5\libgcc.a(_clear_bss.o)
 .text.libgcc   0x00000000        0x0 c:/program files (x86)/atmel/studio/7.0/toolchain/avr8/avr8-gnu-toolchain/bin/../lib/gcc/avr/5.4.0/avr5\libgcc.a(_clear_bss.o)
 .text.libgcc.prologue
                0x00000000        0x0 c:/program files (x86)/atmel/studio/7.0/toolchain/avr8/avr8-gnu-toolchain/bin/../lib/gcc/avr/5.4.0/avr5\libgcc.a(_clear_bss.o)
 .text.libgcc.builtins
                0x00000000        0x0 c:/program files (x86)/atmel/studio/7.0/toolchain/avr8/avr8-gnu-toolchain/bin/../lib/gcc/avr/5.4.0/avr5\libgcc.a(_clear_bss.o)
 .text.libgcc.fmul
                0x00000000        0x0 c:/program files (x86)/atmel/studio/7.0/toolchain/avr8/avr8-gnu-toolchain/bin/../lib/gcc/avr/5.4.0/avr5\libgcc.a(_clear_bss.o)
 .text.libgcc.fixed
                0x00000000        0x0 c:/program files (x86)/atmel/studio/7.0/toolchain/avr8/avr8-gnu-toolchain/bin/../lib/gcc/avr/5.4.0/avr5\libgcc.a(_clear_bss.o)

Memory Configuration

Name             Origin             Length             Attributes
text             0x00000000         0x00008000         xr
data             0x00800060         0x00000800         rw !x
eeprom           0x00810000         0x00000400         rw !x
fuse             0x00820000         0x00000002         rw !x
lock             0x00830000         0x00000400         rw !x
signature        0x00840000         0x00000400         rw !x
user_signatures  0x00850000         0x00000400         rw !x
*default*        0x00000000         0xffffffff

Linker script and memory map

LOAD C:/Program Files (x86)/Atmel/Studio/7.0/Packs/atmel/ATmega_DFP/1.6.364/gcc/dev/atmega32a/avr5/crtatmega32a.o
LOAD Infrastructure/Design_Patterns/Interrupt_Handler/src/Interrupt_Design_Pattern.o
LOAD Infrastructure/LIB/src/UTILS.o
LOAD Mcal/DIO/src/DIO.o
LOAD Mcal/I2C/src/I2C.o
LOAD Mcal/Interrupts/src/Interrupts.o
LOAD Mcal/SPI/src/SPI.o
LOAD Mcal/UART/src/UART.o
LOAD main.o
LOAD Mcal/I2C/src/I2C_Config.o
LOAD Mcal/Interrupts/src/Interrupts_Lcfg.o
LOAD Mcal/SPI/src/SPI_Config.o
LOAD Mcal/UART/src/UART_Config.o
START GROUP
LOAD c:/program files (x86)/atmel/studio/7.0/toolchain/avr8/avr8-gnu-toolchain/bin/../lib/gcc/avr/5.4.0/../../../../avr/lib/avr5\libm.a
END GROUP
START GROUP
LOAD c:/program files (x86)/atmel/studio/7.0/toolchain/avr8/avr8-gnu-toolchain/bin/../lib/gcc/avr/5.4.0/avr5\libgcc.a
LOAD c:/program files (x86)/atmel/studio/7.0/toolchain/avr8/avr8-gnu-toolchain/bin/../lib/gcc/avr/5.4.0/../../../../avr/lib/avr5\libm.a
LOAD c:/program files (x86)/atmel/studio/7.0/toolchain/avr8/avr8-gnu-toolchain/bin/../lib/gcc/avr/5.4.0/../../../../avr/lib/avr5\libc.a
LOAD C:/Program Files (x86)/Atmel/Studio/7.0/Packs/atmel/ATmega_DFP/1.6.364/gcc/dev/atmega32a/avr5\libatmega32a.a
END GROUP
                [0x00000000]                __TEXT_REGION_ORIGIN__ = DEFINED (__TEXT_REGION_ORIGIN__)?__TEXT_REGION_ORIGIN__:0x0
                [0x00800060]                __DATA_REGION_ORIGIN__ = DEFINED (__DATA_REGION_ORIGIN__)?__DATA_REGION_ORIGIN__:0x800060
                [0x00008000]                __TEXT_REGION_LENGTH__ = DEFINED (__TEXT_REGION_LENGTH__)?__TEXT_REGION_LENGTH__:0x20000
                [0x00000800]                __DATA_REGION_LENGTH__ = DEFINED (__DATA_REGION_LENGTH__)?__DATA_REGION_LENGTH__:0xffa0
                [0x00000400]                __EEPROM_REGION_LENGTH__ = DEFINED (__EEPROM_REGION_LENGTH__)?__EEPROM_REGION_LENGTH__:0x10000
                [0x00000002]                __FUSE_REGION_LENGTH__ = DEFINED (__FUSE_REGION_LENGTH__)?__FUSE_REGION_LENGTH__:0x400
                0x00000400                __LOCK_REGION_LENGTH__ = DEFINED (__LOCK_REGION_LENGTH__)?__LOCK_REGION_LENGTH__:0x400
                0x00000400                __SIGNATURE_REGION_LENGTH__ = DEFINED (__SIGNATURE_REGION_LENGTH__)?__SIGNATURE_REGION_LENGTH__:0x400
                0x00000400                __USER_SIGNATURE_REGION_LENGTH__ = DEFINED (__USER_SIGNATURE_REGION_LENGTH__)?__USER_SIGNATURE_REGION_LENGTH__:0x400

.hash
 *(.hash)

.dynsym
 *(.dynsym)

.dynstr
 *(.dynstr)

.gnu.version
 *(.gnu.version)

.gnu.version_d
 *(.gnu.version_d)

.gnu.version_r
 *(.gnu.version_r)

.rel.init
 *(.rel.init)

.rela.init
 *(.rela.init)

.rel.text
 *(.rel.text)
 *(.rel.text.*)
 *(.rel.gnu.linkonce.t*)

.rela.text
 *(.rela.text)
 *(.rela.text.*)
 *(.rela.gnu.linkonce.t*)

.rel.fini
 *(.rel.fini)

.rela.fini
 *(.rela.fini)

.rel.rodata
 *(.rel.rodata)
 *(.rel.rodata.*)
 *(.rel.gnu.linkonce.r*)

.rela.rodata
 *(.rela.rodata)
 *(.rela.rodata.*)
 *(.rela.gnu.linkonce.r*)

.rel.data
 *(.rel.data)
 *(.rel.data.*)
 *(.rel.gnu.linkonce.d*)

.rela.data
 *(.rela.data)
 *(.rela.data.*)
 *(.rela.gnu.linkonce.d*)

.rel.ctors
 *(.rel.ctors)

.rela.ctors
 *(.rela.ctors)

.rel.dtors
 *(.rel.dtors)

.rela.dtors
 *(.rela.dtors)

.rel.got
 *(.rel.got)

.rela.got
 *(.rela.got)

.rel.bss
 *(.rel.bss)

.rela.bss
 *(.rela.bss)

.rel.plt
 *(.rel.plt)

.rela.plt
 *(.rela.plt)

.text           0x00000000      0x86c
 *(.vectors)
 .vectors       0x00000000       0x54 C:/Program Files (x86)/Atmel/Studio/7.0/Packs/atmel/ATmega_DFP/1.6.364/gcc/dev/atmega32a/avr5/crtatmega32a.o
                0x00000000                __vector_default
                0x00000000                __vectors
 *(.vectors)
 *(.progmem.gcc*)
                0x00000054                . = ALIGN (0x2)
                0x00000054                __trampolines_start = .
 *(.trampolines)
 .trampolines   0x00000054        0x0 linker stubs
 *(.trampolines*)
                0x00000054                __trampolines_end = .
 *libprintf_flt.a:*(.progmem.data)
 *libc.a:*(.progmem.data)
 *(.progmem*)
                0x00000054                . = ALIGN (0x2)
 *(.jumptables)
 *(.jumptables*)
 *(.lowtext)
 *(.lowtext*)
                0x00000054                __ctors_start = .
 *(.ctors)
                0x00000054                __ctors_end = .
                0x00000054                __dtors_start = .
 *(.dtors)
                0x00000054                __dtors_end = .
 SORT(*)(.ctors)
 SORT(*)(.dtors)
 *(.init0)
 .init0         0x00000054        0x0 C:/Program Files (x86)/Atmel/Studio/7.0/Packs/atmel/ATmega_DFP/1.6.364/gcc/dev/atmega32a/avr5/crtatmega32a.o
                0x00000054                __init
 *(.init0)
 *(.init1)
 *(.init1)
 *(.init2)
 .init2         0x00000054        0xc C:/Program Files (x86)/Atmel/Studio/7.0/Packs/atmel/ATmega_DFP/1.6.364/gcc/dev/atmega32a/avr5/crtatmega32a.o
 *(.init2)
 *(.init3)
 *(.init3)
 *(.init4)
 .init4         0x00000060       0x16 c:/program files (x86)/atmel/studio/7.0/toolchain/avr8/avr8-gnu-toolchain/bin/../lib/gcc/avr/5.4.0/avr5\libgcc.a(_copy_data.o)
                0x00000060                __do_copy_data
 .init4         0x00000076       0x10 c:/program files (x86)/atmel/studio/7.0/toolchain/avr8/avr8-gnu-toolchain/bin/../lib/gcc/avr/5.4.0/avr5\libgcc.a(_clear_bss.o)
                0x00000076                __do_clear_bss
 *(.init4)
 *(.init5)
 *(.init5)
 *(.init6)
 *(.init6)
 *(.init7)
 *(.init7)
 *(.init8)
 *(.init8)
 *(.init9)
 .init9         0x00000086        0x8 C:/Program Files (x86)/Atmel/Studio/7.0/Packs/atmel/ATmega_DFP/1.6.364/gcc/dev/atmega32a/avr5/crtatmega32a.o
 *(.init9)
 *(.text)
                0x0000008e                . = ALIGN (0x2)
 *(.text.*)
 .text.Interrupt_Install
                0x0000008e       0x3e Infrastructure/Design_Patterns/Interrupt_Handler/src/Interrupt_Design_Pattern.o
                0x0000008e                Interrupt_Install
 .text.I2C_Init
                0x000000cc       0x1e Mcal/I2C/src/I2C.o
                0x000000cc                I2C_Init
 .text.I2C_Start
                0x000000ea       0x12 Mcal/I2C/src/I2C.o
                0x000000ea                I2C_Start
 .text.I2C_Write
                0x000000fc       0x14 Mcal/I2C/src/I2C.o
                0x000000fc                I2C_Write
 .text.I2C_Stop
                0x00000110       0x18 Mcal/I2C/src/I2C.o
                0x00000110                I2C_Stop
 .text.I2C_Status
                0x00000128       0x1e Mcal/I2C/src/I2C.o
                0x00000128                I2C_Status
 .text.I2C_EnableInterrupt
                0x00000146       0x12 Mcal/I2C/src/I2C.o
                0x00000146                I2C_EnableInterrupt
 .text.INTERRUPTS_Enable
                0x00000158        0x8 Mcal/Interrupts/src/Interrupts.o
                0x00000158                INTERRUPTS_Enable
 .text.__vector_1
                0x00000160       0x52 Mcal/Interrupts/src/Interrupts.o
                0x00000160                __vector_1
 .text.__vector_2
                0x000001b2       0x52 Mcal/Interrupts/src/Interrupts.o
                0x000001b2                __vector_2
 .text.__vector_3
                0x00000204       0x52 Mcal/Interrupts/src/Interrupts.o
                0x00000204                __vector_3
 .text.__vector_4
                0x00000256       0x52 Mcal/Interrupts/src/Interrupts.o
                0x00000256                __vector_4
 .text.__vector_5
                0x000002a8       0x52 Mcal/Interrupts/src/Interrupts.o
                0x000002a8                __vector_5
 .text.__vector_6
                0x000002fa       0x52 Mcal/Interrupts/src/Interrupts.o
                0x000002fa                __vector_6
 .text.__vector_7
                0x0000034c       0x52 Mcal/Interrupts/src/Interrupts.o
                0x0000034c                __vector_7
 .text.__vector_8
                0x0000039e       0x52 Mcal/Interrupts/src/Interrupts.o
                0x0000039e                __vector_8
 .text.__vector_9
                0x000003f0       0x52 Mcal/Interrupts/src/Interrupts.o
                0x000003f0                __vector_9
 .text.__vector_10
                0x00000442       0x52 Mcal/Interrupts/src/Interrupts.o
                0x00000442                __vector_10
 .text.__vector_11
                0x00000494       0x52 Mcal/Interrupts/src/Interrupts.o
                0x00000494                __vector_11
 .text.__vector_12
                0x000004e6       0x52 Mcal/Interrupts/src/Interrupts.o
                0x000004e6                __vector_12
 .text.__vector_13
                0x00000538       0x52 Mcal/Interrupts/src/Interrupts.o
                0x00000538                __vector_13
 .text.__vector_14
                0x0000058a       0x52 Mcal/Interrupts/src/Interrupts.o
                0x0000058a                __vector_14
 .text.__vector_15
                0x000005dc       0x52 Mcal/Interrupts/src/Interrupts.o
                0x000005dc                __vector_15
 .text.__vector_16
                0x0000062e       0x52 Mcal/Interrupts/src/Interrupts.o
                0x0000062e                __vector_16
 .text.__vector_17
                0x00000680       0x52 Mcal/Interrupts/src/Interrupts.o
                0x00000680                __vector_17
 .text.__vector_18
                0x000006d2       0x52 Mcal/Interrupts/src/Interrupts.o
                0x000006d2                __vector_18
 .text.__vector_19
                0x00000724       0x52 Mcal/Interrupts/src/Interrupts.o
                0x00000724                __vector_19
 .text.__vector_20
                0x00000776       0x52 Mcal/Interrupts/src/Interrupts.o
                0x00000776                __vector_20
 .text.IncrementTxI2C
                0x000007c8       0x64 main.o
                0x000007c8                IncrementTxI2C
 .text.main     0x0000082c       0x3c main.o
                0x0000082c                main
                0x00000868                . = ALIGN (0x2)
 *(.fini9)
 .fini9         0x00000868        0x0 c:/program files (x86)/atmel/studio/7.0/toolchain/avr8/avr8-gnu-toolchain/bin/../lib/gcc/avr/5.4.0/avr5\libgcc.a(_exit.o)
                0x00000868                _exit
                0x00000868                exit
 *(.fini9)
 *(.fini8)
 *(.fini8)
 *(.fini7)
 *(.fini7)
 *(.fini6)
 *(.fini6)
 *(.fini5)
 *(.fini5)
 *(.fini4)
 *(.fini4)
 *(.fini3)
 *(.fini3)
 *(.fini2)
 *(.fini2)
 *(.fini1)
 *(.fini1)
 *(.fini0)
 .fini0         0x00000868        0x4 c:/program files (x86)/atmel/studio/7.0/toolchain/avr8/avr8-gnu-toolchain/bin/../lib/gcc/avr/5.4.0/avr5\libgcc.a(_exit.o)
 *(.fini0)
                0x0000086c                _etext = .

.data           0x00800060        0x4 load address 0x0000086c
                0x00800060                PROVIDE (__data_start, .)
 *(.data)
 *(.data*)
 .data.x        0x00800060        0x1 main.o
 *(.gnu.linkonce.d*)
 *(.rodata)
 *(.rodata*)
 .rodata.I2C_CH_0_BIT_RATE
                0x00800061        0x1 Mcal/I2C/src/I2C_Config.o
                0x00800061                I2C_CH_0_BIT_RATE
 .rodata.I2C_CH_0_CONTROL_MASK
                0x00800062        0x1 Mcal/I2C/src/I2C_Config.o
                0x00800062                I2C_CH_0_CONTROL_MASK
 .rodata.I2C_CH_0_PRESCALER
                0x00800063        0x1 Mcal/I2C/src/I2C_Config.o
                0x00800063                I2C_CH_0_PRESCALER
 *(.gnu.linkonce.r*)
                0x00800064                . = ALIGN (0x2)
                0x00800064                _edata = .
                0x00800064                PROVIDE (__data_end, .)

.bss            0x00800064       0x51
                0x00800064                PROVIDE (__bss_start, .)
 *(.bss)
 *(.bss*)
 .bss.aptr_OldVectors
                0x00800064       0x28 Infrastructure/Design_Patterns/Interrupt_Handler/src/Interrupt_Design_Pattern.o
 .bss.status    0x0080008c        0x1 main.o
 .bss.aptr_ISRAddress
                0x0080008d       0x28 Mcal/Interrupts/src/Interrupts_Lcfg.o
                0x0080008d                aptr_ISRAddress
 *(COMMON)
                0x008000b5                PROVIDE (__bss_end, .)
                0x0000086c                __data_load_start = LOADADDR (.data)
                0x00000870                __data_load_end = (__data_load_start + SIZEOF (.data))

.noinit         0x008000b5        0x0
                [!provide]                PROVIDE (__noinit_start, .)
 *(.noinit*)
                [!provide]                PROVIDE (__noinit_end, .)
                0x008000b5                _end = .
                [!provide]                PROVIDE (__heap_start, .)

.eeprom         0x00810000        0x0
 *(.eeprom*)
                0x00810000                __eeprom_end = .

.fuse
 *(.fuse)
 *(.lfuse)
 *(.hfuse)
 *(.efuse)

.lock
 *(.lock*)

.signature
 *(.signature*)

.user_signatures
 *(.user_signatures*)

.stab
 *(.stab)

.stabstr
 *(.stabstr)

.stab.excl
 *(.stab.excl)

.stab.exclstr
 *(.stab.exclstr)

.stab.index
 *(.stab.index)

.stab.indexstr
 *(.stab.indexstr)

.comment        0x00000000       0x30
 *(.comment)
 .comment       0x00000000       0x30 Infrastructure/Design_Patterns/Interrupt_Handler/src/Interrupt_Design_Pattern.o
                                 0x31 (size before relaxing)
 .comment       0x00000030       0x31 Mcal/I2C/src/I2C.o
 .comment       0x00000030       0x31 Mcal/Interrupts/src/Interrupts.o
 .comment       0x00000030       0x31 main.o
 .comment       0x00000030       0x31 Mcal/I2C/src/I2C_Config.o
 .comment       0x00000030       0x31 Mcal/Interrupts/src/Interrupts_Lcfg.o

.note.gnu.avr.deviceinfo
                0x00000000       0x3c
 .note.gnu.avr.deviceinfo
                0x00000000       0x3c C:/Program Files (x86)/Atmel/Studio/7.0/Packs/atmel/ATmega_DFP/1.6.364/gcc/dev/atmega32a/avr5/crtatmega32a.o

.note.gnu.build-id
 *(.note.gnu.build-id)

.debug
 *(.debug)

.line
 *(.line)

.debug_srcinfo
 *(.debug_srcinfo)

.debug_sfnames
 *(.debug_sfnames)

.debug_aranges  0x00000000      0x1d8
 *(.debug_aranges)
 .debug_aranges
                0x00000000       0x28 Infrastructure/Design_Patterns/Interrupt_Handler/src/Interrupt_Design_Pattern.o
 .debug_aranges
                0x00000028       0x80 Mcal/I2C/src/I2C.o
 .debug_aranges
                0x000000a8       0xc8 Mcal/Interrupts/src/Interrupts.o
 .debug_aranges
                0x00000170       0x38 main.o
 .debug_aranges
                0x000001a8       0x18 Mcal/I2C/src/I2C_Config.o
 .debug_aranges
                0x000001c0       0x18 Mcal/Interrupts/src/Interrupts_Lcfg.o

.debug_pubnames
 *(.debug_pubnames)

.debug_info     0x00000000     0x117e
 *(.debug_info .gnu.linkonce.wi.*)
 .debug_info    0x00000000      0x4e6 C:/Program Files (x86)/Atmel/Studio/7.0/Packs/atmel/ATmega_DFP/1.6.364/gcc/dev/atmega32a/avr5/crtatmega32a.o
 .debug_info    0x000004e6      0x129 Infrastructure/Design_Patterns/Interrupt_Handler/src/Interrupt_Design_Pattern.o
 .debug_info    0x0000060f      0x4d1 Mcal/I2C/src/I2C.o
 .debug_info    0x00000ae0      0x2a7 Mcal/Interrupts/src/Interrupts.o
 .debug_info    0x00000d87      0x2a2 main.o
 .debug_info    0x00001029       0xaa Mcal/I2C/src/I2C_Config.o
 .debug_info    0x000010d3       0xab Mcal/Interrupts/src/Interrupts_Lcfg.o

.debug_abbrev   0x00000000      0x893
 *(.debug_abbrev)
 .debug_abbrev  0x00000000      0x4a3 C:/Program Files (x86)/Atmel/Studio/7.0/Packs/atmel/ATmega_DFP/1.6.364/gcc/dev/atmega32a/avr5/crtatmega32a.o
 .debug_abbrev  0x000004a3       0xa8 Infrastructure/Design_Patterns/Interrupt_Handler/src/Interrupt_Design_Pattern.o
 .debug_abbrev  0x0000054b      0x139 Mcal/I2C/src/I2C.o
 .debug_abbrev  0x00000684       0x91 Mcal/Interrupts/src/Interrupts.o
 .debug_abbrev  0x00000715       0xe3 main.o
 .debug_abbrev  0x000007f8       0x40 Mcal/I2C/src/I2C_Config.o
 .debug_abbrev  0x00000838       0x5b Mcal/Interrupts/src/Interrupts_Lcfg.o

.debug_line     0x00000000      0xc33
 *(.debug_line .debug_line.* .debug_line_end)
 .debug_line    0x00000000      0x116 C:/Program Files (x86)/Atmel/Studio/7.0/Packs/atmel/ATmega_DFP/1.6.364/gcc/dev/atmega32a/avr5/crtatmega32a.o
 .debug_line    0x00000116      0x10c Infrastructure/Design_Patterns/Interrupt_Handler/src/Interrupt_Design_Pattern.o
 .debug_line    0x00000222      0x349 Mcal/I2C/src/I2C.o
 .debug_line    0x0000056b      0x370 Mcal/Interrupts/src/Interrupts.o
 .debug_line    0x000008db      0x26e main.o
 .debug_line    0x00000b49       0x6f Mcal/I2C/src/I2C_Config.o
 .debug_line    0x00000bb8       0x7b Mcal/Interrupts/src/Interrupts_Lcfg.o

.debug_frame    0x00000000      0x8a0
 *(.debug_frame)
 .debug_frame   0x00000000       0x34 Infrastructure/Design_Patterns/Interrupt_Handler/src/Interrupt_Design_Pattern.o
 .debug_frame   0x00000034       0xf4 Mcal/I2C/src/I2C.o
 .debug_frame   0x00000128      0x714 Mcal/Interrupts/src/Interrupts.o
 .debug_frame   0x0000083c       0x64 main.o

.debug_str      0x00000000      0x764
 *(.debug_str)
 .debug_str     0x00000000      0x196 C:/Program Files (x86)/Atmel/Studio/7.0/Packs/atmel/ATmega_DFP/1.6.364/gcc/dev/atmega32a/avr5/crtatmega32a.o
 .debug_str     0x00000196      0x22b Infrastructure/Design_Patterns/Interrupt_Handler/src/Interrupt_Design_Pattern.o
                                0x263 (size before relaxing)
 .debug_str     0x000003c1      0x1a5 Mcal/I2C/src/I2C.o
                                0x360 (size before relaxing)
 .debug_str     0x00000566      0x151 Mcal/Interrupts/src/Interrupts.o
                                0x307 (size before relaxing)
 .debug_str     0x000006b7       0x67 main.o
                                0x25a (size before relaxing)
 .debug_str     0x0000071e       0x1d Mcal/I2C/src/I2C_Config.o
                                0x1e2 (size before relaxing)
 .debug_str     0x0000073b       0x29 Mcal/Interrupts/src/Interrupts_Lcfg.o
                                0x1df (size before relaxing)

.debug_loc      0x00000000     0x1550
 *(.debug_loc)
 .debug_loc     0x00000000       0x42 Infrastructure/Design_Patterns/Interrupt_Handler/src/Interrupt_Design_Pattern.o
 .debug_loc     0x00000042      0x4ea Mcal/I2C/src/I2C.o
 .debug_loc     0x0000052c      0xfdc Mcal/Interrupts/src/Interrupts.o
 .debug_loc     0x00001508       0x48 main.o

.debug_macinfo
 *(.debug_macinfo)

.debug_weaknames
 *(.debug_weaknames)

.debug_funcnames
 *(.debug_funcnames)

.debug_typenames
 *(.debug_typenames)

.debug_varnames
 *(.debug_varnames)

.debug_pubtypes
 *(.debug_pubtypes)

.debug_ranges   0x00000000      0x168
 *(.debug_ranges)
 .debug_ranges  0x00000000       0x18 Infrastructure/Design_Patterns/Interrupt_Handler/src/Interrupt_Design_Pattern.o
 .debug_ranges  0x00000018       0x70 Mcal/I2C/src/I2C.o
 .debug_ranges  0x00000088       0xb8 Mcal/Interrupts/src/Interrupts.o
 .debug_ranges  0x00000140       0x28 main.o

.debug_macro
 *(.debug_macro)
OUTPUT(TransmitterApp.elf elf32-avr)
LOAD linker stubs
