Archive member included to satisfy reference by file (symbol)

c:/program files (x86)/atmel/studio/7.0/toolchain/avr8/avr8-gnu-toolchain/bin/../lib/gcc/avr/5.4.0/avr5\libgcc.a(_udivmodsi4.o)
                              Infrastructure/LIB/src/UTILS.o (__udivmodsi4)
c:/program files (x86)/atmel/studio/7.0/toolchain/avr8/avr8-gnu-toolchain/bin/../lib/gcc/avr/5.4.0/avr5\libgcc.a(_exit.o)
                              C:/Program Files (x86)/Atmel/Studio/7.0/Packs/atmel/ATmega_DFP/1.6.364/gcc/dev/atmega32a/avr5/crtatmega32a.o (exit)
c:/program files (x86)/atmel/studio/7.0/toolchain/avr8/avr8-gnu-toolchain/bin/../lib/gcc/avr/5.4.0/avr5\libgcc.a(_copy_data.o)
                              Firmware/BCM/src/BCM.o (__do_copy_data)
c:/program files (x86)/atmel/studio/7.0/toolchain/avr8/avr8-gnu-toolchain/bin/../lib/gcc/avr/5.4.0/avr5\libgcc.a(_clear_bss.o)
                              Firmware/BCM/src/BCM.o (__do_clear_bss)

Allocating common symbols
Common symbol       size              file

DataUART            0xf               main.o

Discarded input sections

 .text          0x00000000        0x4 C:/Program Files (x86)/Atmel/Studio/7.0/Packs/atmel/ATmega_DFP/1.6.364/gcc/dev/atmega32a/avr5/crtatmega32a.o
 .data          0x00000000        0x0 C:/Program Files (x86)/Atmel/Studio/7.0/Packs/atmel/ATmega_DFP/1.6.364/gcc/dev/atmega32a/avr5/crtatmega32a.o
 .bss           0x00000000        0x0 C:/Program Files (x86)/Atmel/Studio/7.0/Packs/atmel/ATmega_DFP/1.6.364/gcc/dev/atmega32a/avr5/crtatmega32a.o
 .text          0x00000000        0x0 Firmware/BCM/src/BCM.o
 .data          0x00000000        0x0 Firmware/BCM/src/BCM.o
 .bss           0x00000000        0x0 Firmware/BCM/src/BCM.o
 .text          0x00000000        0x0 Firmware/BCM/src/BCM_Interface.o
 .data          0x00000000        0x0 Firmware/BCM/src/BCM_Interface.o
 .bss           0x00000000        0x0 Firmware/BCM/src/BCM_Interface.o
 .text.BCM_SetState
                0x00000000       0x22 Firmware/BCM/src/BCM_Interface.o
 .text          0x00000000        0x0 Firmware/COMMProxy/src/COMMProxy.o
 .data          0x00000000        0x0 Firmware/COMMProxy/src/COMMProxy.o
 .bss           0x00000000        0x0 Firmware/COMMProxy/src/COMMProxy.o
 .text          0x00000000        0x0 Mcal/DIO/src/DIO.o
 .data          0x00000000        0x0 Mcal/DIO/src/DIO.o
 .bss           0x00000000        0x0 Mcal/DIO/src/DIO.o
 .text.DIO_EnablePinPullup
                0x00000000       0x4a Mcal/DIO/src/DIO.o
 .text.DIO_ReadPin
                0x00000000       0x60 Mcal/DIO/src/DIO.o
 .text.DIO_TogglePin
                0x00000000       0x4a Mcal/DIO/src/DIO.o
 .text          0x00000000        0x0 Mcal/I2C/src/I2C.o
 .data          0x00000000        0x0 Mcal/I2C/src/I2C.o
 .bss           0x00000000        0x0 Mcal/I2C/src/I2C.o
 .text.I2C_RepeatedStart
                0x00000000       0x12 Mcal/I2C/src/I2C.o
 .text.I2C_ReadNoAck
                0x00000000       0x28 Mcal/I2C/src/I2C.o
 .text.I2C_DisableInterrupt
                0x00000000       0x12 Mcal/I2C/src/I2C.o
 .text.I2C_SetCallback
                0x00000000       0x28 Mcal/I2C/src/I2C.o
 .text          0x00000000        0x0 Mcal/Interrupts/src/Interrupts.o
 .data          0x00000000        0x0 Mcal/Interrupts/src/Interrupts.o
 .bss           0x00000000        0x0 Mcal/Interrupts/src/Interrupts.o
 .text.INTERRUPTS_Disable
                0x00000000        0x8 Mcal/Interrupts/src/Interrupts.o
 .text          0x00000000        0x0 Mcal/SPI/src/SPI.o
 .data          0x00000000        0x0 Mcal/SPI/src/SPI.o
 .bss           0x00000000        0x0 Mcal/SPI/src/SPI.o
 .text.SPI_TransmitChar
                0x00000000       0x66 Mcal/SPI/src/SPI.o
 .text.SPI_ReceiveChar
                0x00000000       0x76 Mcal/SPI/src/SPI.o
 .text.SPI_TransmitString
                0x00000000       0x86 Mcal/SPI/src/SPI.o
 .text.SPI_ReceiveString
                0x00000000       0xb4 Mcal/SPI/src/SPI.o
 .text.SPI_DisableInterrupt
                0x00000000       0x12 Mcal/SPI/src/SPI.o
 .text.SPI_SetCallback
                0x00000000       0x28 Mcal/SPI/src/SPI.o
 .text          0x00000000        0x0 Mcal/UART/src/UART.o
 .data          0x00000000        0x0 Mcal/UART/src/UART.o
 .bss           0x00000000        0x0 Mcal/UART/src/UART.o
 .text.UART_TransmitChar
                0x00000000       0x12 Mcal/UART/src/UART.o
 .text.UART_ReceiveChar
                0x00000000       0x20 Mcal/UART/src/UART.o
 .text.UART_TransmitString
                0x00000000       0x2e Mcal/UART/src/UART.o
 .text.UART_ReceiveString
                0x00000000       0x5e Mcal/UART/src/UART.o
 .text.UART_DisableInterrupt
                0x00000000       0x20 Mcal/UART/src/UART.o
 .text.UART_SetCallback
                0x00000000       0x46 Mcal/UART/src/UART.o
 .text.UART_FlushReceiveBuffer
                0x00000000       0x14 Mcal/UART/src/UART.o
 .text          0x00000000        0x0 Infrastructure/InterruptDesignPattern/src/Interrupt_Design_Pattern.o
 .data          0x00000000        0x0 Infrastructure/InterruptDesignPattern/src/Interrupt_Design_Pattern.o
 .bss           0x00000000        0x0 Infrastructure/InterruptDesignPattern/src/Interrupt_Design_Pattern.o
 .text.Interrupt_Deinstall
                0x00000000       0x24 Infrastructure/InterruptDesignPattern/src/Interrupt_Design_Pattern.o
 .text          0x00000000        0x0 Infrastructure/LIB/src/UTILS.o
 .data          0x00000000        0x0 Infrastructure/LIB/src/UTILS.o
 .bss           0x00000000        0x0 Infrastructure/LIB/src/UTILS.o
 .text.dummy_delay
                0x00000000       0x54 Infrastructure/LIB/src/UTILS.o
 .text.StringCompare
                0x00000000       0x42 Infrastructure/LIB/src/UTILS.o
 .text.STR_Length
                0x00000000       0x26 Infrastructure/LIB/src/UTILS.o
 .text.STR_CharIsNumeric
                0x00000000       0x16 Infrastructure/LIB/src/UTILS.o
 .text.STR_StringIsNumeric
                0x00000000       0x54 Infrastructure/LIB/src/UTILS.o
 .text.STR_CompareString
                0x00000000       0x40 Infrastructure/LIB/src/UTILS.o
 .text.STR_String2Number
                0x00000000       0x80 Infrastructure/LIB/src/UTILS.o
 .text.STR_StringReverse
                0x00000000       0x26 Infrastructure/LIB/src/UTILS.o
 .text.STR_Number2String
                0x00000000       0x54 Infrastructure/LIB/src/UTILS.o
 .debug_info    0x00000000      0x3a3 Infrastructure/LIB/src/UTILS.o
 .debug_abbrev  0x00000000      0x124 Infrastructure/LIB/src/UTILS.o
 .debug_loc     0x00000000      0x567 Infrastructure/LIB/src/UTILS.o
 .debug_aranges
                0x00000000       0x60 Infrastructure/LIB/src/UTILS.o
 .debug_ranges  0x00000000       0x50 Infrastructure/LIB/src/UTILS.o
 .debug_line    0x00000000      0x345 Infrastructure/LIB/src/UTILS.o
 .debug_str     0x00000000      0x2e6 Infrastructure/LIB/src/UTILS.o
 .comment       0x00000000       0x31 Infrastructure/LIB/src/UTILS.o
 .debug_frame   0x00000000      0x10c Infrastructure/LIB/src/UTILS.o
 .text          0x00000000        0x0 Firmware/BCM/src/BCM_Lcfg.o
 .data          0x00000000        0x0 Firmware/BCM/src/BCM_Lcfg.o
 .bss           0x00000000        0x0 Firmware/BCM/src/BCM_Lcfg.o
 .text          0x00000000        0x0 main.o
 .data          0x00000000        0x0 main.o
 .bss           0x00000000        0x0 main.o
 .text.SendReceivedUART
                0x00000000        0x2 main.o
 .text          0x00000000        0x0 Mcal/I2C/src/I2C_Config.o
 .data          0x00000000        0x0 Mcal/I2C/src/I2C_Config.o
 .bss           0x00000000        0x0 Mcal/I2C/src/I2C_Config.o
 .text          0x00000000        0x0 Mcal/Interrupts/src/Interrupts_Lcfg.o
 .data          0x00000000        0x0 Mcal/Interrupts/src/Interrupts_Lcfg.o
 .bss           0x00000000        0x0 Mcal/Interrupts/src/Interrupts_Lcfg.o
 .text          0x00000000        0x0 Mcal/SPI/src/SPI_Config.o
 .data          0x00000000        0x0 Mcal/SPI/src/SPI_Config.o
 .bss           0x00000000        0x0 Mcal/SPI/src/SPI_Config.o
 .text          0x00000000        0x0 Mcal/UART/src/UART_Config.o
 .data          0x00000000        0x0 Mcal/UART/src/UART_Config.o
 .bss           0x00000000        0x0 Mcal/UART/src/UART_Config.o
 .text          0x00000000        0x0 c:/program files (x86)/atmel/studio/7.0/toolchain/avr8/avr8-gnu-toolchain/bin/../lib/gcc/avr/5.4.0/avr5\libgcc.a(_udivmodsi4.o)
 .data          0x00000000        0x0 c:/program files (x86)/atmel/studio/7.0/toolchain/avr8/avr8-gnu-toolchain/bin/../lib/gcc/avr/5.4.0/avr5\libgcc.a(_udivmodsi4.o)
 .bss           0x00000000        0x0 c:/program files (x86)/atmel/studio/7.0/toolchain/avr8/avr8-gnu-toolchain/bin/../lib/gcc/avr/5.4.0/avr5\libgcc.a(_udivmodsi4.o)
 .text.libgcc.mul
                0x00000000        0x0 c:/program files (x86)/atmel/studio/7.0/toolchain/avr8/avr8-gnu-toolchain/bin/../lib/gcc/avr/5.4.0/avr5\libgcc.a(_udivmodsi4.o)
 .text.libgcc.div
                0x00000000       0x44 c:/program files (x86)/atmel/studio/7.0/toolchain/avr8/avr8-gnu-toolchain/bin/../lib/gcc/avr/5.4.0/avr5\libgcc.a(_udivmodsi4.o)
 .text.libgcc   0x00000000        0x0 c:/program files (x86)/atmel/studio/7.0/toolchain/avr8/avr8-gnu-toolchain/bin/../lib/gcc/avr/5.4.0/avr5\libgcc.a(_udivmodsi4.o)
 .text.libgcc.prologue
                0x00000000        0x0 c:/program files (x86)/atmel/studio/7.0/toolchain/avr8/avr8-gnu-toolchain/bin/../lib/gcc/avr/5.4.0/avr5\libgcc.a(_udivmodsi4.o)
 .text.libgcc.builtins
                0x00000000        0x0 c:/program files (x86)/atmel/studio/7.0/toolchain/avr8/avr8-gnu-toolchain/bin/../lib/gcc/avr/5.4.0/avr5\libgcc.a(_udivmodsi4.o)
 .text.libgcc.fmul
                0x00000000        0x0 c:/program files (x86)/atmel/studio/7.0/toolchain/avr8/avr8-gnu-toolchain/bin/../lib/gcc/avr/5.4.0/avr5\libgcc.a(_udivmodsi4.o)
 .text.libgcc.fixed
                0x00000000        0x0 c:/program files (x86)/atmel/studio/7.0/toolchain/avr8/avr8-gnu-toolchain/bin/../lib/gcc/avr/5.4.0/avr5\libgcc.a(_udivmodsi4.o)
 .text          0x00000000        0x0 c:/program files (x86)/atmel/studio/7.0/toolchain/avr8/avr8-gnu-toolchain/bin/../lib/gcc/avr/5.4.0/avr5\libgcc.a(_exit.o)
 .data          0x00000000        0x0 c:/program files (x86)/atmel/studio/7.0/toolchain/avr8/avr8-gnu-toolchain/bin/../lib/gcc/avr/5.4.0/avr5\libgcc.a(_exit.o)
 .bss           0x00000000        0x0 c:/program files (x86)/atmel/studio/7.0/toolchain/avr8/avr8-gnu-toolchain/bin/../lib/gcc/avr/5.4.0/avr5\libgcc.a(_exit.o)
 .text.libgcc.mul
                0x00000000        0x0 c:/program files (x86)/atmel/studio/7.0/toolchain/avr8/avr8-gnu-toolchain/bin/../lib/gcc/avr/5.4.0/avr5\libgcc.a(_exit.o)
 .text.libgcc.div
                0x00000000        0x0 c:/program files (x86)/atmel/studio/7.0/toolchain/avr8/avr8-gnu-toolchain/bin/../lib/gcc/avr/5.4.0/avr5\libgcc.a(_exit.o)
 .text.libgcc   0x00000000        0x0 c:/program files (x86)/atmel/studio/7.0/toolchain/avr8/avr8-gnu-toolchain/bin/../lib/gcc/avr/5.4.0/avr5\libgcc.a(_exit.o)
 .text.libgcc.prologue
                0x00000000        0x0 c:/program files (x86)/atmel/studio/7.0/toolchain/avr8/avr8-gnu-toolchain/bin/../lib/gcc/avr/5.4.0/avr5\libgcc.a(_exit.o)
 .text.libgcc.builtins
                0x00000000        0x0 c:/program files (x86)/atmel/studio/7.0/toolchain/avr8/avr8-gnu-toolchain/bin/../lib/gcc/avr/5.4.0/avr5\libgcc.a(_exit.o)
 .text.libgcc.fmul
                0x00000000        0x0 c:/program files (x86)/atmel/studio/7.0/toolchain/avr8/avr8-gnu-toolchain/bin/../lib/gcc/avr/5.4.0/avr5\libgcc.a(_exit.o)
 .text.libgcc.fixed
                0x00000000        0x0 c:/program files (x86)/atmel/studio/7.0/toolchain/avr8/avr8-gnu-toolchain/bin/../lib/gcc/avr/5.4.0/avr5\libgcc.a(_exit.o)
 .text          0x00000000        0x0 c:/program files (x86)/atmel/studio/7.0/toolchain/avr8/avr8-gnu-toolchain/bin/../lib/gcc/avr/5.4.0/avr5\libgcc.a(_copy_data.o)
 .data          0x00000000        0x0 c:/program files (x86)/atmel/studio/7.0/toolchain/avr8/avr8-gnu-toolchain/bin/../lib/gcc/avr/5.4.0/avr5\libgcc.a(_copy_data.o)
 .bss           0x00000000        0x0 c:/program files (x86)/atmel/studio/7.0/toolchain/avr8/avr8-gnu-toolchain/bin/../lib/gcc/avr/5.4.0/avr5\libgcc.a(_copy_data.o)
 .text.libgcc.mul
                0x00000000        0x0 c:/program files (x86)/atmel/studio/7.0/toolchain/avr8/avr8-gnu-toolchain/bin/../lib/gcc/avr/5.4.0/avr5\libgcc.a(_copy_data.o)
 .text.libgcc.div
                0x00000000        0x0 c:/program files (x86)/atmel/studio/7.0/toolchain/avr8/avr8-gnu-toolchain/bin/../lib/gcc/avr/5.4.0/avr5\libgcc.a(_copy_data.o)
 .text.libgcc   0x00000000        0x0 c:/program files (x86)/atmel/studio/7.0/toolchain/avr8/avr8-gnu-toolchain/bin/../lib/gcc/avr/5.4.0/avr5\libgcc.a(_copy_data.o)
 .text.libgcc.prologue
                0x00000000        0x0 c:/program files (x86)/atmel/studio/7.0/toolchain/avr8/avr8-gnu-toolchain/bin/../lib/gcc/avr/5.4.0/avr5\libgcc.a(_copy_data.o)
 .text.libgcc.builtins
                0x00000000        0x0 c:/program files (x86)/atmel/studio/7.0/toolchain/avr8/avr8-gnu-toolchain/bin/../lib/gcc/avr/5.4.0/avr5\libgcc.a(_copy_data.o)
 .text.libgcc.fmul
                0x00000000        0x0 c:/program files (x86)/atmel/studio/7.0/toolchain/avr8/avr8-gnu-toolchain/bin/../lib/gcc/avr/5.4.0/avr5\libgcc.a(_copy_data.o)
 .text.libgcc.fixed
                0x00000000        0x0 c:/program files (x86)/atmel/studio/7.0/toolchain/avr8/avr8-gnu-toolchain/bin/../lib/gcc/avr/5.4.0/avr5\libgcc.a(_copy_data.o)
 .text          0x00000000        0x0 c:/program files (x86)/atmel/studio/7.0/toolchain/avr8/avr8-gnu-toolchain/bin/../lib/gcc/avr/5.4.0/avr5\libgcc.a(_clear_bss.o)
 .data          0x00000000        0x0 c:/program files (x86)/atmel/studio/7.0/toolchain/avr8/avr8-gnu-toolchain/bin/../lib/gcc/avr/5.4.0/avr5\libgcc.a(_clear_bss.o)
 .bss           0x00000000        0x0 c:/program files (x86)/atmel/studio/7.0/toolchain/avr8/avr8-gnu-toolchain/bin/../lib/gcc/avr/5.4.0/avr5\libgcc.a(_clear_bss.o)
 .text.libgcc.mul
                0x00000000        0x0 c:/program files (x86)/atmel/studio/7.0/toolchain/avr8/avr8-gnu-toolchain/bin/../lib/gcc/avr/5.4.0/avr5\libgcc.a(_clear_bss.o)
 .text.libgcc.div
                0x00000000        0x0 c:/program files (x86)/atmel/studio/7.0/toolchain/avr8/avr8-gnu-toolchain/bin/../lib/gcc/avr/5.4.0/avr5\libgcc.a(_clear_bss.o)
 .text.libgcc   0x00000000        0x0 c:/program files (x86)/atmel/studio/7.0/toolchain/avr8/avr8-gnu-toolchain/bin/../lib/gcc/avr/5.4.0/avr5\libgcc.a(_clear_bss.o)
 .text.libgcc.prologue
                0x00000000        0x0 c:/program files (x86)/atmel/studio/7.0/toolchain/avr8/avr8-gnu-toolchain/bin/../lib/gcc/avr/5.4.0/avr5\libgcc.a(_clear_bss.o)
 .text.libgcc.builtins
                0x00000000        0x0 c:/program files (x86)/atmel/studio/7.0/toolchain/avr8/avr8-gnu-toolchain/bin/../lib/gcc/avr/5.4.0/avr5\libgcc.a(_clear_bss.o)
 .text.libgcc.fmul
                0x00000000        0x0 c:/program files (x86)/atmel/studio/7.0/toolchain/avr8/avr8-gnu-toolchain/bin/../lib/gcc/avr/5.4.0/avr5\libgcc.a(_clear_bss.o)
 .text.libgcc.fixed
                0x00000000        0x0 c:/program files (x86)/atmel/studio/7.0/toolchain/avr8/avr8-gnu-toolchain/bin/../lib/gcc/avr/5.4.0/avr5\libgcc.a(_clear_bss.o)

Memory Configuration

Name             Origin             Length             Attributes
text             0x00000000         0x00008000         xr
data             0x00800060         0x00000800         rw !x
eeprom           0x00810000         0x00000400         rw !x
fuse             0x00820000         0x00000002         rw !x
lock             0x00830000         0x00000400         rw !x
signature        0x00840000         0x00000400         rw !x
user_signatures  0x00850000         0x00000400         rw !x
*default*        0x00000000         0xffffffff

Linker script and memory map

LOAD C:/Program Files (x86)/Atmel/Studio/7.0/Packs/atmel/ATmega_DFP/1.6.364/gcc/dev/atmega32a/avr5/crtatmega32a.o
LOAD Firmware/BCM/src/BCM.o
LOAD Firmware/BCM/src/BCM_Interface.o
LOAD Firmware/COMMProxy/src/COMMProxy.o
LOAD Mcal/DIO/src/DIO.o
LOAD Mcal/I2C/src/I2C.o
LOAD Mcal/Interrupts/src/Interrupts.o
LOAD Mcal/SPI/src/SPI.o
LOAD Mcal/UART/src/UART.o
LOAD Infrastructure/InterruptDesignPattern/src/Interrupt_Design_Pattern.o
LOAD Infrastructure/LIB/src/UTILS.o
LOAD Firmware/BCM/src/BCM_Lcfg.o
LOAD main.o
LOAD Mcal/I2C/src/I2C_Config.o
LOAD Mcal/Interrupts/src/Interrupts_Lcfg.o
LOAD Mcal/SPI/src/SPI_Config.o
LOAD Mcal/UART/src/UART_Config.o
START GROUP
LOAD c:/program files (x86)/atmel/studio/7.0/toolchain/avr8/avr8-gnu-toolchain/bin/../lib/gcc/avr/5.4.0/../../../../avr/lib/avr5\libm.a
END GROUP
START GROUP
LOAD c:/program files (x86)/atmel/studio/7.0/toolchain/avr8/avr8-gnu-toolchain/bin/../lib/gcc/avr/5.4.0/avr5\libgcc.a
LOAD c:/program files (x86)/atmel/studio/7.0/toolchain/avr8/avr8-gnu-toolchain/bin/../lib/gcc/avr/5.4.0/../../../../avr/lib/avr5\libm.a
LOAD c:/program files (x86)/atmel/studio/7.0/toolchain/avr8/avr8-gnu-toolchain/bin/../lib/gcc/avr/5.4.0/../../../../avr/lib/avr5\libc.a
LOAD C:/Program Files (x86)/Atmel/Studio/7.0/Packs/atmel/ATmega_DFP/1.6.364/gcc/dev/atmega32a/avr5\libatmega32a.a
END GROUP
                [0x00000000]                __TEXT_REGION_ORIGIN__ = DEFINED (__TEXT_REGION_ORIGIN__)?__TEXT_REGION_ORIGIN__:0x0
                [0x00800060]                __DATA_REGION_ORIGIN__ = DEFINED (__DATA_REGION_ORIGIN__)?__DATA_REGION_ORIGIN__:0x800060
                [0x00008000]                __TEXT_REGION_LENGTH__ = DEFINED (__TEXT_REGION_LENGTH__)?__TEXT_REGION_LENGTH__:0x20000
                [0x00000800]                __DATA_REGION_LENGTH__ = DEFINED (__DATA_REGION_LENGTH__)?__DATA_REGION_LENGTH__:0xffa0
                [0x00000400]                __EEPROM_REGION_LENGTH__ = DEFINED (__EEPROM_REGION_LENGTH__)?__EEPROM_REGION_LENGTH__:0x10000
                [0x00000002]                __FUSE_REGION_LENGTH__ = DEFINED (__FUSE_REGION_LENGTH__)?__FUSE_REGION_LENGTH__:0x400
                0x00000400                __LOCK_REGION_LENGTH__ = DEFINED (__LOCK_REGION_LENGTH__)?__LOCK_REGION_LENGTH__:0x400
                0x00000400                __SIGNATURE_REGION_LENGTH__ = DEFINED (__SIGNATURE_REGION_LENGTH__)?__SIGNATURE_REGION_LENGTH__:0x400
                0x00000400                __USER_SIGNATURE_REGION_LENGTH__ = DEFINED (__USER_SIGNATURE_REGION_LENGTH__)?__USER_SIGNATURE_REGION_LENGTH__:0x400

.hash
 *(.hash)

.dynsym
 *(.dynsym)

.dynstr
 *(.dynstr)

.gnu.version
 *(.gnu.version)

.gnu.version_d
 *(.gnu.version_d)

.gnu.version_r
 *(.gnu.version_r)

.rel.init
 *(.rel.init)

.rela.init
 *(.rela.init)

.rel.text
 *(.rel.text)
 *(.rel.text.*)
 *(.rel.gnu.linkonce.t*)

.rela.text
 *(.rela.text)
 *(.rela.text.*)
 *(.rela.gnu.linkonce.t*)

.rel.fini
 *(.rel.fini)

.rela.fini
 *(.rela.fini)

.rel.rodata
 *(.rel.rodata)
 *(.rel.rodata.*)
 *(.rel.gnu.linkonce.r*)

.rela.rodata
 *(.rela.rodata)
 *(.rela.rodata.*)
 *(.rela.gnu.linkonce.r*)

.rel.data
 *(.rel.data)
 *(.rel.data.*)
 *(.rel.gnu.linkonce.d*)

.rela.data
 *(.rela.data)
 *(.rela.data.*)
 *(.rela.gnu.linkonce.d*)

.rel.ctors
 *(.rel.ctors)

.rela.ctors
 *(.rela.ctors)

.rel.dtors
 *(.rel.dtors)

.rela.dtors
 *(.rela.dtors)

.rel.got
 *(.rel.got)

.rela.got
 *(.rela.got)

.rel.bss
 *(.rel.bss)

.rela.bss
 *(.rela.bss)

.rel.plt
 *(.rel.plt)

.rela.plt
 *(.rela.plt)

.text           0x00000000     0x1506
 *(.vectors)
 .vectors       0x00000000       0x54 C:/Program Files (x86)/Atmel/Studio/7.0/Packs/atmel/ATmega_DFP/1.6.364/gcc/dev/atmega32a/avr5/crtatmega32a.o
                0x00000000                __vector_default
                0x00000000                __vectors
 *(.vectors)
 *(.progmem.gcc*)
                0x00000054                . = ALIGN (0x2)
                0x00000054                __trampolines_start = .
 *(.trampolines)
 .trampolines   0x00000054        0x0 linker stubs
 *(.trampolines*)
                0x00000054                __trampolines_end = .
 *libprintf_flt.a:*(.progmem.data)
 *libc.a:*(.progmem.data)
 *(.progmem*)
                0x00000054                . = ALIGN (0x2)
 *(.jumptables)
 *(.jumptables*)
 *(.lowtext)
 *(.lowtext*)
                0x00000054                __ctors_start = .
 *(.ctors)
                0x00000054                __ctors_end = .
                0x00000054                __dtors_start = .
 *(.dtors)
                0x00000054                __dtors_end = .
 SORT(*)(.ctors)
 SORT(*)(.dtors)
 *(.init0)
 .init0         0x00000054        0x0 C:/Program Files (x86)/Atmel/Studio/7.0/Packs/atmel/ATmega_DFP/1.6.364/gcc/dev/atmega32a/avr5/crtatmega32a.o
                0x00000054                __init
 *(.init0)
 *(.init1)
 *(.init1)
 *(.init2)
 .init2         0x00000054        0xc C:/Program Files (x86)/Atmel/Studio/7.0/Packs/atmel/ATmega_DFP/1.6.364/gcc/dev/atmega32a/avr5/crtatmega32a.o
 *(.init2)
 *(.init3)
 *(.init3)
 *(.init4)
 .init4         0x00000060       0x16 c:/program files (x86)/atmel/studio/7.0/toolchain/avr8/avr8-gnu-toolchain/bin/../lib/gcc/avr/5.4.0/avr5\libgcc.a(_copy_data.o)
                0x00000060                __do_copy_data
 .init4         0x00000076       0x10 c:/program files (x86)/atmel/studio/7.0/toolchain/avr8/avr8-gnu-toolchain/bin/../lib/gcc/avr/5.4.0/avr5\libgcc.a(_clear_bss.o)
                0x00000076                __do_clear_bss
 *(.init4)
 *(.init5)
 *(.init5)
 *(.init6)
 *(.init6)
 *(.init7)
 *(.init7)
 *(.init8)
 *(.init8)
 *(.init9)
 .init9         0x00000086        0x8 C:/Program Files (x86)/Atmel/Studio/7.0/Packs/atmel/ATmega_DFP/1.6.364/gcc/dev/atmega32a/avr5/crtatmega32a.o
 *(.init9)
 *(.text)
                0x0000008e                . = ALIGN (0x2)
 *(.text.*)
 .text.BCM_UART_TXCBF
                0x0000008e        0xe Firmware/BCM/src/BCM.o
 .text.BCM_SPI_TXCBF
                0x0000009c        0xe Firmware/BCM/src/BCM.o
 .text.BCM_I2C_TXCBF
                0x000000aa        0xe Firmware/BCM/src/BCM.o
 .text.BCM_UART_RXCBF
                0x000000b8       0xea Firmware/BCM/src/BCM.o
 .text.BCM_SPI_RXCBF
                0x000001a2       0xf0 Firmware/BCM/src/BCM.o
 .text.BCM_I2C_RXCBF
                0x00000292      0x12a Firmware/BCM/src/BCM.o
 .text.BCM_InitPacket
                0x000003bc       0xb4 Firmware/BCM/src/BCM.o
 .text.BCM_Init
                0x00000470       0x9c Firmware/BCM/src/BCM.o
 .text.BCM_TxMainFunction
                0x0000050c      0x16c Firmware/BCM/src/BCM.o
                0x0000050c                BCM_TxMainFunction
 .text.BCM_RxMainFunction
                0x00000678       0xfa Firmware/BCM/src/BCM.o
                0x00000678                BCM_RxMainFunction
 .text.BCM_Send
                0x00000772       0xb0 Firmware/BCM/src/BCM_Interface.o
                0x00000772                BCM_Send
 .text.BCM_Receive
                0x00000822       0x74 Firmware/BCM/src/BCM_Interface.o
                0x00000822                BCM_Receive
 .text.BCM_Get  0x00000896       0x28 Firmware/BCM/src/BCM_Interface.o
                0x00000896                BCM_Get
 .text.UART_TX_ISR
                0x000008be       0x10 Firmware/COMMProxy/src/COMMProxy.o
 .text.I2C_ISR  0x000008ce       0x92 Firmware/COMMProxy/src/COMMProxy.o
 .text.SPI_ISR  0x00000960       0x44 Firmware/COMMProxy/src/COMMProxy.o
 .text.UART_RX_ISR
                0x000009a4       0x1e Firmware/COMMProxy/src/COMMProxy.o
 .text.COMMProxy_Init
                0x000009c2       0xaa Firmware/COMMProxy/src/COMMProxy.o
                0x000009c2                COMMProxy_Init
 .text.COMMProxy_Send
                0x00000a6c       0x62 Firmware/COMMProxy/src/COMMProxy.o
                0x00000a6c                COMMProxy_Send
 .text.COMMProxy_SetTxCallback
                0x00000ace       0x26 Firmware/COMMProxy/src/COMMProxy.o
                0x00000ace                COMMProxy_SetTxCallback
 .text.COMMProxy_SetRxCallback
                0x00000af4       0x26 Firmware/COMMProxy/src/COMMProxy.o
                0x00000af4                COMMProxy_SetRxCallback
 .text.DIO_SetPinDirection
                0x00000b1a       0x70 Mcal/DIO/src/DIO.o
                0x00000b1a                DIO_SetPinDirection
 .text.DIO_WritePin
                0x00000b8a       0x70 Mcal/DIO/src/DIO.o
                0x00000b8a                DIO_WritePin
 .text.I2C_Init
                0x00000bfa       0x1e Mcal/I2C/src/I2C.o
                0x00000bfa                I2C_Init
 .text.I2C_SetSlaveAddress
                0x00000c18        0xc Mcal/I2C/src/I2C.o
                0x00000c18                I2C_SetSlaveAddress
 .text.I2C_Start
                0x00000c24       0x14 Mcal/I2C/src/I2C.o
                0x00000c24                I2C_Start
 .text.I2C_Write
                0x00000c38       0x16 Mcal/I2C/src/I2C.o
                0x00000c38                I2C_Write
 .text.I2C_ReadAck
                0x00000c4e       0x22 Mcal/I2C/src/I2C.o
                0x00000c4e                I2C_ReadAck
 .text.I2C_Stop
                0x00000c70       0x1c Mcal/I2C/src/I2C.o
                0x00000c70                I2C_Stop
 .text.I2C_Status
                0x00000c8c       0x1e Mcal/I2C/src/I2C.o
                0x00000c8c                I2C_Status
 .text.I2C_EnableInterrupt
                0x00000caa       0x12 Mcal/I2C/src/I2C.o
                0x00000caa                I2C_EnableInterrupt
 .text.I2C_ClearIntFlag
                0x00000cbc       0x12 Mcal/I2C/src/I2C.o
                0x00000cbc                I2C_ClearIntFlag
 .text.INTERRUPTS_Enable
                0x00000cce        0x8 Mcal/Interrupts/src/Interrupts.o
                0x00000cce                INTERRUPTS_Enable
 .text.__vector_1
                0x00000cd6       0x52 Mcal/Interrupts/src/Interrupts.o
                0x00000cd6                __vector_1
 .text.__vector_2
                0x00000d28       0x52 Mcal/Interrupts/src/Interrupts.o
                0x00000d28                __vector_2
 .text.__vector_3
                0x00000d7a       0x52 Mcal/Interrupts/src/Interrupts.o
                0x00000d7a                __vector_3
 .text.__vector_4
                0x00000dcc       0x52 Mcal/Interrupts/src/Interrupts.o
                0x00000dcc                __vector_4
 .text.__vector_5
                0x00000e1e       0x52 Mcal/Interrupts/src/Interrupts.o
                0x00000e1e                __vector_5
 .text.__vector_6
                0x00000e70       0x52 Mcal/Interrupts/src/Interrupts.o
                0x00000e70                __vector_6
 .text.__vector_7
                0x00000ec2       0x52 Mcal/Interrupts/src/Interrupts.o
                0x00000ec2                __vector_7
 .text.__vector_8
                0x00000f14       0x52 Mcal/Interrupts/src/Interrupts.o
                0x00000f14                __vector_8
 .text.__vector_9
                0x00000f66       0x52 Mcal/Interrupts/src/Interrupts.o
                0x00000f66                __vector_9
 .text.__vector_10
                0x00000fb8       0x52 Mcal/Interrupts/src/Interrupts.o
                0x00000fb8                __vector_10
 .text.__vector_11
                0x0000100a       0x52 Mcal/Interrupts/src/Interrupts.o
                0x0000100a                __vector_11
 .text.__vector_12
                0x0000105c       0x52 Mcal/Interrupts/src/Interrupts.o
                0x0000105c                __vector_12
 .text.__vector_13
                0x000010ae       0x52 Mcal/Interrupts/src/Interrupts.o
                0x000010ae                __vector_13
 .text.__vector_14
                0x00001100       0x52 Mcal/Interrupts/src/Interrupts.o
                0x00001100                __vector_14
 .text.__vector_15
                0x00001152       0x52 Mcal/Interrupts/src/Interrupts.o
                0x00001152                __vector_15
 .text.__vector_16
                0x000011a4       0x52 Mcal/Interrupts/src/Interrupts.o
                0x000011a4                __vector_16
 .text.__vector_17
                0x000011f6       0x52 Mcal/Interrupts/src/Interrupts.o
                0x000011f6                __vector_17
 .text.__vector_18
                0x00001248       0x52 Mcal/Interrupts/src/Interrupts.o
                0x00001248                __vector_18
 .text.__vector_19
                0x0000129a       0x52 Mcal/Interrupts/src/Interrupts.o
                0x0000129a                __vector_19
 .text.__vector_20
                0x000012ec       0x52 Mcal/Interrupts/src/Interrupts.o
                0x000012ec                __vector_20
 .text.SPI_Init
                0x0000133e       0x7e Mcal/SPI/src/SPI.o
                0x0000133e                SPI_Init
 .text.SPI_EnableInterrupt
                0x000013bc       0x12 Mcal/SPI/src/SPI.o
                0x000013bc                SPI_EnableInterrupt
 .text.SPI_SetData
                0x000013ce        0xc Mcal/SPI/src/SPI.o
                0x000013ce                SPI_SetData
 .text.SPI_GetData
                0x000013da       0x1c Mcal/SPI/src/SPI.o
                0x000013da                SPI_GetData
 .text.UART_Init
                0x000013f6       0x48 Mcal/UART/src/UART.o
                0x000013f6                UART_Init
 .text.UART_EnableInterrupt
                0x0000143e       0x1e Mcal/UART/src/UART.o
                0x0000143e                UART_EnableInterrupt
 .text.UART_SetData
                0x0000145c        0xc Mcal/UART/src/UART.o
                0x0000145c                UART_SetData
 .text.UART_GetData
                0x00001468       0x1c Mcal/UART/src/UART.o
                0x00001468                UART_GetData
 .text.Interrupt_Install
                0x00001484       0x3e Infrastructure/InterruptDesignPattern/src/Interrupt_Design_Pattern.o
                0x00001484                Interrupt_Install
 .text.VoidFunc
                0x000014c2        0x2 main.o
                0x000014c2                VoidFunc
 .text.text_CBF
                0x000014c4       0x1a main.o
                0x000014c4                text_CBF
 .text.main     0x000014de       0x24 main.o
                0x000014de                main
                0x00001502                . = ALIGN (0x2)
 *(.fini9)
 .fini9         0x00001502        0x0 c:/program files (x86)/atmel/studio/7.0/toolchain/avr8/avr8-gnu-toolchain/bin/../lib/gcc/avr/5.4.0/avr5\libgcc.a(_exit.o)
                0x00001502                _exit
                0x00001502                exit
 *(.fini9)
 *(.fini8)
 *(.fini8)
 *(.fini7)
 *(.fini7)
 *(.fini6)
 *(.fini6)
 *(.fini5)
 *(.fini5)
 *(.fini4)
 *(.fini4)
 *(.fini3)
 *(.fini3)
 *(.fini2)
 *(.fini2)
 *(.fini1)
 *(.fini1)
 *(.fini0)
 .fini0         0x00001502        0x4 c:/program files (x86)/atmel/studio/7.0/toolchain/avr8/avr8-gnu-toolchain/bin/../lib/gcc/avr/5.4.0/avr5\libgcc.a(_exit.o)
 *(.fini0)
                0x00001506                _etext = .

.data           0x00800060       0x56 load address 0x00001506
                0x00800060                PROVIDE (__data_start, .)
 *(.data)
 *(.data*)
 .data.au16_Packet_sizes
                0x00800060       0x18 Firmware/BCM/src/BCM.o
 .data.gastr_BCM_Task
                0x00800078       0x27 Firmware/BCM/src/BCM_Interface.o
 *(.gnu.linkonce.d*)
 *(.rodata)
 *(.rodata*)
 .rodata.u8_BCM_ID
                0x0080009f        0x1 Firmware/BCM/src/BCM_Lcfg.o
                0x0080009f                u8_BCM_ID
 .rodata.au8_BCM_UsedCH
                0x008000a0        0x3 Firmware/BCM/src/BCM_Lcfg.o
                0x008000a0                au8_BCM_UsedCH
 .rodata.I2C_CH_0_SLAVE_ADDR
                0x008000a3        0x1 Mcal/I2C/src/I2C_Config.o
                0x008000a3                I2C_CH_0_SLAVE_ADDR
 .rodata.I2C_CH_0_BIT_RATE
                0x008000a4        0x1 Mcal/I2C/src/I2C_Config.o
                0x008000a4                I2C_CH_0_BIT_RATE
 .rodata.I2C_CH_0_CONTROL_MASK
                0x008000a5        0x1 Mcal/I2C/src/I2C_Config.o
                0x008000a5                I2C_CH_0_CONTROL_MASK
 .rodata.I2C_CH_0_PRESCALER
                0x008000a6        0x1 Mcal/I2C/src/I2C_Config.o
                0x008000a6                I2C_CH_0_PRESCALER
 .rodata.SPI_CH_0_SS_CH_0_PIN
                0x008000a7        0x1 Mcal/SPI/src/SPI_Config.o
                0x008000a7                SPI_CH_0_SS_CH_0_PIN
 .rodata.SPI_CH_0_SS_CH_0_PORT
                0x008000a8        0x1 Mcal/SPI/src/SPI_Config.o
                0x008000a8                SPI_CH_0_SS_CH_0_PORT
 .rodata.SPI_CH_0_SCK_PIN
                0x008000a9        0x1 Mcal/SPI/src/SPI_Config.o
                0x008000a9                SPI_CH_0_SCK_PIN
 .rodata.SPI_CH_0_SCK_PORT
                0x008000aa        0x1 Mcal/SPI/src/SPI_Config.o
                0x008000aa                SPI_CH_0_SCK_PORT
 .rodata.SPI_CH_0_MISO_PIN
                0x008000ab        0x1 Mcal/SPI/src/SPI_Config.o
                0x008000ab                SPI_CH_0_MISO_PIN
 .rodata.SPI_CH_0_MISO_PORT
                0x008000ac        0x1 Mcal/SPI/src/SPI_Config.o
                0x008000ac                SPI_CH_0_MISO_PORT
 .rodata.SPI_CH_0_MOSI_PIN
                0x008000ad        0x1 Mcal/SPI/src/SPI_Config.o
                0x008000ad                SPI_CH_0_MOSI_PIN
 .rodata.SPI_CH_0_MOSI_PORT
                0x008000ae        0x1 Mcal/SPI/src/SPI_Config.o
                0x008000ae                SPI_CH_0_MOSI_PORT
 .rodata.SPI_CH_0_DOUBLE_SPEED
                0x008000af        0x1 Mcal/SPI/src/SPI_Config.o
                0x008000af                SPI_CH_0_DOUBLE_SPEED
 .rodata.SPI_CH_0_CONTROL_MASK
                0x008000b0        0x1 Mcal/SPI/src/SPI_Config.o
                0x008000b0                SPI_CH_0_CONTROL_MASK
 .rodata.UART_CH_0_BaudRate
                0x008000b1        0x2 Mcal/UART/src/UART_Config.o
                0x008000b1                UART_CH_0_BaudRate
 .rodata.UART_CH_0_CONTROL_2
                0x008000b3        0x1 Mcal/UART/src/UART_Config.o
                0x008000b3                UART_CH_0_CONTROL_2
 .rodata.UART_CH_0_CONTROL
                0x008000b4        0x1 Mcal/UART/src/UART_Config.o
                0x008000b4                UART_CH_0_CONTROL
 *(.gnu.linkonce.r*)
                0x008000b6                . = ALIGN (0x2)
 *fill*         0x008000b5        0x1 
                0x008000b6                _edata = .
                0x008000b6                PROVIDE (__data_end, .)

.bss            0x008000b6       0x97
                0x008000b6                PROVIDE (__bss_start, .)
 *(.bss)
 *(.bss*)
 .bss.aptr_Task
                0x008000b6        0x6 Firmware/BCM/src/BCM.o
 .bss.au8_InitPacketFlag
                0x008000bc        0x3 Firmware/BCM/src/BCM.o
 .bss.aptr_Packet
                0x008000bf       0x18 Firmware/BCM/src/BCM.o
 .bss.IsInit    0x008000d7        0x1 Firmware/BCM/src/BCM.o
 .bss.gu8_CSTemp
                0x008000d8        0x1 Firmware/BCM/src/BCM.o
 .bss.gu16_CSCounter
                0x008000d9        0x2 Firmware/BCM/src/BCM.o
 .bss.gu8_I2CData
                0x008000db        0x1 Firmware/COMMProxy/src/COMMProxy.o
 .bss.gu8_I2CStatus
                0x008000dc        0x1 Firmware/COMMProxy/src/COMMProxy.o
 .bss.gu8_SPIData
                0x008000dd        0x1 Firmware/COMMProxy/src/COMMProxy.o
 .bss.gu8_UARTData
                0x008000de        0x1 Firmware/COMMProxy/src/COMMProxy.o
 .bss.gptr_RxCallback
                0x008000df        0x6 Firmware/COMMProxy/src/COMMProxy.o
 .bss.gptr_TxCallback
                0x008000e5        0x6 Firmware/COMMProxy/src/COMMProxy.o
 .bss.gu8_COMMInitCh
                0x008000eb        0x3 Firmware/COMMProxy/src/COMMProxy.o
 .bss.aptr_OldVectors
                0x008000ee       0x28 Infrastructure/InterruptDesignPattern/src/Interrupt_Design_Pattern.o
 .bss.aptr_ISRAddress
                0x00800116       0x28 Mcal/Interrupts/src/Interrupts_Lcfg.o
                0x00800116                aptr_ISRAddress
 *(COMMON)
 COMMON         0x0080013e        0xf main.o
                0x0080013e                DataUART
                0x0080014d                PROVIDE (__bss_end, .)
                0x00001506                __data_load_start = LOADADDR (.data)
                0x0000155c                __data_load_end = (__data_load_start + SIZEOF (.data))

.noinit         0x0080014d        0x0
                [!provide]                PROVIDE (__noinit_start, .)
 *(.noinit*)
                [!provide]                PROVIDE (__noinit_end, .)
                0x0080014d                _end = .
                [!provide]                PROVIDE (__heap_start, .)

.eeprom         0x00810000        0x0
 *(.eeprom*)
                0x00810000                __eeprom_end = .

.fuse
 *(.fuse)
 *(.lfuse)
 *(.hfuse)
 *(.efuse)

.lock
 *(.lock*)

.signature
 *(.signature*)

.user_signatures
 *(.user_signatures*)

.stab
 *(.stab)

.stabstr
 *(.stabstr)

.stab.excl
 *(.stab.excl)

.stab.exclstr
 *(.stab.exclstr)

.stab.index
 *(.stab.index)

.stab.indexstr
 *(.stab.indexstr)

.comment        0x00000000       0x30
 *(.comment)
 .comment       0x00000000       0x30 Firmware/BCM/src/BCM.o
                                 0x31 (size before relaxing)
 .comment       0x00000030       0x31 Firmware/BCM/src/BCM_Interface.o
 .comment       0x00000030       0x31 Firmware/COMMProxy/src/COMMProxy.o
 .comment       0x00000030       0x31 Mcal/DIO/src/DIO.o
 .comment       0x00000030       0x31 Mcal/I2C/src/I2C.o
 .comment       0x00000030       0x31 Mcal/Interrupts/src/Interrupts.o
 .comment       0x00000030       0x31 Mcal/SPI/src/SPI.o
 .comment       0x00000030       0x31 Mcal/UART/src/UART.o
 .comment       0x00000030       0x31 Infrastructure/InterruptDesignPattern/src/Interrupt_Design_Pattern.o
 .comment       0x00000030       0x31 Firmware/BCM/src/BCM_Lcfg.o
 .comment       0x00000030       0x31 main.o
 .comment       0x00000030       0x31 Mcal/I2C/src/I2C_Config.o
 .comment       0x00000030       0x31 Mcal/Interrupts/src/Interrupts_Lcfg.o
 .comment       0x00000030       0x31 Mcal/SPI/src/SPI_Config.o
 .comment       0x00000030       0x31 Mcal/UART/src/UART_Config.o

.note.gnu.avr.deviceinfo
                0x00000000       0x3c
 .note.gnu.avr.deviceinfo
                0x00000000       0x3c C:/Program Files (x86)/Atmel/Studio/7.0/Packs/atmel/ATmega_DFP/1.6.364/gcc/dev/atmega32a/avr5/crtatmega32a.o

.note.gnu.build-id
 *(.note.gnu.build-id)

.debug
 *(.debug)

.line
 *(.line)

.debug_srcinfo
 *(.debug_srcinfo)

.debug_sfnames
 *(.debug_sfnames)

.debug_aranges  0x00000000      0x430
 *(.debug_aranges)
 .debug_aranges
                0x00000000       0x68 Firmware/BCM/src/BCM.o
 .debug_aranges
                0x00000068       0x38 Firmware/BCM/src/BCM_Interface.o
 .debug_aranges
                0x000000a0       0x58 Firmware/COMMProxy/src/COMMProxy.o
 .debug_aranges
                0x000000f8       0x40 Mcal/DIO/src/DIO.o
 .debug_aranges
                0x00000138       0x80 Mcal/I2C/src/I2C.o
 .debug_aranges
                0x000001b8       0xc8 Mcal/Interrupts/src/Interrupts.o
 .debug_aranges
                0x00000280       0x68 Mcal/SPI/src/SPI.o
 .debug_aranges
                0x000002e8       0x70 Mcal/UART/src/UART.o
 .debug_aranges
                0x00000358       0x28 Infrastructure/InterruptDesignPattern/src/Interrupt_Design_Pattern.o
 .debug_aranges
                0x00000380       0x18 Firmware/BCM/src/BCM_Lcfg.o
 .debug_aranges
                0x00000398       0x38 main.o
 .debug_aranges
                0x000003d0       0x18 Mcal/I2C/src/I2C_Config.o
 .debug_aranges
                0x000003e8       0x18 Mcal/Interrupts/src/Interrupts_Lcfg.o
 .debug_aranges
                0x00000400       0x18 Mcal/SPI/src/SPI_Config.o
 .debug_aranges
                0x00000418       0x18 Mcal/UART/src/UART_Config.o

.debug_pubnames
 *(.debug_pubnames)

.debug_info     0x00000000     0x3036
 *(.debug_info .gnu.linkonce.wi.*)
 .debug_info    0x00000000      0x4e6 C:/Program Files (x86)/Atmel/Studio/7.0/Packs/atmel/ATmega_DFP/1.6.364/gcc/dev/atmega32a/avr5/crtatmega32a.o
 .debug_info    0x000004e6      0x593 Firmware/BCM/src/BCM.o
 .debug_info    0x00000a79      0x31f Firmware/BCM/src/BCM_Interface.o
 .debug_info    0x00000d98      0x684 Firmware/COMMProxy/src/COMMProxy.o
 .debug_info    0x0000141c      0x232 Mcal/DIO/src/DIO.o
 .debug_info    0x0000164e      0x4d1 Mcal/I2C/src/I2C.o
 .debug_info    0x00001b1f      0x2a7 Mcal/Interrupts/src/Interrupts.o
 .debug_info    0x00001dc6      0x6b4 Mcal/SPI/src/SPI.o
 .debug_info    0x0000247a      0x4a9 Mcal/UART/src/UART.o
 .debug_info    0x00002923      0x129 Infrastructure/InterruptDesignPattern/src/Interrupt_Design_Pattern.o
 .debug_info    0x00002a4c       0xb4 Firmware/BCM/src/BCM_Lcfg.o
 .debug_info    0x00002b00      0x1ed main.o
 .debug_info    0x00002ced       0xbc Mcal/I2C/src/I2C_Config.o
 .debug_info    0x00002da9       0xab Mcal/Interrupts/src/Interrupts_Lcfg.o
 .debug_info    0x00002e54      0x128 Mcal/SPI/src/SPI_Config.o
 .debug_info    0x00002f7c       0xba Mcal/UART/src/UART_Config.o

.debug_abbrev   0x00000000     0x10cd
 *(.debug_abbrev)
 .debug_abbrev  0x00000000      0x4a3 C:/Program Files (x86)/Atmel/Studio/7.0/Packs/atmel/ATmega_DFP/1.6.364/gcc/dev/atmega32a/avr5/crtatmega32a.o
 .debug_abbrev  0x000004a3      0x19d Firmware/BCM/src/BCM.o
 .debug_abbrev  0x00000640       0xd7 Firmware/BCM/src/BCM_Interface.o
 .debug_abbrev  0x00000717      0x17b Firmware/COMMProxy/src/COMMProxy.o
 .debug_abbrev  0x00000892       0xbf Mcal/DIO/src/DIO.o
 .debug_abbrev  0x00000951      0x139 Mcal/I2C/src/I2C.o
 .debug_abbrev  0x00000a8a       0x91 Mcal/Interrupts/src/Interrupts.o
 .debug_abbrev  0x00000b1b      0x160 Mcal/SPI/src/SPI.o
 .debug_abbrev  0x00000c7b      0x146 Mcal/UART/src/UART.o
 .debug_abbrev  0x00000dc1       0xa8 Infrastructure/InterruptDesignPattern/src/Interrupt_Design_Pattern.o
 .debug_abbrev  0x00000e69       0x52 Firmware/BCM/src/BCM_Lcfg.o
 .debug_abbrev  0x00000ebb       0xf7 main.o
 .debug_abbrev  0x00000fb2       0x40 Mcal/I2C/src/I2C_Config.o
 .debug_abbrev  0x00000ff2       0x5b Mcal/Interrupts/src/Interrupts_Lcfg.o
 .debug_abbrev  0x0000104d       0x40 Mcal/SPI/src/SPI_Config.o
 .debug_abbrev  0x0000108d       0x40 Mcal/UART/src/UART_Config.o

.debug_line     0x00000000     0x2260
 *(.debug_line .debug_line.* .debug_line_end)
 .debug_line    0x00000000      0x116 C:/Program Files (x86)/Atmel/Studio/7.0/Packs/atmel/ATmega_DFP/1.6.364/gcc/dev/atmega32a/avr5/crtatmega32a.o
 .debug_line    0x00000116      0x4c4 Firmware/BCM/src/BCM.o
 .debug_line    0x000005da      0x255 Firmware/BCM/src/BCM_Interface.o
 .debug_line    0x0000082f      0x3fc Firmware/COMMProxy/src/COMMProxy.o
 .debug_line    0x00000c2b      0x2d4 Mcal/DIO/src/DIO.o
 .debug_line    0x00000eff      0x360 Mcal/I2C/src/I2C.o
 .debug_line    0x0000125f      0x364 Mcal/Interrupts/src/Interrupts.o
 .debug_line    0x000015c3      0x46a Mcal/SPI/src/SPI.o
 .debug_line    0x00001a2d      0x3f0 Mcal/UART/src/UART.o
 .debug_line    0x00001e1d       0xf0 Infrastructure/InterruptDesignPattern/src/Interrupt_Design_Pattern.o
 .debug_line    0x00001f0d       0x6b Firmware/BCM/src/BCM_Lcfg.o
 .debug_line    0x00001f78      0x136 main.o
 .debug_line    0x000020ae       0x69 Mcal/I2C/src/I2C_Config.o
 .debug_line    0x00002117       0x75 Mcal/Interrupts/src/Interrupts_Lcfg.o
 .debug_line    0x0000218c       0x69 Mcal/SPI/src/SPI_Config.o
 .debug_line    0x000021f5       0x6b Mcal/UART/src/UART_Config.o

.debug_frame    0x00000000      0xcec
 *(.debug_frame)
 .debug_frame   0x00000000       0xf8 Firmware/BCM/src/BCM.o
 .debug_frame   0x000000f8       0x54 Firmware/BCM/src/BCM_Interface.o
 .debug_frame   0x0000014c       0x9c Firmware/COMMProxy/src/COMMProxy.o
 .debug_frame   0x000001e8       0x64 Mcal/DIO/src/DIO.o
 .debug_frame   0x0000024c       0xf4 Mcal/I2C/src/I2C.o
 .debug_frame   0x00000340      0x714 Mcal/Interrupts/src/Interrupts.o
 .debug_frame   0x00000a54      0x13c Mcal/SPI/src/SPI.o
 .debug_frame   0x00000b90       0xd4 Mcal/UART/src/UART.o
 .debug_frame   0x00000c64       0x34 Infrastructure/InterruptDesignPattern/src/Interrupt_Design_Pattern.o
 .debug_frame   0x00000c98       0x54 main.o

.debug_str      0x00000000     0x100c
 *(.debug_str)
 .debug_str     0x00000000      0x196 C:/Program Files (x86)/Atmel/Studio/7.0/Packs/atmel/ATmega_DFP/1.6.364/gcc/dev/atmega32a/avr5/crtatmega32a.o
 .debug_str     0x00000196      0x3e7 Firmware/BCM/src/BCM.o
                                0x429 (size before relaxing)
 .debug_str     0x0000057d       0xa0 Firmware/BCM/src/BCM_Interface.o
                                0x326 (size before relaxing)
 .debug_str     0x0000061d      0x238 Firmware/COMMProxy/src/COMMProxy.o
                                0x448 (size before relaxing)
 .debug_str     0x00000855       0xb1 Mcal/DIO/src/DIO.o
                                0x24d (size before relaxing)
 .debug_str     0x00000906      0x12d Mcal/I2C/src/I2C.o
                                0x35e (size before relaxing)
 .debug_str     0x00000a33      0x14f Mcal/Interrupts/src/Interrupts.o
                                0x301 (size before relaxing)
 .debug_str     0x00000b82      0x1ab Mcal/SPI/src/SPI.o
                                0x3fc (size before relaxing)
 .debug_str     0x00000d2d      0x185 Mcal/UART/src/UART.o
                                0x397 (size before relaxing)
 .debug_str     0x00000eb2       0x7c Infrastructure/InterruptDesignPattern/src/Interrupt_Design_Pattern.o
                                0x24d (size before relaxing)
 .debug_str     0x00000f2e       0x1f Firmware/BCM/src/BCM_Lcfg.o
                                0x1cb (size before relaxing)
 .debug_str     0x00000f4d       0x3d main.o
                                0x229 (size before relaxing)
 .debug_str     0x00000f8a       0x1d Mcal/I2C/src/I2C_Config.o
                                0x1f6 (size before relaxing)
 .debug_str     0x00000fa7       0x29 Mcal/Interrupts/src/Interrupts_Lcfg.o
                                0x1df (size before relaxing)
 .debug_str     0x00000fd0       0x1d Mcal/SPI/src/SPI_Config.o
                                0x26b (size before relaxing)
 .debug_str     0x00000fed       0x1f Mcal/UART/src/UART_Config.o
                                0x1eb (size before relaxing)

.debug_loc      0x00000000     0x3216
 *(.debug_loc)
 .debug_loc     0x00000000      0x38c Firmware/BCM/src/BCM.o
 .debug_loc     0x0000038c      0x358 Firmware/BCM/src/BCM_Interface.o
 .debug_loc     0x000006e4      0x2a5 Firmware/COMMProxy/src/COMMProxy.o
 .debug_loc     0x00000989      0x3fa Mcal/DIO/src/DIO.o
 .debug_loc     0x00000d83      0x4ea Mcal/I2C/src/I2C.o
 .debug_loc     0x0000126d      0xfdc Mcal/Interrupts/src/Interrupts.o
 .debug_loc     0x00002249      0xa46 Mcal/SPI/src/SPI.o
 .debug_loc     0x00002c8f      0x545 Mcal/UART/src/UART.o
 .debug_loc     0x000031d4       0x42 Infrastructure/InterruptDesignPattern/src/Interrupt_Design_Pattern.o

.debug_macinfo
 *(.debug_macinfo)

.debug_weaknames
 *(.debug_weaknames)

.debug_funcnames
 *(.debug_funcnames)

.debug_typenames
 *(.debug_typenames)

.debug_varnames
 *(.debug_varnames)

.debug_pubtypes
 *(.debug_pubtypes)

.debug_ranges   0x00000000      0x330
 *(.debug_ranges)
 .debug_ranges  0x00000000       0x70 Firmware/BCM/src/BCM.o
 .debug_ranges  0x00000070       0x28 Firmware/BCM/src/BCM_Interface.o
 .debug_ranges  0x00000098       0x48 Firmware/COMMProxy/src/COMMProxy.o
 .debug_ranges  0x000000e0       0x30 Mcal/DIO/src/DIO.o
 .debug_ranges  0x00000110       0x70 Mcal/I2C/src/I2C.o
 .debug_ranges  0x00000180       0xb8 Mcal/Interrupts/src/Interrupts.o
 .debug_ranges  0x00000238       0x58 Mcal/SPI/src/SPI.o
 .debug_ranges  0x00000290       0x60 Mcal/UART/src/UART.o
 .debug_ranges  0x000002f0       0x18 Infrastructure/InterruptDesignPattern/src/Interrupt_Design_Pattern.o
 .debug_ranges  0x00000308       0x28 main.o

.debug_macro
 *(.debug_macro)
OUTPUT(TransmitterApp.elf elf32-avr)
LOAD linker stubs
