Archive member included to satisfy reference by file (symbol)

c:/program files (x86)/atmel/studio/7.0/toolchain/avr8/avr8-gnu-toolchain/bin/../lib/gcc/avr/5.4.0/avr5\libgcc.a(_exit.o)
                              C:/Program Files (x86)/Atmel/Studio/7.0/Packs/atmel/ATmega_DFP/1.6.364/gcc/dev/atmega32a/avr5/crtatmega32a.o (exit)
c:/program files (x86)/atmel/studio/7.0/toolchain/avr8/avr8-gnu-toolchain/bin/../lib/gcc/avr/5.4.0/avr5\libgcc.a(_tablejump2.o)
                              Mcal/Timer/TIMER_DRIVER.o (__tablejump2__)
c:/program files (x86)/atmel/studio/7.0/toolchain/avr8/avr8-gnu-toolchain/bin/../lib/gcc/avr/5.4.0/avr5\libgcc.a(_copy_data.o)
                              App/Card/Card.o (__do_copy_data)
c:/program files (x86)/atmel/studio/7.0/toolchain/avr8/avr8-gnu-toolchain/bin/../lib/gcc/avr/5.4.0/avr5\libgcc.a(_clear_bss.o)
                              App/Card/Card.o (__do_clear_bss)

Allocating common symbols
Common symbol       size              file

gu8_TerminalData    0xa               App/Card/Card.o
Gptr_uartRxInt      0x2               Mcal/UART/uart.o
Gptr_uartTxInt      0x2               Mcal/UART/uart.o
Gptr_uartDataEmptyRegInt
                    0x2               Mcal/UART/uart.o
gSTR_CardData       0x19              App/Card/Card.o

Discarded input sections

 .data          0x00000000        0x0 C:/Program Files (x86)/Atmel/Studio/7.0/Packs/atmel/ATmega_DFP/1.6.364/gcc/dev/atmega32a/avr5/crtatmega32a.o
 .bss           0x00000000        0x0 C:/Program Files (x86)/Atmel/Studio/7.0/Packs/atmel/ATmega_DFP/1.6.364/gcc/dev/atmega32a/avr5/crtatmega32a.o
 .text          0x00000000        0x0 App/Card/Card.o
 .data          0x00000000        0x0 App/Card/Card.o
 .bss           0x00000000        0x0 App/Card/Card.o
 .text          0x00000000        0x0 Firmware/EEPROM/EEPROM.o
 .data          0x00000000        0x0 Firmware/EEPROM/EEPROM.o
 .bss           0x00000000        0x0 Firmware/EEPROM/EEPROM.o
 .text          0x00000000        0x0 Infrastructure/utils.o
 .data          0x00000000        0x0 Infrastructure/utils.o
 .bss           0x00000000        0x0 Infrastructure/utils.o
 .text          0x00000000        0x0 main.o
 .data          0x00000000        0x0 main.o
 .bss           0x00000000        0x0 main.o
 .text          0x00000000        0x0 Mcal/DIO/DIO.o
 .data          0x00000000        0x0 Mcal/DIO/DIO.o
 .bss           0x00000000        0x0 Mcal/DIO/DIO.o
 .text.DIO_WritePin
                0x00000000       0xb0 Mcal/DIO/DIO.o
 .text.DIO_TogglePin
                0x00000000       0x68 Mcal/DIO/DIO.o
 .text.DIO_EnablePinPullup
                0x00000000       0x68 Mcal/DIO/DIO.o
 .text          0x00000000        0x0 Mcal/Global_Interrupts/Global_Interrupts.o
 .data          0x00000000        0x0 Mcal/Global_Interrupts/Global_Interrupts.o
 .bss           0x00000000        0x0 Mcal/Global_Interrupts/Global_Interrupts.o
 .text          0x00000000        0x0 Mcal/I2C/I2C.o
 .data          0x00000000        0x0 Mcal/I2C/I2C.o
 .bss           0x00000000        0x0 Mcal/I2C/I2C.o
 .text.I2C_SetSlaveAddress
                0x00000000        0xc Mcal/I2C/I2C.o
 .text.I2C_ReadAck
                0x00000000       0x28 Mcal/I2C/I2C.o
 .text.I2C_Status
                0x00000000       0x1e Mcal/I2C/I2C.o
 .text.I2C_EnableInterrupt
                0x00000000       0x12 Mcal/I2C/I2C.o
 .text.I2C_DisableInterrupt
                0x00000000       0x12 Mcal/I2C/I2C.o
 .text.I2C_SetCallback
                0x00000000       0x28 Mcal/I2C/I2C.o
 .text          0x00000000        0x0 Mcal/SPI/SPI.o
 .data          0x00000000        0x0 Mcal/SPI/SPI.o
 .bss           0x00000000        0x0 Mcal/SPI/SPI.o
 .text.SPI_ReceiveString
                0x00000000       0x46 Mcal/SPI/SPI.o
 .text.SPI_DisableInterrupt
                0x00000000        0xa Mcal/SPI/SPI.o
 .text          0x00000000        0x0 Mcal/Timer/TIMER_DRIVER.o
 .data          0x00000000        0x0 Mcal/Timer/TIMER_DRIVER.o
 .bss           0x00000000        0x0 Mcal/Timer/TIMER_DRIVER.o
 .text.TIM_SetTimerPreLoadVal
                0x00000000       0x20 Mcal/Timer/TIMER_DRIVER.o
 .text.TIM_SetTimerOCVal
                0x00000000       0x20 Mcal/Timer/TIMER_DRIVER.o
 .text.TIM_SetTimerOVFAction
                0x00000000       0x2c Mcal/Timer/TIMER_DRIVER.o
 .text.TIM_SetTimerOCAction
                0x00000000       0x2c Mcal/Timer/TIMER_DRIVER.o
 .text.TIM_MODE_SLCT
                0x00000000       0x94 Mcal/Timer/TIMER_DRIVER.o
 .text.TIM_CLK_SLCT
                0x00000000       0xfe Mcal/Timer/TIMER_DRIVER.o
 .progmem.gcc_sw_table.TIM_CLK_SLCT
                0x00000000       0x20 Mcal/Timer/TIMER_DRIVER.o
 .text.TIM_Interrupt_Enable
                0x00000000       0x5c Mcal/Timer/TIMER_DRIVER.o
 .text.TIM_Interrupt_Disable
                0x00000000       0x56 Mcal/Timer/TIMER_DRIVER.o
 .text.TIM_Flag_Get
                0x00000000       0x5c Mcal/Timer/TIMER_DRIVER.o
 .text.TIM_Flag_Reset
                0x00000000       0x4e Mcal/Timer/TIMER_DRIVER.o
 .text.TIM_Delay_US
                0x00000000      0x12a Mcal/Timer/TIMER_DRIVER.o
 .text.TIM_Delay_MS
                0x00000000      0x16e Mcal/Timer/TIMER_DRIVER.o
 .text.TIM_Init_OC_PIN
                0x00000000       0x3c Mcal/Timer/TIMER_DRIVER.o
 .text.TIM_OC_MODE_SLCT
                0x00000000       0xba Mcal/Timer/TIMER_DRIVER.o
 .text.TIM_Init
                0x00000000       0x74 Mcal/Timer/TIMER_DRIVER.o
 .text          0x00000000        0x0 Mcal/UART/uart.o
 .data          0x00000000        0x0 Mcal/UART/uart.o
 .bss           0x00000000        0x0 Mcal/UART/uart.o
 .text.UART_TransmitChar
                0x00000000        0xa Mcal/UART/uart.o
 .text.UART_ReceiveChar
                0x00000000        0xe Mcal/UART/uart.o
 .text.UART_DisableInterrupt
                0x00000000       0x2a Mcal/UART/uart.o
 .text          0x00000000        0x0 c:/program files (x86)/atmel/studio/7.0/toolchain/avr8/avr8-gnu-toolchain/bin/../lib/gcc/avr/5.4.0/avr5\libgcc.a(_exit.o)
 .data          0x00000000        0x0 c:/program files (x86)/atmel/studio/7.0/toolchain/avr8/avr8-gnu-toolchain/bin/../lib/gcc/avr/5.4.0/avr5\libgcc.a(_exit.o)
 .bss           0x00000000        0x0 c:/program files (x86)/atmel/studio/7.0/toolchain/avr8/avr8-gnu-toolchain/bin/../lib/gcc/avr/5.4.0/avr5\libgcc.a(_exit.o)
 .text.libgcc.mul
                0x00000000        0x0 c:/program files (x86)/atmel/studio/7.0/toolchain/avr8/avr8-gnu-toolchain/bin/../lib/gcc/avr/5.4.0/avr5\libgcc.a(_exit.o)
 .text.libgcc.div
                0x00000000        0x0 c:/program files (x86)/atmel/studio/7.0/toolchain/avr8/avr8-gnu-toolchain/bin/../lib/gcc/avr/5.4.0/avr5\libgcc.a(_exit.o)
 .text.libgcc   0x00000000        0x0 c:/program files (x86)/atmel/studio/7.0/toolchain/avr8/avr8-gnu-toolchain/bin/../lib/gcc/avr/5.4.0/avr5\libgcc.a(_exit.o)
 .text.libgcc.prologue
                0x00000000        0x0 c:/program files (x86)/atmel/studio/7.0/toolchain/avr8/avr8-gnu-toolchain/bin/../lib/gcc/avr/5.4.0/avr5\libgcc.a(_exit.o)
 .text.libgcc.builtins
                0x00000000        0x0 c:/program files (x86)/atmel/studio/7.0/toolchain/avr8/avr8-gnu-toolchain/bin/../lib/gcc/avr/5.4.0/avr5\libgcc.a(_exit.o)
 .text.libgcc.fmul
                0x00000000        0x0 c:/program files (x86)/atmel/studio/7.0/toolchain/avr8/avr8-gnu-toolchain/bin/../lib/gcc/avr/5.4.0/avr5\libgcc.a(_exit.o)
 .text.libgcc.fixed
                0x00000000        0x0 c:/program files (x86)/atmel/studio/7.0/toolchain/avr8/avr8-gnu-toolchain/bin/../lib/gcc/avr/5.4.0/avr5\libgcc.a(_exit.o)
 .text          0x00000000        0x0 c:/program files (x86)/atmel/studio/7.0/toolchain/avr8/avr8-gnu-toolchain/bin/../lib/gcc/avr/5.4.0/avr5\libgcc.a(_tablejump2.o)
 .data          0x00000000        0x0 c:/program files (x86)/atmel/studio/7.0/toolchain/avr8/avr8-gnu-toolchain/bin/../lib/gcc/avr/5.4.0/avr5\libgcc.a(_tablejump2.o)
 .bss           0x00000000        0x0 c:/program files (x86)/atmel/studio/7.0/toolchain/avr8/avr8-gnu-toolchain/bin/../lib/gcc/avr/5.4.0/avr5\libgcc.a(_tablejump2.o)
 .text.libgcc.mul
                0x00000000        0x0 c:/program files (x86)/atmel/studio/7.0/toolchain/avr8/avr8-gnu-toolchain/bin/../lib/gcc/avr/5.4.0/avr5\libgcc.a(_tablejump2.o)
 .text.libgcc.div
                0x00000000        0x0 c:/program files (x86)/atmel/studio/7.0/toolchain/avr8/avr8-gnu-toolchain/bin/../lib/gcc/avr/5.4.0/avr5\libgcc.a(_tablejump2.o)
 .text.libgcc   0x00000000        0xc c:/program files (x86)/atmel/studio/7.0/toolchain/avr8/avr8-gnu-toolchain/bin/../lib/gcc/avr/5.4.0/avr5\libgcc.a(_tablejump2.o)
 .text.libgcc.prologue
                0x00000000        0x0 c:/program files (x86)/atmel/studio/7.0/toolchain/avr8/avr8-gnu-toolchain/bin/../lib/gcc/avr/5.4.0/avr5\libgcc.a(_tablejump2.o)
 .text.libgcc.builtins
                0x00000000        0x0 c:/program files (x86)/atmel/studio/7.0/toolchain/avr8/avr8-gnu-toolchain/bin/../lib/gcc/avr/5.4.0/avr5\libgcc.a(_tablejump2.o)
 .text.libgcc.fmul
                0x00000000        0x0 c:/program files (x86)/atmel/studio/7.0/toolchain/avr8/avr8-gnu-toolchain/bin/../lib/gcc/avr/5.4.0/avr5\libgcc.a(_tablejump2.o)
 .text.libgcc.fixed
                0x00000000        0x0 c:/program files (x86)/atmel/studio/7.0/toolchain/avr8/avr8-gnu-toolchain/bin/../lib/gcc/avr/5.4.0/avr5\libgcc.a(_tablejump2.o)
 .text          0x00000000        0x0 c:/program files (x86)/atmel/studio/7.0/toolchain/avr8/avr8-gnu-toolchain/bin/../lib/gcc/avr/5.4.0/avr5\libgcc.a(_copy_data.o)
 .data          0x00000000        0x0 c:/program files (x86)/atmel/studio/7.0/toolchain/avr8/avr8-gnu-toolchain/bin/../lib/gcc/avr/5.4.0/avr5\libgcc.a(_copy_data.o)
 .bss           0x00000000        0x0 c:/program files (x86)/atmel/studio/7.0/toolchain/avr8/avr8-gnu-toolchain/bin/../lib/gcc/avr/5.4.0/avr5\libgcc.a(_copy_data.o)
 .text.libgcc.mul
                0x00000000        0x0 c:/program files (x86)/atmel/studio/7.0/toolchain/avr8/avr8-gnu-toolchain/bin/../lib/gcc/avr/5.4.0/avr5\libgcc.a(_copy_data.o)
 .text.libgcc.div
                0x00000000        0x0 c:/program files (x86)/atmel/studio/7.0/toolchain/avr8/avr8-gnu-toolchain/bin/../lib/gcc/avr/5.4.0/avr5\libgcc.a(_copy_data.o)
 .text.libgcc   0x00000000        0x0 c:/program files (x86)/atmel/studio/7.0/toolchain/avr8/avr8-gnu-toolchain/bin/../lib/gcc/avr/5.4.0/avr5\libgcc.a(_copy_data.o)
 .text.libgcc.prologue
                0x00000000        0x0 c:/program files (x86)/atmel/studio/7.0/toolchain/avr8/avr8-gnu-toolchain/bin/../lib/gcc/avr/5.4.0/avr5\libgcc.a(_copy_data.o)
 .text.libgcc.builtins
                0x00000000        0x0 c:/program files (x86)/atmel/studio/7.0/toolchain/avr8/avr8-gnu-toolchain/bin/../lib/gcc/avr/5.4.0/avr5\libgcc.a(_copy_data.o)
 .text.libgcc.fmul
                0x00000000        0x0 c:/program files (x86)/atmel/studio/7.0/toolchain/avr8/avr8-gnu-toolchain/bin/../lib/gcc/avr/5.4.0/avr5\libgcc.a(_copy_data.o)
 .text.libgcc.fixed
                0x00000000        0x0 c:/program files (x86)/atmel/studio/7.0/toolchain/avr8/avr8-gnu-toolchain/bin/../lib/gcc/avr/5.4.0/avr5\libgcc.a(_copy_data.o)
 .text          0x00000000        0x0 c:/program files (x86)/atmel/studio/7.0/toolchain/avr8/avr8-gnu-toolchain/bin/../lib/gcc/avr/5.4.0/avr5\libgcc.a(_clear_bss.o)
 .data          0x00000000        0x0 c:/program files (x86)/atmel/studio/7.0/toolchain/avr8/avr8-gnu-toolchain/bin/../lib/gcc/avr/5.4.0/avr5\libgcc.a(_clear_bss.o)
 .bss           0x00000000        0x0 c:/program files (x86)/atmel/studio/7.0/toolchain/avr8/avr8-gnu-toolchain/bin/../lib/gcc/avr/5.4.0/avr5\libgcc.a(_clear_bss.o)
 .text.libgcc.mul
                0x00000000        0x0 c:/program files (x86)/atmel/studio/7.0/toolchain/avr8/avr8-gnu-toolchain/bin/../lib/gcc/avr/5.4.0/avr5\libgcc.a(_clear_bss.o)
 .text.libgcc.div
                0x00000000        0x0 c:/program files (x86)/atmel/studio/7.0/toolchain/avr8/avr8-gnu-toolchain/bin/../lib/gcc/avr/5.4.0/avr5\libgcc.a(_clear_bss.o)
 .text.libgcc   0x00000000        0x0 c:/program files (x86)/atmel/studio/7.0/toolchain/avr8/avr8-gnu-toolchain/bin/../lib/gcc/avr/5.4.0/avr5\libgcc.a(_clear_bss.o)
 .text.libgcc.prologue
                0x00000000        0x0 c:/program files (x86)/atmel/studio/7.0/toolchain/avr8/avr8-gnu-toolchain/bin/../lib/gcc/avr/5.4.0/avr5\libgcc.a(_clear_bss.o)
 .text.libgcc.builtins
                0x00000000        0x0 c:/program files (x86)/atmel/studio/7.0/toolchain/avr8/avr8-gnu-toolchain/bin/../lib/gcc/avr/5.4.0/avr5\libgcc.a(_clear_bss.o)
 .text.libgcc.fmul
                0x00000000        0x0 c:/program files (x86)/atmel/studio/7.0/toolchain/avr8/avr8-gnu-toolchain/bin/../lib/gcc/avr/5.4.0/avr5\libgcc.a(_clear_bss.o)
 .text.libgcc.fixed
                0x00000000        0x0 c:/program files (x86)/atmel/studio/7.0/toolchain/avr8/avr8-gnu-toolchain/bin/../lib/gcc/avr/5.4.0/avr5\libgcc.a(_clear_bss.o)

Memory Configuration

Name             Origin             Length             Attributes
text             0x00000000         0x00008000         xr
data             0x00800060         0x00000800         rw !x
eeprom           0x00810000         0x00000400         rw !x
fuse             0x00820000         0x00000002         rw !x
lock             0x00830000         0x00000400         rw !x
signature        0x00840000         0x00000400         rw !x
user_signatures  0x00850000         0x00000400         rw !x
*default*        0x00000000         0xffffffff

Linker script and memory map

LOAD C:/Program Files (x86)/Atmel/Studio/7.0/Packs/atmel/ATmega_DFP/1.6.364/gcc/dev/atmega32a/avr5/crtatmega32a.o
LOAD App/Card/Card.o
LOAD Firmware/EEPROM/EEPROM.o
LOAD Infrastructure/utils.o
LOAD main.o
LOAD Mcal/DIO/DIO.o
LOAD Mcal/Global_Interrupts/Global_Interrupts.o
LOAD Mcal/I2C/I2C.o
LOAD Mcal/SPI/SPI.o
LOAD Mcal/Timer/TIMER_DRIVER.o
LOAD Mcal/UART/uart.o
START GROUP
LOAD c:/program files (x86)/atmel/studio/7.0/toolchain/avr8/avr8-gnu-toolchain/bin/../lib/gcc/avr/5.4.0/../../../../avr/lib/avr5\libm.a
END GROUP
START GROUP
LOAD c:/program files (x86)/atmel/studio/7.0/toolchain/avr8/avr8-gnu-toolchain/bin/../lib/gcc/avr/5.4.0/avr5\libgcc.a
LOAD c:/program files (x86)/atmel/studio/7.0/toolchain/avr8/avr8-gnu-toolchain/bin/../lib/gcc/avr/5.4.0/../../../../avr/lib/avr5\libm.a
LOAD c:/program files (x86)/atmel/studio/7.0/toolchain/avr8/avr8-gnu-toolchain/bin/../lib/gcc/avr/5.4.0/../../../../avr/lib/avr5\libc.a
LOAD C:/Program Files (x86)/Atmel/Studio/7.0/Packs/atmel/ATmega_DFP/1.6.364/gcc/dev/atmega32a/avr5\libatmega32a.a
END GROUP
                [0x00000000]                __TEXT_REGION_ORIGIN__ = DEFINED (__TEXT_REGION_ORIGIN__)?__TEXT_REGION_ORIGIN__:0x0
                [0x00800060]                __DATA_REGION_ORIGIN__ = DEFINED (__DATA_REGION_ORIGIN__)?__DATA_REGION_ORIGIN__:0x800060
                [0x00008000]                __TEXT_REGION_LENGTH__ = DEFINED (__TEXT_REGION_LENGTH__)?__TEXT_REGION_LENGTH__:0x20000
                [0x00000800]                __DATA_REGION_LENGTH__ = DEFINED (__DATA_REGION_LENGTH__)?__DATA_REGION_LENGTH__:0xffa0
                [0x00000400]                __EEPROM_REGION_LENGTH__ = DEFINED (__EEPROM_REGION_LENGTH__)?__EEPROM_REGION_LENGTH__:0x10000
                [0x00000002]                __FUSE_REGION_LENGTH__ = DEFINED (__FUSE_REGION_LENGTH__)?__FUSE_REGION_LENGTH__:0x400
                0x00000400                __LOCK_REGION_LENGTH__ = DEFINED (__LOCK_REGION_LENGTH__)?__LOCK_REGION_LENGTH__:0x400
                0x00000400                __SIGNATURE_REGION_LENGTH__ = DEFINED (__SIGNATURE_REGION_LENGTH__)?__SIGNATURE_REGION_LENGTH__:0x400
                0x00000400                __USER_SIGNATURE_REGION_LENGTH__ = DEFINED (__USER_SIGNATURE_REGION_LENGTH__)?__USER_SIGNATURE_REGION_LENGTH__:0x400

.hash
 *(.hash)

.dynsym
 *(.dynsym)

.dynstr
 *(.dynstr)

.gnu.version
 *(.gnu.version)

.gnu.version_d
 *(.gnu.version_d)

.gnu.version_r
 *(.gnu.version_r)

.rel.init
 *(.rel.init)

.rela.init
 *(.rela.init)

.rel.text
 *(.rel.text)
 *(.rel.text.*)
 *(.rel.gnu.linkonce.t*)

.rela.text
 *(.rela.text)
 *(.rela.text.*)
 *(.rela.gnu.linkonce.t*)

.rel.fini
 *(.rel.fini)

.rela.fini
 *(.rela.fini)

.rel.rodata
 *(.rel.rodata)
 *(.rel.rodata.*)
 *(.rel.gnu.linkonce.r*)

.rela.rodata
 *(.rela.rodata)
 *(.rela.rodata.*)
 *(.rela.gnu.linkonce.r*)

.rel.data
 *(.rel.data)
 *(.rel.data.*)
 *(.rel.gnu.linkonce.d*)

.rela.data
 *(.rela.data)
 *(.rela.data.*)
 *(.rela.gnu.linkonce.d*)

.rel.ctors
 *(.rel.ctors)

.rela.ctors
 *(.rela.ctors)

.rel.dtors
 *(.rel.dtors)

.rela.dtors
 *(.rela.dtors)

.rel.got
 *(.rel.got)

.rela.got
 *(.rela.got)

.rel.bss
 *(.rel.bss)

.rela.bss
 *(.rela.bss)

.rel.plt
 *(.rel.plt)

.rela.plt
 *(.rela.plt)

.text           0x00000000      0xb64
 *(.vectors)
 .vectors       0x00000000       0x54 C:/Program Files (x86)/Atmel/Studio/7.0/Packs/atmel/ATmega_DFP/1.6.364/gcc/dev/atmega32a/avr5/crtatmega32a.o
                0x00000000                __vector_default
                0x00000000                __vectors
 *(.vectors)
 *(.progmem.gcc*)
                0x00000054                . = ALIGN (0x2)
                0x00000054                __trampolines_start = .
 *(.trampolines)
 .trampolines   0x00000054        0x0 linker stubs
 *(.trampolines*)
                0x00000054                __trampolines_end = .
 *libprintf_flt.a:*(.progmem.data)
 *libc.a:*(.progmem.data)
 *(.progmem*)
                0x00000054                . = ALIGN (0x2)
 *(.jumptables)
 *(.jumptables*)
 *(.lowtext)
 *(.lowtext*)
                0x00000054                __ctors_start = .
 *(.ctors)
                0x00000054                __ctors_end = .
                0x00000054                __dtors_start = .
 *(.dtors)
                0x00000054                __dtors_end = .
 SORT(*)(.ctors)
 SORT(*)(.dtors)
 *(.init0)
 .init0         0x00000054        0x0 C:/Program Files (x86)/Atmel/Studio/7.0/Packs/atmel/ATmega_DFP/1.6.364/gcc/dev/atmega32a/avr5/crtatmega32a.o
                0x00000054                __init
 *(.init0)
 *(.init1)
 *(.init1)
 *(.init2)
 .init2         0x00000054        0xc C:/Program Files (x86)/Atmel/Studio/7.0/Packs/atmel/ATmega_DFP/1.6.364/gcc/dev/atmega32a/avr5/crtatmega32a.o
 *(.init2)
 *(.init3)
 *(.init3)
 *(.init4)
 .init4         0x00000060       0x16 c:/program files (x86)/atmel/studio/7.0/toolchain/avr8/avr8-gnu-toolchain/bin/../lib/gcc/avr/5.4.0/avr5\libgcc.a(_copy_data.o)
                0x00000060                __do_copy_data
 .init4         0x00000076       0x10 c:/program files (x86)/atmel/studio/7.0/toolchain/avr8/avr8-gnu-toolchain/bin/../lib/gcc/avr/5.4.0/avr5\libgcc.a(_clear_bss.o)
                0x00000076                __do_clear_bss
 *(.init4)
 *(.init5)
 *(.init5)
 *(.init6)
 *(.init6)
 *(.init7)
 *(.init7)
 *(.init8)
 *(.init8)
 *(.init9)
 .init9         0x00000086        0x8 C:/Program Files (x86)/Atmel/Studio/7.0/Packs/atmel/ATmega_DFP/1.6.364/gcc/dev/atmega32a/avr5/crtatmega32a.o
 *(.init9)
 *(.text)
 .text          0x0000008e        0x4 C:/Program Files (x86)/Atmel/Studio/7.0/Packs/atmel/ATmega_DFP/1.6.364/gcc/dev/atmega32a/avr5/crtatmega32a.o
                0x0000008e                __vector_1
                0x0000008e                __bad_interrupt
                0x0000008e                __vector_6
                0x0000008e                __vector_3
                0x0000008e                __vector_17
                0x0000008e                __vector_19
                0x0000008e                __vector_7
                0x0000008e                __vector_9
                0x0000008e                __vector_2
                0x0000008e                __vector_8
                0x0000008e                __vector_16
                0x0000008e                __vector_18
                0x0000008e                __vector_20
                0x00000092                . = ALIGN (0x2)
 *(.text.*)
 .text.CARD_Send
                0x00000092       0x26 App/Card/Card.o
                0x00000092                CARD_Send
 .text.CARD_GetData
                0x000000b8       0x2c App/Card/Card.o
                0x000000b8                CARD_GetData
 .text.CARD_SetData
                0x000000e4       0xf0 App/Card/Card.o
                0x000000e4                CARD_SetData
 .text.CARD_Init
                0x000001d4       0x4c App/Card/Card.o
                0x000001d4                CARD_Init
 .text.CARD_Receive
                0x00000220       0x7e App/Card/Card.o
                0x00000220                CARD_Receive
 .text.EEPROM_Init
                0x0000029e       0x1a Firmware/EEPROM/EEPROM.o
                0x0000029e                EEPROM_Init
 .text.EEPROM_Read
                0x000002b8       0x7a Firmware/EEPROM/EEPROM.o
                0x000002b8                EEPROM_Read
 .text.EEPROM_Write
                0x00000332       0x5c Firmware/EEPROM/EEPROM.o
                0x00000332                EEPROM_Write
 .text.EEPROM_ReadBytes
                0x0000038e       0x46 Firmware/EEPROM/EEPROM.o
                0x0000038e                EEPROM_ReadBytes
 .text.EEPROM_WriteBytes
                0x000003d4       0x4c Firmware/EEPROM/EEPROM.o
                0x000003d4                EEPROM_WriteBytes
 .text.dummy_delay
                0x00000420       0x54 Infrastructure/utils.o
                0x00000420                dummy_delay
 .text.StringCompare
                0x00000474       0x42 Infrastructure/utils.o
                0x00000474                StringCompare
 .text.StringLength
                0x000004b6       0x1a Infrastructure/utils.o
                0x000004b6                StringLength
 .text.main     0x000004d0        0x6 main.o
                0x000004d0                main
 .text.DIO_SetPinDirection
                0x000004d6       0xb0 Mcal/DIO/DIO.o
                0x000004d6                DIO_SetPinDirection
 .text.DIO_ReadPin
                0x00000586       0x68 Mcal/DIO/DIO.o
                0x00000586                DIO_ReadPin
 .text.GLOBALINTTERUPTS_Enable
                0x000005ee        0x8 Mcal/Global_Interrupts/Global_Interrupts.o
                0x000005ee                GLOBALINTTERUPTS_Enable
 .text.GLOBALINTTERUPTS_Disable
                0x000005f6        0x8 Mcal/Global_Interrupts/Global_Interrupts.o
                0x000005f6                GLOBALINTTERUPTS_Disable
 .text.I2C_Init
                0x000005fe       0x18 Mcal/I2C/I2C.o
                0x000005fe                I2C_Init
 .text.I2C_Start
                0x00000616       0x16 Mcal/I2C/I2C.o
                0x00000616                I2C_Start
 .text.I2C_RepeatedStart
                0x0000062c       0x1c Mcal/I2C/I2C.o
                0x0000062c                I2C_RepeatedStart
 .text.I2C_Write
                0x00000648       0x1a Mcal/I2C/I2C.o
                0x00000648                I2C_Write
 .text.I2C_ReadNoAck
                0x00000662       0x28 Mcal/I2C/I2C.o
                0x00000662                I2C_ReadNoAck
 .text.I2C_Stop
                0x0000068a       0x18 Mcal/I2C/I2C.o
                0x0000068a                I2C_Stop
 .text.SPI_Init
                0x000006a2       0x3e Mcal/SPI/SPI.o
                0x000006a2                SPI_Init
 .text.SPI_TransmitChar
                0x000006e0       0x40 Mcal/SPI/SPI.o
                0x000006e0                SPI_TransmitChar
 .text.SPI_ReceiveChar
                0x00000720       0x12 Mcal/SPI/SPI.o
                0x00000720                SPI_ReceiveChar
 .text.SPI_DataExchange
                0x00000732       0x2e Mcal/SPI/SPI.o
                0x00000732                SPI_DataExchange
 .text.SPI_TransmitString
                0x00000760       0x66 Mcal/SPI/SPI.o
                0x00000760                SPI_TransmitString
 .text.SPI_EnableInterrupt
                0x000007c6       0x10 Mcal/SPI/SPI.o
                0x000007c6                SPI_EnableInterrupt
 .text.SPI_Set_TX_CompleteCallback
                0x000007d6       0x12 Mcal/SPI/SPI.o
                0x000007d6                SPI_Set_TX_CompleteCallback
 .text.__vector_12
                0x000007e8       0x52 Mcal/SPI/SPI.o
                0x000007e8                __vector_12
 .text.__vector_11
                0x0000083a       0x52 Mcal/Timer/TIMER_DRIVER.o
                0x0000083a                __vector_11
 .text.__vector_10
                0x0000088c       0x52 Mcal/Timer/TIMER_DRIVER.o
                0x0000088c                __vector_10
 .text.__vector_5
                0x000008de       0x52 Mcal/Timer/TIMER_DRIVER.o
                0x000008de                __vector_5
 .text.__vector_4
                0x00000930       0x52 Mcal/Timer/TIMER_DRIVER.o
                0x00000930                __vector_4
 .text.UART_Init
                0x00000982       0x26 Mcal/UART/uart.o
                0x00000982                UART_Init
 .text.UART_TransmitString
                0x000009a8       0x24 Mcal/UART/uart.o
                0x000009a8                UART_TransmitString
 .text.UART_ReceiveString
                0x000009cc       0x46 Mcal/UART/uart.o
                0x000009cc                UART_ReceiveString
 .text.UART_EnableInterrupt
                0x00000a12       0x2a Mcal/UART/uart.o
                0x00000a12                UART_EnableInterrupt
 .text.UART_SetCallback
                0x00000a3c       0x30 Mcal/UART/uart.o
                0x00000a3c                UART_SetCallback
 .text.UART_GetData
                0x00000a6c        0xa Mcal/UART/uart.o
                0x00000a6c                UART_GetData
 .text.__vector_13
                0x00000a76       0x4e Mcal/UART/uart.o
                0x00000a76                __vector_13
 .text.__vector_14
                0x00000ac4       0x4e Mcal/UART/uart.o
                0x00000ac4                __vector_14
 .text.__vector_15
                0x00000b12       0x4e Mcal/UART/uart.o
                0x00000b12                __vector_15
                0x00000b60                . = ALIGN (0x2)
 *(.fini9)
 .fini9         0x00000b60        0x0 c:/program files (x86)/atmel/studio/7.0/toolchain/avr8/avr8-gnu-toolchain/bin/../lib/gcc/avr/5.4.0/avr5\libgcc.a(_exit.o)
                0x00000b60                _exit
                0x00000b60                exit
 *(.fini9)
 *(.fini8)
 *(.fini8)
 *(.fini7)
 *(.fini7)
 *(.fini6)
 *(.fini6)
 *(.fini5)
 *(.fini5)
 *(.fini4)
 *(.fini4)
 *(.fini3)
 *(.fini3)
 *(.fini2)
 *(.fini2)
 *(.fini1)
 *(.fini1)
 *(.fini0)
 .fini0         0x00000b60        0x4 c:/program files (x86)/atmel/studio/7.0/toolchain/avr8/avr8-gnu-toolchain/bin/../lib/gcc/avr/5.4.0/avr5\libgcc.a(_exit.o)
 *(.fini0)
                0x00000b64                _etext = .

.data           0x00800060       0xfa load address 0x00000b64
                0x00800060                PROVIDE (__data_start, .)
 *(.data)
 *(.data*)
 *(.gnu.linkonce.d*)
 *(.rodata)
 *(.rodata*)
 .rodata.str1.1
                0x00800060       0xfa App/Card/Card.o
 *(.gnu.linkonce.r*)
                0x0080015a                . = ALIGN (0x2)
                0x0080015a                _edata = .
                0x0080015a                PROVIDE (__data_end, .)

.bss            0x0080015a      0x133
                0x0080015a                PROVIDE (__bss_start, .)
 *(.bss)
 *(.bss*)
 .bss.gu8_Counter
                0x0080015a        0x1 App/Card/Card.o
 .bss.gu8_RxBuffer
                0x0080015b       0xff App/Card/Card.o
 .bss.SPI_TX_Complete_callback
                0x0080025a        0x2 Mcal/SPI/SPI.o
 .bss.TIM2_OCAction_callback
                0x0080025c        0x2 Mcal/Timer/TIMER_DRIVER.o
 .bss.TIM2_OVFAction_callback
                0x0080025e        0x2 Mcal/Timer/TIMER_DRIVER.o
 .bss.TIM0_OCAction_callback
                0x00800260        0x2 Mcal/Timer/TIMER_DRIVER.o
 .bss.TIM0_OVFAction_callback
                0x00800262        0x2 Mcal/Timer/TIMER_DRIVER.o
 *(COMMON)
 COMMON         0x00800264       0x23 App/Card/Card.o
                0x00800264                gu8_TerminalData
                0x0080026e                gSTR_CardData
 COMMON         0x00800287        0x6 Mcal/UART/uart.o
                0x00800287                Gptr_uartRxInt
                0x00800289                Gptr_uartTxInt
                0x0080028b                Gptr_uartDataEmptyRegInt
                0x0080028d                PROVIDE (__bss_end, .)
                0x00000b64                __data_load_start = LOADADDR (.data)
                0x00000c5e                __data_load_end = (__data_load_start + SIZEOF (.data))

.noinit         0x0080028d        0x0
                [!provide]                PROVIDE (__noinit_start, .)
 *(.noinit*)
                [!provide]                PROVIDE (__noinit_end, .)
                0x0080028d                _end = .
                [!provide]                PROVIDE (__heap_start, .)

.eeprom         0x00810000        0x0
 *(.eeprom*)
                0x00810000                __eeprom_end = .

.fuse
 *(.fuse)
 *(.lfuse)
 *(.hfuse)
 *(.efuse)

.lock
 *(.lock*)

.signature
 *(.signature*)

.user_signatures
 *(.user_signatures*)

.stab
 *(.stab)

.stabstr
 *(.stabstr)

.stab.excl
 *(.stab.excl)

.stab.exclstr
 *(.stab.exclstr)

.stab.index
 *(.stab.index)

.stab.indexstr
 *(.stab.indexstr)

.comment        0x00000000       0x30
 *(.comment)
 .comment       0x00000000       0x30 App/Card/Card.o
                                 0x31 (size before relaxing)
 .comment       0x00000030       0x31 Firmware/EEPROM/EEPROM.o
 .comment       0x00000030       0x31 Infrastructure/utils.o
 .comment       0x00000030       0x31 main.o
 .comment       0x00000030       0x31 Mcal/DIO/DIO.o
 .comment       0x00000030       0x31 Mcal/Global_Interrupts/Global_Interrupts.o
 .comment       0x00000030       0x31 Mcal/I2C/I2C.o
 .comment       0x00000030       0x31 Mcal/SPI/SPI.o
 .comment       0x00000030       0x31 Mcal/Timer/TIMER_DRIVER.o
 .comment       0x00000030       0x31 Mcal/UART/uart.o

.note.gnu.avr.deviceinfo
                0x00000000       0x3c
 .note.gnu.avr.deviceinfo
                0x00000000       0x3c C:/Program Files (x86)/Atmel/Studio/7.0/Packs/atmel/ATmega_DFP/1.6.364/gcc/dev/atmega32a/avr5/crtatmega32a.o

.note.gnu.build-id
 *(.note.gnu.build-id)

.debug
 *(.debug)

.line
 *(.line)

.debug_srcinfo
 *(.debug_srcinfo)

.debug_sfnames
 *(.debug_sfnames)

.debug_aranges  0x00000000      0x340
 *(.debug_aranges)
 .debug_aranges
                0x00000000       0x40 App/Card/Card.o
 .debug_aranges
                0x00000040       0x40 Firmware/EEPROM/EEPROM.o
 .debug_aranges
                0x00000080       0x30 Infrastructure/utils.o
 .debug_aranges
                0x000000b0       0x20 main.o
 .debug_aranges
                0x000000d0       0x40 Mcal/DIO/DIO.o
 .debug_aranges
                0x00000110       0x28 Mcal/Global_Interrupts/Global_Interrupts.o
 .debug_aranges
                0x00000138       0x78 Mcal/I2C/I2C.o
 .debug_aranges
                0x000001b0       0x68 Mcal/SPI/SPI.o
 .debug_aranges
                0x00000218       0xb0 Mcal/Timer/TIMER_DRIVER.o
 .debug_aranges
                0x000002c8       0x78 Mcal/UART/uart.o

.debug_pubnames
 *(.debug_pubnames)

.debug_info     0x00000000     0x2e81
 *(.debug_info .gnu.linkonce.wi.*)
 .debug_info    0x00000000      0x4e6 C:/Program Files (x86)/Atmel/Studio/7.0/Packs/atmel/ATmega_DFP/1.6.364/gcc/dev/atmega32a/avr5/crtatmega32a.o
 .debug_info    0x000004e6      0x81c App/Card/Card.o
 .debug_info    0x00000d02      0x44c Firmware/EEPROM/EEPROM.o
 .debug_info    0x0000114e      0x17c Infrastructure/utils.o
 .debug_info    0x000012ca       0x9f main.o
 .debug_info    0x00001369      0x217 Mcal/DIO/DIO.o
 .debug_info    0x00001580       0x99 Mcal/Global_Interrupts/Global_Interrupts.o
 .debug_info    0x00001619      0x457 Mcal/I2C/I2C.o
 .debug_info    0x00001a70      0x556 Mcal/SPI/SPI.o
 .debug_info    0x00001fc6      0xb68 Mcal/Timer/TIMER_DRIVER.o
 .debug_info    0x00002b2e      0x353 Mcal/UART/uart.o

.debug_abbrev   0x00000000      0xdcf
 *(.debug_abbrev)
 .debug_abbrev  0x00000000      0x4a3 C:/Program Files (x86)/Atmel/Studio/7.0/Packs/atmel/ATmega_DFP/1.6.364/gcc/dev/atmega32a/avr5/crtatmega32a.o
 .debug_abbrev  0x000004a3      0x10c App/Card/Card.o
 .debug_abbrev  0x000005af       0xf8 Firmware/EEPROM/EEPROM.o
 .debug_abbrev  0x000006a7       0xde Infrastructure/utils.o
 .debug_abbrev  0x00000785       0x68 main.o
 .debug_abbrev  0x000007ed       0xb0 Mcal/DIO/DIO.o
 .debug_abbrev  0x0000089d       0x51 Mcal/Global_Interrupts/Global_Interrupts.o
 .debug_abbrev  0x000008ee      0x12c Mcal/I2C/I2C.o
 .debug_abbrev  0x00000a1a      0x152 Mcal/SPI/SPI.o
 .debug_abbrev  0x00000b6c      0x1a8 Mcal/Timer/TIMER_DRIVER.o
 .debug_abbrev  0x00000d14       0xbb Mcal/UART/uart.o

.debug_line     0x00000000     0x1d80
 *(.debug_line .debug_line.* .debug_line_end)
 .debug_line    0x00000000      0x116 C:/Program Files (x86)/Atmel/Studio/7.0/Packs/atmel/ATmega_DFP/1.6.364/gcc/dev/atmega32a/avr5/crtatmega32a.o
 .debug_line    0x00000116      0x2dd App/Card/Card.o
 .debug_line    0x000003f3      0x2d1 Firmware/EEPROM/EEPROM.o
 .debug_line    0x000006c4      0x14f Infrastructure/utils.o
 .debug_line    0x00000813       0x57 main.o
 .debug_line    0x0000086a      0x1cf Mcal/DIO/DIO.o
 .debug_line    0x00000a39       0xb5 Mcal/Global_Interrupts/Global_Interrupts.o
 .debug_line    0x00000aee      0x332 Mcal/I2C/I2C.o
 .debug_line    0x00000e20      0x2a0 Mcal/SPI/SPI.o
 .debug_line    0x000010c0      0x9d4 Mcal/Timer/TIMER_DRIVER.o
 .debug_line    0x00001a94      0x2ec Mcal/UART/uart.o

.debug_frame    0x00000000      0x8f4
 *(.debug_frame)
 .debug_frame   0x00000000       0x64 App/Card/Card.o
 .debug_frame   0x00000064       0xc0 Firmware/EEPROM/EEPROM.o
 .debug_frame   0x00000124       0x54 Infrastructure/utils.o
 .debug_frame   0x00000178       0x24 main.o
 .debug_frame   0x0000019c       0x64 Mcal/DIO/DIO.o
 .debug_frame   0x00000200       0x34 Mcal/Global_Interrupts/Global_Interrupts.o
 .debug_frame   0x00000234       0xe4 Mcal/I2C/I2C.o
 .debug_frame   0x00000318      0x168 Mcal/SPI/SPI.o
 .debug_frame   0x00000480      0x2c8 Mcal/Timer/TIMER_DRIVER.o
 .debug_frame   0x00000748      0x1ac Mcal/UART/uart.o

.debug_str      0x00000000      0xd87
 *(.debug_str)
 .debug_str     0x00000000      0x196 C:/Program Files (x86)/Atmel/Studio/7.0/Packs/atmel/ATmega_DFP/1.6.364/gcc/dev/atmega32a/avr5/crtatmega32a.o
 .debug_str     0x00000196      0x3e7 App/Card/Card.o
                                0x408 (size before relaxing)
 .debug_str     0x0000057d       0xec Firmware/EEPROM/EEPROM.o
                                0x28e (size before relaxing)
 .debug_str     0x00000669       0x4a Infrastructure/utils.o
                                0x1d0 (size before relaxing)
 .debug_str     0x000006b3       0x11 main.o
                                0x17b (size before relaxing)
 .debug_str     0x000006c4       0xc8 Mcal/DIO/DIO.o
                                0x246 (size before relaxing)
 .debug_str     0x0000078c       0x2e Mcal/Global_Interrupts/Global_Interrupts.o
                                0x1be (size before relaxing)
 .debug_str     0x000007ba       0xf8 Mcal/I2C/I2C.o
                                0x2d4 (size before relaxing)
 .debug_str     0x000008b2      0x12b Mcal/SPI/SPI.o
                                0x354 (size before relaxing)
 .debug_str     0x000009dd      0x2de Mcal/Timer/TIMER_DRIVER.o
                                0x49d (size before relaxing)
 .debug_str     0x00000cbb       0xcc Mcal/UART/uart.o
                                0x2d8 (size before relaxing)

.debug_loc      0x00000000     0x2dad
 *(.debug_loc)
 .debug_loc     0x00000000      0x67f Firmware/EEPROM/EEPROM.o
 .debug_loc     0x0000067f      0x158 Infrastructure/utils.o
 .debug_loc     0x000007d7      0x2f4 Mcal/DIO/DIO.o
 .debug_loc     0x00000acb      0x49b Mcal/I2C/I2C.o
 .debug_loc     0x00000f66      0x6af Mcal/SPI/SPI.o
 .debug_loc     0x00001615     0x1333 Mcal/Timer/TIMER_DRIVER.o
 .debug_loc     0x00002948      0x465 Mcal/UART/uart.o

.debug_macinfo
 *(.debug_macinfo)

.debug_weaknames
 *(.debug_weaknames)

.debug_funcnames
 *(.debug_funcnames)

.debug_typenames
 *(.debug_typenames)

.debug_varnames
 *(.debug_varnames)

.debug_pubtypes
 *(.debug_pubtypes)

.debug_ranges   0x00000000      0x2e8
 *(.debug_ranges)
 .debug_ranges  0x00000000       0x30 App/Card/Card.o
 .debug_ranges  0x00000030       0x78 Firmware/EEPROM/EEPROM.o
 .debug_ranges  0x000000a8       0x20 Infrastructure/utils.o
 .debug_ranges  0x000000c8       0x10 main.o
 .debug_ranges  0x000000d8       0x30 Mcal/DIO/DIO.o
 .debug_ranges  0x00000108       0x18 Mcal/Global_Interrupts/Global_Interrupts.o
 .debug_ranges  0x00000120       0x68 Mcal/I2C/I2C.o
 .debug_ranges  0x00000188       0x58 Mcal/SPI/SPI.o
 .debug_ranges  0x000001e0       0xa0 Mcal/Timer/TIMER_DRIVER.o
 .debug_ranges  0x00000280       0x68 Mcal/UART/uart.o

.debug_macro
 *(.debug_macro)
OUTPUT(Card_ECU.elf elf32-avr)
LOAD linker stubs
