Archive member included because of file (symbol)

c:/program files (x86)/atmel/atmel studio 6.0/extensions/atmel/avrgcc/3.4.0.65/avrtoolchain/bin/../lib/gcc/avr/4.6.2/avr5\libgcc.a(_exit.o)
                              c:/program files (x86)/atmel/atmel studio 6.0/extensions/atmel/avrgcc/3.4.0.65/avrtoolchain/bin/../lib/gcc/avr/4.6.2/../../../../avr/lib/avr5/crtm32.o (exit)
c:/program files (x86)/atmel/atmel studio 6.0/extensions/atmel/avrgcc/3.4.0.65/avrtoolchain/bin/../lib/gcc/avr/4.6.2/avr5\libgcc.a(_copy_data.o)
                              Firmware/BCM/src/BCM.o (__do_copy_data)
c:/program files (x86)/atmel/atmel studio 6.0/extensions/atmel/avrgcc/3.4.0.65/avrtoolchain/bin/../lib/gcc/avr/4.6.2/avr5\libgcc.a(_clear_bss.o)
                              Firmware/BCM/src/BCM.o (__do_clear_bss)

Allocating common symbols
Common symbol       size              file

gau8_DataBuffer2    0xa               main.o
gau8_DataBuffer1    0x1e              main.o

Memory Configuration

Name             Origin             Length             Attributes
text             0x00000000         0x00020000         xr
data             0x00800060         0x0000ffa0         rw !x
eeprom           0x00810000         0x00010000         rw !x
fuse             0x00820000         0x00000400         rw !x
lock             0x00830000         0x00000400         rw !x
signature        0x00840000         0x00000400         rw !x
*default*        0x00000000         0xffffffff

Linker script and memory map

LOAD c:/program files (x86)/atmel/atmel studio 6.0/extensions/atmel/avrgcc/3.4.0.65/avrtoolchain/bin/../lib/gcc/avr/4.6.2/../../../../avr/lib/avr5/crtm32.o
LOAD Firmware/BCM/src/BCM.o
LOAD Firmware/BCM/src/BCM_Interface.o
LOAD Firmware/COMMProxy/src/COMMProxy.o
LOAD Infrastructure/InterruptDesignPattern/src/Interrupt_Design_Pattern.o
LOAD Mcal/Atmega32/DIO/src/DIO.o
LOAD Mcal/Atmega32/I2C/src/I2C.o
LOAD Mcal/Atmega32/Interrupts/src/Interrupts.o
LOAD Mcal/Atmega32/SPI/src/SPI.o
LOAD Mcal/Atmega32/UART/src/UART.o
LOAD Firmware/BCM/src/BCM_Lcfg.o
LOAD main.o
LOAD Mcal/Atmega32/I2C/src/I2C_Config.o
LOAD Mcal/Atmega32/Interrupts/src/Interrupts_Lcfg.o
LOAD Mcal/Atmega32/SPI/src/SPI_Config.o
LOAD Mcal/Atmega32/UART/src/UART_Config.o
START GROUP
LOAD c:/program files (x86)/atmel/atmel studio 6.0/extensions/atmel/avrgcc/3.4.0.65/avrtoolchain/bin/../lib/gcc/avr/4.6.2/../../../../avr/lib/avr5\libm.a
END GROUP
LOAD c:/program files (x86)/atmel/atmel studio 6.0/extensions/atmel/avrgcc/3.4.0.65/avrtoolchain/bin/../lib/gcc/avr/4.6.2/avr5\libgcc.a
LOAD c:/program files (x86)/atmel/atmel studio 6.0/extensions/atmel/avrgcc/3.4.0.65/avrtoolchain/bin/../lib/gcc/avr/4.6.2/../../../../avr/lib/avr5\libc.a
LOAD c:/program files (x86)/atmel/atmel studio 6.0/extensions/atmel/avrgcc/3.4.0.65/avrtoolchain/bin/../lib/gcc/avr/4.6.2/avr5\libgcc.a

.hash
 *(.hash)

.dynsym
 *(.dynsym)

.dynstr
 *(.dynstr)

.gnu.version
 *(.gnu.version)

.gnu.version_d
 *(.gnu.version_d)

.gnu.version_r
 *(.gnu.version_r)

.rel.init
 *(.rel.init)

.rela.init
 *(.rela.init)

.rel.text
 *(.rel.text)
 *(.rel.text.*)
 *(.rel.gnu.linkonce.t*)

.rela.text
 *(.rela.text)
 *(.rela.text.*)
 *(.rela.gnu.linkonce.t*)

.rel.fini
 *(.rel.fini)

.rela.fini
 *(.rela.fini)

.rel.rodata
 *(.rel.rodata)
 *(.rel.rodata.*)
 *(.rel.gnu.linkonce.r*)

.rela.rodata
 *(.rela.rodata)
 *(.rela.rodata.*)
 *(.rela.gnu.linkonce.r*)

.rel.data
 *(.rel.data)
 *(.rel.data.*)
 *(.rel.gnu.linkonce.d*)

.rela.data
 *(.rela.data)
 *(.rela.data.*)
 *(.rela.gnu.linkonce.d*)

.rel.ctors
 *(.rel.ctors)

.rela.ctors
 *(.rela.ctors)

.rel.dtors
 *(.rel.dtors)

.rela.dtors
 *(.rela.dtors)

.rel.got
 *(.rel.got)

.rela.got
 *(.rela.got)

.rel.bss
 *(.rel.bss)

.rela.bss
 *(.rela.bss)

.rel.plt
 *(.rel.plt)

.rela.plt
 *(.rela.plt)

.text           0x00000000     0x1b32
 *(.vectors)
 .vectors       0x00000000       0x54 c:/program files (x86)/atmel/atmel studio 6.0/extensions/atmel/avrgcc/3.4.0.65/avrtoolchain/bin/../lib/gcc/avr/4.6.2/../../../../avr/lib/avr5/crtm32.o
                0x00000000                __vector_default
                0x00000000                __vectors
 *(.vectors)
 *(.progmem.gcc*)
 *(.progmem*)
                0x00000054                . = ALIGN (0x2)
                0x00000054                __trampolines_start = .
 *(.trampolines)
 .trampolines   0x00000054        0x0 linker stubs
 *(.trampolines*)
                0x00000054                __trampolines_end = .
 *(.jumptables)
 *(.jumptables*)
 *(.lowtext)
 *(.lowtext*)
                0x00000054                __ctors_start = .
 *(.ctors)
                0x00000054                __ctors_end = .
                0x00000054                __dtors_start = .
 *(.dtors)
                0x00000054                __dtors_end = .
 SORT(*)(.ctors)
 SORT(*)(.dtors)
 *(.init0)
 .init0         0x00000054        0x0 c:/program files (x86)/atmel/atmel studio 6.0/extensions/atmel/avrgcc/3.4.0.65/avrtoolchain/bin/../lib/gcc/avr/4.6.2/../../../../avr/lib/avr5/crtm32.o
                0x00000054                __init
 *(.init0)
 *(.init1)
 *(.init1)
 *(.init2)
 .init2         0x00000054        0xc c:/program files (x86)/atmel/atmel studio 6.0/extensions/atmel/avrgcc/3.4.0.65/avrtoolchain/bin/../lib/gcc/avr/4.6.2/../../../../avr/lib/avr5/crtm32.o
 *(.init2)
 *(.init3)
 *(.init3)
 *(.init4)
 .init4         0x00000060       0x16 c:/program files (x86)/atmel/atmel studio 6.0/extensions/atmel/avrgcc/3.4.0.65/avrtoolchain/bin/../lib/gcc/avr/4.6.2/avr5\libgcc.a(_copy_data.o)
                0x00000060                __do_copy_data
 .init4         0x00000076       0x10 c:/program files (x86)/atmel/atmel studio 6.0/extensions/atmel/avrgcc/3.4.0.65/avrtoolchain/bin/../lib/gcc/avr/4.6.2/avr5\libgcc.a(_clear_bss.o)
                0x00000076                __do_clear_bss
 *(.init4)
 *(.init5)
 *(.init5)
 *(.init6)
 *(.init6)
 *(.init7)
 *(.init7)
 *(.init8)
 *(.init8)
 *(.init9)
 .init9         0x00000086        0x8 c:/program files (x86)/atmel/atmel studio 6.0/extensions/atmel/avrgcc/3.4.0.65/avrtoolchain/bin/../lib/gcc/avr/4.6.2/../../../../avr/lib/avr5/crtm32.o
 *(.init9)
 *(.text)
 .text          0x0000008e        0x4 c:/program files (x86)/atmel/atmel studio 6.0/extensions/atmel/avrgcc/3.4.0.65/avrtoolchain/bin/../lib/gcc/avr/4.6.2/../../../../avr/lib/avr5/crtm32.o
                0x0000008e                __bad_interrupt
 .text          0x00000092      0x700 Firmware/BCM/src/BCM.o
                0x000004e8                BCM_TxMainFunction
                0x000006a2                BCM_RxMainFunction
 .text          0x00000792      0x1d6 Firmware/BCM/src/BCM_Interface.o
                0x00000792                BCM_Send
                0x0000086c                BCM_Receive
                0x000008fc                BCM_Get
                0x00000934                BCM_SetState
 .text          0x00000968      0x268 Firmware/COMMProxy/src/COMMProxy.o
                0x00000a70                COMMProxy_Init
                0x00000b20                COMMProxy_Send
                0x00000b84                COMMProxy_SetTxCallback
                0x00000baa                COMMProxy_SetRxCallback
 .text          0x00000bd0       0x68 Infrastructure/InterruptDesignPattern/src/Interrupt_Design_Pattern.o
                0x00000bd0                Interrupt_Install
                0x00000c12                Interrupt_Deinstall
 .text          0x00000c38      0x1f8 Mcal/Atmega32/DIO/src/DIO.o
                0x00000c38                DIO_SetPinDirection
                0x00000cb2                DIO_EnablePinPullup
                0x00000d02                DIO_WritePin
                0x00000d7c                DIO_ReadPin
                0x00000de0                DIO_TogglePin
 .text          0x00000e30      0x154 Mcal/Atmega32/I2C/src/I2C.o
                0x00000e30                I2C_Init
                0x00000e4e                I2C_SetSlaveAddress
                0x00000e5a                I2C_Start
                0x00000e6e                I2C_RepeatedStart
                0x00000e80                I2C_Write
                0x00000e96                I2C_ReadAck
                0x00000eb8                I2C_ReadNoAck
                0x00000ee0                I2C_Stop
                0x00000efa                I2C_Status
                0x00000f18                I2C_EnableInterrupt
                0x00000f2a                I2C_DisableInterrupt
                0x00000f3c                I2C_SetCallback
                0x00000f72                I2C_ClearIntFlag
 .text          0x00000f84      0x678 Mcal/Atmega32/Interrupts/src/Interrupts.o
                0x00000f84                INTERRUPTS_Enable
                0x00000f8c                INTERRUPTS_Disable
                0x00000f94                __vector_1
                0x00000fe6                __vector_2
                0x00001038                __vector_3
                0x0000108a                __vector_4
                0x000010dc                __vector_5
                0x0000112e                __vector_6
                0x00001180                __vector_7
                0x000011d2                __vector_8
                0x00001224                __vector_9
                0x00001276                __vector_10
                0x000012c8                __vector_11
                0x0000131a                __vector_12
                0x0000136c                __vector_13
                0x000013be                __vector_14
                0x00001410                __vector_15
                0x00001462                __vector_16
                0x000014b4                __vector_17
                0x00001506                __vector_18
                0x00001558                __vector_19
                0x000015aa                __vector_20
 .text          0x000015fc      0x2ee Mcal/Atmega32/SPI/src/SPI.o
                0x000015fc                SPI_Init
                0x00001676                SPI_TransmitChar
                0x000016d6                SPI_ReceiveChar
                0x00001746                SPI_TransmitString
                0x000017ce                SPI_ReceiveString
                0x00001874                SPI_EnableInterrupt
                0x00001880                SPI_DisableInterrupt
                0x0000188c                SPI_SetCallback
                0x000018c2                SPI_SetData
                0x000018ce                SPI_GetData
 .text          0x000018ea      0x1e6 Mcal/Atmega32/UART/src/UART.o
                0x000018ea                UART_Init
                0x00001932                UART_TransmitChar
                0x00001944                UART_ReceiveChar
                0x00001964                UART_TransmitString
                0x0000199a                UART_ReceiveString
                0x000019ee                UART_EnableInterrupt
                0x00001a0c                UART_DisableInterrupt
                0x00001a2c                UART_SetCallback
                0x00001a8e                UART_FlushReceiveBuffer
                0x00001aa8                UART_SetData
                0x00001ab4                UART_GetData
 .text          0x00001ad0        0x0 Firmware/BCM/src/BCM_Lcfg.o
 .text          0x00001ad0       0x5e main.o
                0x00001ad0                UART_TXCallback
                0x00001ad2                SPI_TXCallback
                0x00001ad4                I2C_RXCallback
                0x00001ae8                UART_RXCallback
                0x00001afc                main
 .text          0x00001b2e        0x0 Mcal/Atmega32/I2C/src/I2C_Config.o
 .text          0x00001b2e        0x0 Mcal/Atmega32/Interrupts/src/Interrupts_Lcfg.o
 .text          0x00001b2e        0x0 Mcal/Atmega32/SPI/src/SPI_Config.o
 .text          0x00001b2e        0x0 Mcal/Atmega32/UART/src/UART_Config.o
 .text          0x00001b2e        0x0 c:/program files (x86)/atmel/atmel studio 6.0/extensions/atmel/avrgcc/3.4.0.65/avrtoolchain/bin/../lib/gcc/avr/4.6.2/avr5\libgcc.a(_exit.o)
 .text          0x00001b2e        0x0 c:/program files (x86)/atmel/atmel studio 6.0/extensions/atmel/avrgcc/3.4.0.65/avrtoolchain/bin/../lib/gcc/avr/4.6.2/avr5\libgcc.a(_copy_data.o)
 .text          0x00001b2e        0x0 c:/program files (x86)/atmel/atmel studio 6.0/extensions/atmel/avrgcc/3.4.0.65/avrtoolchain/bin/../lib/gcc/avr/4.6.2/avr5\libgcc.a(_clear_bss.o)
                0x00001b2e                . = ALIGN (0x2)
 *(.text.*)
 .text.libgcc   0x00001b2e        0x0 c:/program files (x86)/atmel/atmel studio 6.0/extensions/atmel/avrgcc/3.4.0.65/avrtoolchain/bin/../lib/gcc/avr/4.6.2/avr5\libgcc.a(_exit.o)
 .text.libgcc   0x00001b2e        0x0 c:/program files (x86)/atmel/atmel studio 6.0/extensions/atmel/avrgcc/3.4.0.65/avrtoolchain/bin/../lib/gcc/avr/4.6.2/avr5\libgcc.a(_copy_data.o)
 .text.libgcc   0x00001b2e        0x0 c:/program files (x86)/atmel/atmel studio 6.0/extensions/atmel/avrgcc/3.4.0.65/avrtoolchain/bin/../lib/gcc/avr/4.6.2/avr5\libgcc.a(_clear_bss.o)
                0x00001b2e                . = ALIGN (0x2)
 *(.fini9)
 .fini9         0x00001b2e        0x0 c:/program files (x86)/atmel/atmel studio 6.0/extensions/atmel/avrgcc/3.4.0.65/avrtoolchain/bin/../lib/gcc/avr/4.6.2/avr5\libgcc.a(_exit.o)
                0x00001b2e                _exit
                0x00001b2e                exit
 *(.fini9)
 *(.fini8)
 *(.fini8)
 *(.fini7)
 *(.fini7)
 *(.fini6)
 *(.fini6)
 *(.fini5)
 *(.fini5)
 *(.fini4)
 *(.fini4)
 *(.fini3)
 *(.fini3)
 *(.fini2)
 *(.fini2)
 *(.fini1)
 *(.fini1)
 *(.fini0)
 .fini0         0x00001b2e        0x4 c:/program files (x86)/atmel/atmel studio 6.0/extensions/atmel/avrgcc/3.4.0.65/avrtoolchain/bin/../lib/gcc/avr/4.6.2/avr5\libgcc.a(_exit.o)
 *(.fini0)
                0x00001b32                _etext = .

.data           0x00800060       0x56 load address 0x00001b32
                0x00800060                PROVIDE (__data_start, .)
 *(.data)
 .data          0x00800060        0x0 c:/program files (x86)/atmel/atmel studio 6.0/extensions/atmel/avrgcc/3.4.0.65/avrtoolchain/bin/../lib/gcc/avr/4.6.2/../../../../avr/lib/avr5/crtm32.o
 .data          0x00800060       0x18 Firmware/BCM/src/BCM.o
 .data          0x00800078       0x27 Firmware/BCM/src/BCM_Interface.o
 .data          0x0080009f        0x0 Firmware/COMMProxy/src/COMMProxy.o
 .data          0x0080009f        0x0 Infrastructure/InterruptDesignPattern/src/Interrupt_Design_Pattern.o
 .data          0x0080009f        0x0 Mcal/Atmega32/DIO/src/DIO.o
 .data          0x0080009f        0x0 Mcal/Atmega32/I2C/src/I2C.o
 .data          0x0080009f        0x0 Mcal/Atmega32/Interrupts/src/Interrupts.o
 .data          0x0080009f        0x0 Mcal/Atmega32/SPI/src/SPI.o
 .data          0x0080009f        0x0 Mcal/Atmega32/UART/src/UART.o
 .data          0x0080009f        0x4 Firmware/BCM/src/BCM_Lcfg.o
                0x0080009f                u8_BCM_ID
                0x008000a0                au8_BCM_UsedCH
 .data          0x008000a3        0x0 main.o
 .data          0x008000a3        0x4 Mcal/Atmega32/I2C/src/I2C_Config.o
                0x008000a3                I2C_CH_0_SLAVE_ADDR
                0x008000a4                I2C_CH_0_BIT_RATE
                0x008000a5                I2C_CH_0_CONTROL_MASK
                0x008000a6                I2C_CH_0_PRESCALER
 .data          0x008000a7        0x0 Mcal/Atmega32/Interrupts/src/Interrupts_Lcfg.o
 .data          0x008000a7        0xa Mcal/Atmega32/SPI/src/SPI_Config.o
                0x008000a7                SPI_CH_0_SS_CH_0_PIN
                0x008000a8                SPI_CH_0_SS_CH_0_PORT
                0x008000a9                SPI_CH_0_SCK_PIN
                0x008000aa                SPI_CH_0_SCK_PORT
                0x008000ab                SPI_CH_0_MISO_PIN
                0x008000ac                SPI_CH_0_MISO_PORT
                0x008000ad                SPI_CH_0_MOSI_PIN
                0x008000ae                SPI_CH_0_MOSI_PORT
                0x008000af                SPI_CH_0_DOUBLE_SPEED
                0x008000b0                SPI_CH_0_CONTROL_MASK
 .data          0x008000b1        0x4 Mcal/Atmega32/UART/src/UART_Config.o
                0x008000b1                UART_CH_0_BaudRate
                0x008000b3                UART_CH_0_CONTROL_2
                0x008000b4                UART_CH_0_CONTROL
 .data          0x008000b5        0x0 c:/program files (x86)/atmel/atmel studio 6.0/extensions/atmel/avrgcc/3.4.0.65/avrtoolchain/bin/../lib/gcc/avr/4.6.2/avr5\libgcc.a(_exit.o)
 .data          0x008000b5        0x0 c:/program files (x86)/atmel/atmel studio 6.0/extensions/atmel/avrgcc/3.4.0.65/avrtoolchain/bin/../lib/gcc/avr/4.6.2/avr5\libgcc.a(_copy_data.o)
 .data          0x008000b5        0x0 c:/program files (x86)/atmel/atmel studio 6.0/extensions/atmel/avrgcc/3.4.0.65/avrtoolchain/bin/../lib/gcc/avr/4.6.2/avr5\libgcc.a(_clear_bss.o)
 *(.data*)
 *(.rodata)
 *(.rodata*)
 *(.gnu.linkonce.d*)
                0x008000b6                . = ALIGN (0x2)
 *fill*         0x008000b5        0x1 00
                0x008000b6                _edata = .
                0x008000b6                PROVIDE (__data_end, .)

.bss            0x008000b6       0xb8
                0x008000b6                PROVIDE (__bss_start, .)
 *(.bss)
 .bss           0x008000b6        0x0 c:/program files (x86)/atmel/atmel studio 6.0/extensions/atmel/avrgcc/3.4.0.65/avrtoolchain/bin/../lib/gcc/avr/4.6.2/../../../../avr/lib/avr5/crtm32.o
 .bss           0x008000b6       0x25 Firmware/BCM/src/BCM.o
 .bss           0x008000db        0x0 Firmware/BCM/src/BCM_Interface.o
 .bss           0x008000db       0x13 Firmware/COMMProxy/src/COMMProxy.o
 .bss           0x008000ee       0x28 Infrastructure/InterruptDesignPattern/src/Interrupt_Design_Pattern.o
 .bss           0x00800116        0x0 Mcal/Atmega32/DIO/src/DIO.o
 .bss           0x00800116        0x2 Mcal/Atmega32/I2C/src/I2C.o
 .bss           0x00800118        0x0 Mcal/Atmega32/Interrupts/src/Interrupts.o
 .bss           0x00800118        0x2 Mcal/Atmega32/SPI/src/SPI.o
 .bss           0x0080011a        0x4 Mcal/Atmega32/UART/src/UART.o
 .bss           0x0080011e        0x0 Firmware/BCM/src/BCM_Lcfg.o
 .bss           0x0080011e        0x0 main.o
 .bss           0x0080011e        0x0 Mcal/Atmega32/I2C/src/I2C_Config.o
 .bss           0x0080011e       0x28 Mcal/Atmega32/Interrupts/src/Interrupts_Lcfg.o
                0x0080011e                aptr_ISRAddress
 .bss           0x00800146        0x0 Mcal/Atmega32/SPI/src/SPI_Config.o
 .bss           0x00800146        0x0 Mcal/Atmega32/UART/src/UART_Config.o
 .bss           0x00800146        0x0 c:/program files (x86)/atmel/atmel studio 6.0/extensions/atmel/avrgcc/3.4.0.65/avrtoolchain/bin/../lib/gcc/avr/4.6.2/avr5\libgcc.a(_exit.o)
 .bss           0x00800146        0x0 c:/program files (x86)/atmel/atmel studio 6.0/extensions/atmel/avrgcc/3.4.0.65/avrtoolchain/bin/../lib/gcc/avr/4.6.2/avr5\libgcc.a(_copy_data.o)
 .bss           0x00800146        0x0 c:/program files (x86)/atmel/atmel studio 6.0/extensions/atmel/avrgcc/3.4.0.65/avrtoolchain/bin/../lib/gcc/avr/4.6.2/avr5\libgcc.a(_clear_bss.o)
 *(.bss*)
 *(COMMON)
 COMMON         0x00800146       0x28 main.o
                0x00800146                gau8_DataBuffer2
                0x00800150                gau8_DataBuffer1
                0x0080016e                PROVIDE (__bss_end, .)
                0x00001b32                __data_load_start = LOADADDR (.data)
                0x00001b88                __data_load_end = (__data_load_start + SIZEOF (.data))

.noinit         0x0080016e        0x0
                0x0080016e                PROVIDE (__noinit_start, .)
 *(.noinit*)
                0x0080016e                PROVIDE (__noinit_end, .)
                0x0080016e                _end = .
                0x0080016e                PROVIDE (__heap_start, .)

.eeprom         0x00810000        0x0
 *(.eeprom*)
                0x00810000                __eeprom_end = .

.fuse
 *(.fuse)
 *(.lfuse)
 *(.hfuse)
 *(.efuse)

.lock
 *(.lock*)

.signature
 *(.signature*)

.stab           0x00000000      0x6cc
 *(.stab)
 .stab          0x00000000      0x6cc c:/program files (x86)/atmel/atmel studio 6.0/extensions/atmel/avrgcc/3.4.0.65/avrtoolchain/bin/../lib/gcc/avr/4.6.2/../../../../avr/lib/avr5/crtm32.o

.stabstr        0x00000000       0x85
 *(.stabstr)
 .stabstr       0x00000000       0x85 c:/program files (x86)/atmel/atmel studio 6.0/extensions/atmel/avrgcc/3.4.0.65/avrtoolchain/bin/../lib/gcc/avr/4.6.2/../../../../avr/lib/avr5/crtm32.o

.stab.excl
 *(.stab.excl)

.stab.exclstr
 *(.stab.exclstr)

.stab.index
 *(.stab.index)

.stab.indexstr
 *(.stab.indexstr)

.comment
 *(.comment)

.debug
 *(.debug)

.line
 *(.line)

.debug_srcinfo
 *(.debug_srcinfo)

.debug_sfnames
 *(.debug_sfnames)

.debug_aranges  0x00000000      0x1a0
 *(.debug_aranges)
 .debug_aranges
                0x00000000       0x20 Firmware/BCM/src/BCM.o
 .debug_aranges
                0x00000020       0x20 Firmware/BCM/src/BCM_Interface.o
 .debug_aranges
                0x00000040       0x20 Firmware/COMMProxy/src/COMMProxy.o
 .debug_aranges
                0x00000060       0x20 Infrastructure/InterruptDesignPattern/src/Interrupt_Design_Pattern.o
 .debug_aranges
                0x00000080       0x20 Mcal/Atmega32/DIO/src/DIO.o
 .debug_aranges
                0x000000a0       0x20 Mcal/Atmega32/I2C/src/I2C.o
 .debug_aranges
                0x000000c0       0x20 Mcal/Atmega32/Interrupts/src/Interrupts.o
 .debug_aranges
                0x000000e0       0x20 Mcal/Atmega32/SPI/src/SPI.o
 .debug_aranges
                0x00000100       0x20 Mcal/Atmega32/UART/src/UART.o
 .debug_aranges
                0x00000120       0x20 main.o
 .debug_aranges
                0x00000140       0x20 c:/program files (x86)/atmel/atmel studio 6.0/extensions/atmel/avrgcc/3.4.0.65/avrtoolchain/bin/../lib/gcc/avr/4.6.2/avr5\libgcc.a(_exit.o)
 .debug_aranges
                0x00000160       0x20 c:/program files (x86)/atmel/atmel studio 6.0/extensions/atmel/avrgcc/3.4.0.65/avrtoolchain/bin/../lib/gcc/avr/4.6.2/avr5\libgcc.a(_copy_data.o)
 .debug_aranges
                0x00000180       0x20 c:/program files (x86)/atmel/atmel studio 6.0/extensions/atmel/avrgcc/3.4.0.65/avrtoolchain/bin/../lib/gcc/avr/4.6.2/avr5\libgcc.a(_clear_bss.o)

.debug_pubnames
 *(.debug_pubnames)

.debug_info     0x00000000     0x27c1
 *(.debug_info)
 .debug_info    0x00000000      0x3fe Firmware/BCM/src/BCM.o
 .debug_info    0x000003fe      0x31e Firmware/BCM/src/BCM_Interface.o
 .debug_info    0x0000071c      0x344 Firmware/COMMProxy/src/COMMProxy.o
 .debug_info    0x00000a60      0x130 Infrastructure/InterruptDesignPattern/src/Interrupt_Design_Pattern.o
 .debug_info    0x00000b90      0x235 Mcal/Atmega32/DIO/src/DIO.o
 .debug_info    0x00000dc5      0x4ee Mcal/Atmega32/I2C/src/I2C.o
 .debug_info    0x000012b3      0x29a Mcal/Atmega32/Interrupts/src/Interrupts.o
 .debug_info    0x0000154d      0x59a Mcal/Atmega32/SPI/src/SPI.o
 .debug_info    0x00001ae7      0x4ce Mcal/Atmega32/UART/src/UART.o
 .debug_info    0x00001fb5       0xbc Firmware/BCM/src/BCM_Lcfg.o
 .debug_info    0x00002071      0x150 main.o
 .debug_info    0x000021c1       0xc4 Mcal/Atmega32/I2C/src/I2C_Config.o
 .debug_info    0x00002285       0xb3 Mcal/Atmega32/Interrupts/src/Interrupts_Lcfg.o
 .debug_info    0x00002338      0x130 Mcal/Atmega32/SPI/src/SPI_Config.o
 .debug_info    0x00002468       0xc2 Mcal/Atmega32/UART/src/UART_Config.o
 .debug_info    0x0000252a       0xdd c:/program files (x86)/atmel/atmel studio 6.0/extensions/atmel/avrgcc/3.4.0.65/avrtoolchain/bin/../lib/gcc/avr/4.6.2/avr5\libgcc.a(_exit.o)
 .debug_info    0x00002607       0xdd c:/program files (x86)/atmel/atmel studio 6.0/extensions/atmel/avrgcc/3.4.0.65/avrtoolchain/bin/../lib/gcc/avr/4.6.2/avr5\libgcc.a(_copy_data.o)
 .debug_info    0x000026e4       0xdd c:/program files (x86)/atmel/atmel studio 6.0/extensions/atmel/avrgcc/3.4.0.65/avrtoolchain/bin/../lib/gcc/avr/4.6.2/avr5\libgcc.a(_clear_bss.o)
 *(.gnu.linkonce.wi.*)

.debug_abbrev   0x00000000      0xb37
 *(.debug_abbrev)
 .debug_abbrev  0x00000000      0x169 Firmware/BCM/src/BCM.o
 .debug_abbrev  0x00000169       0xd2 Firmware/BCM/src/BCM_Interface.o
 .debug_abbrev  0x0000023b      0x11f Firmware/COMMProxy/src/COMMProxy.o
 .debug_abbrev  0x0000035a       0xa3 Infrastructure/InterruptDesignPattern/src/Interrupt_Design_Pattern.o
 .debug_abbrev  0x000003fd       0xc6 Mcal/Atmega32/DIO/src/DIO.o
 .debug_abbrev  0x000004c3      0x121 Mcal/Atmega32/I2C/src/I2C.o
 .debug_abbrev  0x000005e4       0x89 Mcal/Atmega32/Interrupts/src/Interrupts.o
 .debug_abbrev  0x0000066d      0x12c Mcal/Atmega32/SPI/src/SPI.o
 .debug_abbrev  0x00000799      0x14a Mcal/Atmega32/UART/src/UART.o
 .debug_abbrev  0x000008e3       0x56 Firmware/BCM/src/BCM_Lcfg.o
 .debug_abbrev  0x00000939       0x97 main.o
 .debug_abbrev  0x000009d0       0x44 Mcal/Atmega32/I2C/src/I2C_Config.o
 .debug_abbrev  0x00000a14       0x5f Mcal/Atmega32/Interrupts/src/Interrupts_Lcfg.o
 .debug_abbrev  0x00000a73       0x44 Mcal/Atmega32/SPI/src/SPI_Config.o
 .debug_abbrev  0x00000ab7       0x44 Mcal/Atmega32/UART/src/UART_Config.o
 .debug_abbrev  0x00000afb       0x14 c:/program files (x86)/atmel/atmel studio 6.0/extensions/atmel/avrgcc/3.4.0.65/avrtoolchain/bin/../lib/gcc/avr/4.6.2/avr5\libgcc.a(_exit.o)
 .debug_abbrev  0x00000b0f       0x14 c:/program files (x86)/atmel/atmel studio 6.0/extensions/atmel/avrgcc/3.4.0.65/avrtoolchain/bin/../lib/gcc/avr/4.6.2/avr5\libgcc.a(_copy_data.o)
 .debug_abbrev  0x00000b23       0x14 c:/program files (x86)/atmel/atmel studio 6.0/extensions/atmel/avrgcc/3.4.0.65/avrtoolchain/bin/../lib/gcc/avr/4.6.2/avr5\libgcc.a(_clear_bss.o)

.debug_line     0x00000000     0x1039
 *(.debug_line)
 .debug_line    0x00000000      0x199 Firmware/BCM/src/BCM.o
 .debug_line    0x00000199      0x115 Firmware/BCM/src/BCM_Interface.o
 .debug_line    0x000002ae      0x114 Firmware/COMMProxy/src/COMMProxy.o
 .debug_line    0x000003c2       0xb5 Infrastructure/InterruptDesignPattern/src/Interrupt_Design_Pattern.o
 .debug_line    0x00000477      0x14d Mcal/Atmega32/DIO/src/DIO.o
 .debug_line    0x000005c4      0x172 Mcal/Atmega32/I2C/src/I2C.o
 .debug_line    0x00000736       0xf5 Mcal/Atmega32/Interrupts/src/Interrupts.o
 .debug_line    0x0000082b      0x1d6 Mcal/Atmega32/SPI/src/SPI.o
 .debug_line    0x00000a01      0x1cc Mcal/Atmega32/UART/src/UART.o
 .debug_line    0x00000bcd       0x6b Firmware/BCM/src/BCM_Lcfg.o
 .debug_line    0x00000c38       0x84 main.o
 .debug_line    0x00000cbc       0x72 Mcal/Atmega32/I2C/src/I2C_Config.o
 .debug_line    0x00000d2e       0x7e Mcal/Atmega32/Interrupts/src/Interrupts_Lcfg.o
 .debug_line    0x00000dac       0x72 Mcal/Atmega32/SPI/src/SPI_Config.o
 .debug_line    0x00000e1e       0x74 Mcal/Atmega32/UART/src/UART_Config.o
 .debug_line    0x00000e92       0x88 c:/program files (x86)/atmel/atmel studio 6.0/extensions/atmel/avrgcc/3.4.0.65/avrtoolchain/bin/../lib/gcc/avr/4.6.2/avr5\libgcc.a(_exit.o)
 .debug_line    0x00000f1a       0x91 c:/program files (x86)/atmel/atmel studio 6.0/extensions/atmel/avrgcc/3.4.0.65/avrtoolchain/bin/../lib/gcc/avr/4.6.2/avr5\libgcc.a(_copy_data.o)
 .debug_line    0x00000fab       0x8e c:/program files (x86)/atmel/atmel studio 6.0/extensions/atmel/avrgcc/3.4.0.65/avrtoolchain/bin/../lib/gcc/avr/4.6.2/avr5\libgcc.a(_clear_bss.o)

.debug_frame    0x00000000      0xd80
 *(.debug_frame)
 .debug_frame   0x00000000      0x180 Firmware/BCM/src/BCM.o
 .debug_frame   0x00000180       0x54 Firmware/BCM/src/BCM_Interface.o
 .debug_frame   0x000001d4       0x9c Firmware/COMMProxy/src/COMMProxy.o
 .debug_frame   0x00000270       0x34 Infrastructure/InterruptDesignPattern/src/Interrupt_Design_Pattern.o
 .debug_frame   0x000002a4       0x64 Mcal/Atmega32/DIO/src/DIO.o
 .debug_frame   0x00000308       0xf4 Mcal/Atmega32/I2C/src/I2C.o
 .debug_frame   0x000003fc      0x714 Mcal/Atmega32/Interrupts/src/Interrupts.o
 .debug_frame   0x00000b10      0x138 Mcal/Atmega32/SPI/src/SPI.o
 .debug_frame   0x00000c48       0xd4 Mcal/Atmega32/UART/src/UART.o
 .debug_frame   0x00000d1c       0x64 main.o

.debug_str      0x00000000      0xe16
 *(.debug_str)
 .debug_str     0x00000000      0x2d9 Firmware/BCM/src/BCM.o
                                0x328 (size before relaxing)
 .debug_str     0x000002d9       0xa8 Firmware/BCM/src/BCM_Interface.o
                                0x27a (size before relaxing)
 .debug_str     0x00000381      0x183 Firmware/COMMProxy/src/COMMProxy.o
                                0x299 (size before relaxing)
 .debug_str     0x00000504       0x9e Infrastructure/InterruptDesignPattern/src/Interrupt_Design_Pattern.o
                                0x1a1 (size before relaxing)
 .debug_str     0x000005a2       0xbe Mcal/Atmega32/DIO/src/DIO.o
                                0x19d (size before relaxing)
 .debug_str     0x00000660      0x1a3 Mcal/Atmega32/I2C/src/I2C.o
                                0x2b2 (size before relaxing)
 .debug_str     0x00000803      0x13f Mcal/Atmega32/Interrupts/src/Interrupts.o
                                0x255 (size before relaxing)
 .debug_str     0x00000942      0x1e0 Mcal/Atmega32/SPI/src/SPI.o
                                0x32f (size before relaxing)
 .debug_str     0x00000b22      0x1be Mcal/Atmega32/UART/src/UART.o
                                0x2eb (size before relaxing)
 .debug_str     0x00000ce0       0x1f Firmware/BCM/src/BCM_Lcfg.o
                                0x11f (size before relaxing)
 .debug_str     0x00000cff       0x71 main.o
                                0x158 (size before relaxing)
 .debug_str     0x00000d70       0x26 Mcal/Atmega32/I2C/src/I2C_Config.o
                                0x14f (size before relaxing)
 .debug_str     0x00000d96       0x32 Mcal/Atmega32/Interrupts/src/Interrupts_Lcfg.o
                                0x13c (size before relaxing)
 .debug_str     0x00000dc8       0x26 Mcal/Atmega32/SPI/src/SPI_Config.o
                                0x1c4 (size before relaxing)
 .debug_str     0x00000dee       0x28 Mcal/Atmega32/UART/src/UART_Config.o
                                0x144 (size before relaxing)

.debug_loc      0x00000000     0x27e3
 *(.debug_loc)
 .debug_loc     0x00000000      0x39b Firmware/BCM/src/BCM.o
 .debug_loc     0x0000039b      0x232 Firmware/BCM/src/BCM_Interface.o
 .debug_loc     0x000005cd      0x164 Firmware/COMMProxy/src/COMMProxy.o
 .debug_loc     0x00000731       0x31 Infrastructure/InterruptDesignPattern/src/Interrupt_Design_Pattern.o
 .debug_loc     0x00000762      0x3c2 Mcal/Atmega32/DIO/src/DIO.o
 .debug_loc     0x00000b24      0x369 Mcal/Atmega32/I2C/src/I2C.o
 .debug_loc     0x00000e8d      0xfdc Mcal/Atmega32/Interrupts/src/Interrupts.o
 .debug_loc     0x00001e69      0x644 Mcal/Atmega32/SPI/src/SPI.o
 .debug_loc     0x000024ad      0x336 Mcal/Atmega32/UART/src/UART.o

.debug_macinfo
 *(.debug_macinfo)
OUTPUT(ReceiverApp.elf elf32-avr)
LOAD linker stubs
