Archive member included to satisfy reference by file (symbol)

c:/program files (x86)/atmel/studio/7.0/toolchain/avr8/avr8-gnu-toolchain/bin/../lib/gcc/avr/5.4.0/avr5\libgcc.a(_exit.o)
                              C:/Program Files (x86)/Atmel/Studio/7.0/Packs/atmel/ATmega_DFP/1.6.364/gcc/dev/atmega32a/avr5/crtatmega32a.o (exit)
c:/program files (x86)/atmel/studio/7.0/toolchain/avr8/avr8-gnu-toolchain/bin/../lib/gcc/avr/5.4.0/avr5\libgcc.a(_copy_data.o)
                              App/TrafficSign/TrafficSign.o (__do_copy_data)
c:/program files (x86)/atmel/studio/7.0/toolchain/avr8/avr8-gnu-toolchain/bin/../lib/gcc/avr/5.4.0/avr5\libgcc.a(_clear_bss.o)
                              Firmware/LED/LED.o (__do_clear_bss)

Discarded input sections

 .data          0x00000000        0x0 C:/Program Files (x86)/Atmel/Studio/7.0/Packs/atmel/ATmega_DFP/1.6.364/gcc/dev/atmega32a/avr5/crtatmega32a.o
 .bss           0x00000000        0x0 C:/Program Files (x86)/Atmel/Studio/7.0/Packs/atmel/ATmega_DFP/1.6.364/gcc/dev/atmega32a/avr5/crtatmega32a.o
 .text          0x00000000        0x0 Firmware/LED/LED.o
 .data          0x00000000        0x0 Firmware/LED/LED.o
 .bss           0x00000000        0x0 Firmware/LED/LED.o
 .text.LED_toggle
                0x00000000       0x38 Firmware/LED/LED.o
 .text.LED_Status
                0x00000000       0x3c Firmware/LED/LED.o
 .text          0x00000000        0x0 Mcal/Atmega32/DIO/DIO.o
 .data          0x00000000        0x0 Mcal/Atmega32/DIO/DIO.o
 .bss           0x00000000        0x0 Mcal/Atmega32/DIO/DIO.o
 .text.DIO_EnablePinPullup
                0x00000000       0x4a Mcal/Atmega32/DIO/DIO.o
 .text.DIO_ReadPin
                0x00000000       0x60 Mcal/Atmega32/DIO/DIO.o
 .text.DIO_TogglePin
                0x00000000       0x4a Mcal/Atmega32/DIO/DIO.o
 .text          0x00000000        0x0 Mcal/Atmega32/UART/UART.o
 .data          0x00000000        0x0 Mcal/Atmega32/UART/UART.o
 .bss           0x00000000        0x0 Mcal/Atmega32/UART/UART.o
 .text.UART_TransmitChar
                0x00000000       0x16 Mcal/Atmega32/UART/UART.o
 .text.UART_ReceiveChar
                0x00000000       0x24 Mcal/Atmega32/UART/UART.o
 .text.UART_EnableInterrupt
                0x00000000        0x4 Mcal/Atmega32/UART/UART.o
 .text.UART_DisableInterrupt
                0x00000000        0x4 Mcal/Atmega32/UART/UART.o
 .text.UART_SetCallback
                0x00000000        0xc Mcal/Atmega32/UART/UART.o
 .text.UART_FlushReceiveBuffer
                0x00000000       0x16 Mcal/Atmega32/UART/UART.o
 .text.UART_SetData
                0x00000000       0x12 Mcal/Atmega32/UART/UART.o
 .text.UART_GetData
                0x00000000       0x20 Mcal/Atmega32/UART/UART.o
 .text          0x00000000        0x0 App/TrafficSign/TrafficSign.o
 .data          0x00000000        0x0 App/TrafficSign/TrafficSign.o
 .bss           0x00000000        0x0 App/TrafficSign/TrafficSign.o
 .text          0x00000000        0x0 main.o
 .data          0x00000000        0x0 main.o
 .bss           0x00000000        0x0 main.o
 .text          0x00000000        0x0 Mcal/Atmega32/UART/UART_Config.o
 .data          0x00000000        0x0 Mcal/Atmega32/UART/UART_Config.o
 .bss           0x00000000        0x0 Mcal/Atmega32/UART/UART_Config.o
 .text          0x00000000        0x0 c:/program files (x86)/atmel/studio/7.0/toolchain/avr8/avr8-gnu-toolchain/bin/../lib/gcc/avr/5.4.0/avr5\libgcc.a(_exit.o)
 .data          0x00000000        0x0 c:/program files (x86)/atmel/studio/7.0/toolchain/avr8/avr8-gnu-toolchain/bin/../lib/gcc/avr/5.4.0/avr5\libgcc.a(_exit.o)
 .bss           0x00000000        0x0 c:/program files (x86)/atmel/studio/7.0/toolchain/avr8/avr8-gnu-toolchain/bin/../lib/gcc/avr/5.4.0/avr5\libgcc.a(_exit.o)
 .text.libgcc.mul
                0x00000000        0x0 c:/program files (x86)/atmel/studio/7.0/toolchain/avr8/avr8-gnu-toolchain/bin/../lib/gcc/avr/5.4.0/avr5\libgcc.a(_exit.o)
 .text.libgcc.div
                0x00000000        0x0 c:/program files (x86)/atmel/studio/7.0/toolchain/avr8/avr8-gnu-toolchain/bin/../lib/gcc/avr/5.4.0/avr5\libgcc.a(_exit.o)
 .text.libgcc   0x00000000        0x0 c:/program files (x86)/atmel/studio/7.0/toolchain/avr8/avr8-gnu-toolchain/bin/../lib/gcc/avr/5.4.0/avr5\libgcc.a(_exit.o)
 .text.libgcc.prologue
                0x00000000        0x0 c:/program files (x86)/atmel/studio/7.0/toolchain/avr8/avr8-gnu-toolchain/bin/../lib/gcc/avr/5.4.0/avr5\libgcc.a(_exit.o)
 .text.libgcc.builtins
                0x00000000        0x0 c:/program files (x86)/atmel/studio/7.0/toolchain/avr8/avr8-gnu-toolchain/bin/../lib/gcc/avr/5.4.0/avr5\libgcc.a(_exit.o)
 .text.libgcc.fmul
                0x00000000        0x0 c:/program files (x86)/atmel/studio/7.0/toolchain/avr8/avr8-gnu-toolchain/bin/../lib/gcc/avr/5.4.0/avr5\libgcc.a(_exit.o)
 .text.libgcc.fixed
                0x00000000        0x0 c:/program files (x86)/atmel/studio/7.0/toolchain/avr8/avr8-gnu-toolchain/bin/../lib/gcc/avr/5.4.0/avr5\libgcc.a(_exit.o)
 .text          0x00000000        0x0 c:/program files (x86)/atmel/studio/7.0/toolchain/avr8/avr8-gnu-toolchain/bin/../lib/gcc/avr/5.4.0/avr5\libgcc.a(_copy_data.o)
 .data          0x00000000        0x0 c:/program files (x86)/atmel/studio/7.0/toolchain/avr8/avr8-gnu-toolchain/bin/../lib/gcc/avr/5.4.0/avr5\libgcc.a(_copy_data.o)
 .bss           0x00000000        0x0 c:/program files (x86)/atmel/studio/7.0/toolchain/avr8/avr8-gnu-toolchain/bin/../lib/gcc/avr/5.4.0/avr5\libgcc.a(_copy_data.o)
 .text.libgcc.mul
                0x00000000        0x0 c:/program files (x86)/atmel/studio/7.0/toolchain/avr8/avr8-gnu-toolchain/bin/../lib/gcc/avr/5.4.0/avr5\libgcc.a(_copy_data.o)
 .text.libgcc.div
                0x00000000        0x0 c:/program files (x86)/atmel/studio/7.0/toolchain/avr8/avr8-gnu-toolchain/bin/../lib/gcc/avr/5.4.0/avr5\libgcc.a(_copy_data.o)
 .text.libgcc   0x00000000        0x0 c:/program files (x86)/atmel/studio/7.0/toolchain/avr8/avr8-gnu-toolchain/bin/../lib/gcc/avr/5.4.0/avr5\libgcc.a(_copy_data.o)
 .text.libgcc.prologue
                0x00000000        0x0 c:/program files (x86)/atmel/studio/7.0/toolchain/avr8/avr8-gnu-toolchain/bin/../lib/gcc/avr/5.4.0/avr5\libgcc.a(_copy_data.o)
 .text.libgcc.builtins
                0x00000000        0x0 c:/program files (x86)/atmel/studio/7.0/toolchain/avr8/avr8-gnu-toolchain/bin/../lib/gcc/avr/5.4.0/avr5\libgcc.a(_copy_data.o)
 .text.libgcc.fmul
                0x00000000        0x0 c:/program files (x86)/atmel/studio/7.0/toolchain/avr8/avr8-gnu-toolchain/bin/../lib/gcc/avr/5.4.0/avr5\libgcc.a(_copy_data.o)
 .text.libgcc.fixed
                0x00000000        0x0 c:/program files (x86)/atmel/studio/7.0/toolchain/avr8/avr8-gnu-toolchain/bin/../lib/gcc/avr/5.4.0/avr5\libgcc.a(_copy_data.o)
 .text          0x00000000        0x0 c:/program files (x86)/atmel/studio/7.0/toolchain/avr8/avr8-gnu-toolchain/bin/../lib/gcc/avr/5.4.0/avr5\libgcc.a(_clear_bss.o)
 .data          0x00000000        0x0 c:/program files (x86)/atmel/studio/7.0/toolchain/avr8/avr8-gnu-toolchain/bin/../lib/gcc/avr/5.4.0/avr5\libgcc.a(_clear_bss.o)
 .bss           0x00000000        0x0 c:/program files (x86)/atmel/studio/7.0/toolchain/avr8/avr8-gnu-toolchain/bin/../lib/gcc/avr/5.4.0/avr5\libgcc.a(_clear_bss.o)
 .text.libgcc.mul
                0x00000000        0x0 c:/program files (x86)/atmel/studio/7.0/toolchain/avr8/avr8-gnu-toolchain/bin/../lib/gcc/avr/5.4.0/avr5\libgcc.a(_clear_bss.o)
 .text.libgcc.div
                0x00000000        0x0 c:/program files (x86)/atmel/studio/7.0/toolchain/avr8/avr8-gnu-toolchain/bin/../lib/gcc/avr/5.4.0/avr5\libgcc.a(_clear_bss.o)
 .text.libgcc   0x00000000        0x0 c:/program files (x86)/atmel/studio/7.0/toolchain/avr8/avr8-gnu-toolchain/bin/../lib/gcc/avr/5.4.0/avr5\libgcc.a(_clear_bss.o)
 .text.libgcc.prologue
                0x00000000        0x0 c:/program files (x86)/atmel/studio/7.0/toolchain/avr8/avr8-gnu-toolchain/bin/../lib/gcc/avr/5.4.0/avr5\libgcc.a(_clear_bss.o)
 .text.libgcc.builtins
                0x00000000        0x0 c:/program files (x86)/atmel/studio/7.0/toolchain/avr8/avr8-gnu-toolchain/bin/../lib/gcc/avr/5.4.0/avr5\libgcc.a(_clear_bss.o)
 .text.libgcc.fmul
                0x00000000        0x0 c:/program files (x86)/atmel/studio/7.0/toolchain/avr8/avr8-gnu-toolchain/bin/../lib/gcc/avr/5.4.0/avr5\libgcc.a(_clear_bss.o)
 .text.libgcc.fixed
                0x00000000        0x0 c:/program files (x86)/atmel/studio/7.0/toolchain/avr8/avr8-gnu-toolchain/bin/../lib/gcc/avr/5.4.0/avr5\libgcc.a(_clear_bss.o)

Memory Configuration

Name             Origin             Length             Attributes
text             0x00000000         0x00008000         xr
data             0x00800060         0x00000800         rw !x
eeprom           0x00810000         0x00000400         rw !x
fuse             0x00820000         0x00000002         rw !x
lock             0x00830000         0x00000400         rw !x
signature        0x00840000         0x00000400         rw !x
user_signatures  0x00850000         0x00000400         rw !x
*default*        0x00000000         0xffffffff

Linker script and memory map

LOAD C:/Program Files (x86)/Atmel/Studio/7.0/Packs/atmel/ATmega_DFP/1.6.364/gcc/dev/atmega32a/avr5/crtatmega32a.o
LOAD Firmware/LED/LED.o
LOAD Mcal/Atmega32/DIO/DIO.o
LOAD Mcal/Atmega32/UART/UART.o
LOAD App/TrafficSign/TrafficSign.o
LOAD main.o
LOAD Mcal/Atmega32/UART/UART_Config.o
START GROUP
LOAD c:/program files (x86)/atmel/studio/7.0/toolchain/avr8/avr8-gnu-toolchain/bin/../lib/gcc/avr/5.4.0/../../../../avr/lib/avr5\libm.a
END GROUP
START GROUP
LOAD c:/program files (x86)/atmel/studio/7.0/toolchain/avr8/avr8-gnu-toolchain/bin/../lib/gcc/avr/5.4.0/avr5\libgcc.a
LOAD c:/program files (x86)/atmel/studio/7.0/toolchain/avr8/avr8-gnu-toolchain/bin/../lib/gcc/avr/5.4.0/../../../../avr/lib/avr5\libm.a
LOAD c:/program files (x86)/atmel/studio/7.0/toolchain/avr8/avr8-gnu-toolchain/bin/../lib/gcc/avr/5.4.0/../../../../avr/lib/avr5\libc.a
LOAD C:/Program Files (x86)/Atmel/Studio/7.0/Packs/atmel/ATmega_DFP/1.6.364/gcc/dev/atmega32a/avr5\libatmega32a.a
END GROUP
                [0x00000000]                __TEXT_REGION_ORIGIN__ = DEFINED (__TEXT_REGION_ORIGIN__)?__TEXT_REGION_ORIGIN__:0x0
                [0x00800060]                __DATA_REGION_ORIGIN__ = DEFINED (__DATA_REGION_ORIGIN__)?__DATA_REGION_ORIGIN__:0x800060
                [0x00008000]                __TEXT_REGION_LENGTH__ = DEFINED (__TEXT_REGION_LENGTH__)?__TEXT_REGION_LENGTH__:0x20000
                [0x00000800]                __DATA_REGION_LENGTH__ = DEFINED (__DATA_REGION_LENGTH__)?__DATA_REGION_LENGTH__:0xffa0
                [0x00000400]                __EEPROM_REGION_LENGTH__ = DEFINED (__EEPROM_REGION_LENGTH__)?__EEPROM_REGION_LENGTH__:0x10000
                [0x00000002]                __FUSE_REGION_LENGTH__ = DEFINED (__FUSE_REGION_LENGTH__)?__FUSE_REGION_LENGTH__:0x400
                0x00000400                __LOCK_REGION_LENGTH__ = DEFINED (__LOCK_REGION_LENGTH__)?__LOCK_REGION_LENGTH__:0x400
                0x00000400                __SIGNATURE_REGION_LENGTH__ = DEFINED (__SIGNATURE_REGION_LENGTH__)?__SIGNATURE_REGION_LENGTH__:0x400
                0x00000400                __USER_SIGNATURE_REGION_LENGTH__ = DEFINED (__USER_SIGNATURE_REGION_LENGTH__)?__USER_SIGNATURE_REGION_LENGTH__:0x400

.hash
 *(.hash)

.dynsym
 *(.dynsym)

.dynstr
 *(.dynstr)

.gnu.version
 *(.gnu.version)

.gnu.version_d
 *(.gnu.version_d)

.gnu.version_r
 *(.gnu.version_r)

.rel.init
 *(.rel.init)

.rela.init
 *(.rela.init)

.rel.text
 *(.rel.text)
 *(.rel.text.*)
 *(.rel.gnu.linkonce.t*)

.rela.text
 *(.rela.text)
 *(.rela.text.*)
 *(.rela.gnu.linkonce.t*)

.rel.fini
 *(.rel.fini)

.rela.fini
 *(.rela.fini)

.rel.rodata
 *(.rel.rodata)
 *(.rel.rodata.*)
 *(.rel.gnu.linkonce.r*)

.rela.rodata
 *(.rela.rodata)
 *(.rela.rodata.*)
 *(.rela.gnu.linkonce.r*)

.rel.data
 *(.rel.data)
 *(.rel.data.*)
 *(.rel.gnu.linkonce.d*)

.rela.data
 *(.rela.data)
 *(.rela.data.*)
 *(.rela.gnu.linkonce.d*)

.rel.ctors
 *(.rel.ctors)

.rela.ctors
 *(.rela.ctors)

.rel.dtors
 *(.rel.dtors)

.rela.dtors
 *(.rela.dtors)

.rel.got
 *(.rel.got)

.rela.got
 *(.rela.got)

.rel.bss
 *(.rel.bss)

.rela.bss
 *(.rela.bss)

.rel.plt
 *(.rel.plt)

.rela.plt
 *(.rela.plt)

.text           0x00000000      0x428
 *(.vectors)
 .vectors       0x00000000       0x54 C:/Program Files (x86)/Atmel/Studio/7.0/Packs/atmel/ATmega_DFP/1.6.364/gcc/dev/atmega32a/avr5/crtatmega32a.o
                0x00000000                __vector_default
                0x00000000                __vectors
 *(.vectors)
 *(.progmem.gcc*)
                0x00000054                . = ALIGN (0x2)
                0x00000054                __trampolines_start = .
 *(.trampolines)
 .trampolines   0x00000054        0x0 linker stubs
 *(.trampolines*)
                0x00000054                __trampolines_end = .
 *libprintf_flt.a:*(.progmem.data)
 *libc.a:*(.progmem.data)
 *(.progmem*)
                0x00000054                . = ALIGN (0x2)
 *(.jumptables)
 *(.jumptables*)
 *(.lowtext)
 *(.lowtext*)
                0x00000054                __ctors_start = .
 *(.ctors)
                0x00000054                __ctors_end = .
                0x00000054                __dtors_start = .
 *(.dtors)
                0x00000054                __dtors_end = .
 SORT(*)(.ctors)
 SORT(*)(.dtors)
 *(.init0)
 .init0         0x00000054        0x0 C:/Program Files (x86)/Atmel/Studio/7.0/Packs/atmel/ATmega_DFP/1.6.364/gcc/dev/atmega32a/avr5/crtatmega32a.o
                0x00000054                __init
 *(.init0)
 *(.init1)
 *(.init1)
 *(.init2)
 .init2         0x00000054        0xc C:/Program Files (x86)/Atmel/Studio/7.0/Packs/atmel/ATmega_DFP/1.6.364/gcc/dev/atmega32a/avr5/crtatmega32a.o
 *(.init2)
 *(.init3)
 *(.init3)
 *(.init4)
 .init4         0x00000060       0x16 c:/program files (x86)/atmel/studio/7.0/toolchain/avr8/avr8-gnu-toolchain/bin/../lib/gcc/avr/5.4.0/avr5\libgcc.a(_copy_data.o)
                0x00000060                __do_copy_data
 .init4         0x00000076       0x10 c:/program files (x86)/atmel/studio/7.0/toolchain/avr8/avr8-gnu-toolchain/bin/../lib/gcc/avr/5.4.0/avr5\libgcc.a(_clear_bss.o)
                0x00000076                __do_clear_bss
 *(.init4)
 *(.init5)
 *(.init5)
 *(.init6)
 *(.init6)
 *(.init7)
 *(.init7)
 *(.init8)
 *(.init8)
 *(.init9)
 .init9         0x00000086        0x8 C:/Program Files (x86)/Atmel/Studio/7.0/Packs/atmel/ATmega_DFP/1.6.364/gcc/dev/atmega32a/avr5/crtatmega32a.o
 *(.init9)
 *(.text)
 .text          0x0000008e        0x4 C:/Program Files (x86)/Atmel/Studio/7.0/Packs/atmel/ATmega_DFP/1.6.364/gcc/dev/atmega32a/avr5/crtatmega32a.o
                0x0000008e                __vector_1
                0x0000008e                __vector_12
                0x0000008e                __bad_interrupt
                0x0000008e                __vector_6
                0x0000008e                __vector_3
                0x0000008e                __vector_11
                0x0000008e                __vector_13
                0x0000008e                __vector_17
                0x0000008e                __vector_19
                0x0000008e                __vector_7
                0x0000008e                __vector_5
                0x0000008e                __vector_4
                0x0000008e                __vector_9
                0x0000008e                __vector_2
                0x0000008e                __vector_15
                0x0000008e                __vector_8
                0x0000008e                __vector_14
                0x0000008e                __vector_10
                0x0000008e                __vector_16
                0x0000008e                __vector_18
                0x0000008e                __vector_20
                0x00000092                . = ALIGN (0x2)
 *(.text.*)
 .text.LED_Init
                0x00000092       0x48 Firmware/LED/LED.o
                0x00000092                LED_Init
 .text.LED_Off  0x000000da       0x3a Firmware/LED/LED.o
                0x000000da                LED_Off
 .text.LED_On   0x00000114       0x3a Firmware/LED/LED.o
                0x00000114                LED_On
 .text.DIO_SetPinDirection
                0x0000014e       0x70 Mcal/Atmega32/DIO/DIO.o
                0x0000014e                DIO_SetPinDirection
 .text.DIO_WritePin
                0x000001be       0x70 Mcal/Atmega32/DIO/DIO.o
                0x000001be                DIO_WritePin
 .text.UART_Init
                0x0000022e       0x22 Mcal/Atmega32/UART/UART.o
                0x0000022e                UART_Init
 .text.UART_TransmitString
                0x00000250       0x30 Mcal/Atmega32/UART/UART.o
                0x00000250                UART_TransmitString
 .text.UART_ReceiveString
                0x00000280       0x60 Mcal/Atmega32/UART/UART.o
                0x00000280                UART_ReceiveString
 .text.StringCompare
                0x000002e0       0x42 App/TrafficSign/TrafficSign.o
 .text.Traffic_init
                0x00000322        0xe App/TrafficSign/TrafficSign.o
                0x00000322                Traffic_init
 .text.Traffic_update
                0x00000330       0xea App/TrafficSign/TrafficSign.o
                0x00000330                Traffic_update
 .text.main     0x0000041a        0xa main.o
                0x0000041a                main
                0x00000424                . = ALIGN (0x2)
 *(.fini9)
 .fini9         0x00000424        0x0 c:/program files (x86)/atmel/studio/7.0/toolchain/avr8/avr8-gnu-toolchain/bin/../lib/gcc/avr/5.4.0/avr5\libgcc.a(_exit.o)
                0x00000424                _exit
                0x00000424                exit
 *(.fini9)
 *(.fini8)
 *(.fini8)
 *(.fini7)
 *(.fini7)
 *(.fini6)
 *(.fini6)
 *(.fini5)
 *(.fini5)
 *(.fini4)
 *(.fini4)
 *(.fini3)
 *(.fini3)
 *(.fini2)
 *(.fini2)
 *(.fini1)
 *(.fini1)
 *(.fini0)
 .fini0         0x00000424        0x4 c:/program files (x86)/atmel/studio/7.0/toolchain/avr8/avr8-gnu-toolchain/bin/../lib/gcc/avr/5.4.0/avr5\libgcc.a(_exit.o)
 *(.fini0)
                0x00000428                _etext = .

.data           0x00800060       0x64 load address 0x00000428
                0x00800060                PROVIDE (__data_start, .)
 *(.data)
 *(.data*)
 *(.gnu.linkonce.d*)
 *(.rodata)
 *(.rodata*)
 .rodata.str1.1
                0x00800060       0x5f App/TrafficSign/TrafficSign.o
 .rodata.UART_CH_0_BaudRate
                0x008000bf        0x1 Mcal/Atmega32/UART/UART_Config.o
                0x008000bf                UART_CH_0_BaudRate
 .rodata.UART_CH_0_CONTROL_2
                0x008000c0        0x1 Mcal/Atmega32/UART/UART_Config.o
                0x008000c0                UART_CH_0_CONTROL_2
 .rodata.UART_CH_0_CONTROL
                0x008000c1        0x1 Mcal/Atmega32/UART/UART_Config.o
                0x008000c1                UART_CH_0_CONTROL
 .rodata.UART_CH_0
                0x008000c2        0x1 Mcal/Atmega32/UART/UART_Config.o
                0x008000c2                UART_CH_0
 *(.gnu.linkonce.r*)
                0x008000c4                . = ALIGN (0x2)
 *fill*         0x008000c3        0x1 
                0x008000c4                _edata = .
                0x008000c4                PROVIDE (__data_end, .)

.bss            0x008000c4        0x1
                0x008000c4                PROVIDE (__bss_start, .)
 *(.bss)
 *(.bss*)
 .bss.gu8_IsLEDInit
                0x008000c4        0x1 Firmware/LED/LED.o
 *(COMMON)
                0x008000c5                PROVIDE (__bss_end, .)
                0x00000428                __data_load_start = LOADADDR (.data)
                0x0000048c                __data_load_end = (__data_load_start + SIZEOF (.data))

.noinit         0x008000c5        0x0
                [!provide]                PROVIDE (__noinit_start, .)
 *(.noinit*)
                [!provide]                PROVIDE (__noinit_end, .)
                0x008000c5                _end = .
                [!provide]                PROVIDE (__heap_start, .)

.eeprom         0x00810000        0x0
 *(.eeprom*)
                0x00810000                __eeprom_end = .

.fuse
 *(.fuse)
 *(.lfuse)
 *(.hfuse)
 *(.efuse)

.lock
 *(.lock*)

.signature
 *(.signature*)

.user_signatures
 *(.user_signatures*)

.stab
 *(.stab)

.stabstr
 *(.stabstr)

.stab.excl
 *(.stab.excl)

.stab.exclstr
 *(.stab.exclstr)

.stab.index
 *(.stab.index)

.stab.indexstr
 *(.stab.indexstr)

.comment        0x00000000       0x30
 *(.comment)
 .comment       0x00000000       0x30 Firmware/LED/LED.o
                                 0x31 (size before relaxing)
 .comment       0x00000030       0x31 Mcal/Atmega32/DIO/DIO.o
 .comment       0x00000030       0x31 Mcal/Atmega32/UART/UART.o
 .comment       0x00000030       0x31 App/TrafficSign/TrafficSign.o
 .comment       0x00000030       0x31 main.o
 .comment       0x00000030       0x31 Mcal/Atmega32/UART/UART_Config.o

.note.gnu.avr.deviceinfo
                0x00000000       0x3c
 .note.gnu.avr.deviceinfo
                0x00000000       0x3c C:/Program Files (x86)/Atmel/Studio/7.0/Packs/atmel/ATmega_DFP/1.6.364/gcc/dev/atmega32a/avr5/crtatmega32a.o

.note.gnu.build-id
 *(.note.gnu.build-id)

.debug
 *(.debug)

.line
 *(.line)

.debug_srcinfo
 *(.debug_srcinfo)

.debug_sfnames
 *(.debug_sfnames)

.debug_aranges  0x00000000      0x158
 *(.debug_aranges)
 .debug_aranges
                0x00000000       0x40 Firmware/LED/LED.o
 .debug_aranges
                0x00000040       0x40 Mcal/Atmega32/DIO/DIO.o
 .debug_aranges
                0x00000080       0x70 Mcal/Atmega32/UART/UART.o
 .debug_aranges
                0x000000f0       0x30 App/TrafficSign/TrafficSign.o
 .debug_aranges
                0x00000120       0x20 main.o
 .debug_aranges
                0x00000140       0x18 Mcal/Atmega32/UART/UART_Config.o

.debug_pubnames
 *(.debug_pubnames)

.debug_info     0x00000000     0x1486
 *(.debug_info .gnu.linkonce.wi.*)
 .debug_info    0x00000000      0x4e6 C:/Program Files (x86)/Atmel/Studio/7.0/Packs/atmel/ATmega_DFP/1.6.364/gcc/dev/atmega32a/avr5/crtatmega32a.o
 .debug_info    0x000004e6      0x318 Firmware/LED/LED.o
 .debug_info    0x000007fe      0x224 Mcal/Atmega32/DIO/DIO.o
 .debug_info    0x00000a22      0x489 Mcal/Atmega32/UART/UART.o
 .debug_info    0x00000eab      0x474 App/TrafficSign/TrafficSign.o
 .debug_info    0x0000131f       0xae main.o
 .debug_info    0x000013cd       0xb9 Mcal/Atmega32/UART/UART_Config.o

.debug_abbrev   0x00000000      0x987
 *(.debug_abbrev)
 .debug_abbrev  0x00000000      0x4a3 C:/Program Files (x86)/Atmel/Studio/7.0/Packs/atmel/ATmega_DFP/1.6.364/gcc/dev/atmega32a/avr5/crtatmega32a.o
 .debug_abbrev  0x000004a3       0xfb Firmware/LED/LED.o
 .debug_abbrev  0x0000059e       0xca Mcal/Atmega32/DIO/DIO.o
 .debug_abbrev  0x00000668      0x135 Mcal/Atmega32/UART/UART.o
 .debug_abbrev  0x0000079d      0x137 App/TrafficSign/TrafficSign.o
 .debug_abbrev  0x000008d4       0x68 main.o
 .debug_abbrev  0x0000093c       0x4b Mcal/Atmega32/UART/UART_Config.o

.debug_line     0x00000000      0xc46
 *(.debug_line .debug_line.* .debug_line_end)
 .debug_line    0x00000000      0x116 C:/Program Files (x86)/Atmel/Studio/7.0/Packs/atmel/ATmega_DFP/1.6.364/gcc/dev/atmega32a/avr5/crtatmega32a.o
 .debug_line    0x00000116      0x2b4 Firmware/LED/LED.o
 .debug_line    0x000003ca      0x2c3 Mcal/Atmega32/DIO/DIO.o
 .debug_line    0x0000068d      0x2fa Mcal/Atmega32/UART/UART.o
 .debug_line    0x00000987      0x1d1 App/TrafficSign/TrafficSign.o
 .debug_line    0x00000b58       0x6f main.o
 .debug_line    0x00000bc7       0x7f Mcal/Atmega32/UART/UART_Config.o

.debug_frame    0x00000000      0x20c
 *(.debug_frame)
 .debug_frame   0x00000000       0x64 Firmware/LED/LED.o
 .debug_frame   0x00000064       0x64 Mcal/Atmega32/DIO/DIO.o
 .debug_frame   0x000000c8       0xc4 Mcal/Atmega32/UART/UART.o
 .debug_frame   0x0000018c       0x5c App/TrafficSign/TrafficSign.o
 .debug_frame   0x000001e8       0x24 main.o

.debug_str      0x00000000      0x78b
 *(.debug_str)
 .debug_str     0x00000000      0x196 C:/Program Files (x86)/Atmel/Studio/7.0/Packs/atmel/ATmega_DFP/1.6.364/gcc/dev/atmega32a/avr5/crtatmega32a.o
 .debug_str     0x00000196      0x22f Firmware/LED/LED.o
                                0x24e (size before relaxing)
 .debug_str     0x000003c5       0x70 Mcal/Atmega32/DIO/DIO.o
                                0x220 (size before relaxing)
 .debug_str     0x00000435      0x1fc Mcal/Atmega32/UART/UART.o
                                0x36b (size before relaxing)
 .debug_str     0x00000631      0x125 App/TrafficSign/TrafficSign.o
                                0x2df (size before relaxing)
 .debug_str     0x00000756       0x11 main.o
                                0x183 (size before relaxing)
 .debug_str     0x00000767       0x24 Mcal/Atmega32/UART/UART_Config.o
                                0x1ce (size before relaxing)

.debug_loc      0x00000000      0xc56
 *(.debug_loc)
 .debug_loc     0x00000000      0x3cb Firmware/LED/LED.o
 .debug_loc     0x000003cb      0x3fa Mcal/Atmega32/DIO/DIO.o
 .debug_loc     0x000007c5      0x373 Mcal/Atmega32/UART/UART.o
 .debug_loc     0x00000b38      0x11e App/TrafficSign/TrafficSign.o

.debug_macinfo
 *(.debug_macinfo)

.debug_weaknames
 *(.debug_weaknames)

.debug_funcnames
 *(.debug_funcnames)

.debug_typenames
 *(.debug_typenames)

.debug_varnames
 *(.debug_varnames)

.debug_pubtypes
 *(.debug_pubtypes)

.debug_ranges   0x00000000       0xf0
 *(.debug_ranges)
 .debug_ranges  0x00000000       0x30 Firmware/LED/LED.o
 .debug_ranges  0x00000030       0x30 Mcal/Atmega32/DIO/DIO.o
 .debug_ranges  0x00000060       0x60 Mcal/Atmega32/UART/UART.o
 .debug_ranges  0x000000c0       0x20 App/TrafficSign/TrafficSign.o
 .debug_ranges  0x000000e0       0x10 main.o

.debug_macro
 *(.debug_macro)
OUTPUT(TrafficSign.elf elf32-avr)
LOAD linker stubs
