Archive member included to satisfy reference by file (symbol)

c:/program files (x86)/atmel/studio/7.0/toolchain/avr8/avr8-gnu-toolchain/bin/../lib/gcc/avr/5.4.0/../../../../avr/lib/avr5\libm.a(addsf3.o)
                              MCAL/PWM/src/PWM.o (__subsf3)
c:/program files (x86)/atmel/studio/7.0/toolchain/avr8/avr8-gnu-toolchain/bin/../lib/gcc/avr/5.4.0/../../../../avr/lib/avr5\libm.a(addsf3x.o)
                              c:/program files (x86)/atmel/studio/7.0/toolchain/avr8/avr8-gnu-toolchain/bin/../lib/gcc/avr/5.4.0/../../../../avr/lib/avr5\libm.a(addsf3.o) (__addsf3x)
c:/program files (x86)/atmel/studio/7.0/toolchain/avr8/avr8-gnu-toolchain/bin/../lib/gcc/avr/5.4.0/../../../../avr/lib/avr5\libm.a(cmpsf2.o)
                              APP/CRASH/src/CRASH.o (__ltsf2)
c:/program files (x86)/atmel/studio/7.0/toolchain/avr8/avr8-gnu-toolchain/bin/../lib/gcc/avr/5.4.0/../../../../avr/lib/avr5\libm.a(divsf3.o)
                              HAL/USONIC/src/USONIC.o (__divsf3)
c:/program files (x86)/atmel/studio/7.0/toolchain/avr8/avr8-gnu-toolchain/bin/../lib/gcc/avr/5.4.0/../../../../avr/lib/avr5\libm.a(divsf3x.o)
                              c:/program files (x86)/atmel/studio/7.0/toolchain/avr8/avr8-gnu-toolchain/bin/../lib/gcc/avr/5.4.0/../../../../avr/lib/avr5\libm.a(divsf3.o) (__divsf3x)
c:/program files (x86)/atmel/studio/7.0/toolchain/avr8/avr8-gnu-toolchain/bin/../lib/gcc/avr/5.4.0/../../../../avr/lib/avr5\libm.a(fixunssfsi.o)
                              MCAL/PWM/src/PWM.o (__fixunssfsi)
c:/program files (x86)/atmel/studio/7.0/toolchain/avr8/avr8-gnu-toolchain/bin/../lib/gcc/avr/5.4.0/../../../../avr/lib/avr5\libm.a(floatsisf.o)
                              HAL/USONIC/src/USONIC.o (__floatunsisf)
c:/program files (x86)/atmel/studio/7.0/toolchain/avr8/avr8-gnu-toolchain/bin/../lib/gcc/avr/5.4.0/../../../../avr/lib/avr5\libm.a(floatundisf.o)
                              HAL/USONIC/src/USONIC.o (__floatundisf)
c:/program files (x86)/atmel/studio/7.0/toolchain/avr8/avr8-gnu-toolchain/bin/../lib/gcc/avr/5.4.0/../../../../avr/lib/avr5\libm.a(fp_cmp.o)
                              c:/program files (x86)/atmel/studio/7.0/toolchain/avr8/avr8-gnu-toolchain/bin/../lib/gcc/avr/5.4.0/../../../../avr/lib/avr5\libm.a(cmpsf2.o) (__fp_cmp)
c:/program files (x86)/atmel/studio/7.0/toolchain/avr8/avr8-gnu-toolchain/bin/../lib/gcc/avr/5.4.0/../../../../avr/lib/avr5\libm.a(fp_inf.o)
                              c:/program files (x86)/atmel/studio/7.0/toolchain/avr8/avr8-gnu-toolchain/bin/../lib/gcc/avr/5.4.0/../../../../avr/lib/avr5\libm.a(addsf3x.o) (__fp_inf)
c:/program files (x86)/atmel/studio/7.0/toolchain/avr8/avr8-gnu-toolchain/bin/../lib/gcc/avr/5.4.0/../../../../avr/lib/avr5\libm.a(fp_nan.o)
                              c:/program files (x86)/atmel/studio/7.0/toolchain/avr8/avr8-gnu-toolchain/bin/../lib/gcc/avr/5.4.0/../../../../avr/lib/avr5\libm.a(addsf3x.o) (__fp_nan)
c:/program files (x86)/atmel/studio/7.0/toolchain/avr8/avr8-gnu-toolchain/bin/../lib/gcc/avr/5.4.0/../../../../avr/lib/avr5\libm.a(fp_pscA.o)
                              c:/program files (x86)/atmel/studio/7.0/toolchain/avr8/avr8-gnu-toolchain/bin/../lib/gcc/avr/5.4.0/../../../../avr/lib/avr5\libm.a(addsf3x.o) (__fp_pscA)
c:/program files (x86)/atmel/studio/7.0/toolchain/avr8/avr8-gnu-toolchain/bin/../lib/gcc/avr/5.4.0/../../../../avr/lib/avr5\libm.a(fp_pscB.o)
                              c:/program files (x86)/atmel/studio/7.0/toolchain/avr8/avr8-gnu-toolchain/bin/../lib/gcc/avr/5.4.0/../../../../avr/lib/avr5\libm.a(addsf3x.o) (__fp_pscB)
c:/program files (x86)/atmel/studio/7.0/toolchain/avr8/avr8-gnu-toolchain/bin/../lib/gcc/avr/5.4.0/../../../../avr/lib/avr5\libm.a(fp_round.o)
                              c:/program files (x86)/atmel/studio/7.0/toolchain/avr8/avr8-gnu-toolchain/bin/../lib/gcc/avr/5.4.0/../../../../avr/lib/avr5\libm.a(addsf3.o) (__fp_round)
c:/program files (x86)/atmel/studio/7.0/toolchain/avr8/avr8-gnu-toolchain/bin/../lib/gcc/avr/5.4.0/../../../../avr/lib/avr5\libm.a(fp_split3.o)
                              c:/program files (x86)/atmel/studio/7.0/toolchain/avr8/avr8-gnu-toolchain/bin/../lib/gcc/avr/5.4.0/../../../../avr/lib/avr5\libm.a(addsf3x.o) (__fp_split3)
c:/program files (x86)/atmel/studio/7.0/toolchain/avr8/avr8-gnu-toolchain/bin/../lib/gcc/avr/5.4.0/../../../../avr/lib/avr5\libm.a(fp_zero.o)
                              c:/program files (x86)/atmel/studio/7.0/toolchain/avr8/avr8-gnu-toolchain/bin/../lib/gcc/avr/5.4.0/../../../../avr/lib/avr5\libm.a(addsf3x.o) (__fp_zero)
c:/program files (x86)/atmel/studio/7.0/toolchain/avr8/avr8-gnu-toolchain/bin/../lib/gcc/avr/5.4.0/../../../../avr/lib/avr5\libm.a(mulsf3.o)
                              HAL/USONIC/src/USONIC.o (__mulsf3)
c:/program files (x86)/atmel/studio/7.0/toolchain/avr8/avr8-gnu-toolchain/bin/../lib/gcc/avr/5.4.0/../../../../avr/lib/avr5\libm.a(mulsf3x.o)
                              c:/program files (x86)/atmel/studio/7.0/toolchain/avr8/avr8-gnu-toolchain/bin/../lib/gcc/avr/5.4.0/../../../../avr/lib/avr5\libm.a(mulsf3.o) (__mulsf3x)
c:/program files (x86)/atmel/studio/7.0/toolchain/avr8/avr8-gnu-toolchain/bin/../lib/gcc/avr/5.4.0/avr5\libgcc.a(_udivmodsi4.o)
                              LIB/UTILS.o (__udivmodsi4)
c:/program files (x86)/atmel/studio/7.0/toolchain/avr8/avr8-gnu-toolchain/bin/../lib/gcc/avr/5.4.0/avr5\libgcc.a(_exit.o)
                              C:/Program Files (x86)/Atmel/Studio/7.0/Packs/atmel/ATmega_DFP/1.6.364/gcc/dev/atmega32a/avr5/crtatmega32a.o (exit)
c:/program files (x86)/atmel/studio/7.0/toolchain/avr8/avr8-gnu-toolchain/bin/../lib/gcc/avr/5.4.0/avr5\libgcc.a(_copy_data.o)
                              APP/CRASH/src/CRASH_Lcfg.o (__do_copy_data)
c:/program files (x86)/atmel/studio/7.0/toolchain/avr8/avr8-gnu-toolchain/bin/../lib/gcc/avr/5.4.0/avr5\libgcc.a(_clear_bss.o)
                              APP/CRASH/src/CRASH.o (__do_clear_bss)
c:/program files (x86)/atmel/studio/7.0/toolchain/avr8/avr8-gnu-toolchain/bin/../lib/gcc/avr/5.4.0/avr5\libgcc.a(_muluhisi3.o)
                              MCAL/ICU/src/ICU.o (__muluhisi3)
c:/program files (x86)/atmel/studio/7.0/toolchain/avr8/avr8-gnu-toolchain/bin/../lib/gcc/avr/5.4.0/avr5\libgcc.a(_umulhisi3.o)
                              c:/program files (x86)/atmel/studio/7.0/toolchain/avr8/avr8-gnu-toolchain/bin/../lib/gcc/avr/5.4.0/avr5\libgcc.a(_muluhisi3.o) (__umulhisi3)

Discarded input sections

 .data          0x00000000        0x0 C:/Program Files (x86)/Atmel/Studio/7.0/Packs/atmel/ATmega_DFP/1.6.364/gcc/dev/atmega32a/avr5/crtatmega32a.o
 .bss           0x00000000        0x0 C:/Program Files (x86)/Atmel/Studio/7.0/Packs/atmel/ATmega_DFP/1.6.364/gcc/dev/atmega32a/avr5/crtatmega32a.o
 .text          0x00000000        0x0 APP/CRASH/src/CRASH.o
 .data          0x00000000        0x0 APP/CRASH/src/CRASH.o
 .bss           0x00000000        0x0 APP/CRASH/src/CRASH.o
 .text.CRASH_Logic
                0x00000000       0xda APP/CRASH/src/CRASH.o
 .text.CRASH_MainFunction
                0x00000000       0x3e APP/CRASH/src/CRASH.o
 .bss.u8_PreviousState.1637
                0x00000000        0x1 APP/CRASH/src/CRASH.o
 .bss.u8_CurrentState.1636
                0x00000000        0x1 APP/CRASH/src/CRASH.o
 .bss.gd64_distance
                0x00000000        0x4 APP/CRASH/src/CRASH.o
 .bss.gu8_CarSpeed
                0x00000000        0x2 APP/CRASH/src/CRASH.o
 .bss.gu8_CarDirection
                0x00000000        0x1 APP/CRASH/src/CRASH.o
 .debug_info    0x00000000      0x247 APP/CRASH/src/CRASH.o
 .debug_abbrev  0x00000000      0x100 APP/CRASH/src/CRASH.o
 .debug_loc     0x00000000      0x140 APP/CRASH/src/CRASH.o
 .debug_aranges
                0x00000000       0x28 APP/CRASH/src/CRASH.o
 .debug_ranges  0x00000000       0x18 APP/CRASH/src/CRASH.o
 .debug_line    0x00000000      0x171 APP/CRASH/src/CRASH.o
 .debug_str     0x00000000      0x32a APP/CRASH/src/CRASH.o
 .comment       0x00000000       0x31 APP/CRASH/src/CRASH.o
 .debug_frame   0x00000000       0x5c APP/CRASH/src/CRASH.o
 .text          0x00000000        0x0 APP/CRASH/src/CRASH_Interface.o
 .data          0x00000000        0x0 APP/CRASH/src/CRASH_Interface.o
 .bss           0x00000000        0x0 APP/CRASH/src/CRASH_Interface.o
 .text.CRASH_SetSpeed
                0x00000000       0x16 APP/CRASH/src/CRASH_Interface.o
 .text.CRASH_SetDirection
                0x00000000       0x10 APP/CRASH/src/CRASH_Interface.o
 .text.CRASH_GetSpeed
                0x00000000       0x1a APP/CRASH/src/CRASH_Interface.o
 .text.CRASH_GetDirection
                0x00000000       0x14 APP/CRASH/src/CRASH_Interface.o
 .bss.gu8_Dir   0x00000000        0x1 APP/CRASH/src/CRASH_Interface.o
 .bss.gu16_Speed
                0x00000000        0x2 APP/CRASH/src/CRASH_Interface.o
 .debug_info    0x00000000      0x1c9 APP/CRASH/src/CRASH_Interface.o
 .debug_abbrev  0x00000000       0x8f APP/CRASH/src/CRASH_Interface.o
 .debug_loc     0x00000000      0x188 APP/CRASH/src/CRASH_Interface.o
 .debug_aranges
                0x00000000       0x38 APP/CRASH/src/CRASH_Interface.o
 .debug_ranges  0x00000000       0x28 APP/CRASH/src/CRASH_Interface.o
 .debug_line    0x00000000      0x110 APP/CRASH/src/CRASH_Interface.o
 .debug_str     0x00000000      0x25e APP/CRASH/src/CRASH_Interface.o
 .comment       0x00000000       0x31 APP/CRASH/src/CRASH_Interface.o
 .debug_frame   0x00000000       0x54 APP/CRASH/src/CRASH_Interface.o
 .text          0x00000000        0x0 APP/CRASH/src/CRASH_Lcfg.o
 .data          0x00000000        0x0 APP/CRASH/src/CRASH_Lcfg.o
 .bss           0x00000000        0x0 APP/CRASH/src/CRASH_Lcfg.o
 .rodata.gd64_LowerDistanceLimit
                0x00000000        0x4 APP/CRASH/src/CRASH_Lcfg.o
 .rodata.gd64_UpperDistanceLimit
                0x00000000        0x4 APP/CRASH/src/CRASH_Lcfg.o
 .debug_info    0x00000000       0x98 APP/CRASH/src/CRASH_Lcfg.o
 .debug_abbrev  0x00000000       0x40 APP/CRASH/src/CRASH_Lcfg.o
 .debug_aranges
                0x00000000       0x18 APP/CRASH/src/CRASH_Lcfg.o
 .debug_line    0x00000000       0x51 APP/CRASH/src/CRASH_Lcfg.o
 .debug_str     0x00000000      0x1ee APP/CRASH/src/CRASH_Lcfg.o
 .comment       0x00000000       0x31 APP/CRASH/src/CRASH_Lcfg.o
 .text          0x00000000        0x0 APP/SENSING/src/SENSING.o
 .data          0x00000000        0x0 APP/SENSING/src/SENSING.o
 .bss           0x00000000        0x0 APP/SENSING/src/SENSING.o
 .text          0x00000000        0x0 APP/SENSING/src/SENSING_Interface.o
 .data          0x00000000        0x0 APP/SENSING/src/SENSING_Interface.o
 .bss           0x00000000        0x0 APP/SENSING/src/SENSING_Interface.o
 .text          0x00000000        0x0 APP/STEERING/src/STEERING.o
 .data          0x00000000        0x0 APP/STEERING/src/STEERING.o
 .bss           0x00000000        0x0 APP/STEERING/src/STEERING.o
 .text.STEERING_Init
                0x00000000        0x6 APP/STEERING/src/STEERING.o
 .text.STEERING_MainFunction
                0x00000000       0xc4 APP/STEERING/src/STEERING.o
 .bss.u8_InitFlag.1733
                0x00000000        0x1 APP/STEERING/src/STEERING.o
 .bss.u8_dir    0x00000000        0x1 APP/STEERING/src/STEERING.o
 .bss.u16_speed
                0x00000000        0x2 APP/STEERING/src/STEERING.o
 .debug_info    0x00000000      0x25d APP/STEERING/src/STEERING.o
 .debug_abbrev  0x00000000       0xc3 APP/STEERING/src/STEERING.o
 .debug_loc     0x00000000       0x4e APP/STEERING/src/STEERING.o
 .debug_aranges
                0x00000000       0x28 APP/STEERING/src/STEERING.o
 .debug_ranges  0x00000000       0x18 APP/STEERING/src/STEERING.o
 .debug_line    0x00000000      0x164 APP/STEERING/src/STEERING.o
 .debug_str     0x00000000      0x26b APP/STEERING/src/STEERING.o
 .comment       0x00000000       0x31 APP/STEERING/src/STEERING.o
 .debug_frame   0x00000000       0x40 APP/STEERING/src/STEERING.o
 .text          0x00000000        0x0 APP/STEERING/src/STEERING_Interface.o
 .data          0x00000000        0x0 APP/STEERING/src/STEERING_Interface.o
 .bss           0x00000000        0x0 APP/STEERING/src/STEERING_Interface.o
 .text.STEERING_Set
                0x00000000       0x20 APP/STEERING/src/STEERING_Interface.o
 .text.STEERING_Get
                0x00000000       0x2a APP/STEERING/src/STEERING_Interface.o
 .bss.gstr_Steering_State
                0x00000000        0x3 APP/STEERING/src/STEERING_Interface.o
 .debug_info    0x00000000      0x196 APP/STEERING/src/STEERING_Interface.o
 .debug_abbrev  0x00000000       0xad APP/STEERING/src/STEERING_Interface.o
 .debug_loc     0x00000000       0xf6 APP/STEERING/src/STEERING_Interface.o
 .debug_aranges
                0x00000000       0x28 APP/STEERING/src/STEERING_Interface.o
 .debug_ranges  0x00000000       0x18 APP/STEERING/src/STEERING_Interface.o
 .debug_line    0x00000000      0x108 APP/STEERING/src/STEERING_Interface.o
 .debug_str     0x00000000      0x276 APP/STEERING/src/STEERING_Interface.o
 .comment       0x00000000       0x31 APP/STEERING/src/STEERING_Interface.o
 .debug_frame   0x00000000       0x34 APP/STEERING/src/STEERING_Interface.o
 .text          0x00000000        0x0 HAL/MOTOR/src/MOTOR.o
 .data          0x00000000        0x0 HAL/MOTOR/src/MOTOR.o
 .bss           0x00000000        0x0 HAL/MOTOR/src/MOTOR.o
 .text.MOTOR_init
                0x00000000       0x62 HAL/MOTOR/src/MOTOR.o
 .text.MOTOR_start
                0x00000000       0xdc HAL/MOTOR/src/MOTOR.o
 .text.MOTOR_stop
                0x00000000       0x76 HAL/MOTOR/src/MOTOR.o
 .text.MOTOR_Update_dir
                0x00000000       0xcc HAL/MOTOR/src/MOTOR.o
 .bss.gu8_InitFlag
                0x00000000        0x1 HAL/MOTOR/src/MOTOR.o
 .bss.gu8_ERROR_STAT
                0x00000000        0x1 HAL/MOTOR/src/MOTOR.o
 .debug_info    0x00000000      0x647 HAL/MOTOR/src/MOTOR.o
 .debug_abbrev  0x00000000      0x11a HAL/MOTOR/src/MOTOR.o
 .debug_loc     0x00000000      0x37e HAL/MOTOR/src/MOTOR.o
 .debug_aranges
                0x00000000       0x38 HAL/MOTOR/src/MOTOR.o
 .debug_ranges  0x00000000       0x28 HAL/MOTOR/src/MOTOR.o
 .debug_line    0x00000000      0x2df HAL/MOTOR/src/MOTOR.o
 .debug_str     0x00000000      0x38f HAL/MOTOR/src/MOTOR.o
 .comment       0x00000000       0x31 HAL/MOTOR/src/MOTOR.o
 .debug_frame   0x00000000       0x84 HAL/MOTOR/src/MOTOR.o
 .text          0x00000000        0x0 HAL/MOTOR/src/MOTOR_Lcfg.o
 .data          0x00000000        0x0 HAL/MOTOR/src/MOTOR_Lcfg.o
 .bss           0x00000000        0x0 HAL/MOTOR/src/MOTOR_Lcfg.o
 .rodata.gastr_Motor_Config
                0x00000000        0x8 HAL/MOTOR/src/MOTOR_Lcfg.o
 .debug_info    0x00000000      0x15c HAL/MOTOR/src/MOTOR_Lcfg.o
 .debug_abbrev  0x00000000       0x8a HAL/MOTOR/src/MOTOR_Lcfg.o
 .debug_aranges
                0x00000000       0x18 HAL/MOTOR/src/MOTOR_Lcfg.o
 .debug_line    0x00000000       0x8b HAL/MOTOR/src/MOTOR_Lcfg.o
 .debug_str     0x00000000      0x291 HAL/MOTOR/src/MOTOR_Lcfg.o
 .comment       0x00000000       0x31 HAL/MOTOR/src/MOTOR_Lcfg.o
 .text          0x00000000        0x0 HAL/USONIC/src/USONIC.o
 .data          0x00000000        0x0 HAL/USONIC/src/USONIC.o
 .bss           0x00000000        0x0 HAL/USONIC/src/USONIC.o
 .text          0x00000000        0x0 HAL/USONIC/src/USONIC_Lcfg.o
 .data          0x00000000        0x0 HAL/USONIC/src/USONIC_Lcfg.o
 .bss           0x00000000        0x0 HAL/USONIC/src/USONIC_Lcfg.o
 .text          0x00000000        0x0 LIB/UTILS.o
 .data          0x00000000        0x0 LIB/UTILS.o
 .bss           0x00000000        0x0 LIB/UTILS.o
 .text.dummy_delay
                0x00000000       0x54 LIB/UTILS.o
 .text.StringCompare
                0x00000000       0x42 LIB/UTILS.o
 .text.STR_Length
                0x00000000       0x26 LIB/UTILS.o
 .text.STR_CharIsNumeric
                0x00000000       0x16 LIB/UTILS.o
 .text.STR_StringIsNumeric
                0x00000000       0x54 LIB/UTILS.o
 .text.STR_CompareString
                0x00000000       0x40 LIB/UTILS.o
 .text.STR_String2Number
                0x00000000       0x80 LIB/UTILS.o
 .text.STR_StringReverse
                0x00000000       0x26 LIB/UTILS.o
 .text.STR_Number2String
                0x00000000       0x54 LIB/UTILS.o
 .debug_info    0x00000000      0x3a3 LIB/UTILS.o
 .debug_abbrev  0x00000000      0x124 LIB/UTILS.o
 .debug_loc     0x00000000      0x567 LIB/UTILS.o
 .debug_aranges
                0x00000000       0x60 LIB/UTILS.o
 .debug_ranges  0x00000000       0x50 LIB/UTILS.o
 .debug_line    0x00000000      0x30c LIB/UTILS.o
 .debug_str     0x00000000      0x2e0 LIB/UTILS.o
 .comment       0x00000000       0x31 LIB/UTILS.o
 .debug_frame   0x00000000      0x10c LIB/UTILS.o
 .text          0x00000000        0x0 main.o
 .data          0x00000000        0x0 main.o
 .bss           0x00000000        0x0 main.o
 .text.SensingTask
                0x00000000       0x68 main.o
 .text.CrashTask
                0x00000000       0x68 main.o
 .text.SteeringTask
                0x00000000       0xc2 main.o
 .bss.u8_InitFlag.1856
                0x00000000        0x1 main.o
 .text          0x00000000        0x0 MCAL/DIO/src/DIO.o
 .data          0x00000000        0x0 MCAL/DIO/src/DIO.o
 .bss           0x00000000        0x0 MCAL/DIO/src/DIO.o
 .text.DIO_TogglePin
                0x00000000       0x7c MCAL/DIO/src/DIO.o
 .text.DIO_ReadPin
                0x00000000       0x86 MCAL/DIO/src/DIO.o
 .text.DIO_EnablePinPullup
                0x00000000       0x7c MCAL/DIO/src/DIO.o
 .text          0x00000000        0x0 MCAL/GLOBAL_Interrupt/src/GLOBAL_Interrupt.o
 .data          0x00000000        0x0 MCAL/GLOBAL_Interrupt/src/GLOBAL_Interrupt.o
 .bss           0x00000000        0x0 MCAL/GLOBAL_Interrupt/src/GLOBAL_Interrupt.o
 .text.GLOBALINTTERUPTS_Disable
                0x00000000        0x8 MCAL/GLOBAL_Interrupt/src/GLOBAL_Interrupt.o
 .text          0x00000000        0x0 MCAL/ICU/src/ICU.o
 .data          0x00000000        0x0 MCAL/ICU/src/ICU.o
 .bss           0x00000000        0x0 MCAL/ICU/src/ICU.o
 .text.ICU_CalculateTimeOn
                0x00000000       0xa0 MCAL/ICU/src/ICU.o
 .text.ICU_UpdateTimeOn
                0x00000000       0xda MCAL/ICU/src/ICU.o
 .text.ICU_GetTIFRRegistert
                0x00000000       0x12 MCAL/ICU/src/ICU.o
 .bss.OverflowCounter
                0x00000000        0x4 MCAL/ICU/src/ICU.o
 .text          0x00000000        0x0 MCAL/ICU/src/ICU_Lcfg.o
 .data          0x00000000        0x0 MCAL/ICU/src/ICU_Lcfg.o
 .bss           0x00000000        0x0 MCAL/ICU/src/ICU_Lcfg.o
 .text          0x00000000        0x0 MCAL/PWM/src/PWM.o
 .data          0x00000000        0x0 MCAL/PWM/src/PWM.o
 .bss           0x00000000        0x0 MCAL/PWM/src/PWM.o
 .text.PWM_Init
                0x00000000       0x62 MCAL/PWM/src/PWM.o
 .text.PWM_Start
                0x00000000       0x18 MCAL/PWM/src/PWM.o
 .text.PWM_Stop
                0x00000000       0x12 MCAL/PWM/src/PWM.o
 .text.PWM_Connect
                0x00000000       0x22 MCAL/PWM/src/PWM.o
 .text.PWM_Disconnect
                0x00000000       0x12 MCAL/PWM/src/PWM.o
 .text.PWM_SetDuty
                0x00000000       0x58 MCAL/PWM/src/PWM.o
 .debug_info    0x00000000      0x385 MCAL/PWM/src/PWM.o
 .debug_abbrev  0x00000000      0x111 MCAL/PWM/src/PWM.o
 .debug_loc     0x00000000      0x25b MCAL/PWM/src/PWM.o
 .debug_aranges
                0x00000000       0x48 MCAL/PWM/src/PWM.o
 .debug_ranges  0x00000000       0x38 MCAL/PWM/src/PWM.o
 .debug_line    0x00000000      0x1f3 MCAL/PWM/src/PWM.o
 .debug_str     0x00000000      0x3e3 MCAL/PWM/src/PWM.o
 .comment       0x00000000       0x31 MCAL/PWM/src/PWM.o
 .debug_frame   0x00000000       0x74 MCAL/PWM/src/PWM.o
 .text          0x00000000        0x0 MCAL/PWM/src/PWM_Lcfg.o
 .data          0x00000000        0x0 MCAL/PWM/src/PWM_Lcfg.o
 .bss           0x00000000        0x0 MCAL/PWM/src/PWM_Lcfg.o
 .data.gastr_PWMConfig
                0x00000000        0xc MCAL/PWM/src/PWM_Lcfg.o
 .debug_info    0x00000000      0x185 MCAL/PWM/src/PWM_Lcfg.o
 .debug_abbrev  0x00000000       0x83 MCAL/PWM/src/PWM_Lcfg.o
 .debug_aranges
                0x00000000       0x18 MCAL/PWM/src/PWM_Lcfg.o
 .debug_line    0x00000000       0x6c MCAL/PWM/src/PWM_Lcfg.o
 .debug_str     0x00000000      0x330 MCAL/PWM/src/PWM_Lcfg.o
 .comment       0x00000000       0x31 MCAL/PWM/src/PWM_Lcfg.o
 .text          0x00000000        0x0 OS/src/OS.o
 .data          0x00000000        0x0 OS/src/OS.o
 .bss           0x00000000        0x0 OS/src/OS.o
 .text.OS_IdealTask
                0x00000000        0xa OS/src/OS.o
 .text.OS_Start
                0x00000000        0xa OS/src/OS.o
 .text.OS_Init  0x00000000       0x6e OS/src/OS.o
 .text.OS_Run   0x00000000       0x94 OS/src/OS.o
 .text          0x00000000        0x0 OS/src/OS_Interface.o
 .data          0x00000000        0x0 OS/src/OS_Interface.o
 .bss           0x00000000        0x0 OS/src/OS_Interface.o
 .text.OS_CreateTask
                0x00000000      0x15e OS/src/OS_Interface.o
 .text.OS_DeleteTask
                0x00000000       0x20 OS/src/OS_Interface.o
 .text.OS_SuspandTask
                0x00000000       0x20 OS/src/OS_Interface.o
 .text.OS_UnsuspandTask
                0x00000000       0x18 OS/src/OS_Interface.o
 .text.OS_Get   0x00000000       0x16 OS/src/OS_Interface.o
 .bss.gau8_OS_TaskCounter
                0x00000000        0x3 OS/src/OS_Interface.o
 .bss.gastr_OS_TaskCfg
                0x00000000       0x32 OS/src/OS_Interface.o
 .text          0x00000000        0x0 OS/src/OS_Lcfg.o
 .data          0x00000000        0x0 OS/src/OS_Lcfg.o
 .bss           0x00000000        0x0 OS/src/OS_Lcfg.o
 .data.gstr_OS_SchedulerCfg
                0x00000000        0x8 OS/src/OS_Lcfg.o
 .debug_info    0x00000000       0xe5 OS/src/OS_Lcfg.o
 .debug_abbrev  0x00000000       0x69 OS/src/OS_Lcfg.o
 .debug_aranges
                0x00000000       0x18 OS/src/OS_Lcfg.o
 .debug_line    0x00000000       0x5e OS/src/OS_Lcfg.o
 .debug_str     0x00000000      0x242 OS/src/OS_Lcfg.o
 .comment       0x00000000       0x31 OS/src/OS_Lcfg.o
 .text          0x00000000        0x0 c:/program files (x86)/atmel/studio/7.0/toolchain/avr8/avr8-gnu-toolchain/bin/../lib/gcc/avr/5.4.0/../../../../avr/lib/avr5\libm.a(addsf3.o)
 .data          0x00000000        0x0 c:/program files (x86)/atmel/studio/7.0/toolchain/avr8/avr8-gnu-toolchain/bin/../lib/gcc/avr/5.4.0/../../../../avr/lib/avr5\libm.a(addsf3.o)
 .bss           0x00000000        0x0 c:/program files (x86)/atmel/studio/7.0/toolchain/avr8/avr8-gnu-toolchain/bin/../lib/gcc/avr/5.4.0/../../../../avr/lib/avr5\libm.a(addsf3.o)
 .text.avr-libc.fplib
                0x00000000        0xe c:/program files (x86)/atmel/studio/7.0/toolchain/avr8/avr8-gnu-toolchain/bin/../lib/gcc/avr/5.4.0/../../../../avr/lib/avr5\libm.a(addsf3.o)
 .text          0x00000000        0x0 c:/program files (x86)/atmel/studio/7.0/toolchain/avr8/avr8-gnu-toolchain/bin/../lib/gcc/avr/5.4.0/../../../../avr/lib/avr5\libm.a(addsf3x.o)
 .data          0x00000000        0x0 c:/program files (x86)/atmel/studio/7.0/toolchain/avr8/avr8-gnu-toolchain/bin/../lib/gcc/avr/5.4.0/../../../../avr/lib/avr5\libm.a(addsf3x.o)
 .bss           0x00000000        0x0 c:/program files (x86)/atmel/studio/7.0/toolchain/avr8/avr8-gnu-toolchain/bin/../lib/gcc/avr/5.4.0/../../../../avr/lib/avr5\libm.a(addsf3x.o)
 .text.avr-libc.fplib
                0x00000000       0xcc c:/program files (x86)/atmel/studio/7.0/toolchain/avr8/avr8-gnu-toolchain/bin/../lib/gcc/avr/5.4.0/../../../../avr/lib/avr5\libm.a(addsf3x.o)
 .text          0x00000000        0x0 c:/program files (x86)/atmel/studio/7.0/toolchain/avr8/avr8-gnu-toolchain/bin/../lib/gcc/avr/5.4.0/../../../../avr/lib/avr5\libm.a(cmpsf2.o)
 .data          0x00000000        0x0 c:/program files (x86)/atmel/studio/7.0/toolchain/avr8/avr8-gnu-toolchain/bin/../lib/gcc/avr/5.4.0/../../../../avr/lib/avr5\libm.a(cmpsf2.o)
 .bss           0x00000000        0x0 c:/program files (x86)/atmel/studio/7.0/toolchain/avr8/avr8-gnu-toolchain/bin/../lib/gcc/avr/5.4.0/../../../../avr/lib/avr5\libm.a(cmpsf2.o)
 .text          0x00000000        0x0 c:/program files (x86)/atmel/studio/7.0/toolchain/avr8/avr8-gnu-toolchain/bin/../lib/gcc/avr/5.4.0/../../../../avr/lib/avr5\libm.a(divsf3.o)
 .data          0x00000000        0x0 c:/program files (x86)/atmel/studio/7.0/toolchain/avr8/avr8-gnu-toolchain/bin/../lib/gcc/avr/5.4.0/../../../../avr/lib/avr5\libm.a(divsf3.o)
 .bss           0x00000000        0x0 c:/program files (x86)/atmel/studio/7.0/toolchain/avr8/avr8-gnu-toolchain/bin/../lib/gcc/avr/5.4.0/../../../../avr/lib/avr5\libm.a(divsf3.o)
 .text          0x00000000        0x0 c:/program files (x86)/atmel/studio/7.0/toolchain/avr8/avr8-gnu-toolchain/bin/../lib/gcc/avr/5.4.0/../../../../avr/lib/avr5\libm.a(divsf3x.o)
 .data          0x00000000        0x0 c:/program files (x86)/atmel/studio/7.0/toolchain/avr8/avr8-gnu-toolchain/bin/../lib/gcc/avr/5.4.0/../../../../avr/lib/avr5\libm.a(divsf3x.o)
 .bss           0x00000000        0x0 c:/program files (x86)/atmel/studio/7.0/toolchain/avr8/avr8-gnu-toolchain/bin/../lib/gcc/avr/5.4.0/../../../../avr/lib/avr5\libm.a(divsf3x.o)
 .text          0x00000000        0x0 c:/program files (x86)/atmel/studio/7.0/toolchain/avr8/avr8-gnu-toolchain/bin/../lib/gcc/avr/5.4.0/../../../../avr/lib/avr5\libm.a(fixunssfsi.o)
 .data          0x00000000        0x0 c:/program files (x86)/atmel/studio/7.0/toolchain/avr8/avr8-gnu-toolchain/bin/../lib/gcc/avr/5.4.0/../../../../avr/lib/avr5\libm.a(fixunssfsi.o)
 .bss           0x00000000        0x0 c:/program files (x86)/atmel/studio/7.0/toolchain/avr8/avr8-gnu-toolchain/bin/../lib/gcc/avr/5.4.0/../../../../avr/lib/avr5\libm.a(fixunssfsi.o)
 .text.avr-libc.fplib
                0x00000000       0x5e c:/program files (x86)/atmel/studio/7.0/toolchain/avr8/avr8-gnu-toolchain/bin/../lib/gcc/avr/5.4.0/../../../../avr/lib/avr5\libm.a(fixunssfsi.o)
 .text          0x00000000        0x0 c:/program files (x86)/atmel/studio/7.0/toolchain/avr8/avr8-gnu-toolchain/bin/../lib/gcc/avr/5.4.0/../../../../avr/lib/avr5\libm.a(floatsisf.o)
 .data          0x00000000        0x0 c:/program files (x86)/atmel/studio/7.0/toolchain/avr8/avr8-gnu-toolchain/bin/../lib/gcc/avr/5.4.0/../../../../avr/lib/avr5\libm.a(floatsisf.o)
 .bss           0x00000000        0x0 c:/program files (x86)/atmel/studio/7.0/toolchain/avr8/avr8-gnu-toolchain/bin/../lib/gcc/avr/5.4.0/../../../../avr/lib/avr5\libm.a(floatsisf.o)
 .text          0x00000000        0x0 c:/program files (x86)/atmel/studio/7.0/toolchain/avr8/avr8-gnu-toolchain/bin/../lib/gcc/avr/5.4.0/../../../../avr/lib/avr5\libm.a(floatundisf.o)
 .data          0x00000000        0x0 c:/program files (x86)/atmel/studio/7.0/toolchain/avr8/avr8-gnu-toolchain/bin/../lib/gcc/avr/5.4.0/../../../../avr/lib/avr5\libm.a(floatundisf.o)
 .bss           0x00000000        0x0 c:/program files (x86)/atmel/studio/7.0/toolchain/avr8/avr8-gnu-toolchain/bin/../lib/gcc/avr/5.4.0/../../../../avr/lib/avr5\libm.a(floatundisf.o)
 .text          0x00000000        0x0 c:/program files (x86)/atmel/studio/7.0/toolchain/avr8/avr8-gnu-toolchain/bin/../lib/gcc/avr/5.4.0/../../../../avr/lib/avr5\libm.a(fp_cmp.o)
 .data          0x00000000        0x0 c:/program files (x86)/atmel/studio/7.0/toolchain/avr8/avr8-gnu-toolchain/bin/../lib/gcc/avr/5.4.0/../../../../avr/lib/avr5\libm.a(fp_cmp.o)
 .bss           0x00000000        0x0 c:/program files (x86)/atmel/studio/7.0/toolchain/avr8/avr8-gnu-toolchain/bin/../lib/gcc/avr/5.4.0/../../../../avr/lib/avr5\libm.a(fp_cmp.o)
 .text          0x00000000        0x0 c:/program files (x86)/atmel/studio/7.0/toolchain/avr8/avr8-gnu-toolchain/bin/../lib/gcc/avr/5.4.0/../../../../avr/lib/avr5\libm.a(fp_inf.o)
 .data          0x00000000        0x0 c:/program files (x86)/atmel/studio/7.0/toolchain/avr8/avr8-gnu-toolchain/bin/../lib/gcc/avr/5.4.0/../../../../avr/lib/avr5\libm.a(fp_inf.o)
 .bss           0x00000000        0x0 c:/program files (x86)/atmel/studio/7.0/toolchain/avr8/avr8-gnu-toolchain/bin/../lib/gcc/avr/5.4.0/../../../../avr/lib/avr5\libm.a(fp_inf.o)
 .text          0x00000000        0x0 c:/program files (x86)/atmel/studio/7.0/toolchain/avr8/avr8-gnu-toolchain/bin/../lib/gcc/avr/5.4.0/../../../../avr/lib/avr5\libm.a(fp_nan.o)
 .data          0x00000000        0x0 c:/program files (x86)/atmel/studio/7.0/toolchain/avr8/avr8-gnu-toolchain/bin/../lib/gcc/avr/5.4.0/../../../../avr/lib/avr5\libm.a(fp_nan.o)
 .bss           0x00000000        0x0 c:/program files (x86)/atmel/studio/7.0/toolchain/avr8/avr8-gnu-toolchain/bin/../lib/gcc/avr/5.4.0/../../../../avr/lib/avr5\libm.a(fp_nan.o)
 .text          0x00000000        0x0 c:/program files (x86)/atmel/studio/7.0/toolchain/avr8/avr8-gnu-toolchain/bin/../lib/gcc/avr/5.4.0/../../../../avr/lib/avr5\libm.a(fp_pscA.o)
 .data          0x00000000        0x0 c:/program files (x86)/atmel/studio/7.0/toolchain/avr8/avr8-gnu-toolchain/bin/../lib/gcc/avr/5.4.0/../../../../avr/lib/avr5\libm.a(fp_pscA.o)
 .bss           0x00000000        0x0 c:/program files (x86)/atmel/studio/7.0/toolchain/avr8/avr8-gnu-toolchain/bin/../lib/gcc/avr/5.4.0/../../../../avr/lib/avr5\libm.a(fp_pscA.o)
 .text          0x00000000        0x0 c:/program files (x86)/atmel/studio/7.0/toolchain/avr8/avr8-gnu-toolchain/bin/../lib/gcc/avr/5.4.0/../../../../avr/lib/avr5\libm.a(fp_pscB.o)
 .data          0x00000000        0x0 c:/program files (x86)/atmel/studio/7.0/toolchain/avr8/avr8-gnu-toolchain/bin/../lib/gcc/avr/5.4.0/../../../../avr/lib/avr5\libm.a(fp_pscB.o)
 .bss           0x00000000        0x0 c:/program files (x86)/atmel/studio/7.0/toolchain/avr8/avr8-gnu-toolchain/bin/../lib/gcc/avr/5.4.0/../../../../avr/lib/avr5\libm.a(fp_pscB.o)
 .text          0x00000000        0x0 c:/program files (x86)/atmel/studio/7.0/toolchain/avr8/avr8-gnu-toolchain/bin/../lib/gcc/avr/5.4.0/../../../../avr/lib/avr5\libm.a(fp_round.o)
 .data          0x00000000        0x0 c:/program files (x86)/atmel/studio/7.0/toolchain/avr8/avr8-gnu-toolchain/bin/../lib/gcc/avr/5.4.0/../../../../avr/lib/avr5\libm.a(fp_round.o)
 .bss           0x00000000        0x0 c:/program files (x86)/atmel/studio/7.0/toolchain/avr8/avr8-gnu-toolchain/bin/../lib/gcc/avr/5.4.0/../../../../avr/lib/avr5\libm.a(fp_round.o)
 .text          0x00000000        0x0 c:/program files (x86)/atmel/studio/7.0/toolchain/avr8/avr8-gnu-toolchain/bin/../lib/gcc/avr/5.4.0/../../../../avr/lib/avr5\libm.a(fp_split3.o)
 .data          0x00000000        0x0 c:/program files (x86)/atmel/studio/7.0/toolchain/avr8/avr8-gnu-toolchain/bin/../lib/gcc/avr/5.4.0/../../../../avr/lib/avr5\libm.a(fp_split3.o)
 .bss           0x00000000        0x0 c:/program files (x86)/atmel/studio/7.0/toolchain/avr8/avr8-gnu-toolchain/bin/../lib/gcc/avr/5.4.0/../../../../avr/lib/avr5\libm.a(fp_split3.o)
 .text          0x00000000        0x0 c:/program files (x86)/atmel/studio/7.0/toolchain/avr8/avr8-gnu-toolchain/bin/../lib/gcc/avr/5.4.0/../../../../avr/lib/avr5\libm.a(fp_zero.o)
 .data          0x00000000        0x0 c:/program files (x86)/atmel/studio/7.0/toolchain/avr8/avr8-gnu-toolchain/bin/../lib/gcc/avr/5.4.0/../../../../avr/lib/avr5\libm.a(fp_zero.o)
 .bss           0x00000000        0x0 c:/program files (x86)/atmel/studio/7.0/toolchain/avr8/avr8-gnu-toolchain/bin/../lib/gcc/avr/5.4.0/../../../../avr/lib/avr5\libm.a(fp_zero.o)
 .text          0x00000000        0x0 c:/program files (x86)/atmel/studio/7.0/toolchain/avr8/avr8-gnu-toolchain/bin/../lib/gcc/avr/5.4.0/../../../../avr/lib/avr5\libm.a(mulsf3.o)
 .data          0x00000000        0x0 c:/program files (x86)/atmel/studio/7.0/toolchain/avr8/avr8-gnu-toolchain/bin/../lib/gcc/avr/5.4.0/../../../../avr/lib/avr5\libm.a(mulsf3.o)
 .bss           0x00000000        0x0 c:/program files (x86)/atmel/studio/7.0/toolchain/avr8/avr8-gnu-toolchain/bin/../lib/gcc/avr/5.4.0/../../../../avr/lib/avr5\libm.a(mulsf3.o)
 .text          0x00000000        0x0 c:/program files (x86)/atmel/studio/7.0/toolchain/avr8/avr8-gnu-toolchain/bin/../lib/gcc/avr/5.4.0/../../../../avr/lib/avr5\libm.a(mulsf3x.o)
 .data          0x00000000        0x0 c:/program files (x86)/atmel/studio/7.0/toolchain/avr8/avr8-gnu-toolchain/bin/../lib/gcc/avr/5.4.0/../../../../avr/lib/avr5\libm.a(mulsf3x.o)
 .bss           0x00000000        0x0 c:/program files (x86)/atmel/studio/7.0/toolchain/avr8/avr8-gnu-toolchain/bin/../lib/gcc/avr/5.4.0/../../../../avr/lib/avr5\libm.a(mulsf3x.o)
 .text          0x00000000        0x0 c:/program files (x86)/atmel/studio/7.0/toolchain/avr8/avr8-gnu-toolchain/bin/../lib/gcc/avr/5.4.0/avr5\libgcc.a(_udivmodsi4.o)
 .data          0x00000000        0x0 c:/program files (x86)/atmel/studio/7.0/toolchain/avr8/avr8-gnu-toolchain/bin/../lib/gcc/avr/5.4.0/avr5\libgcc.a(_udivmodsi4.o)
 .bss           0x00000000        0x0 c:/program files (x86)/atmel/studio/7.0/toolchain/avr8/avr8-gnu-toolchain/bin/../lib/gcc/avr/5.4.0/avr5\libgcc.a(_udivmodsi4.o)
 .text.libgcc.mul
                0x00000000        0x0 c:/program files (x86)/atmel/studio/7.0/toolchain/avr8/avr8-gnu-toolchain/bin/../lib/gcc/avr/5.4.0/avr5\libgcc.a(_udivmodsi4.o)
 .text.libgcc.div
                0x00000000       0x44 c:/program files (x86)/atmel/studio/7.0/toolchain/avr8/avr8-gnu-toolchain/bin/../lib/gcc/avr/5.4.0/avr5\libgcc.a(_udivmodsi4.o)
 .text.libgcc   0x00000000        0x0 c:/program files (x86)/atmel/studio/7.0/toolchain/avr8/avr8-gnu-toolchain/bin/../lib/gcc/avr/5.4.0/avr5\libgcc.a(_udivmodsi4.o)
 .text.libgcc.prologue
                0x00000000        0x0 c:/program files (x86)/atmel/studio/7.0/toolchain/avr8/avr8-gnu-toolchain/bin/../lib/gcc/avr/5.4.0/avr5\libgcc.a(_udivmodsi4.o)
 .text.libgcc.builtins
                0x00000000        0x0 c:/program files (x86)/atmel/studio/7.0/toolchain/avr8/avr8-gnu-toolchain/bin/../lib/gcc/avr/5.4.0/avr5\libgcc.a(_udivmodsi4.o)
 .text.libgcc.fmul
                0x00000000        0x0 c:/program files (x86)/atmel/studio/7.0/toolchain/avr8/avr8-gnu-toolchain/bin/../lib/gcc/avr/5.4.0/avr5\libgcc.a(_udivmodsi4.o)
 .text.libgcc.fixed
                0x00000000        0x0 c:/program files (x86)/atmel/studio/7.0/toolchain/avr8/avr8-gnu-toolchain/bin/../lib/gcc/avr/5.4.0/avr5\libgcc.a(_udivmodsi4.o)
 .text          0x00000000        0x0 c:/program files (x86)/atmel/studio/7.0/toolchain/avr8/avr8-gnu-toolchain/bin/../lib/gcc/avr/5.4.0/avr5\libgcc.a(_exit.o)
 .data          0x00000000        0x0 c:/program files (x86)/atmel/studio/7.0/toolchain/avr8/avr8-gnu-toolchain/bin/../lib/gcc/avr/5.4.0/avr5\libgcc.a(_exit.o)
 .bss           0x00000000        0x0 c:/program files (x86)/atmel/studio/7.0/toolchain/avr8/avr8-gnu-toolchain/bin/../lib/gcc/avr/5.4.0/avr5\libgcc.a(_exit.o)
 .text.libgcc.mul
                0x00000000        0x0 c:/program files (x86)/atmel/studio/7.0/toolchain/avr8/avr8-gnu-toolchain/bin/../lib/gcc/avr/5.4.0/avr5\libgcc.a(_exit.o)
 .text.libgcc.div
                0x00000000        0x0 c:/program files (x86)/atmel/studio/7.0/toolchain/avr8/avr8-gnu-toolchain/bin/../lib/gcc/avr/5.4.0/avr5\libgcc.a(_exit.o)
 .text.libgcc   0x00000000        0x0 c:/program files (x86)/atmel/studio/7.0/toolchain/avr8/avr8-gnu-toolchain/bin/../lib/gcc/avr/5.4.0/avr5\libgcc.a(_exit.o)
 .text.libgcc.prologue
                0x00000000        0x0 c:/program files (x86)/atmel/studio/7.0/toolchain/avr8/avr8-gnu-toolchain/bin/../lib/gcc/avr/5.4.0/avr5\libgcc.a(_exit.o)
 .text.libgcc.builtins
                0x00000000        0x0 c:/program files (x86)/atmel/studio/7.0/toolchain/avr8/avr8-gnu-toolchain/bin/../lib/gcc/avr/5.4.0/avr5\libgcc.a(_exit.o)
 .text.libgcc.fmul
                0x00000000        0x0 c:/program files (x86)/atmel/studio/7.0/toolchain/avr8/avr8-gnu-toolchain/bin/../lib/gcc/avr/5.4.0/avr5\libgcc.a(_exit.o)
 .text.libgcc.fixed
                0x00000000        0x0 c:/program files (x86)/atmel/studio/7.0/toolchain/avr8/avr8-gnu-toolchain/bin/../lib/gcc/avr/5.4.0/avr5\libgcc.a(_exit.o)
 .text          0x00000000        0x0 c:/program files (x86)/atmel/studio/7.0/toolchain/avr8/avr8-gnu-toolchain/bin/../lib/gcc/avr/5.4.0/avr5\libgcc.a(_copy_data.o)
 .data          0x00000000        0x0 c:/program files (x86)/atmel/studio/7.0/toolchain/avr8/avr8-gnu-toolchain/bin/../lib/gcc/avr/5.4.0/avr5\libgcc.a(_copy_data.o)
 .bss           0x00000000        0x0 c:/program files (x86)/atmel/studio/7.0/toolchain/avr8/avr8-gnu-toolchain/bin/../lib/gcc/avr/5.4.0/avr5\libgcc.a(_copy_data.o)
 .text.libgcc.mul
                0x00000000        0x0 c:/program files (x86)/atmel/studio/7.0/toolchain/avr8/avr8-gnu-toolchain/bin/../lib/gcc/avr/5.4.0/avr5\libgcc.a(_copy_data.o)
 .text.libgcc.div
                0x00000000        0x0 c:/program files (x86)/atmel/studio/7.0/toolchain/avr8/avr8-gnu-toolchain/bin/../lib/gcc/avr/5.4.0/avr5\libgcc.a(_copy_data.o)
 .text.libgcc   0x00000000        0x0 c:/program files (x86)/atmel/studio/7.0/toolchain/avr8/avr8-gnu-toolchain/bin/../lib/gcc/avr/5.4.0/avr5\libgcc.a(_copy_data.o)
 .text.libgcc.prologue
                0x00000000        0x0 c:/program files (x86)/atmel/studio/7.0/toolchain/avr8/avr8-gnu-toolchain/bin/../lib/gcc/avr/5.4.0/avr5\libgcc.a(_copy_data.o)
 .text.libgcc.builtins
                0x00000000        0x0 c:/program files (x86)/atmel/studio/7.0/toolchain/avr8/avr8-gnu-toolchain/bin/../lib/gcc/avr/5.4.0/avr5\libgcc.a(_copy_data.o)
 .text.libgcc.fmul
                0x00000000        0x0 c:/program files (x86)/atmel/studio/7.0/toolchain/avr8/avr8-gnu-toolchain/bin/../lib/gcc/avr/5.4.0/avr5\libgcc.a(_copy_data.o)
 .text.libgcc.fixed
                0x00000000        0x0 c:/program files (x86)/atmel/studio/7.0/toolchain/avr8/avr8-gnu-toolchain/bin/../lib/gcc/avr/5.4.0/avr5\libgcc.a(_copy_data.o)
 .text          0x00000000        0x0 c:/program files (x86)/atmel/studio/7.0/toolchain/avr8/avr8-gnu-toolchain/bin/../lib/gcc/avr/5.4.0/avr5\libgcc.a(_clear_bss.o)
 .data          0x00000000        0x0 c:/program files (x86)/atmel/studio/7.0/toolchain/avr8/avr8-gnu-toolchain/bin/../lib/gcc/avr/5.4.0/avr5\libgcc.a(_clear_bss.o)
 .bss           0x00000000        0x0 c:/program files (x86)/atmel/studio/7.0/toolchain/avr8/avr8-gnu-toolchain/bin/../lib/gcc/avr/5.4.0/avr5\libgcc.a(_clear_bss.o)
 .text.libgcc.mul
                0x00000000        0x0 c:/program files (x86)/atmel/studio/7.0/toolchain/avr8/avr8-gnu-toolchain/bin/../lib/gcc/avr/5.4.0/avr5\libgcc.a(_clear_bss.o)
 .text.libgcc.div
                0x00000000        0x0 c:/program files (x86)/atmel/studio/7.0/toolchain/avr8/avr8-gnu-toolchain/bin/../lib/gcc/avr/5.4.0/avr5\libgcc.a(_clear_bss.o)
 .text.libgcc   0x00000000        0x0 c:/program files (x86)/atmel/studio/7.0/toolchain/avr8/avr8-gnu-toolchain/bin/../lib/gcc/avr/5.4.0/avr5\libgcc.a(_clear_bss.o)
 .text.libgcc.prologue
                0x00000000        0x0 c:/program files (x86)/atmel/studio/7.0/toolchain/avr8/avr8-gnu-toolchain/bin/../lib/gcc/avr/5.4.0/avr5\libgcc.a(_clear_bss.o)
 .text.libgcc.builtins
                0x00000000        0x0 c:/program files (x86)/atmel/studio/7.0/toolchain/avr8/avr8-gnu-toolchain/bin/../lib/gcc/avr/5.4.0/avr5\libgcc.a(_clear_bss.o)
 .text.libgcc.fmul
                0x00000000        0x0 c:/program files (x86)/atmel/studio/7.0/toolchain/avr8/avr8-gnu-toolchain/bin/../lib/gcc/avr/5.4.0/avr5\libgcc.a(_clear_bss.o)
 .text.libgcc.fixed
                0x00000000        0x0 c:/program files (x86)/atmel/studio/7.0/toolchain/avr8/avr8-gnu-toolchain/bin/../lib/gcc/avr/5.4.0/avr5\libgcc.a(_clear_bss.o)
 .text          0x00000000        0x0 c:/program files (x86)/atmel/studio/7.0/toolchain/avr8/avr8-gnu-toolchain/bin/../lib/gcc/avr/5.4.0/avr5\libgcc.a(_muluhisi3.o)
 .data          0x00000000        0x0 c:/program files (x86)/atmel/studio/7.0/toolchain/avr8/avr8-gnu-toolchain/bin/../lib/gcc/avr/5.4.0/avr5\libgcc.a(_muluhisi3.o)
 .bss           0x00000000        0x0 c:/program files (x86)/atmel/studio/7.0/toolchain/avr8/avr8-gnu-toolchain/bin/../lib/gcc/avr/5.4.0/avr5\libgcc.a(_muluhisi3.o)
 .text.libgcc.mul
                0x00000000       0x16 c:/program files (x86)/atmel/studio/7.0/toolchain/avr8/avr8-gnu-toolchain/bin/../lib/gcc/avr/5.4.0/avr5\libgcc.a(_muluhisi3.o)
 .text.libgcc.div
                0x00000000        0x0 c:/program files (x86)/atmel/studio/7.0/toolchain/avr8/avr8-gnu-toolchain/bin/../lib/gcc/avr/5.4.0/avr5\libgcc.a(_muluhisi3.o)
 .text.libgcc   0x00000000        0x0 c:/program files (x86)/atmel/studio/7.0/toolchain/avr8/avr8-gnu-toolchain/bin/../lib/gcc/avr/5.4.0/avr5\libgcc.a(_muluhisi3.o)
 .text.libgcc.prologue
                0x00000000        0x0 c:/program files (x86)/atmel/studio/7.0/toolchain/avr8/avr8-gnu-toolchain/bin/../lib/gcc/avr/5.4.0/avr5\libgcc.a(_muluhisi3.o)
 .text.libgcc.builtins
                0x00000000        0x0 c:/program files (x86)/atmel/studio/7.0/toolchain/avr8/avr8-gnu-toolchain/bin/../lib/gcc/avr/5.4.0/avr5\libgcc.a(_muluhisi3.o)
 .text.libgcc.fmul
                0x00000000        0x0 c:/program files (x86)/atmel/studio/7.0/toolchain/avr8/avr8-gnu-toolchain/bin/../lib/gcc/avr/5.4.0/avr5\libgcc.a(_muluhisi3.o)
 .text.libgcc.fixed
                0x00000000        0x0 c:/program files (x86)/atmel/studio/7.0/toolchain/avr8/avr8-gnu-toolchain/bin/../lib/gcc/avr/5.4.0/avr5\libgcc.a(_muluhisi3.o)
 .text          0x00000000        0x0 c:/program files (x86)/atmel/studio/7.0/toolchain/avr8/avr8-gnu-toolchain/bin/../lib/gcc/avr/5.4.0/avr5\libgcc.a(_umulhisi3.o)
 .data          0x00000000        0x0 c:/program files (x86)/atmel/studio/7.0/toolchain/avr8/avr8-gnu-toolchain/bin/../lib/gcc/avr/5.4.0/avr5\libgcc.a(_umulhisi3.o)
 .bss           0x00000000        0x0 c:/program files (x86)/atmel/studio/7.0/toolchain/avr8/avr8-gnu-toolchain/bin/../lib/gcc/avr/5.4.0/avr5\libgcc.a(_umulhisi3.o)
 .text.libgcc.mul
                0x00000000       0x1e c:/program files (x86)/atmel/studio/7.0/toolchain/avr8/avr8-gnu-toolchain/bin/../lib/gcc/avr/5.4.0/avr5\libgcc.a(_umulhisi3.o)
 .text.libgcc.div
                0x00000000        0x0 c:/program files (x86)/atmel/studio/7.0/toolchain/avr8/avr8-gnu-toolchain/bin/../lib/gcc/avr/5.4.0/avr5\libgcc.a(_umulhisi3.o)
 .text.libgcc   0x00000000        0x0 c:/program files (x86)/atmel/studio/7.0/toolchain/avr8/avr8-gnu-toolchain/bin/../lib/gcc/avr/5.4.0/avr5\libgcc.a(_umulhisi3.o)
 .text.libgcc.prologue
                0x00000000        0x0 c:/program files (x86)/atmel/studio/7.0/toolchain/avr8/avr8-gnu-toolchain/bin/../lib/gcc/avr/5.4.0/avr5\libgcc.a(_umulhisi3.o)
 .text.libgcc.builtins
                0x00000000        0x0 c:/program files (x86)/atmel/studio/7.0/toolchain/avr8/avr8-gnu-toolchain/bin/../lib/gcc/avr/5.4.0/avr5\libgcc.a(_umulhisi3.o)
 .text.libgcc.fmul
                0x00000000        0x0 c:/program files (x86)/atmel/studio/7.0/toolchain/avr8/avr8-gnu-toolchain/bin/../lib/gcc/avr/5.4.0/avr5\libgcc.a(_umulhisi3.o)
 .text.libgcc.fixed
                0x00000000        0x0 c:/program files (x86)/atmel/studio/7.0/toolchain/avr8/avr8-gnu-toolchain/bin/../lib/gcc/avr/5.4.0/avr5\libgcc.a(_umulhisi3.o)

Memory Configuration

Name             Origin             Length             Attributes
text             0x00000000         0x00008000         xr
data             0x00800060         0x00000800         rw !x
eeprom           0x00810000         0x00000400         rw !x
fuse             0x00820000         0x00000002         rw !x
lock             0x00830000         0x00000400         rw !x
signature        0x00840000         0x00000400         rw !x
user_signatures  0x00850000         0x00000400         rw !x
*default*        0x00000000         0xffffffff

Linker script and memory map

LOAD C:/Program Files (x86)/Atmel/Studio/7.0/Packs/atmel/ATmega_DFP/1.6.364/gcc/dev/atmega32a/avr5/crtatmega32a.o
LOAD APP/CRASH/src/CRASH.o
LOAD APP/CRASH/src/CRASH_Interface.o
LOAD APP/CRASH/src/CRASH_Lcfg.o
LOAD APP/SENSING/src/SENSING.o
LOAD APP/SENSING/src/SENSING_Interface.o
LOAD APP/STEERING/src/STEERING.o
LOAD APP/STEERING/src/STEERING_Interface.o
LOAD HAL/MOTOR/src/MOTOR.o
LOAD HAL/MOTOR/src/MOTOR_Lcfg.o
LOAD HAL/USONIC/src/USONIC.o
LOAD HAL/USONIC/src/USONIC_Lcfg.o
LOAD LIB/UTILS.o
LOAD main.o
LOAD MCAL/DIO/src/DIO.o
LOAD MCAL/GLOBAL_Interrupt/src/GLOBAL_Interrupt.o
LOAD MCAL/ICU/src/ICU.o
LOAD MCAL/ICU/src/ICU_Lcfg.o
LOAD MCAL/PWM/src/PWM.o
LOAD MCAL/PWM/src/PWM_Lcfg.o
LOAD OS/src/OS.o
LOAD OS/src/OS_Interface.o
LOAD OS/src/OS_Lcfg.o
START GROUP
LOAD c:/program files (x86)/atmel/studio/7.0/toolchain/avr8/avr8-gnu-toolchain/bin/../lib/gcc/avr/5.4.0/../../../../avr/lib/avr5\libm.a
END GROUP
START GROUP
LOAD c:/program files (x86)/atmel/studio/7.0/toolchain/avr8/avr8-gnu-toolchain/bin/../lib/gcc/avr/5.4.0/avr5\libgcc.a
LOAD c:/program files (x86)/atmel/studio/7.0/toolchain/avr8/avr8-gnu-toolchain/bin/../lib/gcc/avr/5.4.0/../../../../avr/lib/avr5\libm.a
LOAD c:/program files (x86)/atmel/studio/7.0/toolchain/avr8/avr8-gnu-toolchain/bin/../lib/gcc/avr/5.4.0/../../../../avr/lib/avr5\libc.a
LOAD C:/Program Files (x86)/Atmel/Studio/7.0/Packs/atmel/ATmega_DFP/1.6.364/gcc/dev/atmega32a/avr5\libatmega32a.a
END GROUP
                [0x00000000]                __TEXT_REGION_ORIGIN__ = DEFINED (__TEXT_REGION_ORIGIN__)?__TEXT_REGION_ORIGIN__:0x0
                [0x00800060]                __DATA_REGION_ORIGIN__ = DEFINED (__DATA_REGION_ORIGIN__)?__DATA_REGION_ORIGIN__:0x800060
                [0x00008000]                __TEXT_REGION_LENGTH__ = DEFINED (__TEXT_REGION_LENGTH__)?__TEXT_REGION_LENGTH__:0x20000
                [0x00000800]                __DATA_REGION_LENGTH__ = DEFINED (__DATA_REGION_LENGTH__)?__DATA_REGION_LENGTH__:0xffa0
                [0x00000400]                __EEPROM_REGION_LENGTH__ = DEFINED (__EEPROM_REGION_LENGTH__)?__EEPROM_REGION_LENGTH__:0x10000
                [0x00000002]                __FUSE_REGION_LENGTH__ = DEFINED (__FUSE_REGION_LENGTH__)?__FUSE_REGION_LENGTH__:0x400
                0x00000400                __LOCK_REGION_LENGTH__ = DEFINED (__LOCK_REGION_LENGTH__)?__LOCK_REGION_LENGTH__:0x400
                0x00000400                __SIGNATURE_REGION_LENGTH__ = DEFINED (__SIGNATURE_REGION_LENGTH__)?__SIGNATURE_REGION_LENGTH__:0x400
                0x00000400                __USER_SIGNATURE_REGION_LENGTH__ = DEFINED (__USER_SIGNATURE_REGION_LENGTH__)?__USER_SIGNATURE_REGION_LENGTH__:0x400

.hash
 *(.hash)

.dynsym
 *(.dynsym)

.dynstr
 *(.dynstr)

.gnu.version
 *(.gnu.version)

.gnu.version_d
 *(.gnu.version_d)

.gnu.version_r
 *(.gnu.version_r)

.rel.init
 *(.rel.init)

.rela.init
 *(.rela.init)

.rel.text
 *(.rel.text)
 *(.rel.text.*)
 *(.rel.gnu.linkonce.t*)

.rela.text
 *(.rela.text)
 *(.rela.text.*)
 *(.rela.gnu.linkonce.t*)

.rel.fini
 *(.rel.fini)

.rela.fini
 *(.rela.fini)

.rel.rodata
 *(.rel.rodata)
 *(.rel.rodata.*)
 *(.rel.gnu.linkonce.r*)

.rela.rodata
 *(.rela.rodata)
 *(.rela.rodata.*)
 *(.rela.gnu.linkonce.r*)

.rel.data
 *(.rel.data)
 *(.rel.data.*)
 *(.rel.gnu.linkonce.d*)

.rela.data
 *(.rela.data)
 *(.rela.data.*)
 *(.rela.gnu.linkonce.d*)

.rel.ctors
 *(.rel.ctors)

.rela.ctors
 *(.rela.ctors)

.rel.dtors
 *(.rel.dtors)

.rela.dtors
 *(.rela.dtors)

.rel.got
 *(.rel.got)

.rela.got
 *(.rela.got)

.rel.bss
 *(.rel.bss)

.rela.bss
 *(.rela.bss)

.rel.plt
 *(.rel.plt)

.rela.plt
 *(.rela.plt)

.text           0x00000000      0xc4c
 *(.vectors)
 .vectors       0x00000000       0x54 C:/Program Files (x86)/Atmel/Studio/7.0/Packs/atmel/ATmega_DFP/1.6.364/gcc/dev/atmega32a/avr5/crtatmega32a.o
                0x00000000                __vector_default
                0x00000000                __vectors
 *(.vectors)
 *(.progmem.gcc*)
                0x00000054                . = ALIGN (0x2)
                0x00000054                __trampolines_start = .
 *(.trampolines)
 .trampolines   0x00000054        0x0 linker stubs
 *(.trampolines*)
                0x00000054                __trampolines_end = .
 *libprintf_flt.a:*(.progmem.data)
 *libc.a:*(.progmem.data)
 *(.progmem*)
                0x00000054                . = ALIGN (0x2)
 *(.jumptables)
 *(.jumptables*)
 *(.lowtext)
 *(.lowtext*)
                0x00000054                __ctors_start = .
 *(.ctors)
                0x00000054                __ctors_end = .
                0x00000054                __dtors_start = .
 *(.dtors)
                0x00000054                __dtors_end = .
 SORT(*)(.ctors)
 SORT(*)(.dtors)
 *(.init0)
 .init0         0x00000054        0x0 C:/Program Files (x86)/Atmel/Studio/7.0/Packs/atmel/ATmega_DFP/1.6.364/gcc/dev/atmega32a/avr5/crtatmega32a.o
                0x00000054                __init
 *(.init0)
 *(.init1)
 *(.init1)
 *(.init2)
 .init2         0x00000054        0xc C:/Program Files (x86)/Atmel/Studio/7.0/Packs/atmel/ATmega_DFP/1.6.364/gcc/dev/atmega32a/avr5/crtatmega32a.o
 *(.init2)
 *(.init3)
 *(.init3)
 *(.init4)
 .init4         0x00000060       0x16 c:/program files (x86)/atmel/studio/7.0/toolchain/avr8/avr8-gnu-toolchain/bin/../lib/gcc/avr/5.4.0/avr5\libgcc.a(_copy_data.o)
                0x00000060                __do_copy_data
 .init4         0x00000076       0x10 c:/program files (x86)/atmel/studio/7.0/toolchain/avr8/avr8-gnu-toolchain/bin/../lib/gcc/avr/5.4.0/avr5\libgcc.a(_clear_bss.o)
                0x00000076                __do_clear_bss
 *(.init4)
 *(.init5)
 *(.init5)
 *(.init6)
 *(.init6)
 *(.init7)
 *(.init7)
 *(.init8)
 *(.init8)
 *(.init9)
 .init9         0x00000086        0x8 C:/Program Files (x86)/Atmel/Studio/7.0/Packs/atmel/ATmega_DFP/1.6.364/gcc/dev/atmega32a/avr5/crtatmega32a.o
 *(.init9)
 *(.text)
 .text          0x0000008e        0x4 C:/Program Files (x86)/Atmel/Studio/7.0/Packs/atmel/ATmega_DFP/1.6.364/gcc/dev/atmega32a/avr5/crtatmega32a.o
                0x0000008e                __vector_1
                0x0000008e                __vector_12
                0x0000008e                __bad_interrupt
                0x0000008e                __vector_3
                0x0000008e                __vector_11
                0x0000008e                __vector_13
                0x0000008e                __vector_17
                0x0000008e                __vector_19
                0x0000008e                __vector_7
                0x0000008e                __vector_5
                0x0000008e                __vector_2
                0x0000008e                __vector_15
                0x0000008e                __vector_8
                0x0000008e                __vector_14
                0x0000008e                __vector_10
                0x0000008e                __vector_16
                0x0000008e                __vector_18
                0x0000008e                __vector_20
                0x00000092                . = ALIGN (0x2)
 *(.text.*)
 .text.SENSING_Init
                0x00000092        0x6 APP/SENSING/src/SENSING.o
                0x00000092                SENSING_Init
 .text.SENSING_MainFunction
                0x00000098       0x4a APP/SENSING/src/SENSING.o
                0x00000098                SENSING_MainFunction
 .text.SENSING_Get
                0x000000e2       0x26 APP/SENSING/src/SENSING_Interface.o
                0x000000e2                SENSING_Get
 .text.SENSING_Set
                0x00000108       0x14 APP/SENSING/src/SENSING_Interface.o
                0x00000108                SENSING_Set
 .text.USONIC_OVF1Callback
                0x0000011c       0x14 HAL/USONIC/src/USONIC.o
 .text.USONIC_ICU1Callback
                0x00000130      0x130 HAL/USONIC/src/USONIC.o
 .text.USONIC_Init
                0x00000260       0x54 HAL/USONIC/src/USONIC.o
                0x00000260                USONIC_Init
 .text.USONIC_GetDistance
                0x000002b4       0xd4 HAL/USONIC/src/USONIC.o
                0x000002b4                USONIC_GetDistance
 .text.main     0x00000388       0xac main.o
                0x00000388                main
 .text.DIO_SetPinDirection
                0x00000434       0xd2 MCAL/DIO/src/DIO.o
                0x00000434                DIO_SetPinDirection
 .text.DIO_WritePin
                0x00000506       0xd2 MCAL/DIO/src/DIO.o
                0x00000506                DIO_WritePin
 .text.GLOBALINTTERUPTS_Enable
                0x000005d8        0x8 MCAL/GLOBAL_Interrupt/src/GLOBAL_Interrupt.o
                0x000005d8                GLOBALINTTERUPTS_Enable
 .text.ICU_Init
                0x000005e0       0x4e MCAL/ICU/src/ICU.o
                0x000005e0                ICU_Init
 .text.ICU_Reset
                0x0000062e       0x28 MCAL/ICU/src/ICU.o
                0x0000062e                ICU_Reset
 .text.ICU_GetICR1Registert
                0x00000656       0x16 MCAL/ICU/src/ICU.o
                0x00000656                ICU_GetICR1Registert
 .text.ICU_SetTCNT1Registert
                0x0000066c        0xe MCAL/ICU/src/ICU.o
                0x0000066c                ICU_SetTCNT1Registert
 .text.ICU_EnableInterrupt
                0x0000067a       0x2a MCAL/ICU/src/ICU.o
                0x0000067a                ICU_EnableInterrupt
 .text.ICU_DisableInterrupt
                0x000006a4       0x2a MCAL/ICU/src/ICU.o
                0x000006a4                ICU_DisableInterrupt
 .text.ICU_SetCallback
                0x000006ce       0x38 MCAL/ICU/src/ICU.o
                0x000006ce                ICU_SetCallback
 .text.__vector_9
                0x00000706       0x4e MCAL/ICU/src/ICU.o
                0x00000706                __vector_9
 .text.__vector_6
                0x00000754       0x4e MCAL/ICU/src/ICU.o
                0x00000754                __vector_6
 .text.__vector_4
                0x000007a2       0xfe OS/src/OS.o
                0x000007a2                __vector_4
 .text.avr-libc.fplib
                0x000008a0        0xa c:/program files (x86)/atmel/studio/7.0/toolchain/avr8/avr8-gnu-toolchain/bin/../lib/gcc/avr/5.4.0/../../../../avr/lib/avr5\libm.a(cmpsf2.o)
                0x000008a0                __nesf2
                0x000008a0                __eqsf2
                0x000008a0                __cmpsf2
                0x000008a0                __ltsf2
                0x000008a0                __lesf2
 .text.avr-libc.fplib
                0x000008aa        0x8 c:/program files (x86)/atmel/studio/7.0/toolchain/avr8/avr8-gnu-toolchain/bin/../lib/gcc/avr/5.4.0/../../../../avr/lib/avr5\libm.a(divsf3.o)
                0x000008aa                __divsf3
 .text.avr-libc.fplib
                0x000008b2       0xdc c:/program files (x86)/atmel/studio/7.0/toolchain/avr8/avr8-gnu-toolchain/bin/../lib/gcc/avr/5.4.0/../../../../avr/lib/avr5\libm.a(divsf3x.o)
                0x000008d2                __divsf3x
                0x000008d8                __divsf3_pse
 .text.avr-libc.fplib
                0x0000098e       0x7a c:/program files (x86)/atmel/studio/7.0/toolchain/avr8/avr8-gnu-toolchain/bin/../lib/gcc/avr/5.4.0/../../../../avr/lib/avr5\libm.a(floatsisf.o)
                0x0000098e                __floatunsisf
                0x00000992                __floatsisf
 .text.avr-libc.fplib
                0x00000a08       0x7c c:/program files (x86)/atmel/studio/7.0/toolchain/avr8/avr8-gnu-toolchain/bin/../lib/gcc/avr/5.4.0/../../../../avr/lib/avr5\libm.a(floatundisf.o)
                0x00000a08                __floatundisf
                0x00000a0a                __fp_di2sf
 .text.avr-libc.fplib
                0x00000a84       0x48 c:/program files (x86)/atmel/studio/7.0/toolchain/avr8/avr8-gnu-toolchain/bin/../lib/gcc/avr/5.4.0/../../../../avr/lib/avr5\libm.a(fp_cmp.o)
                0x00000a84                __fp_cmp
 .text.avr-libc.fplib
                0x00000acc        0xc c:/program files (x86)/atmel/studio/7.0/toolchain/avr8/avr8-gnu-toolchain/bin/../lib/gcc/avr/5.4.0/../../../../avr/lib/avr5\libm.a(fp_inf.o)
                0x00000acc                __fp_inf
 .text.avr-libc.fplib
                0x00000ad8        0x6 c:/program files (x86)/atmel/studio/7.0/toolchain/avr8/avr8-gnu-toolchain/bin/../lib/gcc/avr/5.4.0/../../../../avr/lib/avr5\libm.a(fp_nan.o)
                0x00000ad8                __fp_nan
 .text.avr-libc.fplib
                0x00000ade        0xe c:/program files (x86)/atmel/studio/7.0/toolchain/avr8/avr8-gnu-toolchain/bin/../lib/gcc/avr/5.4.0/../../../../avr/lib/avr5\libm.a(fp_pscA.o)
                0x00000ade                __fp_pscA
 .text.avr-libc.fplib
                0x00000aec        0xe c:/program files (x86)/atmel/studio/7.0/toolchain/avr8/avr8-gnu-toolchain/bin/../lib/gcc/avr/5.4.0/../../../../avr/lib/avr5\libm.a(fp_pscB.o)
                0x00000aec                __fp_pscB
 .text.avr-libc.fplib
                0x00000afa       0x22 c:/program files (x86)/atmel/studio/7.0/toolchain/avr8/avr8-gnu-toolchain/bin/../lib/gcc/avr/5.4.0/../../../../avr/lib/avr5\libm.a(fp_round.o)
                0x00000afa                __fp_round
 .text.avr-libc.fplib
                0x00000b1c       0x44 c:/program files (x86)/atmel/studio/7.0/toolchain/avr8/avr8-gnu-toolchain/bin/../lib/gcc/avr/5.4.0/../../../../avr/lib/avr5\libm.a(fp_split3.o)
                0x00000b1c                __fp_split3
                0x00000b2c                __fp_splitA
 .text.avr-libc.fplib
                0x00000b60        0xe c:/program files (x86)/atmel/studio/7.0/toolchain/avr8/avr8-gnu-toolchain/bin/../lib/gcc/avr/5.4.0/../../../../avr/lib/avr5\libm.a(fp_zero.o)
                0x00000b60                __fp_zero
                0x00000b62                __fp_szero
 .text.avr-libc.fplib
                0x00000b6e        0x8 c:/program files (x86)/atmel/studio/7.0/toolchain/avr8/avr8-gnu-toolchain/bin/../lib/gcc/avr/5.4.0/../../../../avr/lib/avr5\libm.a(mulsf3.o)
                0x00000b6e                __mulsf3
 .text.avr-libc.fplib
                0x00000b76       0xd2 c:/program files (x86)/atmel/studio/7.0/toolchain/avr8/avr8-gnu-toolchain/bin/../lib/gcc/avr/5.4.0/../../../../avr/lib/avr5\libm.a(mulsf3x.o)
                0x00000b94                __mulsf3x
                0x00000b9a                __mulsf3_pse
                0x00000c48                . = ALIGN (0x2)
 *(.fini9)
 .fini9         0x00000c48        0x0 c:/program files (x86)/atmel/studio/7.0/toolchain/avr8/avr8-gnu-toolchain/bin/../lib/gcc/avr/5.4.0/avr5\libgcc.a(_exit.o)
                0x00000c48                _exit
                0x00000c48                exit
 *(.fini9)
 *(.fini8)
 *(.fini8)
 *(.fini7)
 *(.fini7)
 *(.fini6)
 *(.fini6)
 *(.fini5)
 *(.fini5)
 *(.fini4)
 *(.fini4)
 *(.fini3)
 *(.fini3)
 *(.fini2)
 *(.fini2)
 *(.fini1)
 *(.fini1)
 *(.fini0)
 .fini0         0x00000c48        0x4 c:/program files (x86)/atmel/studio/7.0/toolchain/avr8/avr8-gnu-toolchain/bin/../lib/gcc/avr/5.4.0/avr5\libgcc.a(_exit.o)
 *(.fini0)
                0x00000c4c                _etext = .

.data           0x00800060        0xa load address 0x00000c4c
                0x00800060                PROVIDE (__data_start, .)
 *(.data)
 *(.data*)
 .data.gastr_ICUConfig
                0x00800060        0x4 MCAL/ICU/src/ICU_Lcfg.o
                0x00800060                gastr_ICUConfig
 *(.gnu.linkonce.d*)
 *(.rodata)
 *(.rodata*)
 .rodata.gu32_USONIC_SystemFreq
                0x00800064        0x4 HAL/USONIC/src/USONIC_Lcfg.o
                0x00800064                gu32_USONIC_SystemFreq
 .rodata.gastr_USONIC_Config
                0x00800068        0x2 HAL/USONIC/src/USONIC_Lcfg.o
                0x00800068                gastr_USONIC_Config
 *(.gnu.linkonce.r*)
                0x0080006a                . = ALIGN (0x2)
                0x0080006a                _edata = .
                0x0080006a                PROVIDE (__data_end, .)

.bss            0x0080006a       0x27
                0x0080006a                PROVIDE (__bss_start, .)
 *(.bss)
 *(.bss*)
 .bss.u8_InitFlag.1711
                0x0080006a        0x1 APP/SENSING/src/SENSING.o
 .bss.gd64_Distance
                0x0080006b        0x4 APP/SENSING/src/SENSING_Interface.o
 .bss.CounterNumber.1722
                0x0080006f        0x8 HAL/USONIC/src/USONIC.o
 .bss.ICR1_Register.1723
                0x00800077        0x2 HAL/USONIC/src/USONIC.o
 .bss.TimeOnValue
                0x00800079        0x4 HAL/USONIC/src/USONIC.o
                0x00800079                TimeOnValue
 .bss.gu8_ICU_State
                0x0080007d        0x1 HAL/USONIC/src/USONIC.o
 .bss.gu16_OverflowCounter
                0x0080007e        0x2 HAL/USONIC/src/USONIC.o
                0x0080007e                gu16_OverflowCounter
 .bss.gu8_InitFlag
                0x00800080        0x1 HAL/USONIC/src/USONIC.o
 .bss.gu8_ERROR_STATE
                0x00800081        0x1 HAL/USONIC/src/USONIC.o
 .bss.gptr_CallbackOverflow
                0x00800082        0x2 MCAL/ICU/src/ICU.o
 .bss.gptr_CallbackInputCapture
                0x00800084        0x2 MCAL/ICU/src/ICU.o
 .bss.u32_ISRsCounter.1668
                0x00800086        0x4 OS/src/OS.o
 .bss.gu32_OS_TicksNumber
                0x0080008a        0x4 OS/src/OS.o
 .bss.gpstr_Task
                0x0080008e        0x2 OS/src/OS.o
                0x0080008e                gpstr_Task
 .bss.gu8_OS_ReadyTasksCounter
                0x00800090        0x1 OS/src/OS_Interface.o
                0x00800090                gu8_OS_ReadyTasksCounter
 *(COMMON)
                0x00800091                PROVIDE (__bss_end, .)
                0x00000c4c                __data_load_start = LOADADDR (.data)
                0x00000c56                __data_load_end = (__data_load_start + SIZEOF (.data))

.noinit         0x00800091        0x0
                [!provide]                PROVIDE (__noinit_start, .)
 *(.noinit*)
                [!provide]                PROVIDE (__noinit_end, .)
                0x00800091                _end = .
                [!provide]                PROVIDE (__heap_start, .)

.eeprom         0x00810000        0x0
 *(.eeprom*)
                0x00810000                __eeprom_end = .

.fuse
 *(.fuse)
 *(.lfuse)
 *(.hfuse)
 *(.efuse)

.lock
 *(.lock*)

.signature
 *(.signature*)

.user_signatures
 *(.user_signatures*)

.stab
 *(.stab)

.stabstr
 *(.stabstr)

.stab.excl
 *(.stab.excl)

.stab.exclstr
 *(.stab.exclstr)

.stab.index
 *(.stab.index)

.stab.indexstr
 *(.stab.indexstr)

.comment        0x00000000       0x30
 *(.comment)
 .comment       0x00000000       0x30 APP/SENSING/src/SENSING.o
                                 0x31 (size before relaxing)
 .comment       0x00000030       0x31 APP/SENSING/src/SENSING_Interface.o
 .comment       0x00000030       0x31 HAL/USONIC/src/USONIC.o
 .comment       0x00000030       0x31 HAL/USONIC/src/USONIC_Lcfg.o
 .comment       0x00000030       0x31 main.o
 .comment       0x00000030       0x31 MCAL/DIO/src/DIO.o
 .comment       0x00000030       0x31 MCAL/GLOBAL_Interrupt/src/GLOBAL_Interrupt.o
 .comment       0x00000030       0x31 MCAL/ICU/src/ICU.o
 .comment       0x00000030       0x31 MCAL/ICU/src/ICU_Lcfg.o
 .comment       0x00000030       0x31 OS/src/OS.o
 .comment       0x00000030       0x31 OS/src/OS_Interface.o

.note.gnu.avr.deviceinfo
                0x00000000       0x3c
 .note.gnu.avr.deviceinfo
                0x00000000       0x3c C:/Program Files (x86)/Atmel/Studio/7.0/Packs/atmel/ATmega_DFP/1.6.364/gcc/dev/atmega32a/avr5/crtatmega32a.o

.note.gnu.build-id
 *(.note.gnu.build-id)

.debug
 *(.debug)

.line
 *(.line)

.debug_srcinfo
 *(.debug_srcinfo)

.debug_sfnames
 *(.debug_sfnames)

.debug_aranges  0x00000000      0x250
 *(.debug_aranges)
 .debug_aranges
                0x00000000       0x28 APP/SENSING/src/SENSING.o
 .debug_aranges
                0x00000028       0x28 APP/SENSING/src/SENSING_Interface.o
 .debug_aranges
                0x00000050       0x38 HAL/USONIC/src/USONIC.o
 .debug_aranges
                0x00000088       0x18 HAL/USONIC/src/USONIC_Lcfg.o
 .debug_aranges
                0x000000a0       0x38 main.o
 .debug_aranges
                0x000000d8       0x40 MCAL/DIO/src/DIO.o
 .debug_aranges
                0x00000118       0x28 MCAL/GLOBAL_Interrupt/src/GLOBAL_Interrupt.o
 .debug_aranges
                0x00000140       0x78 MCAL/ICU/src/ICU.o
 .debug_aranges
                0x000001b8       0x18 MCAL/ICU/src/ICU_Lcfg.o
 .debug_aranges
                0x000001d0       0x40 OS/src/OS.o
 .debug_aranges
                0x00000210       0x40 OS/src/OS_Interface.o

.debug_pubnames
 *(.debug_pubnames)

.debug_info     0x00000000     0x27b1
 *(.debug_info .gnu.linkonce.wi.*)
 .debug_info    0x00000000      0x4e6 C:/Program Files (x86)/Atmel/Studio/7.0/Packs/atmel/ATmega_DFP/1.6.364/gcc/dev/atmega32a/avr5/crtatmega32a.o
 .debug_info    0x000004e6      0x178 APP/SENSING/src/SENSING.o
 .debug_info    0x0000065e      0x133 APP/SENSING/src/SENSING_Interface.o
 .debug_info    0x00000791      0x57c HAL/USONIC/src/USONIC.o
 .debug_info    0x00000d0d      0x162 HAL/USONIC/src/USONIC_Lcfg.o
 .debug_info    0x00000e6f      0x77b main.o
 .debug_info    0x000015ea      0x2d9 MCAL/DIO/src/DIO.o
 .debug_info    0x000018c3       0xb8 MCAL/GLOBAL_Interrupt/src/GLOBAL_Interrupt.o
 .debug_info    0x0000197b      0x61a MCAL/ICU/src/ICU.o
 .debug_info    0x00001f95      0x169 MCAL/ICU/src/ICU_Lcfg.o
 .debug_info    0x000020fe      0x31f OS/src/OS.o
 .debug_info    0x0000241d      0x394 OS/src/OS_Interface.o

.debug_abbrev   0x00000000      0xf6e
 *(.debug_abbrev)
 .debug_abbrev  0x00000000      0x4a3 C:/Program Files (x86)/Atmel/Studio/7.0/Packs/atmel/ATmega_DFP/1.6.364/gcc/dev/atmega32a/avr5/crtatmega32a.o
 .debug_abbrev  0x000004a3       0xc3 APP/SENSING/src/SENSING.o
 .debug_abbrev  0x00000566       0x9e APP/SENSING/src/SENSING_Interface.o
 .debug_abbrev  0x00000604      0x176 HAL/USONIC/src/USONIC.o
 .debug_abbrev  0x0000077a       0x8a HAL/USONIC/src/USONIC_Lcfg.o
 .debug_abbrev  0x00000804      0x152 main.o
 .debug_abbrev  0x00000956       0xb4 MCAL/DIO/src/DIO.o
 .debug_abbrev  0x00000a0a       0x4f MCAL/GLOBAL_Interrupt/src/GLOBAL_Interrupt.o
 .debug_abbrev  0x00000a59      0x1be MCAL/ICU/src/ICU.o
 .debug_abbrev  0x00000c17       0x8c MCAL/ICU/src/ICU_Lcfg.o
 .debug_abbrev  0x00000ca3      0x197 OS/src/OS.o
 .debug_abbrev  0x00000e3a      0x134 OS/src/OS_Interface.o

.debug_line     0x00000000     0x13d5
 *(.debug_line .debug_line.* .debug_line_end)
 .debug_line    0x00000000      0x116 C:/Program Files (x86)/Atmel/Studio/7.0/Packs/atmel/ATmega_DFP/1.6.364/gcc/dev/atmega32a/avr5/crtatmega32a.o
 .debug_line    0x00000116       0xee APP/SENSING/src/SENSING.o
 .debug_line    0x00000204       0xa4 APP/SENSING/src/SENSING_Interface.o
 .debug_line    0x000002a8      0x238 HAL/USONIC/src/USONIC.o
 .debug_line    0x000004e0       0x8f HAL/USONIC/src/USONIC_Lcfg.o
 .debug_line    0x0000056f      0x2b5 main.o
 .debug_line    0x00000824      0x2d7 MCAL/DIO/src/DIO.o
 .debug_line    0x00000afb       0x8f MCAL/GLOBAL_Interrupt/src/GLOBAL_Interrupt.o
 .debug_line    0x00000b8a      0x3ef MCAL/ICU/src/ICU.o
 .debug_line    0x00000f79       0x6c MCAL/ICU/src/ICU_Lcfg.o
 .debug_line    0x00000fe5      0x1e9 OS/src/OS.o
 .debug_line    0x000011ce      0x207 OS/src/OS_Interface.o

.debug_frame    0x00000000      0x528
 *(.debug_frame)
 .debug_frame   0x00000000       0x44 APP/SENSING/src/SENSING.o
 .debug_frame   0x00000044       0x34 APP/SENSING/src/SENSING_Interface.o
 .debug_frame   0x00000078       0x9c HAL/USONIC/src/USONIC.o
 .debug_frame   0x00000114       0x94 main.o
 .debug_frame   0x000001a8       0x64 MCAL/DIO/src/DIO.o
 .debug_frame   0x0000020c       0x34 MCAL/GLOBAL_Interrupt/src/GLOBAL_Interrupt.o
 .debug_frame   0x00000240      0x1a4 MCAL/ICU/src/ICU.o
 .debug_frame   0x000003e4       0xb0 OS/src/OS.o
 .debug_frame   0x00000494       0x94 OS/src/OS_Interface.o

.debug_str      0x00000000      0xd78
 *(.debug_str)
 .debug_str     0x00000000      0x196 C:/Program Files (x86)/Atmel/Studio/7.0/Packs/atmel/ATmega_DFP/1.6.364/gcc/dev/atmega32a/avr5/crtatmega32a.o
 .debug_str     0x00000196      0x203 APP/SENSING/src/SENSING.o
                                0x263 (size before relaxing)
 .debug_str     0x00000399       0x50 APP/SENSING/src/SENSING_Interface.o
                                0x229 (size before relaxing)
 .debug_str     0x000003e9      0x300 HAL/USONIC/src/USONIC.o
                                0x503 (size before relaxing)
 .debug_str     0x000006e9       0x20 HAL/USONIC/src/USONIC_Lcfg.o
                                0x273 (size before relaxing)
 .debug_str     0x00000709      0x1f4 main.o
                                0x4cf (size before relaxing)
 .debug_str     0x000008fd       0x5e MCAL/DIO/src/DIO.o
                                0x306 (size before relaxing)
 .debug_str     0x0000095b       0x49 MCAL/GLOBAL_Interrupt/src/GLOBAL_Interrupt.o
                                0x20a (size before relaxing)
 .debug_str     0x000009a4       0xdb MCAL/ICU/src/ICU.o
                                0x4f9 (size before relaxing)
 .debug_str     0x00000a7f       0xed MCAL/ICU/src/ICU_Lcfg.o
                                0x2f9 (size before relaxing)
 .debug_str     0x00000b6c      0x180 OS/src/OS.o
                                0x403 (size before relaxing)
 .debug_str     0x00000cec       0x8c OS/src/OS_Interface.o
                                0x453 (size before relaxing)

.debug_loc      0x00000000     0x15ee
 *(.debug_loc)
 .debug_loc     0x00000000       0x7a APP/SENSING/src/SENSING.o
 .debug_loc     0x0000007a       0x65 APP/SENSING/src/SENSING_Interface.o
 .debug_loc     0x000000df      0x146 HAL/USONIC/src/USONIC.o
 .debug_loc     0x00000225      0x132 main.o
 .debug_loc     0x00000357      0x4ea MCAL/DIO/src/DIO.o
 .debug_loc     0x00000841      0x8ed MCAL/ICU/src/ICU.o
 .debug_loc     0x0000112e      0x152 OS/src/OS.o
 .debug_loc     0x00001280      0x36e OS/src/OS_Interface.o

.debug_macinfo
 *(.debug_macinfo)

.debug_weaknames
 *(.debug_weaknames)

.debug_funcnames
 *(.debug_funcnames)

.debug_typenames
 *(.debug_typenames)

.debug_varnames
 *(.debug_varnames)

.debug_pubtypes
 *(.debug_pubtypes)

.debug_ranges   0x00000000      0x190
 *(.debug_ranges)
 .debug_ranges  0x00000000       0x18 APP/SENSING/src/SENSING.o
 .debug_ranges  0x00000018       0x18 APP/SENSING/src/SENSING_Interface.o
 .debug_ranges  0x00000030       0x28 HAL/USONIC/src/USONIC.o
 .debug_ranges  0x00000058       0x28 main.o
 .debug_ranges  0x00000080       0x30 MCAL/DIO/src/DIO.o
 .debug_ranges  0x000000b0       0x18 MCAL/GLOBAL_Interrupt/src/GLOBAL_Interrupt.o
 .debug_ranges  0x000000c8       0x68 MCAL/ICU/src/ICU.o
 .debug_ranges  0x00000130       0x30 OS/src/OS.o
 .debug_ranges  0x00000160       0x30 OS/src/OS_Interface.o

.debug_macro
 *(.debug_macro)
OUTPUT(CarObstacleAvoidanceV3.0.elf elf32-avr)
LOAD linker stubs
