Archive member included to satisfy reference by file (symbol)

c:/program files (x86)/atmel/studio/7.0/toolchain/avr8/avr8-gnu-toolchain/bin/../lib/gcc/avr/5.4.0/../../../../avr/lib/avr5\libm.a(addsf3.o)
                              App/Admin/admin.o (__subsf3)
c:/program files (x86)/atmel/studio/7.0/toolchain/avr8/avr8-gnu-toolchain/bin/../lib/gcc/avr/5.4.0/../../../../avr/lib/avr5\libm.a(addsf3x.o)
                              c:/program files (x86)/atmel/studio/7.0/toolchain/avr8/avr8-gnu-toolchain/bin/../lib/gcc/avr/5.4.0/../../../../avr/lib/avr5\libm.a(addsf3.o) (__addsf3x)
c:/program files (x86)/atmel/studio/7.0/toolchain/avr8/avr8-gnu-toolchain/bin/../lib/gcc/avr/5.4.0/../../../../avr/lib/avr5\libm.a(cmpsf2.o)
                              App/Admin/admin.o (__ltsf2)
c:/program files (x86)/atmel/studio/7.0/toolchain/avr8/avr8-gnu-toolchain/bin/../lib/gcc/avr/5.4.0/../../../../avr/lib/avr5\libm.a(divsf3.o)
                              App/Admin/admin.o (__divsf3)
c:/program files (x86)/atmel/studio/7.0/toolchain/avr8/avr8-gnu-toolchain/bin/../lib/gcc/avr/5.4.0/../../../../avr/lib/avr5\libm.a(divsf3x.o)
                              c:/program files (x86)/atmel/studio/7.0/toolchain/avr8/avr8-gnu-toolchain/bin/../lib/gcc/avr/5.4.0/../../../../avr/lib/avr5\libm.a(divsf3.o) (__divsf3x)
c:/program files (x86)/atmel/studio/7.0/toolchain/avr8/avr8-gnu-toolchain/bin/../lib/gcc/avr/5.4.0/../../../../avr/lib/avr5\libm.a(fixunssfsi.o)
                              App/Admin/admin.o (__fixunssfsi)
c:/program files (x86)/atmel/studio/7.0/toolchain/avr8/avr8-gnu-toolchain/bin/../lib/gcc/avr/5.4.0/../../../../avr/lib/avr5\libm.a(floatsisf.o)
                              App/Admin/admin.o (__floatunsisf)
c:/program files (x86)/atmel/studio/7.0/toolchain/avr8/avr8-gnu-toolchain/bin/../lib/gcc/avr/5.4.0/../../../../avr/lib/avr5\libm.a(fp_cmp.o)
                              c:/program files (x86)/atmel/studio/7.0/toolchain/avr8/avr8-gnu-toolchain/bin/../lib/gcc/avr/5.4.0/../../../../avr/lib/avr5\libm.a(cmpsf2.o) (__fp_cmp)
c:/program files (x86)/atmel/studio/7.0/toolchain/avr8/avr8-gnu-toolchain/bin/../lib/gcc/avr/5.4.0/../../../../avr/lib/avr5\libm.a(fp_inf.o)
                              c:/program files (x86)/atmel/studio/7.0/toolchain/avr8/avr8-gnu-toolchain/bin/../lib/gcc/avr/5.4.0/../../../../avr/lib/avr5\libm.a(addsf3x.o) (__fp_inf)
c:/program files (x86)/atmel/studio/7.0/toolchain/avr8/avr8-gnu-toolchain/bin/../lib/gcc/avr/5.4.0/../../../../avr/lib/avr5\libm.a(fp_nan.o)
                              c:/program files (x86)/atmel/studio/7.0/toolchain/avr8/avr8-gnu-toolchain/bin/../lib/gcc/avr/5.4.0/../../../../avr/lib/avr5\libm.a(addsf3x.o) (__fp_nan)
c:/program files (x86)/atmel/studio/7.0/toolchain/avr8/avr8-gnu-toolchain/bin/../lib/gcc/avr/5.4.0/../../../../avr/lib/avr5\libm.a(fp_pscA.o)
                              c:/program files (x86)/atmel/studio/7.0/toolchain/avr8/avr8-gnu-toolchain/bin/../lib/gcc/avr/5.4.0/../../../../avr/lib/avr5\libm.a(addsf3x.o) (__fp_pscA)
c:/program files (x86)/atmel/studio/7.0/toolchain/avr8/avr8-gnu-toolchain/bin/../lib/gcc/avr/5.4.0/../../../../avr/lib/avr5\libm.a(fp_pscB.o)
                              c:/program files (x86)/atmel/studio/7.0/toolchain/avr8/avr8-gnu-toolchain/bin/../lib/gcc/avr/5.4.0/../../../../avr/lib/avr5\libm.a(addsf3x.o) (__fp_pscB)
c:/program files (x86)/atmel/studio/7.0/toolchain/avr8/avr8-gnu-toolchain/bin/../lib/gcc/avr/5.4.0/../../../../avr/lib/avr5\libm.a(fp_round.o)
                              c:/program files (x86)/atmel/studio/7.0/toolchain/avr8/avr8-gnu-toolchain/bin/../lib/gcc/avr/5.4.0/../../../../avr/lib/avr5\libm.a(addsf3.o) (__fp_round)
c:/program files (x86)/atmel/studio/7.0/toolchain/avr8/avr8-gnu-toolchain/bin/../lib/gcc/avr/5.4.0/../../../../avr/lib/avr5\libm.a(fp_split3.o)
                              c:/program files (x86)/atmel/studio/7.0/toolchain/avr8/avr8-gnu-toolchain/bin/../lib/gcc/avr/5.4.0/../../../../avr/lib/avr5\libm.a(addsf3x.o) (__fp_split3)
c:/program files (x86)/atmel/studio/7.0/toolchain/avr8/avr8-gnu-toolchain/bin/../lib/gcc/avr/5.4.0/../../../../avr/lib/avr5\libm.a(fp_zero.o)
                              c:/program files (x86)/atmel/studio/7.0/toolchain/avr8/avr8-gnu-toolchain/bin/../lib/gcc/avr/5.4.0/../../../../avr/lib/avr5\libm.a(addsf3x.o) (__fp_zero)
c:/program files (x86)/atmel/studio/7.0/toolchain/avr8/avr8-gnu-toolchain/bin/../lib/gcc/avr/5.4.0/../../../../avr/lib/avr5\libm.a(gesf2.o)
                              App/User/User.o (__gtsf2)
c:/program files (x86)/atmel/studio/7.0/toolchain/avr8/avr8-gnu-toolchain/bin/../lib/gcc/avr/5.4.0/../../../../avr/lib/avr5\libm.a(mulsf3.o)
                              App/Admin/admin.o (__mulsf3)
c:/program files (x86)/atmel/studio/7.0/toolchain/avr8/avr8-gnu-toolchain/bin/../lib/gcc/avr/5.4.0/../../../../avr/lib/avr5\libm.a(mulsf3x.o)
                              c:/program files (x86)/atmel/studio/7.0/toolchain/avr8/avr8-gnu-toolchain/bin/../lib/gcc/avr/5.4.0/../../../../avr/lib/avr5\libm.a(mulsf3.o) (__mulsf3x)
c:/program files (x86)/atmel/studio/7.0/toolchain/avr8/avr8-gnu-toolchain/bin/../lib/gcc/avr/5.4.0/../../../../avr/lib/avr5\libm.a(pow.o)
                              App/Admin/admin.o (pow)
c:/program files (x86)/atmel/studio/7.0/toolchain/avr8/avr8-gnu-toolchain/bin/../lib/gcc/avr/5.4.0/../../../../avr/lib/avr5\libm.a(exp.o)
                              c:/program files (x86)/atmel/studio/7.0/toolchain/avr8/avr8-gnu-toolchain/bin/../lib/gcc/avr/5.4.0/../../../../avr/lib/avr5\libm.a(pow.o) (exp)
c:/program files (x86)/atmel/studio/7.0/toolchain/avr8/avr8-gnu-toolchain/bin/../lib/gcc/avr/5.4.0/../../../../avr/lib/avr5\libm.a(fp_powser.o)
                              c:/program files (x86)/atmel/studio/7.0/toolchain/avr8/avr8-gnu-toolchain/bin/../lib/gcc/avr/5.4.0/../../../../avr/lib/avr5\libm.a(exp.o) (__fp_powser)
c:/program files (x86)/atmel/studio/7.0/toolchain/avr8/avr8-gnu-toolchain/bin/../lib/gcc/avr/5.4.0/../../../../avr/lib/avr5\libm.a(inverse.o)
                              c:/program files (x86)/atmel/studio/7.0/toolchain/avr8/avr8-gnu-toolchain/bin/../lib/gcc/avr/5.4.0/../../../../avr/lib/avr5\libm.a(exp.o) (inverse)
c:/program files (x86)/atmel/studio/7.0/toolchain/avr8/avr8-gnu-toolchain/bin/../lib/gcc/avr/5.4.0/../../../../avr/lib/avr5\libm.a(ldexp.o)
                              c:/program files (x86)/atmel/studio/7.0/toolchain/avr8/avr8-gnu-toolchain/bin/../lib/gcc/avr/5.4.0/../../../../avr/lib/avr5\libm.a(exp.o) (ldexp)
c:/program files (x86)/atmel/studio/7.0/toolchain/avr8/avr8-gnu-toolchain/bin/../lib/gcc/avr/5.4.0/../../../../avr/lib/avr5\libm.a(log.o)
                              c:/program files (x86)/atmel/studio/7.0/toolchain/avr8/avr8-gnu-toolchain/bin/../lib/gcc/avr/5.4.0/../../../../avr/lib/avr5\libm.a(pow.o) (log)
c:/program files (x86)/atmel/studio/7.0/toolchain/avr8/avr8-gnu-toolchain/bin/../lib/gcc/avr/5.4.0/../../../../avr/lib/avr5\libm.a(modf.o)
                              c:/program files (x86)/atmel/studio/7.0/toolchain/avr8/avr8-gnu-toolchain/bin/../lib/gcc/avr/5.4.0/../../../../avr/lib/avr5\libm.a(exp.o) (modf)
c:/program files (x86)/atmel/studio/7.0/toolchain/avr8/avr8-gnu-toolchain/bin/../lib/gcc/avr/5.4.0/../../../../avr/lib/avr5\libm.a(fp_mpack.o)
                              c:/program files (x86)/atmel/studio/7.0/toolchain/avr8/avr8-gnu-toolchain/bin/../lib/gcc/avr/5.4.0/../../../../avr/lib/avr5\libm.a(ldexp.o) (__fp_mpack)
c:/program files (x86)/atmel/studio/7.0/toolchain/avr8/avr8-gnu-toolchain/bin/../lib/gcc/avr/5.4.0/avr5\libgcc.a(_exit.o)
                              C:/Program Files (x86)/Atmel/Studio/7.0/Packs/atmel/ATmega_DFP/1.6.364/gcc/dev/atmega32a/avr5/crtatmega32a.o (exit)
c:/program files (x86)/atmel/studio/7.0/toolchain/avr8/avr8-gnu-toolchain/bin/../lib/gcc/avr/5.4.0/avr5\libgcc.a(_tablejump2.o)
                              Firmware/Temp/temp.o (__tablejump2__)
c:/program files (x86)/atmel/studio/7.0/toolchain/avr8/avr8-gnu-toolchain/bin/../lib/gcc/avr/5.4.0/avr5\libgcc.a(_copy_data.o)
                              App/Admin/admin.o (__do_copy_data)
c:/program files (x86)/atmel/studio/7.0/toolchain/avr8/avr8-gnu-toolchain/bin/../lib/gcc/avr/5.4.0/avr5\libgcc.a(_clear_bss.o)
                              App/Admin/admin.o (__do_clear_bss)
c:/program files (x86)/atmel/studio/7.0/toolchain/avr8/avr8-gnu-toolchain/bin/../lib/gcc/avr/5.4.0/avr5\libgcc.a(_umulhisi3.o)
                              App/Admin/admin.o (__umulhisi3)

Allocating common symbols
Common symbol       size              file

ST_CurrrentCardDATA
                    0x14              App/User/User.o
Gptr_uartRxInt      0x2               Mcal/UART/uart.o
Gptr_uartTxInt      0x2               Mcal/UART/uart.o
f32_EnteredAmount   0x4               App/User/User.o
Gptr_uartDataEmptyRegInt
                    0x2               Mcal/UART/uart.o
G_ADC_CALLBACK      0x2               Mcal/ADC/adc.o

Discarded input sections

 .data          0x00000000        0x0 C:/Program Files (x86)/Atmel/Studio/7.0/Packs/atmel/ATmega_DFP/1.6.364/gcc/dev/atmega32a/avr5/crtatmega32a.o
 .bss           0x00000000        0x0 C:/Program Files (x86)/Atmel/Studio/7.0/Packs/atmel/ATmega_DFP/1.6.364/gcc/dev/atmega32a/avr5/crtatmega32a.o
 .text          0x00000000        0x0 App/Admin/admin.o
 .data          0x00000000        0x0 App/Admin/admin.o
 .bss           0x00000000        0x0 App/Admin/admin.o
 .text.Reset_WrittenAddresses
                0x00000000        0xe App/Admin/admin.o
 .text          0x00000000        0x0 App/ATM/ATM.o
 .data          0x00000000        0x0 App/ATM/ATM.o
 .bss           0x00000000        0x0 App/ATM/ATM.o
 .text          0x00000000        0x0 App/User/User.o
 .data          0x00000000        0x0 App/User/User.o
 .bss           0x00000000        0x0 App/User/User.o
 .text          0x00000000        0x0 Firmware/Button/PushButton.o
 .data          0x00000000        0x0 Firmware/Button/PushButton.o
 .bss           0x00000000        0x0 Firmware/Button/PushButton.o
 .text          0x00000000        0x0 Firmware/EEPROM/EEPROM.o
 .data          0x00000000        0x0 Firmware/EEPROM/EEPROM.o
 .bss           0x00000000        0x0 Firmware/EEPROM/EEPROM.o
 .text          0x00000000        0x0 Firmware/Keypad/Keypad.o
 .data          0x00000000        0x0 Firmware/Keypad/Keypad.o
 .bss           0x00000000        0x0 Firmware/Keypad/Keypad.o
 .text          0x00000000        0x0 Firmware/Keypad/Keypad_Config.o
 .data          0x00000000        0x0 Firmware/Keypad/Keypad_Config.o
 .bss           0x00000000        0x0 Firmware/Keypad/Keypad_Config.o
 .text          0x00000000        0x0 Firmware/LCD/LCD.o
 .data          0x00000000        0x0 Firmware/LCD/LCD.o
 .bss           0x00000000        0x0 Firmware/LCD/LCD.o
 .text          0x00000000        0x0 Firmware/LCD/LCD_Config.o
 .data          0x00000000        0x0 Firmware/LCD/LCD_Config.o
 .bss           0x00000000        0x0 Firmware/LCD/LCD_Config.o
 .text          0x00000000        0x0 Firmware/Motor/motor.o
 .data          0x00000000        0x0 Firmware/Motor/motor.o
 .bss           0x00000000        0x0 Firmware/Motor/motor.o
 .text.MOTOR_STATUS
                0x00000000        0xe Firmware/Motor/motor.o
 .text          0x00000000        0x0 Firmware/Temp/temp.o
 .data          0x00000000        0x0 Firmware/Temp/temp.o
 .bss           0x00000000        0x0 Firmware/Temp/temp.o
 .text          0x00000000        0x0 Infrastructure/utils.o
 .data          0x00000000        0x0 Infrastructure/utils.o
 .bss           0x00000000        0x0 Infrastructure/utils.o
 .text.StringLength
                0x00000000       0x1a Infrastructure/utils.o
 .text          0x00000000        0x0 main.o
 .data          0x00000000        0x0 main.o
 .bss           0x00000000        0x0 main.o
 .text          0x00000000        0x0 Mcal/ADC/adc.o
 .data          0x00000000        0x0 Mcal/ADC/adc.o
 .bss           0x00000000        0x0 Mcal/ADC/adc.o
 .text.ADC_EnInterrupt
                0x00000000        0xa Mcal/ADC/adc.o
 .text.ADC_DisInterrupt
                0x00000000        0xa Mcal/ADC/adc.o
 .text.ADC_SetCallback
                0x00000000        0xc Mcal/ADC/adc.o
 .text          0x00000000        0x0 Mcal/DIO/DIO.o
 .data          0x00000000        0x0 Mcal/DIO/DIO.o
 .bss           0x00000000        0x0 Mcal/DIO/DIO.o
 .text.DIO_TogglePin
                0x00000000       0x68 Mcal/DIO/DIO.o
 .text          0x00000000        0x0 Mcal/I2C/I2C.o
 .data          0x00000000        0x0 Mcal/I2C/I2C.o
 .bss           0x00000000        0x0 Mcal/I2C/I2C.o
 .text.I2C_SetSlaveAddress
                0x00000000        0xc Mcal/I2C/I2C.o
 .text.I2C_ReadAck
                0x00000000       0x28 Mcal/I2C/I2C.o
 .text.I2C_Status
                0x00000000       0x1e Mcal/I2C/I2C.o
 .text.I2C_EnableInterrupt
                0x00000000       0x12 Mcal/I2C/I2C.o
 .text.I2C_DisableInterrupt
                0x00000000       0x12 Mcal/I2C/I2C.o
 .text.I2C_SetCallback
                0x00000000       0x28 Mcal/I2C/I2C.o
 .text          0x00000000        0x0 Mcal/SPI/SPI.o
 .data          0x00000000        0x0 Mcal/SPI/SPI.o
 .bss           0x00000000        0x0 Mcal/SPI/SPI.o
 .text.SPI_TransmitString
                0x00000000       0x66 Mcal/SPI/SPI.o
 .text.SPI_EnableInterrupt
                0x00000000       0x10 Mcal/SPI/SPI.o
 .text.SPI_DisableInterrupt
                0x00000000        0xa Mcal/SPI/SPI.o
 .text.SPI_Set_TX_CompleteCallback
                0x00000000       0x12 Mcal/SPI/SPI.o
 .text          0x00000000        0x0 Mcal/Timer/TIMER_DRIVER.o
 .data          0x00000000        0x0 Mcal/Timer/TIMER_DRIVER.o
 .bss           0x00000000        0x0 Mcal/Timer/TIMER_DRIVER.o
 .text.TIM_SetTimerOCVal
                0x00000000       0x20 Mcal/Timer/TIMER_DRIVER.o
 .text.TIM_SetTimerOVFAction
                0x00000000       0x2c Mcal/Timer/TIMER_DRIVER.o
 .text.TIM_SetTimerOCAction
                0x00000000       0x2c Mcal/Timer/TIMER_DRIVER.o
 .text.TIM_MODE_SLCT
                0x00000000       0x94 Mcal/Timer/TIMER_DRIVER.o
 .text.TIM_Interrupt_Enable
                0x00000000       0x5c Mcal/Timer/TIMER_DRIVER.o
 .text.TIM_Interrupt_Disable
                0x00000000       0x56 Mcal/Timer/TIMER_DRIVER.o
 .text.TIM_Delay_US
                0x00000000      0x12a Mcal/Timer/TIMER_DRIVER.o
 .text.TIM_Init_OC_PIN
                0x00000000       0x3c Mcal/Timer/TIMER_DRIVER.o
 .text.TIM_OC_MODE_SLCT
                0x00000000       0xba Mcal/Timer/TIMER_DRIVER.o
 .text.TIM_Init
                0x00000000       0x74 Mcal/Timer/TIMER_DRIVER.o
 .text          0x00000000        0x0 Mcal/UART/uart.o
 .data          0x00000000        0x0 Mcal/UART/uart.o
 .bss           0x00000000        0x0 Mcal/UART/uart.o
 .text.UART_EnableInterrupt
                0x00000000       0x2a Mcal/UART/uart.o
 .text.UART_DisableInterrupt
                0x00000000       0x2a Mcal/UART/uart.o
 .text.UART_SetCallback
                0x00000000       0x30 Mcal/UART/uart.o
 .text.UART_GetData
                0x00000000        0xa Mcal/UART/uart.o
 .text          0x00000000        0x0 c:/program files (x86)/atmel/studio/7.0/toolchain/avr8/avr8-gnu-toolchain/bin/../lib/gcc/avr/5.4.0/../../../../avr/lib/avr5\libm.a(addsf3.o)
 .data          0x00000000        0x0 c:/program files (x86)/atmel/studio/7.0/toolchain/avr8/avr8-gnu-toolchain/bin/../lib/gcc/avr/5.4.0/../../../../avr/lib/avr5\libm.a(addsf3.o)
 .bss           0x00000000        0x0 c:/program files (x86)/atmel/studio/7.0/toolchain/avr8/avr8-gnu-toolchain/bin/../lib/gcc/avr/5.4.0/../../../../avr/lib/avr5\libm.a(addsf3.o)
 .text          0x00000000        0x0 c:/program files (x86)/atmel/studio/7.0/toolchain/avr8/avr8-gnu-toolchain/bin/../lib/gcc/avr/5.4.0/../../../../avr/lib/avr5\libm.a(addsf3x.o)
 .data          0x00000000        0x0 c:/program files (x86)/atmel/studio/7.0/toolchain/avr8/avr8-gnu-toolchain/bin/../lib/gcc/avr/5.4.0/../../../../avr/lib/avr5\libm.a(addsf3x.o)
 .bss           0x00000000        0x0 c:/program files (x86)/atmel/studio/7.0/toolchain/avr8/avr8-gnu-toolchain/bin/../lib/gcc/avr/5.4.0/../../../../avr/lib/avr5\libm.a(addsf3x.o)
 .text          0x00000000        0x0 c:/program files (x86)/atmel/studio/7.0/toolchain/avr8/avr8-gnu-toolchain/bin/../lib/gcc/avr/5.4.0/../../../../avr/lib/avr5\libm.a(cmpsf2.o)
 .data          0x00000000        0x0 c:/program files (x86)/atmel/studio/7.0/toolchain/avr8/avr8-gnu-toolchain/bin/../lib/gcc/avr/5.4.0/../../../../avr/lib/avr5\libm.a(cmpsf2.o)
 .bss           0x00000000        0x0 c:/program files (x86)/atmel/studio/7.0/toolchain/avr8/avr8-gnu-toolchain/bin/../lib/gcc/avr/5.4.0/../../../../avr/lib/avr5\libm.a(cmpsf2.o)
 .text          0x00000000        0x0 c:/program files (x86)/atmel/studio/7.0/toolchain/avr8/avr8-gnu-toolchain/bin/../lib/gcc/avr/5.4.0/../../../../avr/lib/avr5\libm.a(divsf3.o)
 .data          0x00000000        0x0 c:/program files (x86)/atmel/studio/7.0/toolchain/avr8/avr8-gnu-toolchain/bin/../lib/gcc/avr/5.4.0/../../../../avr/lib/avr5\libm.a(divsf3.o)
 .bss           0x00000000        0x0 c:/program files (x86)/atmel/studio/7.0/toolchain/avr8/avr8-gnu-toolchain/bin/../lib/gcc/avr/5.4.0/../../../../avr/lib/avr5\libm.a(divsf3.o)
 .text          0x00000000        0x0 c:/program files (x86)/atmel/studio/7.0/toolchain/avr8/avr8-gnu-toolchain/bin/../lib/gcc/avr/5.4.0/../../../../avr/lib/avr5\libm.a(divsf3x.o)
 .data          0x00000000        0x0 c:/program files (x86)/atmel/studio/7.0/toolchain/avr8/avr8-gnu-toolchain/bin/../lib/gcc/avr/5.4.0/../../../../avr/lib/avr5\libm.a(divsf3x.o)
 .bss           0x00000000        0x0 c:/program files (x86)/atmel/studio/7.0/toolchain/avr8/avr8-gnu-toolchain/bin/../lib/gcc/avr/5.4.0/../../../../avr/lib/avr5\libm.a(divsf3x.o)
 .text          0x00000000        0x0 c:/program files (x86)/atmel/studio/7.0/toolchain/avr8/avr8-gnu-toolchain/bin/../lib/gcc/avr/5.4.0/../../../../avr/lib/avr5\libm.a(fixunssfsi.o)
 .data          0x00000000        0x0 c:/program files (x86)/atmel/studio/7.0/toolchain/avr8/avr8-gnu-toolchain/bin/../lib/gcc/avr/5.4.0/../../../../avr/lib/avr5\libm.a(fixunssfsi.o)
 .bss           0x00000000        0x0 c:/program files (x86)/atmel/studio/7.0/toolchain/avr8/avr8-gnu-toolchain/bin/../lib/gcc/avr/5.4.0/../../../../avr/lib/avr5\libm.a(fixunssfsi.o)
 .text          0x00000000        0x0 c:/program files (x86)/atmel/studio/7.0/toolchain/avr8/avr8-gnu-toolchain/bin/../lib/gcc/avr/5.4.0/../../../../avr/lib/avr5\libm.a(floatsisf.o)
 .data          0x00000000        0x0 c:/program files (x86)/atmel/studio/7.0/toolchain/avr8/avr8-gnu-toolchain/bin/../lib/gcc/avr/5.4.0/../../../../avr/lib/avr5\libm.a(floatsisf.o)
 .bss           0x00000000        0x0 c:/program files (x86)/atmel/studio/7.0/toolchain/avr8/avr8-gnu-toolchain/bin/../lib/gcc/avr/5.4.0/../../../../avr/lib/avr5\libm.a(floatsisf.o)
 .text          0x00000000        0x0 c:/program files (x86)/atmel/studio/7.0/toolchain/avr8/avr8-gnu-toolchain/bin/../lib/gcc/avr/5.4.0/../../../../avr/lib/avr5\libm.a(fp_cmp.o)
 .data          0x00000000        0x0 c:/program files (x86)/atmel/studio/7.0/toolchain/avr8/avr8-gnu-toolchain/bin/../lib/gcc/avr/5.4.0/../../../../avr/lib/avr5\libm.a(fp_cmp.o)
 .bss           0x00000000        0x0 c:/program files (x86)/atmel/studio/7.0/toolchain/avr8/avr8-gnu-toolchain/bin/../lib/gcc/avr/5.4.0/../../../../avr/lib/avr5\libm.a(fp_cmp.o)
 .text          0x00000000        0x0 c:/program files (x86)/atmel/studio/7.0/toolchain/avr8/avr8-gnu-toolchain/bin/../lib/gcc/avr/5.4.0/../../../../avr/lib/avr5\libm.a(fp_inf.o)
 .data          0x00000000        0x0 c:/program files (x86)/atmel/studio/7.0/toolchain/avr8/avr8-gnu-toolchain/bin/../lib/gcc/avr/5.4.0/../../../../avr/lib/avr5\libm.a(fp_inf.o)
 .bss           0x00000000        0x0 c:/program files (x86)/atmel/studio/7.0/toolchain/avr8/avr8-gnu-toolchain/bin/../lib/gcc/avr/5.4.0/../../../../avr/lib/avr5\libm.a(fp_inf.o)
 .text          0x00000000        0x0 c:/program files (x86)/atmel/studio/7.0/toolchain/avr8/avr8-gnu-toolchain/bin/../lib/gcc/avr/5.4.0/../../../../avr/lib/avr5\libm.a(fp_nan.o)
 .data          0x00000000        0x0 c:/program files (x86)/atmel/studio/7.0/toolchain/avr8/avr8-gnu-toolchain/bin/../lib/gcc/avr/5.4.0/../../../../avr/lib/avr5\libm.a(fp_nan.o)
 .bss           0x00000000        0x0 c:/program files (x86)/atmel/studio/7.0/toolchain/avr8/avr8-gnu-toolchain/bin/../lib/gcc/avr/5.4.0/../../../../avr/lib/avr5\libm.a(fp_nan.o)
 .text          0x00000000        0x0 c:/program files (x86)/atmel/studio/7.0/toolchain/avr8/avr8-gnu-toolchain/bin/../lib/gcc/avr/5.4.0/../../../../avr/lib/avr5\libm.a(fp_pscA.o)
 .data          0x00000000        0x0 c:/program files (x86)/atmel/studio/7.0/toolchain/avr8/avr8-gnu-toolchain/bin/../lib/gcc/avr/5.4.0/../../../../avr/lib/avr5\libm.a(fp_pscA.o)
 .bss           0x00000000        0x0 c:/program files (x86)/atmel/studio/7.0/toolchain/avr8/avr8-gnu-toolchain/bin/../lib/gcc/avr/5.4.0/../../../../avr/lib/avr5\libm.a(fp_pscA.o)
 .text          0x00000000        0x0 c:/program files (x86)/atmel/studio/7.0/toolchain/avr8/avr8-gnu-toolchain/bin/../lib/gcc/avr/5.4.0/../../../../avr/lib/avr5\libm.a(fp_pscB.o)
 .data          0x00000000        0x0 c:/program files (x86)/atmel/studio/7.0/toolchain/avr8/avr8-gnu-toolchain/bin/../lib/gcc/avr/5.4.0/../../../../avr/lib/avr5\libm.a(fp_pscB.o)
 .bss           0x00000000        0x0 c:/program files (x86)/atmel/studio/7.0/toolchain/avr8/avr8-gnu-toolchain/bin/../lib/gcc/avr/5.4.0/../../../../avr/lib/avr5\libm.a(fp_pscB.o)
 .text          0x00000000        0x0 c:/program files (x86)/atmel/studio/7.0/toolchain/avr8/avr8-gnu-toolchain/bin/../lib/gcc/avr/5.4.0/../../../../avr/lib/avr5\libm.a(fp_round.o)
 .data          0x00000000        0x0 c:/program files (x86)/atmel/studio/7.0/toolchain/avr8/avr8-gnu-toolchain/bin/../lib/gcc/avr/5.4.0/../../../../avr/lib/avr5\libm.a(fp_round.o)
 .bss           0x00000000        0x0 c:/program files (x86)/atmel/studio/7.0/toolchain/avr8/avr8-gnu-toolchain/bin/../lib/gcc/avr/5.4.0/../../../../avr/lib/avr5\libm.a(fp_round.o)
 .text          0x00000000        0x0 c:/program files (x86)/atmel/studio/7.0/toolchain/avr8/avr8-gnu-toolchain/bin/../lib/gcc/avr/5.4.0/../../../../avr/lib/avr5\libm.a(fp_split3.o)
 .data          0x00000000        0x0 c:/program files (x86)/atmel/studio/7.0/toolchain/avr8/avr8-gnu-toolchain/bin/../lib/gcc/avr/5.4.0/../../../../avr/lib/avr5\libm.a(fp_split3.o)
 .bss           0x00000000        0x0 c:/program files (x86)/atmel/studio/7.0/toolchain/avr8/avr8-gnu-toolchain/bin/../lib/gcc/avr/5.4.0/../../../../avr/lib/avr5\libm.a(fp_split3.o)
 .text          0x00000000        0x0 c:/program files (x86)/atmel/studio/7.0/toolchain/avr8/avr8-gnu-toolchain/bin/../lib/gcc/avr/5.4.0/../../../../avr/lib/avr5\libm.a(fp_zero.o)
 .data          0x00000000        0x0 c:/program files (x86)/atmel/studio/7.0/toolchain/avr8/avr8-gnu-toolchain/bin/../lib/gcc/avr/5.4.0/../../../../avr/lib/avr5\libm.a(fp_zero.o)
 .bss           0x00000000        0x0 c:/program files (x86)/atmel/studio/7.0/toolchain/avr8/avr8-gnu-toolchain/bin/../lib/gcc/avr/5.4.0/../../../../avr/lib/avr5\libm.a(fp_zero.o)
 .text          0x00000000        0x0 c:/program files (x86)/atmel/studio/7.0/toolchain/avr8/avr8-gnu-toolchain/bin/../lib/gcc/avr/5.4.0/../../../../avr/lib/avr5\libm.a(gesf2.o)
 .data          0x00000000        0x0 c:/program files (x86)/atmel/studio/7.0/toolchain/avr8/avr8-gnu-toolchain/bin/../lib/gcc/avr/5.4.0/../../../../avr/lib/avr5\libm.a(gesf2.o)
 .bss           0x00000000        0x0 c:/program files (x86)/atmel/studio/7.0/toolchain/avr8/avr8-gnu-toolchain/bin/../lib/gcc/avr/5.4.0/../../../../avr/lib/avr5\libm.a(gesf2.o)
 .text          0x00000000        0x0 c:/program files (x86)/atmel/studio/7.0/toolchain/avr8/avr8-gnu-toolchain/bin/../lib/gcc/avr/5.4.0/../../../../avr/lib/avr5\libm.a(mulsf3.o)
 .data          0x00000000        0x0 c:/program files (x86)/atmel/studio/7.0/toolchain/avr8/avr8-gnu-toolchain/bin/../lib/gcc/avr/5.4.0/../../../../avr/lib/avr5\libm.a(mulsf3.o)
 .bss           0x00000000        0x0 c:/program files (x86)/atmel/studio/7.0/toolchain/avr8/avr8-gnu-toolchain/bin/../lib/gcc/avr/5.4.0/../../../../avr/lib/avr5\libm.a(mulsf3.o)
 .text          0x00000000        0x0 c:/program files (x86)/atmel/studio/7.0/toolchain/avr8/avr8-gnu-toolchain/bin/../lib/gcc/avr/5.4.0/../../../../avr/lib/avr5\libm.a(mulsf3x.o)
 .data          0x00000000        0x0 c:/program files (x86)/atmel/studio/7.0/toolchain/avr8/avr8-gnu-toolchain/bin/../lib/gcc/avr/5.4.0/../../../../avr/lib/avr5\libm.a(mulsf3x.o)
 .bss           0x00000000        0x0 c:/program files (x86)/atmel/studio/7.0/toolchain/avr8/avr8-gnu-toolchain/bin/../lib/gcc/avr/5.4.0/../../../../avr/lib/avr5\libm.a(mulsf3x.o)
 .text          0x00000000        0x0 c:/program files (x86)/atmel/studio/7.0/toolchain/avr8/avr8-gnu-toolchain/bin/../lib/gcc/avr/5.4.0/../../../../avr/lib/avr5\libm.a(pow.o)
 .data          0x00000000        0x0 c:/program files (x86)/atmel/studio/7.0/toolchain/avr8/avr8-gnu-toolchain/bin/../lib/gcc/avr/5.4.0/../../../../avr/lib/avr5\libm.a(pow.o)
 .bss           0x00000000        0x0 c:/program files (x86)/atmel/studio/7.0/toolchain/avr8/avr8-gnu-toolchain/bin/../lib/gcc/avr/5.4.0/../../../../avr/lib/avr5\libm.a(pow.o)
 .text          0x00000000        0x0 c:/program files (x86)/atmel/studio/7.0/toolchain/avr8/avr8-gnu-toolchain/bin/../lib/gcc/avr/5.4.0/../../../../avr/lib/avr5\libm.a(exp.o)
 .data          0x00000000        0x0 c:/program files (x86)/atmel/studio/7.0/toolchain/avr8/avr8-gnu-toolchain/bin/../lib/gcc/avr/5.4.0/../../../../avr/lib/avr5\libm.a(exp.o)
 .bss           0x00000000        0x0 c:/program files (x86)/atmel/studio/7.0/toolchain/avr8/avr8-gnu-toolchain/bin/../lib/gcc/avr/5.4.0/../../../../avr/lib/avr5\libm.a(exp.o)
 .text          0x00000000        0x0 c:/program files (x86)/atmel/studio/7.0/toolchain/avr8/avr8-gnu-toolchain/bin/../lib/gcc/avr/5.4.0/../../../../avr/lib/avr5\libm.a(fp_powser.o)
 .data          0x00000000        0x0 c:/program files (x86)/atmel/studio/7.0/toolchain/avr8/avr8-gnu-toolchain/bin/../lib/gcc/avr/5.4.0/../../../../avr/lib/avr5\libm.a(fp_powser.o)
 .bss           0x00000000        0x0 c:/program files (x86)/atmel/studio/7.0/toolchain/avr8/avr8-gnu-toolchain/bin/../lib/gcc/avr/5.4.0/../../../../avr/lib/avr5\libm.a(fp_powser.o)
 .text          0x00000000        0x0 c:/program files (x86)/atmel/studio/7.0/toolchain/avr8/avr8-gnu-toolchain/bin/../lib/gcc/avr/5.4.0/../../../../avr/lib/avr5\libm.a(inverse.o)
 .data          0x00000000        0x0 c:/program files (x86)/atmel/studio/7.0/toolchain/avr8/avr8-gnu-toolchain/bin/../lib/gcc/avr/5.4.0/../../../../avr/lib/avr5\libm.a(inverse.o)
 .bss           0x00000000        0x0 c:/program files (x86)/atmel/studio/7.0/toolchain/avr8/avr8-gnu-toolchain/bin/../lib/gcc/avr/5.4.0/../../../../avr/lib/avr5\libm.a(inverse.o)
 .text          0x00000000        0x0 c:/program files (x86)/atmel/studio/7.0/toolchain/avr8/avr8-gnu-toolchain/bin/../lib/gcc/avr/5.4.0/../../../../avr/lib/avr5\libm.a(ldexp.o)
 .data          0x00000000        0x0 c:/program files (x86)/atmel/studio/7.0/toolchain/avr8/avr8-gnu-toolchain/bin/../lib/gcc/avr/5.4.0/../../../../avr/lib/avr5\libm.a(ldexp.o)
 .bss           0x00000000        0x0 c:/program files (x86)/atmel/studio/7.0/toolchain/avr8/avr8-gnu-toolchain/bin/../lib/gcc/avr/5.4.0/../../../../avr/lib/avr5\libm.a(ldexp.o)
 .text          0x00000000        0x0 c:/program files (x86)/atmel/studio/7.0/toolchain/avr8/avr8-gnu-toolchain/bin/../lib/gcc/avr/5.4.0/../../../../avr/lib/avr5\libm.a(log.o)
 .data          0x00000000        0x0 c:/program files (x86)/atmel/studio/7.0/toolchain/avr8/avr8-gnu-toolchain/bin/../lib/gcc/avr/5.4.0/../../../../avr/lib/avr5\libm.a(log.o)
 .bss           0x00000000        0x0 c:/program files (x86)/atmel/studio/7.0/toolchain/avr8/avr8-gnu-toolchain/bin/../lib/gcc/avr/5.4.0/../../../../avr/lib/avr5\libm.a(log.o)
 .text          0x00000000        0x0 c:/program files (x86)/atmel/studio/7.0/toolchain/avr8/avr8-gnu-toolchain/bin/../lib/gcc/avr/5.4.0/../../../../avr/lib/avr5\libm.a(modf.o)
 .data          0x00000000        0x0 c:/program files (x86)/atmel/studio/7.0/toolchain/avr8/avr8-gnu-toolchain/bin/../lib/gcc/avr/5.4.0/../../../../avr/lib/avr5\libm.a(modf.o)
 .bss           0x00000000        0x0 c:/program files (x86)/atmel/studio/7.0/toolchain/avr8/avr8-gnu-toolchain/bin/../lib/gcc/avr/5.4.0/../../../../avr/lib/avr5\libm.a(modf.o)
 .text          0x00000000        0x0 c:/program files (x86)/atmel/studio/7.0/toolchain/avr8/avr8-gnu-toolchain/bin/../lib/gcc/avr/5.4.0/../../../../avr/lib/avr5\libm.a(fp_mpack.o)
 .data          0x00000000        0x0 c:/program files (x86)/atmel/studio/7.0/toolchain/avr8/avr8-gnu-toolchain/bin/../lib/gcc/avr/5.4.0/../../../../avr/lib/avr5\libm.a(fp_mpack.o)
 .bss           0x00000000        0x0 c:/program files (x86)/atmel/studio/7.0/toolchain/avr8/avr8-gnu-toolchain/bin/../lib/gcc/avr/5.4.0/../../../../avr/lib/avr5\libm.a(fp_mpack.o)
 .text          0x00000000        0x0 c:/program files (x86)/atmel/studio/7.0/toolchain/avr8/avr8-gnu-toolchain/bin/../lib/gcc/avr/5.4.0/avr5\libgcc.a(_exit.o)
 .data          0x00000000        0x0 c:/program files (x86)/atmel/studio/7.0/toolchain/avr8/avr8-gnu-toolchain/bin/../lib/gcc/avr/5.4.0/avr5\libgcc.a(_exit.o)
 .bss           0x00000000        0x0 c:/program files (x86)/atmel/studio/7.0/toolchain/avr8/avr8-gnu-toolchain/bin/../lib/gcc/avr/5.4.0/avr5\libgcc.a(_exit.o)
 .text.libgcc.mul
                0x00000000        0x0 c:/program files (x86)/atmel/studio/7.0/toolchain/avr8/avr8-gnu-toolchain/bin/../lib/gcc/avr/5.4.0/avr5\libgcc.a(_exit.o)
 .text.libgcc.div
                0x00000000        0x0 c:/program files (x86)/atmel/studio/7.0/toolchain/avr8/avr8-gnu-toolchain/bin/../lib/gcc/avr/5.4.0/avr5\libgcc.a(_exit.o)
 .text.libgcc   0x00000000        0x0 c:/program files (x86)/atmel/studio/7.0/toolchain/avr8/avr8-gnu-toolchain/bin/../lib/gcc/avr/5.4.0/avr5\libgcc.a(_exit.o)
 .text.libgcc.prologue
                0x00000000        0x0 c:/program files (x86)/atmel/studio/7.0/toolchain/avr8/avr8-gnu-toolchain/bin/../lib/gcc/avr/5.4.0/avr5\libgcc.a(_exit.o)
 .text.libgcc.builtins
                0x00000000        0x0 c:/program files (x86)/atmel/studio/7.0/toolchain/avr8/avr8-gnu-toolchain/bin/../lib/gcc/avr/5.4.0/avr5\libgcc.a(_exit.o)
 .text.libgcc.fmul
                0x00000000        0x0 c:/program files (x86)/atmel/studio/7.0/toolchain/avr8/avr8-gnu-toolchain/bin/../lib/gcc/avr/5.4.0/avr5\libgcc.a(_exit.o)
 .text.libgcc.fixed
                0x00000000        0x0 c:/program files (x86)/atmel/studio/7.0/toolchain/avr8/avr8-gnu-toolchain/bin/../lib/gcc/avr/5.4.0/avr5\libgcc.a(_exit.o)
 .text          0x00000000        0x0 c:/program files (x86)/atmel/studio/7.0/toolchain/avr8/avr8-gnu-toolchain/bin/../lib/gcc/avr/5.4.0/avr5\libgcc.a(_tablejump2.o)
 .data          0x00000000        0x0 c:/program files (x86)/atmel/studio/7.0/toolchain/avr8/avr8-gnu-toolchain/bin/../lib/gcc/avr/5.4.0/avr5\libgcc.a(_tablejump2.o)
 .bss           0x00000000        0x0 c:/program files (x86)/atmel/studio/7.0/toolchain/avr8/avr8-gnu-toolchain/bin/../lib/gcc/avr/5.4.0/avr5\libgcc.a(_tablejump2.o)
 .text.libgcc.mul
                0x00000000        0x0 c:/program files (x86)/atmel/studio/7.0/toolchain/avr8/avr8-gnu-toolchain/bin/../lib/gcc/avr/5.4.0/avr5\libgcc.a(_tablejump2.o)
 .text.libgcc.div
                0x00000000        0x0 c:/program files (x86)/atmel/studio/7.0/toolchain/avr8/avr8-gnu-toolchain/bin/../lib/gcc/avr/5.4.0/avr5\libgcc.a(_tablejump2.o)
 .text.libgcc.prologue
                0x00000000        0x0 c:/program files (x86)/atmel/studio/7.0/toolchain/avr8/avr8-gnu-toolchain/bin/../lib/gcc/avr/5.4.0/avr5\libgcc.a(_tablejump2.o)
 .text.libgcc.builtins
                0x00000000        0x0 c:/program files (x86)/atmel/studio/7.0/toolchain/avr8/avr8-gnu-toolchain/bin/../lib/gcc/avr/5.4.0/avr5\libgcc.a(_tablejump2.o)
 .text.libgcc.fmul
                0x00000000        0x0 c:/program files (x86)/atmel/studio/7.0/toolchain/avr8/avr8-gnu-toolchain/bin/../lib/gcc/avr/5.4.0/avr5\libgcc.a(_tablejump2.o)
 .text.libgcc.fixed
                0x00000000        0x0 c:/program files (x86)/atmel/studio/7.0/toolchain/avr8/avr8-gnu-toolchain/bin/../lib/gcc/avr/5.4.0/avr5\libgcc.a(_tablejump2.o)
 .text          0x00000000        0x0 c:/program files (x86)/atmel/studio/7.0/toolchain/avr8/avr8-gnu-toolchain/bin/../lib/gcc/avr/5.4.0/avr5\libgcc.a(_copy_data.o)
 .data          0x00000000        0x0 c:/program files (x86)/atmel/studio/7.0/toolchain/avr8/avr8-gnu-toolchain/bin/../lib/gcc/avr/5.4.0/avr5\libgcc.a(_copy_data.o)
 .bss           0x00000000        0x0 c:/program files (x86)/atmel/studio/7.0/toolchain/avr8/avr8-gnu-toolchain/bin/../lib/gcc/avr/5.4.0/avr5\libgcc.a(_copy_data.o)
 .text.libgcc.mul
                0x00000000        0x0 c:/program files (x86)/atmel/studio/7.0/toolchain/avr8/avr8-gnu-toolchain/bin/../lib/gcc/avr/5.4.0/avr5\libgcc.a(_copy_data.o)
 .text.libgcc.div
                0x00000000        0x0 c:/program files (x86)/atmel/studio/7.0/toolchain/avr8/avr8-gnu-toolchain/bin/../lib/gcc/avr/5.4.0/avr5\libgcc.a(_copy_data.o)
 .text.libgcc   0x00000000        0x0 c:/program files (x86)/atmel/studio/7.0/toolchain/avr8/avr8-gnu-toolchain/bin/../lib/gcc/avr/5.4.0/avr5\libgcc.a(_copy_data.o)
 .text.libgcc.prologue
                0x00000000        0x0 c:/program files (x86)/atmel/studio/7.0/toolchain/avr8/avr8-gnu-toolchain/bin/../lib/gcc/avr/5.4.0/avr5\libgcc.a(_copy_data.o)
 .text.libgcc.builtins
                0x00000000        0x0 c:/program files (x86)/atmel/studio/7.0/toolchain/avr8/avr8-gnu-toolchain/bin/../lib/gcc/avr/5.4.0/avr5\libgcc.a(_copy_data.o)
 .text.libgcc.fmul
                0x00000000        0x0 c:/program files (x86)/atmel/studio/7.0/toolchain/avr8/avr8-gnu-toolchain/bin/../lib/gcc/avr/5.4.0/avr5\libgcc.a(_copy_data.o)
 .text.libgcc.fixed
                0x00000000        0x0 c:/program files (x86)/atmel/studio/7.0/toolchain/avr8/avr8-gnu-toolchain/bin/../lib/gcc/avr/5.4.0/avr5\libgcc.a(_copy_data.o)
 .text          0x00000000        0x0 c:/program files (x86)/atmel/studio/7.0/toolchain/avr8/avr8-gnu-toolchain/bin/../lib/gcc/avr/5.4.0/avr5\libgcc.a(_clear_bss.o)
 .data          0x00000000        0x0 c:/program files (x86)/atmel/studio/7.0/toolchain/avr8/avr8-gnu-toolchain/bin/../lib/gcc/avr/5.4.0/avr5\libgcc.a(_clear_bss.o)
 .bss           0x00000000        0x0 c:/program files (x86)/atmel/studio/7.0/toolchain/avr8/avr8-gnu-toolchain/bin/../lib/gcc/avr/5.4.0/avr5\libgcc.a(_clear_bss.o)
 .text.libgcc.mul
                0x00000000        0x0 c:/program files (x86)/atmel/studio/7.0/toolchain/avr8/avr8-gnu-toolchain/bin/../lib/gcc/avr/5.4.0/avr5\libgcc.a(_clear_bss.o)
 .text.libgcc.div
                0x00000000        0x0 c:/program files (x86)/atmel/studio/7.0/toolchain/avr8/avr8-gnu-toolchain/bin/../lib/gcc/avr/5.4.0/avr5\libgcc.a(_clear_bss.o)
 .text.libgcc   0x00000000        0x0 c:/program files (x86)/atmel/studio/7.0/toolchain/avr8/avr8-gnu-toolchain/bin/../lib/gcc/avr/5.4.0/avr5\libgcc.a(_clear_bss.o)
 .text.libgcc.prologue
                0x00000000        0x0 c:/program files (x86)/atmel/studio/7.0/toolchain/avr8/avr8-gnu-toolchain/bin/../lib/gcc/avr/5.4.0/avr5\libgcc.a(_clear_bss.o)
 .text.libgcc.builtins
                0x00000000        0x0 c:/program files (x86)/atmel/studio/7.0/toolchain/avr8/avr8-gnu-toolchain/bin/../lib/gcc/avr/5.4.0/avr5\libgcc.a(_clear_bss.o)
 .text.libgcc.fmul
                0x00000000        0x0 c:/program files (x86)/atmel/studio/7.0/toolchain/avr8/avr8-gnu-toolchain/bin/../lib/gcc/avr/5.4.0/avr5\libgcc.a(_clear_bss.o)
 .text.libgcc.fixed
                0x00000000        0x0 c:/program files (x86)/atmel/studio/7.0/toolchain/avr8/avr8-gnu-toolchain/bin/../lib/gcc/avr/5.4.0/avr5\libgcc.a(_clear_bss.o)
 .text          0x00000000        0x0 c:/program files (x86)/atmel/studio/7.0/toolchain/avr8/avr8-gnu-toolchain/bin/../lib/gcc/avr/5.4.0/avr5\libgcc.a(_umulhisi3.o)
 .data          0x00000000        0x0 c:/program files (x86)/atmel/studio/7.0/toolchain/avr8/avr8-gnu-toolchain/bin/../lib/gcc/avr/5.4.0/avr5\libgcc.a(_umulhisi3.o)
 .bss           0x00000000        0x0 c:/program files (x86)/atmel/studio/7.0/toolchain/avr8/avr8-gnu-toolchain/bin/../lib/gcc/avr/5.4.0/avr5\libgcc.a(_umulhisi3.o)
 .text.libgcc.div
                0x00000000        0x0 c:/program files (x86)/atmel/studio/7.0/toolchain/avr8/avr8-gnu-toolchain/bin/../lib/gcc/avr/5.4.0/avr5\libgcc.a(_umulhisi3.o)
 .text.libgcc   0x00000000        0x0 c:/program files (x86)/atmel/studio/7.0/toolchain/avr8/avr8-gnu-toolchain/bin/../lib/gcc/avr/5.4.0/avr5\libgcc.a(_umulhisi3.o)
 .text.libgcc.prologue
                0x00000000        0x0 c:/program files (x86)/atmel/studio/7.0/toolchain/avr8/avr8-gnu-toolchain/bin/../lib/gcc/avr/5.4.0/avr5\libgcc.a(_umulhisi3.o)
 .text.libgcc.builtins
                0x00000000        0x0 c:/program files (x86)/atmel/studio/7.0/toolchain/avr8/avr8-gnu-toolchain/bin/../lib/gcc/avr/5.4.0/avr5\libgcc.a(_umulhisi3.o)
 .text.libgcc.fmul
                0x00000000        0x0 c:/program files (x86)/atmel/studio/7.0/toolchain/avr8/avr8-gnu-toolchain/bin/../lib/gcc/avr/5.4.0/avr5\libgcc.a(_umulhisi3.o)
 .text.libgcc.fixed
                0x00000000        0x0 c:/program files (x86)/atmel/studio/7.0/toolchain/avr8/avr8-gnu-toolchain/bin/../lib/gcc/avr/5.4.0/avr5\libgcc.a(_umulhisi3.o)

Memory Configuration

Name             Origin             Length             Attributes
text             0x00000000         0x00008000         xr
data             0x00800060         0x00000800         rw !x
eeprom           0x00810000         0x00000400         rw !x
fuse             0x00820000         0x00000002         rw !x
lock             0x00830000         0x00000400         rw !x
signature        0x00840000         0x00000400         rw !x
user_signatures  0x00850000         0x00000400         rw !x
*default*        0x00000000         0xffffffff

Linker script and memory map

LOAD C:/Program Files (x86)/Atmel/Studio/7.0/Packs/atmel/ATmega_DFP/1.6.364/gcc/dev/atmega32a/avr5/crtatmega32a.o
LOAD App/Admin/admin.o
LOAD App/ATM/ATM.o
LOAD App/User/User.o
LOAD Firmware/Button/PushButton.o
LOAD Firmware/EEPROM/EEPROM.o
LOAD Firmware/Keypad/Keypad.o
LOAD Firmware/Keypad/Keypad_Config.o
LOAD Firmware/LCD/LCD.o
LOAD Firmware/LCD/LCD_Config.o
LOAD Firmware/Motor/motor.o
LOAD Firmware/Temp/temp.o
LOAD Infrastructure/utils.o
LOAD main.o
LOAD Mcal/ADC/adc.o
LOAD Mcal/DIO/DIO.o
LOAD Mcal/I2C/I2C.o
LOAD Mcal/SPI/SPI.o
LOAD Mcal/Timer/TIMER_DRIVER.o
LOAD Mcal/UART/uart.o
START GROUP
LOAD c:/program files (x86)/atmel/studio/7.0/toolchain/avr8/avr8-gnu-toolchain/bin/../lib/gcc/avr/5.4.0/../../../../avr/lib/avr5\libm.a
END GROUP
START GROUP
LOAD c:/program files (x86)/atmel/studio/7.0/toolchain/avr8/avr8-gnu-toolchain/bin/../lib/gcc/avr/5.4.0/avr5\libgcc.a
LOAD c:/program files (x86)/atmel/studio/7.0/toolchain/avr8/avr8-gnu-toolchain/bin/../lib/gcc/avr/5.4.0/../../../../avr/lib/avr5\libm.a
LOAD c:/program files (x86)/atmel/studio/7.0/toolchain/avr8/avr8-gnu-toolchain/bin/../lib/gcc/avr/5.4.0/../../../../avr/lib/avr5\libc.a
LOAD C:/Program Files (x86)/Atmel/Studio/7.0/Packs/atmel/ATmega_DFP/1.6.364/gcc/dev/atmega32a/avr5\libatmega32a.a
END GROUP
                [0x00000000]                __TEXT_REGION_ORIGIN__ = DEFINED (__TEXT_REGION_ORIGIN__)?__TEXT_REGION_ORIGIN__:0x0
                [0x00800060]                __DATA_REGION_ORIGIN__ = DEFINED (__DATA_REGION_ORIGIN__)?__DATA_REGION_ORIGIN__:0x800060
                [0x00008000]                __TEXT_REGION_LENGTH__ = DEFINED (__TEXT_REGION_LENGTH__)?__TEXT_REGION_LENGTH__:0x20000
                [0x00000800]                __DATA_REGION_LENGTH__ = DEFINED (__DATA_REGION_LENGTH__)?__DATA_REGION_LENGTH__:0xffa0
                [0x00000400]                __EEPROM_REGION_LENGTH__ = DEFINED (__EEPROM_REGION_LENGTH__)?__EEPROM_REGION_LENGTH__:0x10000
                [0x00000002]                __FUSE_REGION_LENGTH__ = DEFINED (__FUSE_REGION_LENGTH__)?__FUSE_REGION_LENGTH__:0x400
                0x00000400                __LOCK_REGION_LENGTH__ = DEFINED (__LOCK_REGION_LENGTH__)?__LOCK_REGION_LENGTH__:0x400
                0x00000400                __SIGNATURE_REGION_LENGTH__ = DEFINED (__SIGNATURE_REGION_LENGTH__)?__SIGNATURE_REGION_LENGTH__:0x400
                0x00000400                __USER_SIGNATURE_REGION_LENGTH__ = DEFINED (__USER_SIGNATURE_REGION_LENGTH__)?__USER_SIGNATURE_REGION_LENGTH__:0x400

.hash
 *(.hash)

.dynsym
 *(.dynsym)

.dynstr
 *(.dynstr)

.gnu.version
 *(.gnu.version)

.gnu.version_d
 *(.gnu.version_d)

.gnu.version_r
 *(.gnu.version_r)

.rel.init
 *(.rel.init)

.rela.init
 *(.rela.init)

.rel.text
 *(.rel.text)
 *(.rel.text.*)
 *(.rel.gnu.linkonce.t*)

.rela.text
 *(.rela.text)
 *(.rela.text.*)
 *(.rela.gnu.linkonce.t*)

.rel.fini
 *(.rel.fini)

.rela.fini
 *(.rela.fini)

.rel.rodata
 *(.rel.rodata)
 *(.rel.rodata.*)
 *(.rel.gnu.linkonce.r*)

.rela.rodata
 *(.rela.rodata)
 *(.rela.rodata.*)
 *(.rela.gnu.linkonce.r*)

.rel.data
 *(.rel.data)
 *(.rel.data.*)
 *(.rel.gnu.linkonce.d*)

.rela.data
 *(.rela.data)
 *(.rela.data.*)
 *(.rela.gnu.linkonce.d*)

.rel.ctors
 *(.rel.ctors)

.rela.ctors
 *(.rela.ctors)

.rel.dtors
 *(.rel.dtors)

.rela.dtors
 *(.rela.dtors)

.rel.got
 *(.rel.got)

.rela.got
 *(.rela.got)

.rel.bss
 *(.rel.bss)

.rela.bss
 *(.rela.bss)

.rel.plt
 *(.rel.plt)

.rela.plt
 *(.rela.plt)

.text           0x00000000     0x2cfc
 *(.vectors)
 .vectors       0x00000000       0x54 C:/Program Files (x86)/Atmel/Studio/7.0/Packs/atmel/ATmega_DFP/1.6.364/gcc/dev/atmega32a/avr5/crtatmega32a.o
                0x00000000                __vector_default
                0x00000000                __vectors
 *(.vectors)
 *(.progmem.gcc*)
 .progmem.gcc_sw_table.TEMP_Init
                0x00000054       0x10 Firmware/Temp/temp.o
 .progmem.gcc_sw_table.TEMP_GetTemp
                0x00000064       0x10 Firmware/Temp/temp.o
 .progmem.gcc_sw_table.TIM_CLK_SLCT
                0x00000074       0x20 Mcal/Timer/TIMER_DRIVER.o
 .progmem.gcc_fplib
                0x00000094       0x28 c:/program files (x86)/atmel/studio/7.0/toolchain/avr8/avr8-gnu-toolchain/bin/../lib/gcc/avr/5.4.0/../../../../avr/lib/avr5\libm.a(exp.o)
 .progmem.gcc_fplib
                0x000000bc       0x5a c:/program files (x86)/atmel/studio/7.0/toolchain/avr8/avr8-gnu-toolchain/bin/../lib/gcc/avr/5.4.0/../../../../avr/lib/avr5\libm.a(log.o)
                0x00000116                . = ALIGN (0x2)
                0x00000116                __trampolines_start = .
 *(.trampolines)
 .trampolines   0x00000116        0x0 linker stubs
 *(.trampolines*)
                0x00000116                __trampolines_end = .
 *libprintf_flt.a:*(.progmem.data)
 *libc.a:*(.progmem.data)
 *(.progmem*)
                0x00000116                . = ALIGN (0x2)
 *(.jumptables)
 *(.jumptables*)
 *(.lowtext)
 *(.lowtext*)
                0x00000116                __ctors_start = .
 *(.ctors)
                0x00000116                __ctors_end = .
                0x00000116                __dtors_start = .
 *(.dtors)
                0x00000116                __dtors_end = .
 SORT(*)(.ctors)
 SORT(*)(.dtors)
 *(.init0)
 .init0         0x00000116        0x0 C:/Program Files (x86)/Atmel/Studio/7.0/Packs/atmel/ATmega_DFP/1.6.364/gcc/dev/atmega32a/avr5/crtatmega32a.o
                0x00000116                __init
 *(.init0)
 *(.init1)
 *(.init1)
 *(.init2)
 .init2         0x00000116        0xc C:/Program Files (x86)/Atmel/Studio/7.0/Packs/atmel/ATmega_DFP/1.6.364/gcc/dev/atmega32a/avr5/crtatmega32a.o
 *(.init2)
 *(.init3)
 *(.init3)
 *(.init4)
 .init4         0x00000122       0x16 c:/program files (x86)/atmel/studio/7.0/toolchain/avr8/avr8-gnu-toolchain/bin/../lib/gcc/avr/5.4.0/avr5\libgcc.a(_copy_data.o)
                0x00000122                __do_copy_data
 .init4         0x00000138       0x10 c:/program files (x86)/atmel/studio/7.0/toolchain/avr8/avr8-gnu-toolchain/bin/../lib/gcc/avr/5.4.0/avr5\libgcc.a(_clear_bss.o)
                0x00000138                __do_clear_bss
 *(.init4)
 *(.init5)
 *(.init5)
 *(.init6)
 *(.init6)
 *(.init7)
 *(.init7)
 *(.init8)
 *(.init8)
 *(.init9)
 .init9         0x00000148        0x8 C:/Program Files (x86)/Atmel/Studio/7.0/Packs/atmel/ATmega_DFP/1.6.364/gcc/dev/atmega32a/avr5/crtatmega32a.o
 *(.init9)
 *(.text)
 .text          0x00000150        0x4 C:/Program Files (x86)/Atmel/Studio/7.0/Packs/atmel/ATmega_DFP/1.6.364/gcc/dev/atmega32a/avr5/crtatmega32a.o
                0x00000150                __vector_1
                0x00000150                __bad_interrupt
                0x00000150                __vector_6
                0x00000150                __vector_3
                0x00000150                __vector_17
                0x00000150                __vector_19
                0x00000150                __vector_7
                0x00000150                __vector_9
                0x00000150                __vector_2
                0x00000150                __vector_8
                0x00000150                __vector_18
                0x00000150                __vector_20
                0x00000154                . = ALIGN (0x2)
 *(.text.*)
 .text.findLength
                0x00000154       0x18 App/Admin/admin.o
 .text.stof     0x0000016c       0xb6 App/Admin/admin.o
 .text.compare  0x00000222       0x28 App/Admin/admin.o
                0x00000222                compare
 .text.reverse  0x0000024a       0x26 App/Admin/admin.o
                0x0000024a                reverse
 .text.intToStr
                0x00000270       0xa8 App/Admin/admin.o
                0x00000270                intToStr
 .text.ftos     0x00000318       0xbe App/Admin/admin.o
                0x00000318                ftos
 .text.Set_PinData
                0x000003d6       0x16 App/Admin/admin.o
                0x000003d6                Set_PinData
 .text.Get_PinData
                0x000003ec       0x14 App/Admin/admin.o
                0x000003ec                Get_PinData
 .text.Check_WrittenAddresses
                0x00000400       0x2e App/Admin/admin.o
                0x00000400                Check_WrittenAddresses
 .text.Display_AccountsAvaliable
                0x0000042e       0x32 App/Admin/admin.o
                0x0000042e                Display_AccountsAvaliable
 .text.Set_WrittenAddresses
                0x00000460       0x28 App/Admin/admin.o
                0x00000460                Set_WrittenAddresses
 .text.Get_WrittenAddresses
                0x00000488       0x42 App/Admin/admin.o
                0x00000488                Get_WrittenAddresses
 .text.ADMIN_Authenticate
                0x000004ca       0x9a App/Admin/admin.o
                0x000004ca                ADMIN_Authenticate
 .text.ADMIN_Interface
                0x00000564       0x74 App/Admin/admin.o
                0x00000564                ADMIN_Interface
 .text.ADMIN_GetAccount
                0x000005d8       0xd8 App/Admin/admin.o
                0x000005d8                ADMIN_GetAccount
 .text.ADMIN_SetAccount
                0x000006b0      0x100 App/Admin/admin.o
                0x000006b0                ADMIN_SetAccount
 .text.ADMIN_SetMaxBalance
                0x000007b0       0x80 App/Admin/admin.o
                0x000007b0                ADMIN_SetMaxBalance
 .text.ADMIN_GetMaxBalance
                0x00000830       0x4c App/Admin/admin.o
                0x00000830                ADMIN_GetMaxBalance
 .text.ADMIN_Mode
                0x0000087c       0x5c App/Admin/admin.o
                0x0000087c                ADMIN_Mode
 .text.ATM_Init
                0x000008d8       0x32 App/ATM/ATM.o
                0x000008d8                ATM_Init
 .text.ATM_SelectMode
                0x0000090a       0x72 App/ATM/ATM.o
                0x0000090a                ATM_SelectMode
 .text.StringCmpr
                0x0000097c       0x38 App/User/User.o
 .text.findLength
                0x000009b4       0x18 App/User/User.o
 .text.stof     0x000009cc       0xb6 App/User/User.o
 .text.USER_GetCardData
                0x00000a82       0x1c App/User/User.o
                0x00000a82                USER_GetCardData
 .text.USER_GetServerData
                0x00000a9e       0xa8 App/User/User.o
                0x00000a9e                USER_GetServerData
 .text.USER_PrintTemp
                0x00000b46       0x30 App/User/User.o
                0x00000b46                USER_PrintTemp
 .text.User_Authenticate
                0x00000b76       0xc4 App/User/User.o
                0x00000b76                User_Authenticate
 .text.User_CheckAmount
                0x00000c3a      0x180 App/User/User.o
                0x00000c3a                User_CheckAmount
 .text.User_UpdateBalance
                0x00000dba       0x46 App/User/User.o
                0x00000dba                User_UpdateBalance
 .text.USER_Interface
                0x00000e00      0x2d4 App/User/User.o
                0x00000e00                USER_Interface
 .text.USER_Mode
                0x000010d4        0x4 App/User/User.o
                0x000010d4                USER_Mode
 .text.PSHBTTN_EnablePullUp
                0x000010d8        0x8 Firmware/Button/PushButton.o
                0x000010d8                PSHBTTN_EnablePullUp
 .text.PSHBTTN_Init
                0x000010e0       0x28 Firmware/Button/PushButton.o
                0x000010e0                PSHBTTN_Init
 .text.PSHBTTN_Status
                0x00001108       0x4c Firmware/Button/PushButton.o
                0x00001108                PSHBTTN_Status
 .text.EEPROM_Init
                0x00001154       0x1a Firmware/EEPROM/EEPROM.o
                0x00001154                EEPROM_Init
 .text.EEPROM_Read
                0x0000116e       0x82 Firmware/EEPROM/EEPROM.o
                0x0000116e                EEPROM_Read
 .text.EEPROM_Write
                0x000011f0       0x62 Firmware/EEPROM/EEPROM.o
                0x000011f0                EEPROM_Write
 .text.EEPROM_ReadBytes
                0x00001252       0x4c Firmware/EEPROM/EEPROM.o
                0x00001252                EEPROM_ReadBytes
 .text.EEPROM_WriteBytes
                0x0000129e       0x52 Firmware/EEPROM/EEPROM.o
                0x0000129e                EEPROM_WriteBytes
 .text.KEYPAD_Init
                0x000012f0       0x6c Firmware/Keypad/Keypad.o
                0x000012f0                KEYPAD_Init
 .text.KEYPAD_WhichRow
                0x0000135c       0x3a Firmware/Keypad/Keypad.o
                0x0000135c                KEYPAD_WhichRow
 .text.KEYPAD_ReadKey
                0x00001396       0xf0 Firmware/Keypad/Keypad.o
                0x00001396                KEYPAD_ReadKey
 .text.KEYPAD_MustPressed
                0x00001486       0x18 Firmware/Keypad/Keypad.o
                0x00001486                KEYPAD_MustPressed
 .text.LCD_SendCommand
                0x0000149e      0x102 Firmware/LCD/LCD.o
                0x0000149e                LCD_SendCommand
 .text.LCD_Init
                0x000015a0       0x88 Firmware/LCD/LCD.o
                0x000015a0                LCD_Init
 .text.LCD_SendData
                0x00001628      0x102 Firmware/LCD/LCD.o
                0x00001628                LCD_SendData
 .text.LCD_SendString
                0x0000172a       0x1a Firmware/LCD/LCD.o
                0x0000172a                LCD_SendString
 .text.LCD_SendNumber
                0x00001744       0xc0 Firmware/LCD/LCD.o
                0x00001744                LCD_SendNumber
 .text.MOTOR_INIT
                0x00001804        0xe Firmware/Motor/motor.o
                0x00001804                MOTOR_INIT
 .text.MOTOR_START
                0x00001812        0xe Firmware/Motor/motor.o
                0x00001812                MOTOR_START
 .text.MOTOR_STOP
                0x00001820        0xe Firmware/Motor/motor.o
                0x00001820                MOTOR_STOP
 .text.TEMP_Init
                0x0000182e       0x5e Firmware/Temp/temp.o
                0x0000182e                TEMP_Init
 .text.TEMP_GetTemp
                0x0000188c       0xfe Firmware/Temp/temp.o
                0x0000188c                TEMP_GetTemp
 .text.dummy_delay
                0x0000198a       0x54 Infrastructure/utils.o
                0x0000198a                dummy_delay
 .text.StringCompare
                0x000019de       0x42 Infrastructure/utils.o
                0x000019de                StringCompare
 .text.main     0x00001a20        0xa main.o
                0x00001a20                main
 .text.ADC_Init
                0x00001a2a       0x1e Mcal/ADC/adc.o
                0x00001a2a                ADC_Init
 .text.ADC_StartSingleConversion
                0x00001a48       0x10 Mcal/ADC/adc.o
                0x00001a48                ADC_StartSingleConversion
 .text.ADC_Read
                0x00001a58       0x24 Mcal/ADC/adc.o
                0x00001a58                ADC_Read
 .text.__vector_16
                0x00001a7c       0x4e Mcal/ADC/adc.o
                0x00001a7c                __vector_16
 .text.DIO_SetPinDirection
                0x00001aca       0xb0 Mcal/DIO/DIO.o
                0x00001aca                DIO_SetPinDirection
 .text.DIO_WritePin
                0x00001b7a       0xb0 Mcal/DIO/DIO.o
                0x00001b7a                DIO_WritePin
 .text.DIO_ReadPin
                0x00001c2a       0x68 Mcal/DIO/DIO.o
                0x00001c2a                DIO_ReadPin
 .text.DIO_EnablePinPullup
                0x00001c92       0x68 Mcal/DIO/DIO.o
                0x00001c92                DIO_EnablePinPullup
 .text.I2C_Init
                0x00001cfa       0x18 Mcal/I2C/I2C.o
                0x00001cfa                I2C_Init
 .text.I2C_Start
                0x00001d12       0x16 Mcal/I2C/I2C.o
                0x00001d12                I2C_Start
 .text.I2C_RepeatedStart
                0x00001d28       0x1c Mcal/I2C/I2C.o
                0x00001d28                I2C_RepeatedStart
 .text.I2C_Write
                0x00001d44       0x1a Mcal/I2C/I2C.o
                0x00001d44                I2C_Write
 .text.I2C_ReadNoAck
                0x00001d5e       0x28 Mcal/I2C/I2C.o
                0x00001d5e                I2C_ReadNoAck
 .text.I2C_Stop
                0x00001d86       0x18 Mcal/I2C/I2C.o
                0x00001d86                I2C_Stop
 .text.SPI_Init
                0x00001d9e       0x6c Mcal/SPI/SPI.o
                0x00001d9e                SPI_Init
 .text.SPI_TransmitChar
                0x00001e0a       0x28 Mcal/SPI/SPI.o
                0x00001e0a                SPI_TransmitChar
 .text.SPI_ReceiveChar
                0x00001e32       0x24 Mcal/SPI/SPI.o
                0x00001e32                SPI_ReceiveChar
 .text.SPI_DataExchange
                0x00001e56       0x22 Mcal/SPI/SPI.o
                0x00001e56                SPI_DataExchange
 .text.SPI_ReceiveString
                0x00001e78       0x54 Mcal/SPI/SPI.o
                0x00001e78                SPI_ReceiveString
 .text.__vector_12
                0x00001ecc       0x52 Mcal/SPI/SPI.o
                0x00001ecc                __vector_12
 .text.TIM_SetTimerPreLoadVal
                0x00001f1e       0x20 Mcal/Timer/TIMER_DRIVER.o
                0x00001f1e                TIM_SetTimerPreLoadVal
 .text.TIM_CLK_SLCT
                0x00001f3e       0xfe Mcal/Timer/TIMER_DRIVER.o
                0x00001f3e                TIM_CLK_SLCT
 .text.TIM_Flag_Get
                0x0000203c       0x5c Mcal/Timer/TIMER_DRIVER.o
                0x0000203c                TIM_Flag_Get
 .text.TIM_Flag_Reset
                0x00002098       0x4e Mcal/Timer/TIMER_DRIVER.o
                0x00002098                TIM_Flag_Reset
 .text.TIM_Delay_MS
                0x000020e6      0x196 Mcal/Timer/TIMER_DRIVER.o
                0x000020e6                TIM_Delay_MS
 .text.__vector_11
                0x0000227c       0x52 Mcal/Timer/TIMER_DRIVER.o
                0x0000227c                __vector_11
 .text.__vector_10
                0x000022ce       0x52 Mcal/Timer/TIMER_DRIVER.o
                0x000022ce                __vector_10
 .text.__vector_5
                0x00002320       0x52 Mcal/Timer/TIMER_DRIVER.o
                0x00002320                __vector_5
 .text.__vector_4
                0x00002372       0x52 Mcal/Timer/TIMER_DRIVER.o
                0x00002372                __vector_4
 .text.UART_Init
                0x000023c4       0x26 Mcal/UART/uart.o
                0x000023c4                UART_Init
 .text.UART_TransmitChar
                0x000023ea        0xa Mcal/UART/uart.o
                0x000023ea                UART_TransmitChar
 .text.UART_TransmitString
                0x000023f4       0x24 Mcal/UART/uart.o
                0x000023f4                UART_TransmitString
 .text.UART_ReceiveChar
                0x00002418        0xe Mcal/UART/uart.o
                0x00002418                UART_ReceiveChar
 .text.UART_ReceiveString
                0x00002426       0x46 Mcal/UART/uart.o
                0x00002426                UART_ReceiveString
 .text.__vector_13
                0x0000246c       0x4e Mcal/UART/uart.o
                0x0000246c                __vector_13
 .text.__vector_14
                0x000024ba       0x4e Mcal/UART/uart.o
                0x000024ba                __vector_14
 .text.__vector_15
                0x00002508       0x4e Mcal/UART/uart.o
                0x00002508                __vector_15
 .text.avr-libc.fplib
                0x00002556        0xe c:/program files (x86)/atmel/studio/7.0/toolchain/avr8/avr8-gnu-toolchain/bin/../lib/gcc/avr/5.4.0/../../../../avr/lib/avr5\libm.a(addsf3.o)
                0x00002556                __subsf3
                0x00002558                __addsf3
 .text.avr-libc.fplib
                0x00002564       0xcc c:/program files (x86)/atmel/studio/7.0/toolchain/avr8/avr8-gnu-toolchain/bin/../lib/gcc/avr/5.4.0/../../../../avr/lib/avr5\libm.a(addsf3x.o)
                0x00002586                __addsf3x
 .text.avr-libc.fplib
                0x00002630        0xa c:/program files (x86)/atmel/studio/7.0/toolchain/avr8/avr8-gnu-toolchain/bin/../lib/gcc/avr/5.4.0/../../../../avr/lib/avr5\libm.a(cmpsf2.o)
                0x00002630                __nesf2
                0x00002630                __eqsf2
                0x00002630                __cmpsf2
                0x00002630                __ltsf2
                0x00002630                __lesf2
 .text.avr-libc.fplib
                0x0000263a        0x8 c:/program files (x86)/atmel/studio/7.0/toolchain/avr8/avr8-gnu-toolchain/bin/../lib/gcc/avr/5.4.0/../../../../avr/lib/avr5\libm.a(divsf3.o)
                0x0000263a                __divsf3
 .text.avr-libc.fplib
                0x00002642       0xdc c:/program files (x86)/atmel/studio/7.0/toolchain/avr8/avr8-gnu-toolchain/bin/../lib/gcc/avr/5.4.0/../../../../avr/lib/avr5\libm.a(divsf3x.o)
                0x00002662                __divsf3x
                0x00002668                __divsf3_pse
 .text.avr-libc.fplib
                0x0000271e       0x5e c:/program files (x86)/atmel/studio/7.0/toolchain/avr8/avr8-gnu-toolchain/bin/../lib/gcc/avr/5.4.0/../../../../avr/lib/avr5\libm.a(fixunssfsi.o)
                0x0000271e                __fixunssfsi
 .text.avr-libc.fplib
                0x0000277c       0x7a c:/program files (x86)/atmel/studio/7.0/toolchain/avr8/avr8-gnu-toolchain/bin/../lib/gcc/avr/5.4.0/../../../../avr/lib/avr5\libm.a(floatsisf.o)
                0x0000277c                __floatunsisf
                0x00002780                __floatsisf
 .text.avr-libc.fplib
                0x000027f6       0x48 c:/program files (x86)/atmel/studio/7.0/toolchain/avr8/avr8-gnu-toolchain/bin/../lib/gcc/avr/5.4.0/../../../../avr/lib/avr5\libm.a(fp_cmp.o)
                0x000027f6                __fp_cmp
 .text.avr-libc.fplib
                0x0000283e        0xc c:/program files (x86)/atmel/studio/7.0/toolchain/avr8/avr8-gnu-toolchain/bin/../lib/gcc/avr/5.4.0/../../../../avr/lib/avr5\libm.a(fp_inf.o)
                0x0000283e                __fp_inf
 .text.avr-libc.fplib
                0x0000284a        0x6 c:/program files (x86)/atmel/studio/7.0/toolchain/avr8/avr8-gnu-toolchain/bin/../lib/gcc/avr/5.4.0/../../../../avr/lib/avr5\libm.a(fp_nan.o)
                0x0000284a                __fp_nan
 .text.avr-libc.fplib
                0x00002850        0xe c:/program files (x86)/atmel/studio/7.0/toolchain/avr8/avr8-gnu-toolchain/bin/../lib/gcc/avr/5.4.0/../../../../avr/lib/avr5\libm.a(fp_pscA.o)
                0x00002850                __fp_pscA
 .text.avr-libc.fplib
                0x0000285e        0xe c:/program files (x86)/atmel/studio/7.0/toolchain/avr8/avr8-gnu-toolchain/bin/../lib/gcc/avr/5.4.0/../../../../avr/lib/avr5\libm.a(fp_pscB.o)
                0x0000285e                __fp_pscB
 .text.avr-libc.fplib
                0x0000286c       0x22 c:/program files (x86)/atmel/studio/7.0/toolchain/avr8/avr8-gnu-toolchain/bin/../lib/gcc/avr/5.4.0/../../../../avr/lib/avr5\libm.a(fp_round.o)
                0x0000286c                __fp_round
 .text.avr-libc.fplib
                0x0000288e       0x44 c:/program files (x86)/atmel/studio/7.0/toolchain/avr8/avr8-gnu-toolchain/bin/../lib/gcc/avr/5.4.0/../../../../avr/lib/avr5\libm.a(fp_split3.o)
                0x0000288e                __fp_split3
                0x0000289e                __fp_splitA
 .text.avr-libc.fplib
                0x000028d2        0xe c:/program files (x86)/atmel/studio/7.0/toolchain/avr8/avr8-gnu-toolchain/bin/../lib/gcc/avr/5.4.0/../../../../avr/lib/avr5\libm.a(fp_zero.o)
                0x000028d2                __fp_zero
                0x000028d4                __fp_szero
 .text.avr-libc.fplib
                0x000028e0        0xa c:/program files (x86)/atmel/studio/7.0/toolchain/avr8/avr8-gnu-toolchain/bin/../lib/gcc/avr/5.4.0/../../../../avr/lib/avr5\libm.a(gesf2.o)
                0x000028e0                __gesf2
                0x000028e0                __gtsf2
 .text.avr-libc.fplib
                0x000028ea        0x8 c:/program files (x86)/atmel/studio/7.0/toolchain/avr8/avr8-gnu-toolchain/bin/../lib/gcc/avr/5.4.0/../../../../avr/lib/avr5\libm.a(mulsf3.o)
                0x000028ea                __mulsf3
 .text.avr-libc.fplib
                0x000028f2       0xd2 c:/program files (x86)/atmel/studio/7.0/toolchain/avr8/avr8-gnu-toolchain/bin/../lib/gcc/avr/5.4.0/../../../../avr/lib/avr5\libm.a(mulsf3x.o)
                0x00002910                __mulsf3x
                0x00002916                __mulsf3_pse
 .text.avr-libc.fplib
                0x000029c4       0xa0 c:/program files (x86)/atmel/studio/7.0/toolchain/avr8/avr8-gnu-toolchain/bin/../lib/gcc/avr/5.4.0/../../../../avr/lib/avr5\libm.a(pow.o)
                0x000029c4                pow
 .text.avr-libc.fplib
                0x00002a64       0x74 c:/program files (x86)/atmel/studio/7.0/toolchain/avr8/avr8-gnu-toolchain/bin/../lib/gcc/avr/5.4.0/../../../../avr/lib/avr5\libm.a(exp.o)
                0x00002a74                exp
 .text.avr-libc.fplib
                0x00002ad8       0x4e c:/program files (x86)/atmel/studio/7.0/toolchain/avr8/avr8-gnu-toolchain/bin/../lib/gcc/avr/5.4.0/../../../../avr/lib/avr5\libm.a(fp_powser.o)
                0x00002ad8                __fp_powser
 .text.avr-libc.fplib
                0x00002b26       0x10 c:/program files (x86)/atmel/studio/7.0/toolchain/avr8/avr8-gnu-toolchain/bin/../lib/gcc/avr/5.4.0/../../../../avr/lib/avr5\libm.a(inverse.o)
                0x00002b26                inverse
 .text.avr-libc.fplib
                0x00002b36       0x74 c:/program files (x86)/atmel/studio/7.0/toolchain/avr8/avr8-gnu-toolchain/bin/../lib/gcc/avr/5.4.0/../../../../avr/lib/avr5\libm.a(ldexp.o)
                0x00002b3e                ldexp
 .text.avr-libc.fplib
                0x00002baa       0xa0 c:/program files (x86)/atmel/studio/7.0/toolchain/avr8/avr8-gnu-toolchain/bin/../lib/gcc/avr/5.4.0/../../../../avr/lib/avr5\libm.a(log.o)
                0x00002bba                log
 .text.avr-libc.fplib
                0x00002c4a       0x68 c:/program files (x86)/atmel/studio/7.0/toolchain/avr8/avr8-gnu-toolchain/bin/../lib/gcc/avr/5.4.0/../../../../avr/lib/avr5\libm.a(modf.o)
                0x00002c4a                modf
                0x00002c4a                modff
 .text.avr-libc.fplib
                0x00002cb2       0x1c c:/program files (x86)/atmel/studio/7.0/toolchain/avr8/avr8-gnu-toolchain/bin/../lib/gcc/avr/5.4.0/../../../../avr/lib/avr5\libm.a(fp_mpack.o)
                0x00002cb2                __fp_mpack
                0x00002cb6                __fp_mpack_finite
 .text.libgcc   0x00002cce        0xc c:/program files (x86)/atmel/studio/7.0/toolchain/avr8/avr8-gnu-toolchain/bin/../lib/gcc/avr/5.4.0/avr5\libgcc.a(_tablejump2.o)
                0x00002cce                __tablejump2__
 .text.libgcc.mul
                0x00002cda       0x1e c:/program files (x86)/atmel/studio/7.0/toolchain/avr8/avr8-gnu-toolchain/bin/../lib/gcc/avr/5.4.0/avr5\libgcc.a(_umulhisi3.o)
                0x00002cda                __umulhisi3
                0x00002cf8                . = ALIGN (0x2)
 *(.fini9)
 .fini9         0x00002cf8        0x0 c:/program files (x86)/atmel/studio/7.0/toolchain/avr8/avr8-gnu-toolchain/bin/../lib/gcc/avr/5.4.0/avr5\libgcc.a(_exit.o)
                0x00002cf8                _exit
                0x00002cf8                exit
 *(.fini9)
 *(.fini8)
 *(.fini8)
 *(.fini7)
 *(.fini7)
 *(.fini6)
 *(.fini6)
 *(.fini5)
 *(.fini5)
 *(.fini4)
 *(.fini4)
 *(.fini3)
 *(.fini3)
 *(.fini2)
 *(.fini2)
 *(.fini1)
 *(.fini1)
 *(.fini0)
 .fini0         0x00002cf8        0x4 c:/program files (x86)/atmel/studio/7.0/toolchain/avr8/avr8-gnu-toolchain/bin/../lib/gcc/avr/5.4.0/avr5\libgcc.a(_exit.o)
 *(.fini0)
                0x00002cfc                _etext = .

.data           0x00800060      0x336 load address 0x00002cfc
                0x00800060                PROVIDE (__data_start, .)
 *(.data)
 *(.data*)
 .data.gau8_PIN
                0x00800060        0x4 App/Admin/admin.o
 .data.gau8_Keypad
                0x00800064        0xc Firmware/Keypad/Keypad_Config.o
                0x00800064                gau8_Keypad
 .data.gastr_KeypadConfig
                0x00800070       0x15 Firmware/Keypad/Keypad_Config.o
                0x00800070                gastr_KeypadConfig
 .data.gastr_LCDConfig
                0x00800085       0x15 Firmware/LCD/LCD_Config.o
                0x00800085                gastr_LCDConfig
 *(.gnu.linkonce.d*)
 *(.rodata)
 *(.rodata*)
 .rodata.str1.1
                0x0080009a      0x20e App/Admin/admin.o
                                0x21e (size before relaxing)
 .rodata.str1.1
                0x008002a8       0x35 App/ATM/ATM.o
 .rodata.str1.1
                0x008002dd       0xb9 App/User/User.o
                                 0xbe (size before relaxing)
 *(.gnu.linkonce.r*)
                0x00800396                . = ALIGN (0x2)
                0x00800396                _edata = .
                0x00800396                PROVIDE (__data_end, .)

.bss            0x00800396       0x3b
                0x00800396                PROVIDE (__bss_start, .)
 *(.bss)
 *(.bss*)
 .bss.au8_AccountBalanceAddress
                0x00800396        0x1 App/Admin/admin.o
 .bss.au8_SPACEAddress
                0x00800397        0x1 App/Admin/admin.o
 .bss.au8_PANAddress
                0x00800398        0x1 App/Admin/admin.o
 .bss.au8_AccountBalance
                0x00800399        0x4 App/Admin/admin.o
 .bss.au8_PANNumber
                0x0080039d        0xa App/Admin/admin.o
 .bss.SPI_TX_Complete_callback
                0x008003a7        0x2 Mcal/SPI/SPI.o
 .bss.TIM2_OCAction_callback
                0x008003a9        0x2 Mcal/Timer/TIMER_DRIVER.o
 .bss.TIM2_OVFAction_callback
                0x008003ab        0x2 Mcal/Timer/TIMER_DRIVER.o
 .bss.TIM0_OCAction_callback
                0x008003ad        0x2 Mcal/Timer/TIMER_DRIVER.o
 .bss.TIM0_OVFAction_callback
                0x008003af        0x2 Mcal/Timer/TIMER_DRIVER.o
 *(COMMON)
 COMMON         0x008003b1       0x18 App/User/User.o
                0x008003b1                ST_CurrrentCardDATA
                0x008003c5                f32_EnteredAmount
 COMMON         0x008003c9        0x2 Mcal/ADC/adc.o
                0x008003c9                G_ADC_CALLBACK
 COMMON         0x008003cb        0x6 Mcal/UART/uart.o
                0x008003cb                Gptr_uartRxInt
                0x008003cd                Gptr_uartTxInt
                0x008003cf                Gptr_uartDataEmptyRegInt
                0x008003d1                PROVIDE (__bss_end, .)
                0x00002cfc                __data_load_start = LOADADDR (.data)
                0x00003032                __data_load_end = (__data_load_start + SIZEOF (.data))

.noinit         0x008003d1        0x0
                [!provide]                PROVIDE (__noinit_start, .)
 *(.noinit*)
                [!provide]                PROVIDE (__noinit_end, .)
                0x008003d1                _end = .
                [!provide]                PROVIDE (__heap_start, .)

.eeprom         0x00810000        0x0
 *(.eeprom*)
                0x00810000                __eeprom_end = .

.fuse
 *(.fuse)
 *(.lfuse)
 *(.hfuse)
 *(.efuse)

.lock
 *(.lock*)

.signature
 *(.signature*)

.user_signatures
 *(.user_signatures*)

.stab
 *(.stab)

.stabstr
 *(.stabstr)

.stab.excl
 *(.stab.excl)

.stab.exclstr
 *(.stab.exclstr)

.stab.index
 *(.stab.index)

.stab.indexstr
 *(.stab.indexstr)

.comment        0x00000000       0x30
 *(.comment)
 .comment       0x00000000       0x30 App/Admin/admin.o
                                 0x31 (size before relaxing)
 .comment       0x00000030       0x31 App/ATM/ATM.o
 .comment       0x00000030       0x31 App/User/User.o
 .comment       0x00000030       0x31 Firmware/Button/PushButton.o
 .comment       0x00000030       0x31 Firmware/EEPROM/EEPROM.o
 .comment       0x00000030       0x31 Firmware/Keypad/Keypad.o
 .comment       0x00000030       0x31 Firmware/Keypad/Keypad_Config.o
 .comment       0x00000030       0x31 Firmware/LCD/LCD.o
 .comment       0x00000030       0x31 Firmware/LCD/LCD_Config.o
 .comment       0x00000030       0x31 Firmware/Motor/motor.o
 .comment       0x00000030       0x31 Firmware/Temp/temp.o
 .comment       0x00000030       0x31 Infrastructure/utils.o
 .comment       0x00000030       0x31 main.o
 .comment       0x00000030       0x31 Mcal/ADC/adc.o
 .comment       0x00000030       0x31 Mcal/DIO/DIO.o
 .comment       0x00000030       0x31 Mcal/I2C/I2C.o
 .comment       0x00000030       0x31 Mcal/SPI/SPI.o
 .comment       0x00000030       0x31 Mcal/Timer/TIMER_DRIVER.o
 .comment       0x00000030       0x31 Mcal/UART/uart.o

.note.gnu.avr.deviceinfo
                0x00000000       0x3c
 .note.gnu.avr.deviceinfo
                0x00000000       0x3c C:/Program Files (x86)/Atmel/Studio/7.0/Packs/atmel/ATmega_DFP/1.6.364/gcc/dev/atmega32a/avr5/crtatmega32a.o

.note.gnu.build-id
 *(.note.gnu.build-id)

.debug
 *(.debug)

.line
 *(.line)

.debug_srcinfo
 *(.debug_srcinfo)

.debug_sfnames
 *(.debug_sfnames)

.debug_aranges  0x00000000      0x5b0
 *(.debug_aranges)
 .debug_aranges
                0x00000000       0xb8 App/Admin/admin.o
 .debug_aranges
                0x000000b8       0x28 App/ATM/ATM.o
 .debug_aranges
                0x000000e0       0x70 App/User/User.o
 .debug_aranges
                0x00000150       0x30 Firmware/Button/PushButton.o
 .debug_aranges
                0x00000180       0x40 Firmware/EEPROM/EEPROM.o
 .debug_aranges
                0x000001c0       0x38 Firmware/Keypad/Keypad.o
 .debug_aranges
                0x000001f8       0x18 Firmware/Keypad/Keypad_Config.o
 .debug_aranges
                0x00000210       0x40 Firmware/LCD/LCD.o
 .debug_aranges
                0x00000250       0x18 Firmware/LCD/LCD_Config.o
 .debug_aranges
                0x00000268       0x38 Firmware/Motor/motor.o
 .debug_aranges
                0x000002a0       0x28 Firmware/Temp/temp.o
 .debug_aranges
                0x000002c8       0x30 Infrastructure/utils.o
 .debug_aranges
                0x000002f8       0x20 main.o
 .debug_aranges
                0x00000318       0x50 Mcal/ADC/adc.o
 .debug_aranges
                0x00000368       0x40 Mcal/DIO/DIO.o
 .debug_aranges
                0x000003a8       0x78 Mcal/I2C/I2C.o
 .debug_aranges
                0x00000420       0x68 Mcal/SPI/SPI.o
 .debug_aranges
                0x00000488       0xb0 Mcal/Timer/TIMER_DRIVER.o
 .debug_aranges
                0x00000538       0x78 Mcal/UART/uart.o

.debug_pubnames
 *(.debug_pubnames)

.debug_info     0x00000000     0x6118
 *(.debug_info .gnu.linkonce.wi.*)
 .debug_info    0x00000000      0x4e6 C:/Program Files (x86)/Atmel/Studio/7.0/Packs/atmel/ATmega_DFP/1.6.364/gcc/dev/atmega32a/avr5/crtatmega32a.o
 .debug_info    0x000004e6     0x1043 App/Admin/admin.o
 .debug_info    0x00001529      0x32b App/ATM/ATM.o
 .debug_info    0x00001854      0xff1 App/User/User.o
 .debug_info    0x00002845      0x279 Firmware/Button/PushButton.o
 .debug_info    0x00002abe      0x4a4 Firmware/EEPROM/EEPROM.o
 .debug_info    0x00002f62      0x341 Firmware/Keypad/Keypad.o
 .debug_info    0x000032a3      0x189 Firmware/Keypad/Keypad_Config.o
 .debug_info    0x0000342c      0x67d Firmware/LCD/LCD.o
 .debug_info    0x00003aa9      0x161 Firmware/LCD/LCD_Config.o
 .debug_info    0x00003c0a      0x242 Firmware/Motor/motor.o
 .debug_info    0x00003e4c      0x340 Firmware/Temp/temp.o
 .debug_info    0x0000418c      0x18a Infrastructure/utils.o
 .debug_info    0x00004316       0xc3 main.o
 .debug_info    0x000043d9      0x1d3 Mcal/ADC/adc.o
 .debug_info    0x000045ac      0x225 Mcal/DIO/DIO.o
 .debug_info    0x000047d1      0x465 Mcal/I2C/I2C.o
 .debug_info    0x00004c36      0x5e1 Mcal/SPI/SPI.o
 .debug_info    0x00005217      0xba0 Mcal/Timer/TIMER_DRIVER.o
 .debug_info    0x00005db7      0x361 Mcal/UART/uart.o

.debug_abbrev   0x00000000     0x1a31
 *(.debug_abbrev)
 .debug_abbrev  0x00000000      0x4a3 C:/Program Files (x86)/Atmel/Studio/7.0/Packs/atmel/ATmega_DFP/1.6.364/gcc/dev/atmega32a/avr5/crtatmega32a.o
 .debug_abbrev  0x000004a3      0x2ac App/Admin/admin.o
 .debug_abbrev  0x0000074f       0xf8 App/ATM/ATM.o
 .debug_abbrev  0x00000847      0x285 App/User/User.o
 .debug_abbrev  0x00000acc       0xfd Firmware/Button/PushButton.o
 .debug_abbrev  0x00000bc9       0xf8 Firmware/EEPROM/EEPROM.o
 .debug_abbrev  0x00000cc1      0x176 Firmware/Keypad/Keypad.o
 .debug_abbrev  0x00000e37       0x8e Firmware/Keypad/Keypad_Config.o
 .debug_abbrev  0x00000ec5      0x155 Firmware/LCD/LCD.o
 .debug_abbrev  0x0000101a       0x8e Firmware/LCD/LCD_Config.o
 .debug_abbrev  0x000010a8       0xb0 Firmware/Motor/motor.o
 .debug_abbrev  0x00001158       0xe6 Firmware/Temp/temp.o
 .debug_abbrev  0x0000123e       0xde Infrastructure/utils.o
 .debug_abbrev  0x0000131c       0x68 main.o
 .debug_abbrev  0x00001384       0xea Mcal/ADC/adc.o
 .debug_abbrev  0x0000146e       0xb0 Mcal/DIO/DIO.o
 .debug_abbrev  0x0000151e      0x12c Mcal/I2C/I2C.o
 .debug_abbrev  0x0000164a      0x17d Mcal/SPI/SPI.o
 .debug_abbrev  0x000017c7      0x1af Mcal/Timer/TIMER_DRIVER.o
 .debug_abbrev  0x00001976       0xbb Mcal/UART/uart.o

.debug_line     0x00000000     0x38c1
 *(.debug_line .debug_line.* .debug_line_end)
 .debug_line    0x00000000      0x116 C:/Program Files (x86)/Atmel/Studio/7.0/Packs/atmel/ATmega_DFP/1.6.364/gcc/dev/atmega32a/avr5/crtatmega32a.o
 .debug_line    0x00000116      0x66f App/Admin/admin.o
 .debug_line    0x00000785      0x2fc App/ATM/ATM.o
 .debug_line    0x00000a81      0x803 App/User/User.o
 .debug_line    0x00001284      0x175 Firmware/Button/PushButton.o
 .debug_line    0x000013f9      0x2d0 Firmware/EEPROM/EEPROM.o
 .debug_line    0x000016c9      0x24c Firmware/Keypad/Keypad.o
 .debug_line    0x00001915       0xbc Firmware/Keypad/Keypad_Config.o
 .debug_line    0x000019d1      0x392 Firmware/LCD/LCD.o
 .debug_line    0x00001d63       0xad Firmware/LCD/LCD_Config.o
 .debug_line    0x00001e10      0x126 Firmware/Motor/motor.o
 .debug_line    0x00001f36      0x1da Firmware/Temp/temp.o
 .debug_line    0x00002110      0x14f Infrastructure/utils.o
 .debug_line    0x0000225f       0x5f main.o
 .debug_line    0x000022be      0x15e Mcal/ADC/adc.o
 .debug_line    0x0000241c      0x1cf Mcal/DIO/DIO.o
 .debug_line    0x000025eb      0x332 Mcal/I2C/I2C.o
 .debug_line    0x0000291d      0x2e4 Mcal/SPI/SPI.o
 .debug_line    0x00002c01      0x9d4 Mcal/Timer/TIMER_DRIVER.o
 .debug_line    0x000035d5      0x2ec Mcal/UART/uart.o

.debug_frame    0x00000000     0x1074
 *(.debug_frame)
 .debug_frame   0x00000000      0x2cc App/Admin/admin.o
 .debug_frame   0x000002cc       0x48 App/ATM/ATM.o
 .debug_frame   0x00000314      0x1c4 App/User/User.o
 .debug_frame   0x000004d8       0x70 Firmware/Button/PushButton.o
 .debug_frame   0x00000548       0xd0 Firmware/EEPROM/EEPROM.o
 .debug_frame   0x00000618       0x9c Firmware/Keypad/Keypad.o
 .debug_frame   0x000006b4       0xb4 Firmware/LCD/LCD.o
 .debug_frame   0x00000768       0x54 Firmware/Motor/motor.o
 .debug_frame   0x000007bc       0x50 Firmware/Temp/temp.o
 .debug_frame   0x0000080c       0x54 Infrastructure/utils.o
 .debug_frame   0x00000860       0x24 main.o
 .debug_frame   0x00000884       0xd8 Mcal/ADC/adc.o
 .debug_frame   0x0000095c       0x64 Mcal/DIO/DIO.o
 .debug_frame   0x000009c0       0xe4 Mcal/I2C/I2C.o
 .debug_frame   0x00000aa4      0x158 Mcal/SPI/SPI.o
 .debug_frame   0x00000bfc      0x2cc Mcal/Timer/TIMER_DRIVER.o
 .debug_frame   0x00000ec8      0x1ac Mcal/UART/uart.o

.debug_str      0x00000000     0x1445
 *(.debug_str)
 .debug_str     0x00000000      0x196 C:/Program Files (x86)/Atmel/Studio/7.0/Packs/atmel/ATmega_DFP/1.6.364/gcc/dev/atmega32a/avr5/crtatmega32a.o
 .debug_str     0x00000196      0x422 App/Admin/admin.o
                                0x453 (size before relaxing)
 .debug_str     0x000005b8      0x110 App/ATM/ATM.o
                                0x2bd (size before relaxing)
 .debug_str     0x000006c8      0x302 App/User/User.o
                                0x57c (size before relaxing)
 .debug_str     0x000009ca       0xe1 Firmware/Button/PushButton.o
                                0x26f (size before relaxing)
 .debug_str     0x00000aab       0xe6 Firmware/EEPROM/EEPROM.o
                                0x2ad (size before relaxing)
 .debug_str     0x00000b91       0xfd Firmware/Keypad/Keypad.o
                                0x2ee (size before relaxing)
 .debug_str     0x00000c8e       0x23 Firmware/Keypad/Keypad_Config.o
                                0x294 (size before relaxing)
 .debug_str     0x00000cb1       0x81 Firmware/LCD/LCD.o
                                0x2ae (size before relaxing)
 .debug_str     0x00000d32       0x1d Firmware/LCD/LCD_Config.o
                                0x270 (size before relaxing)
 .debug_str     0x00000d4f       0x27 Firmware/Motor/motor.o
                                0x29e (size before relaxing)
 .debug_str     0x00000d76       0x44 Firmware/Temp/temp.o
                                0x263 (size before relaxing)
 .debug_str     0x00000dba       0x4e Infrastructure/utils.o
                                0x1e3 (size before relaxing)
 .debug_str     0x00000e08       0x11 main.o
                                0x19c (size before relaxing)
 .debug_str     0x00000e19       0xa2 Mcal/ADC/adc.o
                                0x238 (size before relaxing)
 .debug_str     0x00000ebb       0x26 Mcal/DIO/DIO.o
                                0x259 (size before relaxing)
 .debug_str     0x00000ee1       0xe5 Mcal/I2C/I2C.o
                                0x2e7 (size before relaxing)
 .debug_str     0x00000fc6      0x123 Mcal/SPI/SPI.o
                                0x36d (size before relaxing)
 .debug_str     0x000010e9      0x280 Mcal/Timer/TIMER_DRIVER.o
                                0x4d0 (size before relaxing)
 .debug_str     0x00001369       0xdc Mcal/UART/uart.o
                                0x2eb (size before relaxing)

.debug_loc      0x00000000     0x4dc4
 *(.debug_loc)
 .debug_loc     0x00000000      0xacb App/Admin/admin.o
 .debug_loc     0x00000acb       0xbb App/ATM/ATM.o
 .debug_loc     0x00000b86      0x70c App/User/User.o
 .debug_loc     0x00001292      0x1bc Firmware/Button/PushButton.o
 .debug_loc     0x0000144e      0x779 Firmware/EEPROM/EEPROM.o
 .debug_loc     0x00001bc7      0x295 Firmware/Keypad/Keypad.o
 .debug_loc     0x00001e5c      0x391 Firmware/LCD/LCD.o
 .debug_loc     0x000021ed       0x36 Firmware/Motor/motor.o
 .debug_loc     0x00002223      0x238 Firmware/Temp/temp.o
 .debug_loc     0x0000245b      0x158 Infrastructure/utils.o
 .debug_loc     0x000025b3      0x1ba Mcal/ADC/adc.o
 .debug_loc     0x0000276d      0x2f4 Mcal/DIO/DIO.o
 .debug_loc     0x00002a61      0x49b Mcal/I2C/I2C.o
 .debug_loc     0x00002efc      0x777 Mcal/SPI/SPI.o
 .debug_loc     0x00003673     0x12ec Mcal/Timer/TIMER_DRIVER.o
 .debug_loc     0x0000495f      0x465 Mcal/UART/uart.o

.debug_macinfo
 *(.debug_macinfo)

.debug_weaknames
 *(.debug_weaknames)

.debug_funcnames
 *(.debug_funcnames)

.debug_typenames
 *(.debug_typenames)

.debug_varnames
 *(.debug_varnames)

.debug_pubtypes
 *(.debug_pubtypes)

.debug_ranges   0x00000000      0x500
 *(.debug_ranges)
 .debug_ranges  0x00000000       0xc0 App/Admin/admin.o
 .debug_ranges  0x000000c0       0x18 App/ATM/ATM.o
 .debug_ranges  0x000000d8       0x78 App/User/User.o
 .debug_ranges  0x00000150       0x20 Firmware/Button/PushButton.o
 .debug_ranges  0x00000170       0x78 Firmware/EEPROM/EEPROM.o
 .debug_ranges  0x000001e8       0x40 Firmware/Keypad/Keypad.o
 .debug_ranges  0x00000228       0x30 Firmware/LCD/LCD.o
 .debug_ranges  0x00000258       0x28 Firmware/Motor/motor.o
 .debug_ranges  0x00000280       0x18 Firmware/Temp/temp.o
 .debug_ranges  0x00000298       0x20 Infrastructure/utils.o
 .debug_ranges  0x000002b8       0x10 main.o
 .debug_ranges  0x000002c8       0x40 Mcal/ADC/adc.o
 .debug_ranges  0x00000308       0x30 Mcal/DIO/DIO.o
 .debug_ranges  0x00000338       0x68 Mcal/I2C/I2C.o
 .debug_ranges  0x000003a0       0x58 Mcal/SPI/SPI.o
 .debug_ranges  0x000003f8       0xa0 Mcal/Timer/TIMER_DRIVER.o
 .debug_ranges  0x00000498       0x68 Mcal/UART/uart.o

.debug_macro
 *(.debug_macro)
OUTPUT(ATM_ECU.elf elf32-avr)
LOAD linker stubs
