Archive member included to satisfy reference by file (symbol)

c:/program files (x86)/atmel/studio/7.0/toolchain/avr8/avr8-gnu-toolchain/bin/../lib/gcc/avr/5.4.0/avr5\libgcc.a(_exit.o)
                              C:/Program Files (x86)/Atmel/Studio/7.0/Packs/atmel/ATmega_DFP/1.6.364/gcc/dev/atmega32a/avr5/crtatmega32a.o (exit)
c:/program files (x86)/atmel/studio/7.0/toolchain/avr8/avr8-gnu-toolchain/bin/../lib/gcc/avr/5.4.0/avr5\libgcc.a(_tablejump2.o)
                              Mcal/Timer/TIMER_DRIVER.o (__tablejump2__)
c:/program files (x86)/atmel/studio/7.0/toolchain/avr8/avr8-gnu-toolchain/bin/../lib/gcc/avr/5.4.0/avr5\libgcc.a(_copy_data.o)
                              App/ATM/ATM.o (__do_copy_data)
c:/program files (x86)/atmel/studio/7.0/toolchain/avr8/avr8-gnu-toolchain/bin/../lib/gcc/avr/5.4.0/avr5\libgcc.a(_clear_bss.o)
                              main.o (__do_clear_bss)
c:/program files (x86)/atmel/studio/7.0/toolchain/avr8/avr8-gnu-toolchain/bin/../lib/gcc/avr/5.4.0/avr5\libgcc.a(_umulhisi3.o)
                              Firmware/LCD/LCD.o (__umulhisi3)

Allocating common symbols
Common symbol       size              file

PAN                 0xa               main.o
Gptr_uartRxInt      0x2               Mcal/UART/uart.o
Gptr_uartTxInt      0x2               Mcal/UART/uart.o
Gptr_uartDataEmptyRegInt
                    0x2               Mcal/UART/uart.o
PIN                 0x5               main.o

Discarded input sections

 .data          0x00000000        0x0 C:/Program Files (x86)/Atmel/Studio/7.0/Packs/atmel/ATmega_DFP/1.6.364/gcc/dev/atmega32a/avr5/crtatmega32a.o
 .bss           0x00000000        0x0 C:/Program Files (x86)/Atmel/Studio/7.0/Packs/atmel/ATmega_DFP/1.6.364/gcc/dev/atmega32a/avr5/crtatmega32a.o
 .text          0x00000000        0x0 App/ATM/ATM.o
 .data          0x00000000        0x0 App/ATM/ATM.o
 .bss           0x00000000        0x0 App/ATM/ATM.o
 .text.ATM_Init
                0x00000000       0x30 App/ATM/ATM.o
 .rodata.str1.1
                0x00000000       0x35 App/ATM/ATM.o
 .text.ATM_SelectMode
                0x00000000       0x72 App/ATM/ATM.o
 .debug_info    0x00000000      0x32e App/ATM/ATM.o
 .debug_abbrev  0x00000000      0x124 App/ATM/ATM.o
 .debug_loc     0x00000000       0xbb App/ATM/ATM.o
 .debug_aranges
                0x00000000       0x28 App/ATM/ATM.o
 .debug_ranges  0x00000000       0x18 App/ATM/ATM.o
 .debug_line    0x00000000      0x2ac App/ATM/ATM.o
 .debug_str     0x00000000      0x296 App/ATM/ATM.o
 .comment       0x00000000       0x31 App/ATM/ATM.o
 .debug_frame   0x00000000       0x48 App/ATM/ATM.o
 .text          0x00000000        0x0 App/User/User.o
 .data          0x00000000        0x0 App/User/User.o
 .bss           0x00000000        0x0 App/User/User.o
 .rodata.str1.1
                0x00000000       0xc8 App/User/User.o
 .text.USER_Interface
                0x00000000      0x290 App/User/User.o
 .text.USER_Mode
                0x00000000        0x6 App/User/User.o
 .debug_info    0x00000000      0x77b App/User/User.o
 .debug_abbrev  0x00000000      0x138 App/User/User.o
 .debug_loc     0x00000000      0x155 App/User/User.o
 .debug_aranges
                0x00000000       0x28 App/User/User.o
 .debug_ranges  0x00000000       0x60 App/User/User.o
 .debug_line    0x00000000      0x424 App/User/User.o
 .debug_str     0x00000000      0x309 App/User/User.o
 .comment       0x00000000       0x31 App/User/User.o
 .debug_frame   0x00000000       0x50 App/User/User.o
 .text          0x00000000        0x0 Firmware/Button/PushButton.o
 .data          0x00000000        0x0 Firmware/Button/PushButton.o
 .bss           0x00000000        0x0 Firmware/Button/PushButton.o
 .text.PSHBTTN_EnablePullUp
                0x00000000        0x8 Firmware/Button/PushButton.o
 .text.PSHBTTN_Init
                0x00000000       0x28 Firmware/Button/PushButton.o
 .text.PSHBTTN_Status
                0x00000000       0x4c Firmware/Button/PushButton.o
 .debug_info    0x00000000      0x26b Firmware/Button/PushButton.o
 .debug_abbrev  0x00000000       0xfd Firmware/Button/PushButton.o
 .debug_loc     0x00000000      0x1bc Firmware/Button/PushButton.o
 .debug_aranges
                0x00000000       0x30 Firmware/Button/PushButton.o
 .debug_ranges  0x00000000       0x20 Firmware/Button/PushButton.o
 .debug_line    0x00000000      0x175 Firmware/Button/PushButton.o
 .debug_str     0x00000000      0x262 Firmware/Button/PushButton.o
 .comment       0x00000000       0x31 Firmware/Button/PushButton.o
 .debug_frame   0x00000000       0x70 Firmware/Button/PushButton.o
 .text          0x00000000        0x0 Firmware/EEPROM/EEPROM.o
 .data          0x00000000        0x0 Firmware/EEPROM/EEPROM.o
 .bss           0x00000000        0x0 Firmware/EEPROM/EEPROM.o
 .text.EEPROM_Init
                0x00000000       0x1a Firmware/EEPROM/EEPROM.o
 .text.EEPROM_Read
                0x00000000       0x82 Firmware/EEPROM/EEPROM.o
 .text.EEPROM_Write
                0x00000000       0x62 Firmware/EEPROM/EEPROM.o
 .text.EEPROM_ReadBytes
                0x00000000       0x4c Firmware/EEPROM/EEPROM.o
 .text.EEPROM_WriteBytes
                0x00000000       0x52 Firmware/EEPROM/EEPROM.o
 .debug_info    0x00000000      0x496 Firmware/EEPROM/EEPROM.o
 .debug_abbrev  0x00000000       0xf8 Firmware/EEPROM/EEPROM.o
 .debug_loc     0x00000000      0x779 Firmware/EEPROM/EEPROM.o
 .debug_aranges
                0x00000000       0x40 Firmware/EEPROM/EEPROM.o
 .debug_ranges  0x00000000       0x78 Firmware/EEPROM/EEPROM.o
 .debug_line    0x00000000      0x2d0 Firmware/EEPROM/EEPROM.o
 .debug_str     0x00000000      0x2a0 Firmware/EEPROM/EEPROM.o
 .comment       0x00000000       0x31 Firmware/EEPROM/EEPROM.o
 .debug_frame   0x00000000       0xd0 Firmware/EEPROM/EEPROM.o
 .text          0x00000000        0x0 Firmware/Keypad/Keypad.o
 .data          0x00000000        0x0 Firmware/Keypad/Keypad.o
 .bss           0x00000000        0x0 Firmware/Keypad/Keypad.o
 .text.KEYPAD_Init
                0x00000000       0x6c Firmware/Keypad/Keypad.o
 .text.KEYPAD_WhichRow
                0x00000000       0x3a Firmware/Keypad/Keypad.o
 .text.KEYPAD_ReadKey
                0x00000000       0xf0 Firmware/Keypad/Keypad.o
 .text.KEYPAD_MustPressed
                0x00000000       0x18 Firmware/Keypad/Keypad.o
 .debug_info    0x00000000      0x333 Firmware/Keypad/Keypad.o
 .debug_abbrev  0x00000000      0x176 Firmware/Keypad/Keypad.o
 .debug_loc     0x00000000      0x295 Firmware/Keypad/Keypad.o
 .debug_aranges
                0x00000000       0x38 Firmware/Keypad/Keypad.o
 .debug_ranges  0x00000000       0x40 Firmware/Keypad/Keypad.o
 .debug_line    0x00000000      0x24c Firmware/Keypad/Keypad.o
 .debug_str     0x00000000      0x2e1 Firmware/Keypad/Keypad.o
 .comment       0x00000000       0x31 Firmware/Keypad/Keypad.o
 .debug_frame   0x00000000       0x9c Firmware/Keypad/Keypad.o
 .text          0x00000000        0x0 Firmware/Keypad/Keypad_Config.o
 .data          0x00000000        0x0 Firmware/Keypad/Keypad_Config.o
 .bss           0x00000000        0x0 Firmware/Keypad/Keypad_Config.o
 .data.gau8_Keypad
                0x00000000        0xc Firmware/Keypad/Keypad_Config.o
 .data.gastr_KeypadConfig
                0x00000000       0x15 Firmware/Keypad/Keypad_Config.o
 .debug_info    0x00000000      0x17b Firmware/Keypad/Keypad_Config.o
 .debug_abbrev  0x00000000       0x8e Firmware/Keypad/Keypad_Config.o
 .debug_aranges
                0x00000000       0x18 Firmware/Keypad/Keypad_Config.o
 .debug_line    0x00000000       0xbc Firmware/Keypad/Keypad_Config.o
 .debug_str     0x00000000      0x287 Firmware/Keypad/Keypad_Config.o
 .comment       0x00000000       0x31 Firmware/Keypad/Keypad_Config.o
 .text          0x00000000        0x0 Firmware/LCD/LCD.o
 .data          0x00000000        0x0 Firmware/LCD/LCD.o
 .bss           0x00000000        0x0 Firmware/LCD/LCD.o
 .text.LCD_SendCommand
                0x00000000      0x102 Firmware/LCD/LCD.o
 .text.LCD_Init
                0x00000000       0x88 Firmware/LCD/LCD.o
 .text.LCD_SendData
                0x00000000      0x102 Firmware/LCD/LCD.o
 .text.LCD_SendString
                0x00000000       0x1a Firmware/LCD/LCD.o
 .text.LCD_SendNumber
                0x00000000       0xc0 Firmware/LCD/LCD.o
 .debug_info    0x00000000      0x66f Firmware/LCD/LCD.o
 .debug_abbrev  0x00000000      0x155 Firmware/LCD/LCD.o
 .debug_loc     0x00000000      0x391 Firmware/LCD/LCD.o
 .debug_aranges
                0x00000000       0x40 Firmware/LCD/LCD.o
 .debug_ranges  0x00000000       0x30 Firmware/LCD/LCD.o
 .debug_line    0x00000000      0x392 Firmware/LCD/LCD.o
 .debug_str     0x00000000      0x2a1 Firmware/LCD/LCD.o
 .comment       0x00000000       0x31 Firmware/LCD/LCD.o
 .debug_frame   0x00000000       0xb4 Firmware/LCD/LCD.o
 .text          0x00000000        0x0 Firmware/LCD/LCD_Config.o
 .data          0x00000000        0x0 Firmware/LCD/LCD_Config.o
 .bss           0x00000000        0x0 Firmware/LCD/LCD_Config.o
 .data.gastr_LCDConfig
                0x00000000       0x15 Firmware/LCD/LCD_Config.o
 .debug_info    0x00000000      0x153 Firmware/LCD/LCD_Config.o
 .debug_abbrev  0x00000000       0x8e Firmware/LCD/LCD_Config.o
 .debug_aranges
                0x00000000       0x18 Firmware/LCD/LCD_Config.o
 .debug_line    0x00000000       0xad Firmware/LCD/LCD_Config.o
 .debug_str     0x00000000      0x263 Firmware/LCD/LCD_Config.o
 .comment       0x00000000       0x31 Firmware/LCD/LCD_Config.o
 .text          0x00000000        0x0 Firmware/Motor/motor.o
 .data          0x00000000        0x0 Firmware/Motor/motor.o
 .bss           0x00000000        0x0 Firmware/Motor/motor.o
 .text.MOTOR_INIT
                0x00000000        0xe Firmware/Motor/motor.o
 .text.MOTOR_START
                0x00000000        0xe Firmware/Motor/motor.o
 .text.MOTOR_STOP
                0x00000000        0xe Firmware/Motor/motor.o
 .text.MOTOR_STATUS
                0x00000000        0xe Firmware/Motor/motor.o
 .debug_info    0x00000000      0x234 Firmware/Motor/motor.o
 .debug_abbrev  0x00000000       0xb0 Firmware/Motor/motor.o
 .debug_loc     0x00000000       0x36 Firmware/Motor/motor.o
 .debug_aranges
                0x00000000       0x38 Firmware/Motor/motor.o
 .debug_ranges  0x00000000       0x28 Firmware/Motor/motor.o
 .debug_line    0x00000000      0x126 Firmware/Motor/motor.o
 .debug_str     0x00000000      0x291 Firmware/Motor/motor.o
 .comment       0x00000000       0x31 Firmware/Motor/motor.o
 .debug_frame   0x00000000       0x54 Firmware/Motor/motor.o
 .text          0x00000000        0x0 Infrastructure/utils.o
 .data          0x00000000        0x0 Infrastructure/utils.o
 .bss           0x00000000        0x0 Infrastructure/utils.o
 .text.StringCompare
                0x00000000       0x42 Infrastructure/utils.o
 .text.StringLength
                0x00000000       0x1a Infrastructure/utils.o
 .text          0x00000000        0x0 main.o
 .data          0x00000000        0x0 main.o
 .bss           0x00000000        0x0 main.o
 COMMON         0x00000000        0xf main.o
 .text          0x00000000        0x0 Mcal/DIO/DIO.o
 .data          0x00000000        0x0 Mcal/DIO/DIO.o
 .bss           0x00000000        0x0 Mcal/DIO/DIO.o
 .text.DIO_TogglePin
                0x00000000       0x68 Mcal/DIO/DIO.o
 .text.DIO_ReadPin
                0x00000000       0x68 Mcal/DIO/DIO.o
 .text.DIO_EnablePinPullup
                0x00000000       0x68 Mcal/DIO/DIO.o
 .text          0x00000000        0x0 Mcal/I2C/I2C.o
 .data          0x00000000        0x0 Mcal/I2C/I2C.o
 .bss           0x00000000        0x0 Mcal/I2C/I2C.o
 .text.I2C_Init
                0x00000000       0x18 Mcal/I2C/I2C.o
 .text.I2C_SetSlaveAddress
                0x00000000        0xc Mcal/I2C/I2C.o
 .text.I2C_Start
                0x00000000       0x16 Mcal/I2C/I2C.o
 .text.I2C_RepeatedStart
                0x00000000       0x1c Mcal/I2C/I2C.o
 .text.I2C_Write
                0x00000000       0x1a Mcal/I2C/I2C.o
 .text.I2C_ReadAck
                0x00000000       0x28 Mcal/I2C/I2C.o
 .text.I2C_ReadNoAck
                0x00000000       0x28 Mcal/I2C/I2C.o
 .text.I2C_Stop
                0x00000000       0x18 Mcal/I2C/I2C.o
 .text.I2C_Status
                0x00000000       0x1e Mcal/I2C/I2C.o
 .text.I2C_EnableInterrupt
                0x00000000       0x12 Mcal/I2C/I2C.o
 .text.I2C_DisableInterrupt
                0x00000000       0x12 Mcal/I2C/I2C.o
 .text.I2C_SetCallback
                0x00000000       0x28 Mcal/I2C/I2C.o
 .debug_info    0x00000000      0x457 Mcal/I2C/I2C.o
 .debug_abbrev  0x00000000      0x12c Mcal/I2C/I2C.o
 .debug_loc     0x00000000      0x49b Mcal/I2C/I2C.o
 .debug_aranges
                0x00000000       0x78 Mcal/I2C/I2C.o
 .debug_ranges  0x00000000       0x68 Mcal/I2C/I2C.o
 .debug_line    0x00000000      0x332 Mcal/I2C/I2C.o
 .debug_str     0x00000000      0x2da Mcal/I2C/I2C.o
 .comment       0x00000000       0x31 Mcal/I2C/I2C.o
 .debug_frame   0x00000000       0xe4 Mcal/I2C/I2C.o
 .text          0x00000000        0x0 Mcal/SPI/SPI.o
 .data          0x00000000        0x0 Mcal/SPI/SPI.o
 .bss           0x00000000        0x0 Mcal/SPI/SPI.o
 .text.SPI_TransmitChar
                0x00000000       0x28 Mcal/SPI/SPI.o
 .text.SPI_ReceiveChar
                0x00000000       0x24 Mcal/SPI/SPI.o
 .text.SPI_DataExchange
                0x00000000       0x22 Mcal/SPI/SPI.o
 .text.SPI_TransmitString
                0x00000000       0x66 Mcal/SPI/SPI.o
 .text.SPI_ReceiveString
                0x00000000       0x46 Mcal/SPI/SPI.o
 .text.SPI_EnableInterrupt
                0x00000000       0x10 Mcal/SPI/SPI.o
 .text.SPI_DisableInterrupt
                0x00000000        0xa Mcal/SPI/SPI.o
 .text.SPI_Set_TX_CompleteCallback
                0x00000000       0x12 Mcal/SPI/SPI.o
 .text          0x00000000        0x0 Mcal/Timer/TIMER_DRIVER.o
 .data          0x00000000        0x0 Mcal/Timer/TIMER_DRIVER.o
 .bss           0x00000000        0x0 Mcal/Timer/TIMER_DRIVER.o
 .text.TIM_SetTimerPreLoadVal
                0x00000000       0x20 Mcal/Timer/TIMER_DRIVER.o
 .text.TIM_SetTimerOCVal
                0x00000000       0x20 Mcal/Timer/TIMER_DRIVER.o
 .text.TIM_SetTimerOVFAction
                0x00000000       0x2c Mcal/Timer/TIMER_DRIVER.o
 .text.TIM_SetTimerOCAction
                0x00000000       0x2c Mcal/Timer/TIMER_DRIVER.o
 .text.TIM_MODE_SLCT
                0x00000000       0x94 Mcal/Timer/TIMER_DRIVER.o
 .text.TIM_CLK_SLCT
                0x00000000       0xfe Mcal/Timer/TIMER_DRIVER.o
 .progmem.gcc_sw_table.TIM_CLK_SLCT
                0x00000000       0x20 Mcal/Timer/TIMER_DRIVER.o
 .text.TIM_Interrupt_Enable
                0x00000000       0x5c Mcal/Timer/TIMER_DRIVER.o
 .text.TIM_Interrupt_Disable
                0x00000000       0x56 Mcal/Timer/TIMER_DRIVER.o
 .text.TIM_Flag_Get
                0x00000000       0x5c Mcal/Timer/TIMER_DRIVER.o
 .text.TIM_Flag_Reset
                0x00000000       0x4e Mcal/Timer/TIMER_DRIVER.o
 .text.TIM_Delay_US
                0x00000000      0x12a Mcal/Timer/TIMER_DRIVER.o
 .text.TIM_Delay_MS
                0x00000000      0x16e Mcal/Timer/TIMER_DRIVER.o
 .text.TIM_Init_OC_PIN
                0x00000000       0x3c Mcal/Timer/TIMER_DRIVER.o
 .text.TIM_OC_MODE_SLCT
                0x00000000       0xba Mcal/Timer/TIMER_DRIVER.o
 .text.TIM_Init
                0x00000000       0x74 Mcal/Timer/TIMER_DRIVER.o
 .text          0x00000000        0x0 Mcal/UART/uart.o
 .data          0x00000000        0x0 Mcal/UART/uart.o
 .bss           0x00000000        0x0 Mcal/UART/uart.o
 .text.UART_TransmitChar
                0x00000000        0xa Mcal/UART/uart.o
 .text.UART_ReceiveChar
                0x00000000        0xe Mcal/UART/uart.o
 .text.UART_ReceiveString
                0x00000000       0x46 Mcal/UART/uart.o
 .text.UART_EnableInterrupt
                0x00000000       0x2a Mcal/UART/uart.o
 .text.UART_DisableInterrupt
                0x00000000       0x2a Mcal/UART/uart.o
 .text.UART_SetCallback
                0x00000000       0x30 Mcal/UART/uart.o
 .text.UART_GetData
                0x00000000        0xa Mcal/UART/uart.o
 .text          0x00000000        0x0 c:/program files (x86)/atmel/studio/7.0/toolchain/avr8/avr8-gnu-toolchain/bin/../lib/gcc/avr/5.4.0/avr5\libgcc.a(_exit.o)
 .data          0x00000000        0x0 c:/program files (x86)/atmel/studio/7.0/toolchain/avr8/avr8-gnu-toolchain/bin/../lib/gcc/avr/5.4.0/avr5\libgcc.a(_exit.o)
 .bss           0x00000000        0x0 c:/program files (x86)/atmel/studio/7.0/toolchain/avr8/avr8-gnu-toolchain/bin/../lib/gcc/avr/5.4.0/avr5\libgcc.a(_exit.o)
 .text.libgcc.mul
                0x00000000        0x0 c:/program files (x86)/atmel/studio/7.0/toolchain/avr8/avr8-gnu-toolchain/bin/../lib/gcc/avr/5.4.0/avr5\libgcc.a(_exit.o)
 .text.libgcc.div
                0x00000000        0x0 c:/program files (x86)/atmel/studio/7.0/toolchain/avr8/avr8-gnu-toolchain/bin/../lib/gcc/avr/5.4.0/avr5\libgcc.a(_exit.o)
 .text.libgcc   0x00000000        0x0 c:/program files (x86)/atmel/studio/7.0/toolchain/avr8/avr8-gnu-toolchain/bin/../lib/gcc/avr/5.4.0/avr5\libgcc.a(_exit.o)
 .text.libgcc.prologue
                0x00000000        0x0 c:/program files (x86)/atmel/studio/7.0/toolchain/avr8/avr8-gnu-toolchain/bin/../lib/gcc/avr/5.4.0/avr5\libgcc.a(_exit.o)
 .text.libgcc.builtins
                0x00000000        0x0 c:/program files (x86)/atmel/studio/7.0/toolchain/avr8/avr8-gnu-toolchain/bin/../lib/gcc/avr/5.4.0/avr5\libgcc.a(_exit.o)
 .text.libgcc.fmul
                0x00000000        0x0 c:/program files (x86)/atmel/studio/7.0/toolchain/avr8/avr8-gnu-toolchain/bin/../lib/gcc/avr/5.4.0/avr5\libgcc.a(_exit.o)
 .text.libgcc.fixed
                0x00000000        0x0 c:/program files (x86)/atmel/studio/7.0/toolchain/avr8/avr8-gnu-toolchain/bin/../lib/gcc/avr/5.4.0/avr5\libgcc.a(_exit.o)
 .text          0x00000000        0x0 c:/program files (x86)/atmel/studio/7.0/toolchain/avr8/avr8-gnu-toolchain/bin/../lib/gcc/avr/5.4.0/avr5\libgcc.a(_tablejump2.o)
 .data          0x00000000        0x0 c:/program files (x86)/atmel/studio/7.0/toolchain/avr8/avr8-gnu-toolchain/bin/../lib/gcc/avr/5.4.0/avr5\libgcc.a(_tablejump2.o)
 .bss           0x00000000        0x0 c:/program files (x86)/atmel/studio/7.0/toolchain/avr8/avr8-gnu-toolchain/bin/../lib/gcc/avr/5.4.0/avr5\libgcc.a(_tablejump2.o)
 .text.libgcc.mul
                0x00000000        0x0 c:/program files (x86)/atmel/studio/7.0/toolchain/avr8/avr8-gnu-toolchain/bin/../lib/gcc/avr/5.4.0/avr5\libgcc.a(_tablejump2.o)
 .text.libgcc.div
                0x00000000        0x0 c:/program files (x86)/atmel/studio/7.0/toolchain/avr8/avr8-gnu-toolchain/bin/../lib/gcc/avr/5.4.0/avr5\libgcc.a(_tablejump2.o)
 .text.libgcc   0x00000000        0xc c:/program files (x86)/atmel/studio/7.0/toolchain/avr8/avr8-gnu-toolchain/bin/../lib/gcc/avr/5.4.0/avr5\libgcc.a(_tablejump2.o)
 .text.libgcc.prologue
                0x00000000        0x0 c:/program files (x86)/atmel/studio/7.0/toolchain/avr8/avr8-gnu-toolchain/bin/../lib/gcc/avr/5.4.0/avr5\libgcc.a(_tablejump2.o)
 .text.libgcc.builtins
                0x00000000        0x0 c:/program files (x86)/atmel/studio/7.0/toolchain/avr8/avr8-gnu-toolchain/bin/../lib/gcc/avr/5.4.0/avr5\libgcc.a(_tablejump2.o)
 .text.libgcc.fmul
                0x00000000        0x0 c:/program files (x86)/atmel/studio/7.0/toolchain/avr8/avr8-gnu-toolchain/bin/../lib/gcc/avr/5.4.0/avr5\libgcc.a(_tablejump2.o)
 .text.libgcc.fixed
                0x00000000        0x0 c:/program files (x86)/atmel/studio/7.0/toolchain/avr8/avr8-gnu-toolchain/bin/../lib/gcc/avr/5.4.0/avr5\libgcc.a(_tablejump2.o)
 .text          0x00000000        0x0 c:/program files (x86)/atmel/studio/7.0/toolchain/avr8/avr8-gnu-toolchain/bin/../lib/gcc/avr/5.4.0/avr5\libgcc.a(_copy_data.o)
 .data          0x00000000        0x0 c:/program files (x86)/atmel/studio/7.0/toolchain/avr8/avr8-gnu-toolchain/bin/../lib/gcc/avr/5.4.0/avr5\libgcc.a(_copy_data.o)
 .bss           0x00000000        0x0 c:/program files (x86)/atmel/studio/7.0/toolchain/avr8/avr8-gnu-toolchain/bin/../lib/gcc/avr/5.4.0/avr5\libgcc.a(_copy_data.o)
 .text.libgcc.mul
                0x00000000        0x0 c:/program files (x86)/atmel/studio/7.0/toolchain/avr8/avr8-gnu-toolchain/bin/../lib/gcc/avr/5.4.0/avr5\libgcc.a(_copy_data.o)
 .text.libgcc.div
                0x00000000        0x0 c:/program files (x86)/atmel/studio/7.0/toolchain/avr8/avr8-gnu-toolchain/bin/../lib/gcc/avr/5.4.0/avr5\libgcc.a(_copy_data.o)
 .text.libgcc   0x00000000        0x0 c:/program files (x86)/atmel/studio/7.0/toolchain/avr8/avr8-gnu-toolchain/bin/../lib/gcc/avr/5.4.0/avr5\libgcc.a(_copy_data.o)
 .text.libgcc.prologue
                0x00000000        0x0 c:/program files (x86)/atmel/studio/7.0/toolchain/avr8/avr8-gnu-toolchain/bin/../lib/gcc/avr/5.4.0/avr5\libgcc.a(_copy_data.o)
 .text.libgcc.builtins
                0x00000000        0x0 c:/program files (x86)/atmel/studio/7.0/toolchain/avr8/avr8-gnu-toolchain/bin/../lib/gcc/avr/5.4.0/avr5\libgcc.a(_copy_data.o)
 .text.libgcc.fmul
                0x00000000        0x0 c:/program files (x86)/atmel/studio/7.0/toolchain/avr8/avr8-gnu-toolchain/bin/../lib/gcc/avr/5.4.0/avr5\libgcc.a(_copy_data.o)
 .text.libgcc.fixed
                0x00000000        0x0 c:/program files (x86)/atmel/studio/7.0/toolchain/avr8/avr8-gnu-toolchain/bin/../lib/gcc/avr/5.4.0/avr5\libgcc.a(_copy_data.o)
 .text          0x00000000        0x0 c:/program files (x86)/atmel/studio/7.0/toolchain/avr8/avr8-gnu-toolchain/bin/../lib/gcc/avr/5.4.0/avr5\libgcc.a(_clear_bss.o)
 .data          0x00000000        0x0 c:/program files (x86)/atmel/studio/7.0/toolchain/avr8/avr8-gnu-toolchain/bin/../lib/gcc/avr/5.4.0/avr5\libgcc.a(_clear_bss.o)
 .bss           0x00000000        0x0 c:/program files (x86)/atmel/studio/7.0/toolchain/avr8/avr8-gnu-toolchain/bin/../lib/gcc/avr/5.4.0/avr5\libgcc.a(_clear_bss.o)
 .text.libgcc.mul
                0x00000000        0x0 c:/program files (x86)/atmel/studio/7.0/toolchain/avr8/avr8-gnu-toolchain/bin/../lib/gcc/avr/5.4.0/avr5\libgcc.a(_clear_bss.o)
 .text.libgcc.div
                0x00000000        0x0 c:/program files (x86)/atmel/studio/7.0/toolchain/avr8/avr8-gnu-toolchain/bin/../lib/gcc/avr/5.4.0/avr5\libgcc.a(_clear_bss.o)
 .text.libgcc   0x00000000        0x0 c:/program files (x86)/atmel/studio/7.0/toolchain/avr8/avr8-gnu-toolchain/bin/../lib/gcc/avr/5.4.0/avr5\libgcc.a(_clear_bss.o)
 .text.libgcc.prologue
                0x00000000        0x0 c:/program files (x86)/atmel/studio/7.0/toolchain/avr8/avr8-gnu-toolchain/bin/../lib/gcc/avr/5.4.0/avr5\libgcc.a(_clear_bss.o)
 .text.libgcc.builtins
                0x00000000        0x0 c:/program files (x86)/atmel/studio/7.0/toolchain/avr8/avr8-gnu-toolchain/bin/../lib/gcc/avr/5.4.0/avr5\libgcc.a(_clear_bss.o)
 .text.libgcc.fmul
                0x00000000        0x0 c:/program files (x86)/atmel/studio/7.0/toolchain/avr8/avr8-gnu-toolchain/bin/../lib/gcc/avr/5.4.0/avr5\libgcc.a(_clear_bss.o)
 .text.libgcc.fixed
                0x00000000        0x0 c:/program files (x86)/atmel/studio/7.0/toolchain/avr8/avr8-gnu-toolchain/bin/../lib/gcc/avr/5.4.0/avr5\libgcc.a(_clear_bss.o)
 .text          0x00000000        0x0 c:/program files (x86)/atmel/studio/7.0/toolchain/avr8/avr8-gnu-toolchain/bin/../lib/gcc/avr/5.4.0/avr5\libgcc.a(_umulhisi3.o)
 .data          0x00000000        0x0 c:/program files (x86)/atmel/studio/7.0/toolchain/avr8/avr8-gnu-toolchain/bin/../lib/gcc/avr/5.4.0/avr5\libgcc.a(_umulhisi3.o)
 .bss           0x00000000        0x0 c:/program files (x86)/atmel/studio/7.0/toolchain/avr8/avr8-gnu-toolchain/bin/../lib/gcc/avr/5.4.0/avr5\libgcc.a(_umulhisi3.o)
 .text.libgcc.mul
                0x00000000       0x1e c:/program files (x86)/atmel/studio/7.0/toolchain/avr8/avr8-gnu-toolchain/bin/../lib/gcc/avr/5.4.0/avr5\libgcc.a(_umulhisi3.o)
 .text.libgcc.div
                0x00000000        0x0 c:/program files (x86)/atmel/studio/7.0/toolchain/avr8/avr8-gnu-toolchain/bin/../lib/gcc/avr/5.4.0/avr5\libgcc.a(_umulhisi3.o)
 .text.libgcc   0x00000000        0x0 c:/program files (x86)/atmel/studio/7.0/toolchain/avr8/avr8-gnu-toolchain/bin/../lib/gcc/avr/5.4.0/avr5\libgcc.a(_umulhisi3.o)
 .text.libgcc.prologue
                0x00000000        0x0 c:/program files (x86)/atmel/studio/7.0/toolchain/avr8/avr8-gnu-toolchain/bin/../lib/gcc/avr/5.4.0/avr5\libgcc.a(_umulhisi3.o)
 .text.libgcc.builtins
                0x00000000        0x0 c:/program files (x86)/atmel/studio/7.0/toolchain/avr8/avr8-gnu-toolchain/bin/../lib/gcc/avr/5.4.0/avr5\libgcc.a(_umulhisi3.o)
 .text.libgcc.fmul
                0x00000000        0x0 c:/program files (x86)/atmel/studio/7.0/toolchain/avr8/avr8-gnu-toolchain/bin/../lib/gcc/avr/5.4.0/avr5\libgcc.a(_umulhisi3.o)
 .text.libgcc.fixed
                0x00000000        0x0 c:/program files (x86)/atmel/studio/7.0/toolchain/avr8/avr8-gnu-toolchain/bin/../lib/gcc/avr/5.4.0/avr5\libgcc.a(_umulhisi3.o)

Memory Configuration

Name             Origin             Length             Attributes
text             0x00000000         0x00008000         xr
data             0x00800060         0x00000800         rw !x
eeprom           0x00810000         0x00000400         rw !x
fuse             0x00820000         0x00000002         rw !x
lock             0x00830000         0x00000400         rw !x
signature        0x00840000         0x00000400         rw !x
user_signatures  0x00850000         0x00000400         rw !x
*default*        0x00000000         0xffffffff

Linker script and memory map

LOAD C:/Program Files (x86)/Atmel/Studio/7.0/Packs/atmel/ATmega_DFP/1.6.364/gcc/dev/atmega32a/avr5/crtatmega32a.o
LOAD App/ATM/ATM.o
LOAD App/User/User.o
LOAD Firmware/Button/PushButton.o
LOAD Firmware/EEPROM/EEPROM.o
LOAD Firmware/Keypad/Keypad.o
LOAD Firmware/Keypad/Keypad_Config.o
LOAD Firmware/LCD/LCD.o
LOAD Firmware/LCD/LCD_Config.o
LOAD Firmware/Motor/motor.o
LOAD Infrastructure/utils.o
LOAD main.o
LOAD Mcal/DIO/DIO.o
LOAD Mcal/I2C/I2C.o
LOAD Mcal/SPI/SPI.o
LOAD Mcal/Timer/TIMER_DRIVER.o
LOAD Mcal/UART/uart.o
START GROUP
LOAD c:/program files (x86)/atmel/studio/7.0/toolchain/avr8/avr8-gnu-toolchain/bin/../lib/gcc/avr/5.4.0/../../../../avr/lib/avr5\libm.a
END GROUP
START GROUP
LOAD c:/program files (x86)/atmel/studio/7.0/toolchain/avr8/avr8-gnu-toolchain/bin/../lib/gcc/avr/5.4.0/avr5\libgcc.a
LOAD c:/program files (x86)/atmel/studio/7.0/toolchain/avr8/avr8-gnu-toolchain/bin/../lib/gcc/avr/5.4.0/../../../../avr/lib/avr5\libm.a
LOAD c:/program files (x86)/atmel/studio/7.0/toolchain/avr8/avr8-gnu-toolchain/bin/../lib/gcc/avr/5.4.0/../../../../avr/lib/avr5\libc.a
LOAD C:/Program Files (x86)/Atmel/Studio/7.0/Packs/atmel/ATmega_DFP/1.6.364/gcc/dev/atmega32a/avr5\libatmega32a.a
END GROUP
                [0x00000000]                __TEXT_REGION_ORIGIN__ = DEFINED (__TEXT_REGION_ORIGIN__)?__TEXT_REGION_ORIGIN__:0x0
                [0x00800060]                __DATA_REGION_ORIGIN__ = DEFINED (__DATA_REGION_ORIGIN__)?__DATA_REGION_ORIGIN__:0x800060
                [0x00008000]                __TEXT_REGION_LENGTH__ = DEFINED (__TEXT_REGION_LENGTH__)?__TEXT_REGION_LENGTH__:0x20000
                [0x00000800]                __DATA_REGION_LENGTH__ = DEFINED (__DATA_REGION_LENGTH__)?__DATA_REGION_LENGTH__:0xffa0
                [0x00000400]                __EEPROM_REGION_LENGTH__ = DEFINED (__EEPROM_REGION_LENGTH__)?__EEPROM_REGION_LENGTH__:0x10000
                [0x00000002]                __FUSE_REGION_LENGTH__ = DEFINED (__FUSE_REGION_LENGTH__)?__FUSE_REGION_LENGTH__:0x400
                0x00000400                __LOCK_REGION_LENGTH__ = DEFINED (__LOCK_REGION_LENGTH__)?__LOCK_REGION_LENGTH__:0x400
                0x00000400                __SIGNATURE_REGION_LENGTH__ = DEFINED (__SIGNATURE_REGION_LENGTH__)?__SIGNATURE_REGION_LENGTH__:0x400
                0x00000400                __USER_SIGNATURE_REGION_LENGTH__ = DEFINED (__USER_SIGNATURE_REGION_LENGTH__)?__USER_SIGNATURE_REGION_LENGTH__:0x400

.hash
 *(.hash)

.dynsym
 *(.dynsym)

.dynstr
 *(.dynstr)

.gnu.version
 *(.gnu.version)

.gnu.version_d
 *(.gnu.version_d)

.gnu.version_r
 *(.gnu.version_r)

.rel.init
 *(.rel.init)

.rela.init
 *(.rela.init)

.rel.text
 *(.rel.text)
 *(.rel.text.*)
 *(.rel.gnu.linkonce.t*)

.rela.text
 *(.rela.text)
 *(.rela.text.*)
 *(.rela.gnu.linkonce.t*)

.rel.fini
 *(.rel.fini)

.rela.fini
 *(.rela.fini)

.rel.rodata
 *(.rel.rodata)
 *(.rel.rodata.*)
 *(.rel.gnu.linkonce.r*)

.rela.rodata
 *(.rela.rodata)
 *(.rela.rodata.*)
 *(.rela.gnu.linkonce.r*)

.rel.data
 *(.rel.data)
 *(.rel.data.*)
 *(.rel.gnu.linkonce.d*)

.rela.data
 *(.rela.data)
 *(.rela.data.*)
 *(.rela.gnu.linkonce.d*)

.rel.ctors
 *(.rel.ctors)

.rela.ctors
 *(.rela.ctors)

.rel.dtors
 *(.rel.dtors)

.rela.dtors
 *(.rela.dtors)

.rel.got
 *(.rel.got)

.rela.got
 *(.rela.got)

.rel.bss
 *(.rel.bss)

.rela.bss
 *(.rela.bss)

.rel.plt
 *(.rel.plt)

.rela.plt
 *(.rela.plt)

.text           0x00000000      0x5ac
 *(.vectors)
 .vectors       0x00000000       0x54 C:/Program Files (x86)/Atmel/Studio/7.0/Packs/atmel/ATmega_DFP/1.6.364/gcc/dev/atmega32a/avr5/crtatmega32a.o
                0x00000000                __vector_default
                0x00000000                __vectors
 *(.vectors)
 *(.progmem.gcc*)
                0x00000054                . = ALIGN (0x2)
                0x00000054                __trampolines_start = .
 *(.trampolines)
 .trampolines   0x00000054        0x0 linker stubs
 *(.trampolines*)
                0x00000054                __trampolines_end = .
 *libprintf_flt.a:*(.progmem.data)
 *libc.a:*(.progmem.data)
 *(.progmem*)
                0x00000054                . = ALIGN (0x2)
 *(.jumptables)
 *(.jumptables*)
 *(.lowtext)
 *(.lowtext*)
                0x00000054                __ctors_start = .
 *(.ctors)
                0x00000054                __ctors_end = .
                0x00000054                __dtors_start = .
 *(.dtors)
                0x00000054                __dtors_end = .
 SORT(*)(.ctors)
 SORT(*)(.dtors)
 *(.init0)
 .init0         0x00000054        0x0 C:/Program Files (x86)/Atmel/Studio/7.0/Packs/atmel/ATmega_DFP/1.6.364/gcc/dev/atmega32a/avr5/crtatmega32a.o
                0x00000054                __init
 *(.init0)
 *(.init1)
 *(.init1)
 *(.init2)
 .init2         0x00000054        0xc C:/Program Files (x86)/Atmel/Studio/7.0/Packs/atmel/ATmega_DFP/1.6.364/gcc/dev/atmega32a/avr5/crtatmega32a.o
 *(.init2)
 *(.init3)
 *(.init3)
 *(.init4)
 .init4         0x00000060       0x16 c:/program files (x86)/atmel/studio/7.0/toolchain/avr8/avr8-gnu-toolchain/bin/../lib/gcc/avr/5.4.0/avr5\libgcc.a(_copy_data.o)
                0x00000060                __do_copy_data
 .init4         0x00000076       0x10 c:/program files (x86)/atmel/studio/7.0/toolchain/avr8/avr8-gnu-toolchain/bin/../lib/gcc/avr/5.4.0/avr5\libgcc.a(_clear_bss.o)
                0x00000076                __do_clear_bss
 *(.init4)
 *(.init5)
 *(.init5)
 *(.init6)
 *(.init6)
 *(.init7)
 *(.init7)
 *(.init8)
 *(.init8)
 *(.init9)
 .init9         0x00000086        0x8 C:/Program Files (x86)/Atmel/Studio/7.0/Packs/atmel/ATmega_DFP/1.6.364/gcc/dev/atmega32a/avr5/crtatmega32a.o
 *(.init9)
 *(.text)
 .text          0x0000008e        0x4 C:/Program Files (x86)/Atmel/Studio/7.0/Packs/atmel/ATmega_DFP/1.6.364/gcc/dev/atmega32a/avr5/crtatmega32a.o
                0x0000008e                __vector_1
                0x0000008e                __bad_interrupt
                0x0000008e                __vector_6
                0x0000008e                __vector_3
                0x0000008e                __vector_17
                0x0000008e                __vector_19
                0x0000008e                __vector_7
                0x0000008e                __vector_9
                0x0000008e                __vector_2
                0x0000008e                __vector_8
                0x0000008e                __vector_16
                0x0000008e                __vector_18
                0x0000008e                __vector_20
                0x00000092                . = ALIGN (0x2)
 *(.text.*)
 .text.dummy_delay
                0x00000092       0x54 Infrastructure/utils.o
                0x00000092                dummy_delay
 .text.main     0x000000e6       0x28 main.o
                0x000000e6                main
 .text.DIO_SetPinDirection
                0x0000010e       0xb0 Mcal/DIO/DIO.o
                0x0000010e                DIO_SetPinDirection
 .text.DIO_WritePin
                0x000001be       0xb0 Mcal/DIO/DIO.o
                0x000001be                DIO_WritePin
 .text.SPI_Init
                0x0000026e       0x6c Mcal/SPI/SPI.o
                0x0000026e                SPI_Init
 .text.__vector_12
                0x000002da       0x52 Mcal/SPI/SPI.o
                0x000002da                __vector_12
 .text.__vector_11
                0x0000032c       0x52 Mcal/Timer/TIMER_DRIVER.o
                0x0000032c                __vector_11
 .text.__vector_10
                0x0000037e       0x52 Mcal/Timer/TIMER_DRIVER.o
                0x0000037e                __vector_10
 .text.__vector_5
                0x000003d0       0x52 Mcal/Timer/TIMER_DRIVER.o
                0x000003d0                __vector_5
 .text.__vector_4
                0x00000422       0x52 Mcal/Timer/TIMER_DRIVER.o
                0x00000422                __vector_4
 .text.UART_Init
                0x00000474       0x26 Mcal/UART/uart.o
                0x00000474                UART_Init
 .text.UART_TransmitString
                0x0000049a       0x24 Mcal/UART/uart.o
                0x0000049a                UART_TransmitString
 .text.__vector_13
                0x000004be       0x4e Mcal/UART/uart.o
                0x000004be                __vector_13
 .text.__vector_14
                0x0000050c       0x4e Mcal/UART/uart.o
                0x0000050c                __vector_14
 .text.__vector_15
                0x0000055a       0x4e Mcal/UART/uart.o
                0x0000055a                __vector_15
                0x000005a8                . = ALIGN (0x2)
 *(.fini9)
 .fini9         0x000005a8        0x0 c:/program files (x86)/atmel/studio/7.0/toolchain/avr8/avr8-gnu-toolchain/bin/../lib/gcc/avr/5.4.0/avr5\libgcc.a(_exit.o)
                0x000005a8                _exit
                0x000005a8                exit
 *(.fini9)
 *(.fini8)
 *(.fini8)
 *(.fini7)
 *(.fini7)
 *(.fini6)
 *(.fini6)
 *(.fini5)
 *(.fini5)
 *(.fini4)
 *(.fini4)
 *(.fini3)
 *(.fini3)
 *(.fini2)
 *(.fini2)
 *(.fini1)
 *(.fini1)
 *(.fini0)
 .fini0         0x000005a8        0x4 c:/program files (x86)/atmel/studio/7.0/toolchain/avr8/avr8-gnu-toolchain/bin/../lib/gcc/avr/5.4.0/avr5\libgcc.a(_exit.o)
 *(.fini0)
                0x000005ac                _etext = .

.data           0x00800060       0x1a load address 0x000005ac
                0x00800060                PROVIDE (__data_start, .)
 *(.data)
 *(.data*)
 *(.gnu.linkonce.d*)
 *(.rodata)
 *(.rodata*)
 .rodata.str1.1
                0x00800060       0x1a main.o
 *(.gnu.linkonce.r*)
                0x0080007a                . = ALIGN (0x2)
                0x0080007a                _edata = .
                0x0080007a                PROVIDE (__data_end, .)

.bss            0x0080007a       0x10
                0x0080007a                PROVIDE (__bss_start, .)
 *(.bss)
 *(.bss*)
 .bss.SPI_TX_Complete_callback
                0x0080007a        0x2 Mcal/SPI/SPI.o
 .bss.TIM2_OCAction_callback
                0x0080007c        0x2 Mcal/Timer/TIMER_DRIVER.o
 .bss.TIM2_OVFAction_callback
                0x0080007e        0x2 Mcal/Timer/TIMER_DRIVER.o
 .bss.TIM0_OCAction_callback
                0x00800080        0x2 Mcal/Timer/TIMER_DRIVER.o
 .bss.TIM0_OVFAction_callback
                0x00800082        0x2 Mcal/Timer/TIMER_DRIVER.o
 *(COMMON)
 COMMON         0x00800084        0x6 Mcal/UART/uart.o
                0x00800084                Gptr_uartRxInt
                0x00800086                Gptr_uartTxInt
                0x00800088                Gptr_uartDataEmptyRegInt
                0x0080008a                PROVIDE (__bss_end, .)
                0x000005ac                __data_load_start = LOADADDR (.data)
                0x000005c6                __data_load_end = (__data_load_start + SIZEOF (.data))

.noinit         0x0080008a        0x0
                [!provide]                PROVIDE (__noinit_start, .)
 *(.noinit*)
                [!provide]                PROVIDE (__noinit_end, .)
                0x0080008a                _end = .
                [!provide]                PROVIDE (__heap_start, .)

.eeprom         0x00810000        0x0
 *(.eeprom*)
                0x00810000                __eeprom_end = .

.fuse
 *(.fuse)
 *(.lfuse)
 *(.hfuse)
 *(.efuse)

.lock
 *(.lock*)

.signature
 *(.signature*)

.user_signatures
 *(.user_signatures*)

.stab
 *(.stab)

.stabstr
 *(.stabstr)

.stab.excl
 *(.stab.excl)

.stab.exclstr
 *(.stab.exclstr)

.stab.index
 *(.stab.index)

.stab.indexstr
 *(.stab.indexstr)

.comment        0x00000000       0x30
 *(.comment)
 .comment       0x00000000       0x30 Infrastructure/utils.o
                                 0x31 (size before relaxing)
 .comment       0x00000030       0x31 main.o
 .comment       0x00000030       0x31 Mcal/DIO/DIO.o
 .comment       0x00000030       0x31 Mcal/SPI/SPI.o
 .comment       0x00000030       0x31 Mcal/Timer/TIMER_DRIVER.o
 .comment       0x00000030       0x31 Mcal/UART/uart.o

.note.gnu.avr.deviceinfo
                0x00000000       0x3c
 .note.gnu.avr.deviceinfo
                0x00000000       0x3c C:/Program Files (x86)/Atmel/Studio/7.0/Packs/atmel/ATmega_DFP/1.6.364/gcc/dev/atmega32a/avr5/crtatmega32a.o

.note.gnu.build-id
 *(.note.gnu.build-id)

.debug
 *(.debug)

.line
 *(.line)

.debug_srcinfo
 *(.debug_srcinfo)

.debug_sfnames
 *(.debug_sfnames)

.debug_aranges  0x00000000      0x220
 *(.debug_aranges)
 .debug_aranges
                0x00000000       0x30 Infrastructure/utils.o
 .debug_aranges
                0x00000030       0x20 main.o
 .debug_aranges
                0x00000050       0x40 Mcal/DIO/DIO.o
 .debug_aranges
                0x00000090       0x68 Mcal/SPI/SPI.o
 .debug_aranges
                0x000000f8       0xb0 Mcal/Timer/TIMER_DRIVER.o
 .debug_aranges
                0x000001a8       0x78 Mcal/UART/uart.o

.debug_pubnames
 *(.debug_pubnames)

.debug_info     0x00000000     0x1e7b
 *(.debug_info .gnu.linkonce.wi.*)
 .debug_info    0x00000000      0x4e6 C:/Program Files (x86)/Atmel/Studio/7.0/Packs/atmel/ATmega_DFP/1.6.364/gcc/dev/atmega32a/avr5/crtatmega32a.o
 .debug_info    0x000004e6      0x17c Infrastructure/utils.o
 .debug_info    0x00000662      0x186 main.o
 .debug_info    0x000007e8      0x217 Mcal/DIO/DIO.o
 .debug_info    0x000009ff      0x5c1 Mcal/SPI/SPI.o
 .debug_info    0x00000fc0      0xb68 Mcal/Timer/TIMER_DRIVER.o
 .debug_info    0x00001b28      0x353 Mcal/UART/uart.o

.debug_abbrev   0x00000000      0xaba
 *(.debug_abbrev)
 .debug_abbrev  0x00000000      0x4a3 C:/Program Files (x86)/Atmel/Studio/7.0/Packs/atmel/ATmega_DFP/1.6.364/gcc/dev/atmega32a/avr5/crtatmega32a.o
 .debug_abbrev  0x000004a3       0xde Infrastructure/utils.o
 .debug_abbrev  0x00000581       0xd4 main.o
 .debug_abbrev  0x00000655       0xb0 Mcal/DIO/DIO.o
 .debug_abbrev  0x00000705      0x152 Mcal/SPI/SPI.o
 .debug_abbrev  0x00000857      0x1a8 Mcal/Timer/TIMER_DRIVER.o
 .debug_abbrev  0x000009ff       0xbb Mcal/UART/uart.o

.debug_line     0x00000000     0x1480
 *(.debug_line .debug_line.* .debug_line_end)
 .debug_line    0x00000000      0x116 C:/Program Files (x86)/Atmel/Studio/7.0/Packs/atmel/ATmega_DFP/1.6.364/gcc/dev/atmega32a/avr5/crtatmega32a.o
 .debug_line    0x00000116      0x14f Infrastructure/utils.o
 .debug_line    0x00000265       0xc6 main.o
 .debug_line    0x0000032b      0x1cf Mcal/DIO/DIO.o
 .debug_line    0x000004fa      0x2c6 Mcal/SPI/SPI.o
 .debug_line    0x000007c0      0x9d4 Mcal/Timer/TIMER_DRIVER.o
 .debug_line    0x00001194      0x2ec Mcal/UART/uart.o

.debug_frame    0x00000000      0x6a4
 *(.debug_frame)
 .debug_frame   0x00000000       0x54 Infrastructure/utils.o
 .debug_frame   0x00000054       0x24 main.o
 .debug_frame   0x00000078       0x64 Mcal/DIO/DIO.o
 .debug_frame   0x000000dc      0x154 Mcal/SPI/SPI.o
 .debug_frame   0x00000230      0x2c8 Mcal/Timer/TIMER_DRIVER.o
 .debug_frame   0x000004f8      0x1ac Mcal/UART/uart.o

.debug_str      0x00000000      0x9c5
 *(.debug_str)
 .debug_str     0x00000000      0x196 C:/Program Files (x86)/Atmel/Studio/7.0/Packs/atmel/ATmega_DFP/1.6.364/gcc/dev/atmega32a/avr5/crtatmega32a.o
 .debug_str     0x00000196      0x1b5 Infrastructure/utils.o
                                0x1d6 (size before relaxing)
 .debug_str     0x0000034b       0x41 main.o
                                0x1b2 (size before relaxing)
 .debug_str     0x0000038c       0xc8 Mcal/DIO/DIO.o
                                0x24c (size before relaxing)
 .debug_str     0x00000454      0x16e Mcal/SPI/SPI.o
                                0x35b (size before relaxing)
 .debug_str     0x000005c2      0x2de Mcal/Timer/TIMER_DRIVER.o
                                0x4a3 (size before relaxing)
 .debug_str     0x000008a0      0x125 Mcal/UART/uart.o
                                0x2de (size before relaxing)

.debug_loc      0x00000000     0x232f
 *(.debug_loc)
 .debug_loc     0x00000000      0x158 Infrastructure/utils.o
 .debug_loc     0x00000158      0x2f4 Mcal/DIO/DIO.o
 .debug_loc     0x0000044c      0x74b Mcal/SPI/SPI.o
 .debug_loc     0x00000b97     0x1333 Mcal/Timer/TIMER_DRIVER.o
 .debug_loc     0x00001eca      0x465 Mcal/UART/uart.o

.debug_macinfo
 *(.debug_macinfo)

.debug_weaknames
 *(.debug_weaknames)

.debug_funcnames
 *(.debug_funcnames)

.debug_typenames
 *(.debug_typenames)

.debug_varnames
 *(.debug_varnames)

.debug_pubtypes
 *(.debug_pubtypes)

.debug_ranges   0x00000000      0x1c0
 *(.debug_ranges)
 .debug_ranges  0x00000000       0x20 Infrastructure/utils.o
 .debug_ranges  0x00000020       0x10 main.o
 .debug_ranges  0x00000030       0x30 Mcal/DIO/DIO.o
 .debug_ranges  0x00000060       0x58 Mcal/SPI/SPI.o
 .debug_ranges  0x000000b8       0xa0 Mcal/Timer/TIMER_DRIVER.o
 .debug_ranges  0x00000158       0x68 Mcal/UART/uart.o

.debug_macro
 *(.debug_macro)
OUTPUT(ATM_ECU.elf elf32-avr)
LOAD linker stubs
