Archive member included because of file (symbol)

c:/program files (x86)/atmel/atmel studio 6.0/extensions/atmel/avrgcc/3.4.0.65/avrtoolchain/bin/../lib/gcc/avr/4.6.2/../../../../avr/lib/avr5\libm.a(addsf3.o)
                              MCAL/PWM/src/PWM.o (__subsf3)
c:/program files (x86)/atmel/atmel studio 6.0/extensions/atmel/avrgcc/3.4.0.65/avrtoolchain/bin/../lib/gcc/avr/4.6.2/../../../../avr/lib/avr5\libm.a(addsf3x.o)
                              c:/program files (x86)/atmel/atmel studio 6.0/extensions/atmel/avrgcc/3.4.0.65/avrtoolchain/bin/../lib/gcc/avr/4.6.2/../../../../avr/lib/avr5\libm.a(addsf3.o) (__addsf3x)
c:/program files (x86)/atmel/atmel studio 6.0/extensions/atmel/avrgcc/3.4.0.65/avrtoolchain/bin/../lib/gcc/avr/4.6.2/../../../../avr/lib/avr5\libm.a(cmpsf2.o)
                              MCAL/TIMER/src/TIMER.o (__nesf2)
c:/program files (x86)/atmel/atmel studio 6.0/extensions/atmel/avrgcc/3.4.0.65/avrtoolchain/bin/../lib/gcc/avr/4.6.2/../../../../avr/lib/avr5\libm.a(divsf3.o)
                              HAL/USONIC/src/USONIC.o (__divsf3)
c:/program files (x86)/atmel/atmel studio 6.0/extensions/atmel/avrgcc/3.4.0.65/avrtoolchain/bin/../lib/gcc/avr/4.6.2/../../../../avr/lib/avr5\libm.a(divsf3x.o)
                              c:/program files (x86)/atmel/atmel studio 6.0/extensions/atmel/avrgcc/3.4.0.65/avrtoolchain/bin/../lib/gcc/avr/4.6.2/../../../../avr/lib/avr5\libm.a(divsf3.o) (__divsf3x)
c:/program files (x86)/atmel/atmel studio 6.0/extensions/atmel/avrgcc/3.4.0.65/avrtoolchain/bin/../lib/gcc/avr/4.6.2/../../../../avr/lib/avr5\libm.a(fixunssfsi.o)
                              APP/MONITORING/src/MONITORING.o (__fixunssfsi)
c:/program files (x86)/atmel/atmel studio 6.0/extensions/atmel/avrgcc/3.4.0.65/avrtoolchain/bin/../lib/gcc/avr/4.6.2/../../../../avr/lib/avr5\libm.a(floatsisf.o)
                              HAL/USONIC/src/USONIC.o (__floatunsisf)
c:/program files (x86)/atmel/atmel studio 6.0/extensions/atmel/avrgcc/3.4.0.65/avrtoolchain/bin/../lib/gcc/avr/4.6.2/../../../../avr/lib/avr5\libm.a(floatundisf.o)
                              HAL/USONIC/src/USONIC.o (__floatundisf)
c:/program files (x86)/atmel/atmel studio 6.0/extensions/atmel/avrgcc/3.4.0.65/avrtoolchain/bin/../lib/gcc/avr/4.6.2/../../../../avr/lib/avr5\libm.a(fp_cmp.o)
                              c:/program files (x86)/atmel/atmel studio 6.0/extensions/atmel/avrgcc/3.4.0.65/avrtoolchain/bin/../lib/gcc/avr/4.6.2/../../../../avr/lib/avr5\libm.a(cmpsf2.o) (__fp_cmp)
c:/program files (x86)/atmel/atmel studio 6.0/extensions/atmel/avrgcc/3.4.0.65/avrtoolchain/bin/../lib/gcc/avr/4.6.2/../../../../avr/lib/avr5\libm.a(fp_inf.o)
                              c:/program files (x86)/atmel/atmel studio 6.0/extensions/atmel/avrgcc/3.4.0.65/avrtoolchain/bin/../lib/gcc/avr/4.6.2/../../../../avr/lib/avr5\libm.a(addsf3x.o) (__fp_inf)
c:/program files (x86)/atmel/atmel studio 6.0/extensions/atmel/avrgcc/3.4.0.65/avrtoolchain/bin/../lib/gcc/avr/4.6.2/../../../../avr/lib/avr5\libm.a(fp_nan.o)
                              c:/program files (x86)/atmel/atmel studio 6.0/extensions/atmel/avrgcc/3.4.0.65/avrtoolchain/bin/../lib/gcc/avr/4.6.2/../../../../avr/lib/avr5\libm.a(addsf3x.o) (__fp_nan)
c:/program files (x86)/atmel/atmel studio 6.0/extensions/atmel/avrgcc/3.4.0.65/avrtoolchain/bin/../lib/gcc/avr/4.6.2/../../../../avr/lib/avr5\libm.a(fp_pscA.o)
                              c:/program files (x86)/atmel/atmel studio 6.0/extensions/atmel/avrgcc/3.4.0.65/avrtoolchain/bin/../lib/gcc/avr/4.6.2/../../../../avr/lib/avr5\libm.a(addsf3x.o) (__fp_pscA)
c:/program files (x86)/atmel/atmel studio 6.0/extensions/atmel/avrgcc/3.4.0.65/avrtoolchain/bin/../lib/gcc/avr/4.6.2/../../../../avr/lib/avr5\libm.a(fp_pscB.o)
                              c:/program files (x86)/atmel/atmel studio 6.0/extensions/atmel/avrgcc/3.4.0.65/avrtoolchain/bin/../lib/gcc/avr/4.6.2/../../../../avr/lib/avr5\libm.a(addsf3x.o) (__fp_pscB)
c:/program files (x86)/atmel/atmel studio 6.0/extensions/atmel/avrgcc/3.4.0.65/avrtoolchain/bin/../lib/gcc/avr/4.6.2/../../../../avr/lib/avr5\libm.a(fp_round.o)
                              c:/program files (x86)/atmel/atmel studio 6.0/extensions/atmel/avrgcc/3.4.0.65/avrtoolchain/bin/../lib/gcc/avr/4.6.2/../../../../avr/lib/avr5\libm.a(addsf3.o) (__fp_round)
c:/program files (x86)/atmel/atmel studio 6.0/extensions/atmel/avrgcc/3.4.0.65/avrtoolchain/bin/../lib/gcc/avr/4.6.2/../../../../avr/lib/avr5\libm.a(fp_split3.o)
                              c:/program files (x86)/atmel/atmel studio 6.0/extensions/atmel/avrgcc/3.4.0.65/avrtoolchain/bin/../lib/gcc/avr/4.6.2/../../../../avr/lib/avr5\libm.a(addsf3x.o) (__fp_split3)
c:/program files (x86)/atmel/atmel studio 6.0/extensions/atmel/avrgcc/3.4.0.65/avrtoolchain/bin/../lib/gcc/avr/4.6.2/../../../../avr/lib/avr5\libm.a(fp_zero.o)
                              c:/program files (x86)/atmel/atmel studio 6.0/extensions/atmel/avrgcc/3.4.0.65/avrtoolchain/bin/../lib/gcc/avr/4.6.2/../../../../avr/lib/avr5\libm.a(addsf3x.o) (__fp_zero)
c:/program files (x86)/atmel/atmel studio 6.0/extensions/atmel/avrgcc/3.4.0.65/avrtoolchain/bin/../lib/gcc/avr/4.6.2/../../../../avr/lib/avr5\libm.a(gesf2.o)
                              APP/CRASH/src/CRASH.o (__gtsf2)
c:/program files (x86)/atmel/atmel studio 6.0/extensions/atmel/avrgcc/3.4.0.65/avrtoolchain/bin/../lib/gcc/avr/4.6.2/../../../../avr/lib/avr5\libm.a(mulsf3.o)
                              HAL/USONIC/src/USONIC.o (__mulsf3)
c:/program files (x86)/atmel/atmel studio 6.0/extensions/atmel/avrgcc/3.4.0.65/avrtoolchain/bin/../lib/gcc/avr/4.6.2/../../../../avr/lib/avr5\libm.a(mulsf3x.o)
                              c:/program files (x86)/atmel/atmel studio 6.0/extensions/atmel/avrgcc/3.4.0.65/avrtoolchain/bin/../lib/gcc/avr/4.6.2/../../../../avr/lib/avr5\libm.a(mulsf3.o) (__mulsf3x)
c:/program files (x86)/atmel/atmel studio 6.0/extensions/atmel/avrgcc/3.4.0.65/avrtoolchain/bin/../lib/gcc/avr/4.6.2/avr5\libgcc.a(_mulsi3.o)
                              LIB/UTILS.o (__mulsi3)
c:/program files (x86)/atmel/atmel studio 6.0/extensions/atmel/avrgcc/3.4.0.65/avrtoolchain/bin/../lib/gcc/avr/4.6.2/avr5\libgcc.a(_udivmodsi4.o)
                              LIB/UTILS.o (__udivmodsi4)
c:/program files (x86)/atmel/atmel studio 6.0/extensions/atmel/avrgcc/3.4.0.65/avrtoolchain/bin/../lib/gcc/avr/4.6.2/avr5\libgcc.a(_exit.o)
                              c:/program files (x86)/atmel/atmel studio 6.0/extensions/atmel/avrgcc/3.4.0.65/avrtoolchain/bin/../lib/gcc/avr/4.6.2/../../../../avr/lib/avr5/crtm32.o (exit)
c:/program files (x86)/atmel/atmel studio 6.0/extensions/atmel/avrgcc/3.4.0.65/avrtoolchain/bin/../lib/gcc/avr/4.6.2/avr5\libgcc.a(_copy_data.o)
                              APP/CRASH/src/CRASH.o (__do_copy_data)
c:/program files (x86)/atmel/atmel studio 6.0/extensions/atmel/avrgcc/3.4.0.65/avrtoolchain/bin/../lib/gcc/avr/4.6.2/avr5\libgcc.a(_clear_bss.o)
                              APP/CRASH/src/CRASH.o (__do_clear_bss)

Allocating common symbols
Common symbol       size              file

SensingTaskHandler  0x2               main.o
SteeringTaskHandler
                    0x2               main.o
CrashingTaskHandler
                    0x2               main.o

Memory Configuration

Name             Origin             Length             Attributes
text             0x00000000         0x00020000         xr
data             0x00800060         0x0000ffa0         rw !x
eeprom           0x00810000         0x00010000         rw !x
fuse             0x00820000         0x00000400         rw !x
lock             0x00830000         0x00000400         rw !x
signature        0x00840000         0x00000400         rw !x
*default*        0x00000000         0xffffffff

Linker script and memory map

LOAD c:/program files (x86)/atmel/atmel studio 6.0/extensions/atmel/avrgcc/3.4.0.65/avrtoolchain/bin/../lib/gcc/avr/4.6.2/../../../../avr/lib/avr5/crtm32.o
LOAD APP/CRASH/src/CRASH.o
LOAD APP/CRASH/src/CRASH_Lcfg.o
LOAD APP/MONITORING/src/MONITORING.o
LOAD APP/MONITORING/src/MONITORING_Interface.o
LOAD APP/SENSING/scr/SENSING.o
LOAD APP/SENSING/scr/SENSING_Interface.o
LOAD APP/STEERING/src/STEERING.o
LOAD APP/STEERING/src/STEERING_Interface.o
LOAD HAL/LCD/src/LCD.o
LOAD HAL/LCD/src/LCD_Lcfg.o
LOAD HAL/MOTOR/src/MOTOR.o
LOAD HAL/MOTOR/src/MOTOR_Lcfg.o
LOAD HAL/USONIC/src/USONIC.o
LOAD HAL/USONIC/src/USONIC_Lcfg.o
LOAD LIB/UTILS.o
LOAD main.o
LOAD MCAL/DIO/src/DIO.o
LOAD MCAL/GLOBAL_Interrupt/src/GLOBAL_Interrupt.o
LOAD MCAL/ICU/src/ICU.o
LOAD MCAL/ICU/src/ICU_Lcfg.o
LOAD MCAL/PWM/src/PWM.o
LOAD MCAL/PWM/src/PWM_Lcfg.o
LOAD MCAL/TIMER/src/TIMER.o
LOAD MCAL/TIMER/src/TIMER_Lcfg.o
LOAD OS/src/OS.o
LOAD OS/src/OS_Interface.o
LOAD OS/src/OS_Lcfg.o
START GROUP
LOAD c:/program files (x86)/atmel/atmel studio 6.0/extensions/atmel/avrgcc/3.4.0.65/avrtoolchain/bin/../lib/gcc/avr/4.6.2/../../../../avr/lib/avr5\libm.a
END GROUP
LOAD c:/program files (x86)/atmel/atmel studio 6.0/extensions/atmel/avrgcc/3.4.0.65/avrtoolchain/bin/../lib/gcc/avr/4.6.2/avr5\libgcc.a
LOAD c:/program files (x86)/atmel/atmel studio 6.0/extensions/atmel/avrgcc/3.4.0.65/avrtoolchain/bin/../lib/gcc/avr/4.6.2/../../../../avr/lib/avr5\libc.a
LOAD c:/program files (x86)/atmel/atmel studio 6.0/extensions/atmel/avrgcc/3.4.0.65/avrtoolchain/bin/../lib/gcc/avr/4.6.2/avr5\libgcc.a

.hash
 *(.hash)

.dynsym
 *(.dynsym)

.dynstr
 *(.dynstr)

.gnu.version
 *(.gnu.version)

.gnu.version_d
 *(.gnu.version_d)

.gnu.version_r
 *(.gnu.version_r)

.rel.init
 *(.rel.init)

.rela.init
 *(.rela.init)

.rel.text
 *(.rel.text)
 *(.rel.text.*)
 *(.rel.gnu.linkonce.t*)

.rela.text
 *(.rela.text)
 *(.rela.text.*)
 *(.rela.gnu.linkonce.t*)

.rel.fini
 *(.rel.fini)

.rela.fini
 *(.rela.fini)

.rel.rodata
 *(.rel.rodata)
 *(.rel.rodata.*)
 *(.rel.gnu.linkonce.r*)

.rela.rodata
 *(.rela.rodata)
 *(.rela.rodata.*)
 *(.rela.gnu.linkonce.r*)

.rel.data
 *(.rel.data)
 *(.rel.data.*)
 *(.rel.gnu.linkonce.d*)

.rela.data
 *(.rela.data)
 *(.rela.data.*)
 *(.rela.gnu.linkonce.d*)

.rel.ctors
 *(.rel.ctors)

.rela.ctors
 *(.rela.ctors)

.rel.dtors
 *(.rel.dtors)

.rela.dtors
 *(.rela.dtors)

.rel.got
 *(.rel.got)

.rela.got
 *(.rela.got)

.rel.bss
 *(.rel.bss)

.rela.bss
 *(.rela.bss)

.rel.plt
 *(.rel.plt)

.rela.plt
 *(.rela.plt)

.text           0x00000000     0x2dca
 *(.vectors)
 .vectors       0x00000000       0x54 c:/program files (x86)/atmel/atmel studio 6.0/extensions/atmel/avrgcc/3.4.0.65/avrtoolchain/bin/../lib/gcc/avr/4.6.2/../../../../avr/lib/avr5/crtm32.o
                0x00000000                __vector_default
                0x00000000                __vectors
 *(.vectors)
 *(.progmem.gcc*)
 *(.progmem*)
                0x00000054                . = ALIGN (0x2)
                0x00000054                __trampolines_start = .
 *(.trampolines)
 .trampolines   0x00000054        0x0 linker stubs
 *(.trampolines*)
                0x00000054                __trampolines_end = .
 *(.jumptables)
 *(.jumptables*)
 *(.lowtext)
 *(.lowtext*)
                0x00000054                __ctors_start = .
 *(.ctors)
                0x00000054                __ctors_end = .
                0x00000054                __dtors_start = .
 *(.dtors)
                0x00000054                __dtors_end = .
 SORT(*)(.ctors)
 SORT(*)(.dtors)
 *(.init0)
 .init0         0x00000054        0x0 c:/program files (x86)/atmel/atmel studio 6.0/extensions/atmel/avrgcc/3.4.0.65/avrtoolchain/bin/../lib/gcc/avr/4.6.2/../../../../avr/lib/avr5/crtm32.o
                0x00000054                __init
 *(.init0)
 *(.init1)
 *(.init1)
 *(.init2)
 .init2         0x00000054        0xc c:/program files (x86)/atmel/atmel studio 6.0/extensions/atmel/avrgcc/3.4.0.65/avrtoolchain/bin/../lib/gcc/avr/4.6.2/../../../../avr/lib/avr5/crtm32.o
 *(.init2)
 *(.init3)
 *(.init3)
 *(.init4)
 .init4         0x00000060       0x16 c:/program files (x86)/atmel/atmel studio 6.0/extensions/atmel/avrgcc/3.4.0.65/avrtoolchain/bin/../lib/gcc/avr/4.6.2/avr5\libgcc.a(_copy_data.o)
                0x00000060                __do_copy_data
 .init4         0x00000076       0x10 c:/program files (x86)/atmel/atmel studio 6.0/extensions/atmel/avrgcc/3.4.0.65/avrtoolchain/bin/../lib/gcc/avr/4.6.2/avr5\libgcc.a(_clear_bss.o)
                0x00000076                __do_clear_bss
 *(.init4)
 *(.init5)
 *(.init5)
 *(.init6)
 *(.init6)
 *(.init7)
 *(.init7)
 *(.init8)
 *(.init8)
 *(.init9)
 .init9         0x00000086        0x8 c:/program files (x86)/atmel/atmel studio 6.0/extensions/atmel/avrgcc/3.4.0.65/avrtoolchain/bin/../lib/gcc/avr/4.6.2/../../../../avr/lib/avr5/crtm32.o
 *(.init9)
 *(.text)
 .text          0x0000008e        0x4 c:/program files (x86)/atmel/atmel studio 6.0/extensions/atmel/avrgcc/3.4.0.65/avrtoolchain/bin/../lib/gcc/avr/4.6.2/../../../../avr/lib/avr5/crtm32.o
                0x0000008e                __vector_1
                0x0000008e                __vector_12
                0x0000008e                __bad_interrupt
                0x0000008e                __vector_3
                0x0000008e                __vector_11
                0x0000008e                __vector_13
                0x0000008e                __vector_17
                0x0000008e                __vector_19
                0x0000008e                __vector_7
                0x0000008e                __vector_5
                0x0000008e                __vector_2
                0x0000008e                __vector_15
                0x0000008e                __vector_8
                0x0000008e                __vector_14
                0x0000008e                __vector_10
                0x0000008e                __vector_16
                0x0000008e                __vector_18
                0x0000008e                __vector_20
 .text          0x00000092       0xea APP/CRASH/src/CRASH.o
                0x00000092                CRASH_MainFunction
 .text          0x0000017c        0x0 APP/CRASH/src/CRASH_Lcfg.o
 .text          0x0000017c      0x33a APP/MONITORING/src/MONITORING.o
                0x0000017c                MONITOR_SendDataToDisplay
                0x00000350                MONITOR_MainFunction
 .text          0x000004b6       0x10 APP/MONITORING/src/MONITORING_Interface.o
                0x000004b6                MONITOR_Set
                0x000004c2                MONITOR_Get
 .text          0x000004c6       0x52 APP/SENSING/scr/SENSING.o
                0x000004c6                SENSING_MainFunction
 .text          0x00000518       0x3e APP/SENSING/scr/SENSING_Interface.o
                0x00000518                SENSING_Get
                0x0000053e                SENSING_Set
 .text          0x00000556       0xac APP/STEERING/src/STEERING.o
                0x00000556                STEERING_MainFunction
 .text          0x00000602       0x4e APP/STEERING/src/STEERING_Interface.o
                0x00000602                STEERING_Set
                0x00000624                STEERING_Get
 .text          0x00000650      0x706 HAL/LCD/src/LCD.o
                0x00000650                LCD_SendCommand
                0x0000088e                LCD_SendData
                0x00000a90                LCD_Init
                0x00000ce0                LCD_SendString
                0x00000d1a                LCD_SendNumber
 .text          0x00000d56        0x0 HAL/LCD/src/LCD_Lcfg.o
 .text          0x00000d56      0x2a4 HAL/MOTOR/src/MOTOR.o
                0x00000d56                MOTOR_init
                0x00000dbc                MOTOR_start
                0x00000eaa                MOTOR_stop
                0x00000f24                MOTOR_Update_dir
 .text          0x00000ffa        0x0 HAL/MOTOR/src/MOTOR_Lcfg.o
 .text          0x00000ffa      0x264 HAL/USONIC/src/USONIC.o
                0x00001134                USONIC_Init
                0x00001188                USONIC_GetDistance
 .text          0x0000125e        0x0 HAL/USONIC/src/USONIC_Lcfg.o
 .text          0x0000125e      0x300 LIB/UTILS.o
                0x0000125e                dummy_delay
                0x000012c2                StringCompare
                0x00001326                STR_Length
                0x0000134a                STR_CharIsNumeric
                0x00001360                STR_StringIsNumeric
                0x000013c2                STR_CompareString
                0x00001422                STR_String2Number
                0x000014a4                STR_StringReverse
                0x000014e0                STR_Number2String
 .text          0x0000155e       0x7c main.o
                0x0000155e                SteeringTask
                0x00001564                CrashingTask
                0x0000156a                SensingTask
                0x00001570                main
 .text          0x000015da      0x3a2 MCAL/DIO/src/DIO.o
                0x000015da                DIO_SetPinDirection
                0x000016be                DIO_WritePin
                0x000017a2                DIO_TogglePin
                0x00001834                DIO_ReadPin
                0x000018d2                DIO_EnablePinPullup
 .text          0x0000197c       0x10 MCAL/GLOBAL_Interrupt/src/GLOBAL_Interrupt.o
                0x0000197c                GLOBALINTTERUPTS_Enable
                0x00001984                GLOBALINTTERUPTS_Disable
 .text          0x0000198c      0x35e MCAL/ICU/src/ICU.o
                0x0000198c                ICU_Init
                0x000019d8                ICU_Reset
                0x00001a00                ICU_UpdateTimeOn
                0x00001b8c                ICU_GetICR1Registert
                0x00001ba2                ICU_GetTIFRRegistert
                0x00001bb4                ICU_SetTCNT1Registert
                0x00001bc2                ICU_EnableInterrupt
                0x00001bec                ICU_DisableInterrupt
                0x00001c16                ICU_SetCallback
                0x00001c4e                __vector_9
                0x00001c9c                __vector_6
 .text          0x00001cea        0x0 MCAL/ICU/src/ICU_Lcfg.o
 .text          0x00001cea      0x112 MCAL/PWM/src/PWM.o
                0x00001cea                PWM_Init
                0x00001d4c                PWM_Start
                0x00001d64                PWM_Stop
                0x00001d76                PWM_Connect
                0x00001d92                PWM_Disconnect
                0x00001da4                PWM_SetDuty
 .text          0x00001dfc        0x0 MCAL/PWM/src/PWM_Lcfg.o
 .text          0x00001dfc      0x660 MCAL/TIMER/src/TIMER.o
                0x00001f7c                TIM_Init
                0x00001fde                TIM_Start
                0x00002030                TIM_Stop
                0x0000205c                TIM_GetStatus
                0x00002158                TIM_DelayUs
                0x00002268                TIM_DelayMs
                0x0000239e                TIM_DelayStatus
 .text          0x0000245c        0x0 MCAL/TIMER/src/TIMER_Lcfg.o
 .text          0x0000245c      0x1fa OS/src/OS.o
                0x0000245c                OS_Init
                0x000024ce                OS_Run
                0x0000255e                __vector_4
 .text          0x00002656      0x246 OS/src/OS_Interface.o
                0x00002656                OS_CreateTask
                0x00002834                OS_DeleteTask
                0x0000285c                OS_SuspandTask
                0x0000286a                OS_UnsuspandTask
                0x00002886                OS_Get
 .text          0x0000289c        0x0 OS/src/OS_Lcfg.o
 .text          0x0000289c        0x0 c:/program files (x86)/atmel/atmel studio 6.0/extensions/atmel/avrgcc/3.4.0.65/avrtoolchain/bin/../lib/gcc/avr/4.6.2/../../../../avr/lib/avr5\libm.a(addsf3.o)
 .text          0x0000289c        0x0 c:/program files (x86)/atmel/atmel studio 6.0/extensions/atmel/avrgcc/3.4.0.65/avrtoolchain/bin/../lib/gcc/avr/4.6.2/../../../../avr/lib/avr5\libm.a(addsf3x.o)
 .text          0x0000289c        0x0 c:/program files (x86)/atmel/atmel studio 6.0/extensions/atmel/avrgcc/3.4.0.65/avrtoolchain/bin/../lib/gcc/avr/4.6.2/../../../../avr/lib/avr5\libm.a(cmpsf2.o)
 .text          0x0000289c        0x0 c:/program files (x86)/atmel/atmel studio 6.0/extensions/atmel/avrgcc/3.4.0.65/avrtoolchain/bin/../lib/gcc/avr/4.6.2/../../../../avr/lib/avr5\libm.a(divsf3.o)
 .text          0x0000289c        0x0 c:/program files (x86)/atmel/atmel studio 6.0/extensions/atmel/avrgcc/3.4.0.65/avrtoolchain/bin/../lib/gcc/avr/4.6.2/../../../../avr/lib/avr5\libm.a(divsf3x.o)
 .text          0x0000289c        0x0 c:/program files (x86)/atmel/atmel studio 6.0/extensions/atmel/avrgcc/3.4.0.65/avrtoolchain/bin/../lib/gcc/avr/4.6.2/../../../../avr/lib/avr5\libm.a(fixunssfsi.o)
 .text          0x0000289c        0x0 c:/program files (x86)/atmel/atmel studio 6.0/extensions/atmel/avrgcc/3.4.0.65/avrtoolchain/bin/../lib/gcc/avr/4.6.2/../../../../avr/lib/avr5\libm.a(floatsisf.o)
 .text          0x0000289c        0x0 c:/program files (x86)/atmel/atmel studio 6.0/extensions/atmel/avrgcc/3.4.0.65/avrtoolchain/bin/../lib/gcc/avr/4.6.2/../../../../avr/lib/avr5\libm.a(floatundisf.o)
 .text          0x0000289c        0x0 c:/program files (x86)/atmel/atmel studio 6.0/extensions/atmel/avrgcc/3.4.0.65/avrtoolchain/bin/../lib/gcc/avr/4.6.2/../../../../avr/lib/avr5\libm.a(fp_cmp.o)
 .text          0x0000289c        0x0 c:/program files (x86)/atmel/atmel studio 6.0/extensions/atmel/avrgcc/3.4.0.65/avrtoolchain/bin/../lib/gcc/avr/4.6.2/../../../../avr/lib/avr5\libm.a(fp_inf.o)
 .text          0x0000289c        0x0 c:/program files (x86)/atmel/atmel studio 6.0/extensions/atmel/avrgcc/3.4.0.65/avrtoolchain/bin/../lib/gcc/avr/4.6.2/../../../../avr/lib/avr5\libm.a(fp_nan.o)
 .text          0x0000289c        0x0 c:/program files (x86)/atmel/atmel studio 6.0/extensions/atmel/avrgcc/3.4.0.65/avrtoolchain/bin/../lib/gcc/avr/4.6.2/../../../../avr/lib/avr5\libm.a(fp_pscA.o)
 .text          0x0000289c        0x0 c:/program files (x86)/atmel/atmel studio 6.0/extensions/atmel/avrgcc/3.4.0.65/avrtoolchain/bin/../lib/gcc/avr/4.6.2/../../../../avr/lib/avr5\libm.a(fp_pscB.o)
 .text          0x0000289c        0x0 c:/program files (x86)/atmel/atmel studio 6.0/extensions/atmel/avrgcc/3.4.0.65/avrtoolchain/bin/../lib/gcc/avr/4.6.2/../../../../avr/lib/avr5\libm.a(fp_round.o)
 .text          0x0000289c        0x0 c:/program files (x86)/atmel/atmel studio 6.0/extensions/atmel/avrgcc/3.4.0.65/avrtoolchain/bin/../lib/gcc/avr/4.6.2/../../../../avr/lib/avr5\libm.a(fp_split3.o)
 .text          0x0000289c        0x0 c:/program files (x86)/atmel/atmel studio 6.0/extensions/atmel/avrgcc/3.4.0.65/avrtoolchain/bin/../lib/gcc/avr/4.6.2/../../../../avr/lib/avr5\libm.a(fp_zero.o)
 .text          0x0000289c        0x0 c:/program files (x86)/atmel/atmel studio 6.0/extensions/atmel/avrgcc/3.4.0.65/avrtoolchain/bin/../lib/gcc/avr/4.6.2/../../../../avr/lib/avr5\libm.a(gesf2.o)
 .text          0x0000289c        0x0 c:/program files (x86)/atmel/atmel studio 6.0/extensions/atmel/avrgcc/3.4.0.65/avrtoolchain/bin/../lib/gcc/avr/4.6.2/../../../../avr/lib/avr5\libm.a(mulsf3.o)
 .text          0x0000289c        0x0 c:/program files (x86)/atmel/atmel studio 6.0/extensions/atmel/avrgcc/3.4.0.65/avrtoolchain/bin/../lib/gcc/avr/4.6.2/../../../../avr/lib/avr5\libm.a(mulsf3x.o)
 .text          0x0000289c        0x0 c:/program files (x86)/atmel/atmel studio 6.0/extensions/atmel/avrgcc/3.4.0.65/avrtoolchain/bin/../lib/gcc/avr/4.6.2/avr5\libgcc.a(_mulsi3.o)
 .text          0x0000289c        0x0 c:/program files (x86)/atmel/atmel studio 6.0/extensions/atmel/avrgcc/3.4.0.65/avrtoolchain/bin/../lib/gcc/avr/4.6.2/avr5\libgcc.a(_udivmodsi4.o)
 .text          0x0000289c        0x0 c:/program files (x86)/atmel/atmel studio 6.0/extensions/atmel/avrgcc/3.4.0.65/avrtoolchain/bin/../lib/gcc/avr/4.6.2/avr5\libgcc.a(_exit.o)
 .text          0x0000289c        0x0 c:/program files (x86)/atmel/atmel studio 6.0/extensions/atmel/avrgcc/3.4.0.65/avrtoolchain/bin/../lib/gcc/avr/4.6.2/avr5\libgcc.a(_copy_data.o)
 .text          0x0000289c        0x0 c:/program files (x86)/atmel/atmel studio 6.0/extensions/atmel/avrgcc/3.4.0.65/avrtoolchain/bin/../lib/gcc/avr/4.6.2/avr5\libgcc.a(_clear_bss.o)
                0x0000289c                . = ALIGN (0x2)
 *(.text.*)
 .text.avr-libc.fplib
                0x0000289c        0xa c:/program files (x86)/atmel/atmel studio 6.0/extensions/atmel/avrgcc/3.4.0.65/avrtoolchain/bin/../lib/gcc/avr/4.6.2/../../../../avr/lib/avr5\libm.a(addsf3.o)
                0x0000289c                __subsf3
                0x0000289e                __addsf3
 .text.avr-libc.fplib
                0x000028a6       0xc0 c:/program files (x86)/atmel/atmel studio 6.0/extensions/atmel/avrgcc/3.4.0.65/avrtoolchain/bin/../lib/gcc/avr/4.6.2/../../../../avr/lib/avr5\libm.a(addsf3x.o)
                0x000028c0                __addsf3x
 .text.avr-libc.fplib
                0x00002966        0x8 c:/program files (x86)/atmel/atmel studio 6.0/extensions/atmel/avrgcc/3.4.0.65/avrtoolchain/bin/../lib/gcc/avr/4.6.2/../../../../avr/lib/avr5\libm.a(cmpsf2.o)
                0x00002966                __nesf2
                0x00002966                __eqsf2
                0x00002966                __cmpsf2
                0x00002966                __ltsf2
                0x00002966                __lesf2
 .text.avr-libc.fplib
                0x0000296e        0x4 c:/program files (x86)/atmel/atmel studio 6.0/extensions/atmel/avrgcc/3.4.0.65/avrtoolchain/bin/../lib/gcc/avr/4.6.2/../../../../avr/lib/avr5\libm.a(divsf3.o)
                0x0000296e                __divsf3
 .text.avr-libc.fplib
                0x00002972       0xcc c:/program files (x86)/atmel/atmel studio 6.0/extensions/atmel/avrgcc/3.4.0.65/avrtoolchain/bin/../lib/gcc/avr/4.6.2/../../../../avr/lib/avr5\libm.a(divsf3x.o)
                0x00002988                __divsf3x
                0x0000298c                __divsf3_pse
 .text.avr-libc.fplib
                0x00002a3e       0x58 c:/program files (x86)/atmel/atmel studio 6.0/extensions/atmel/avrgcc/3.4.0.65/avrtoolchain/bin/../lib/gcc/avr/4.6.2/../../../../avr/lib/avr5\libm.a(fixunssfsi.o)
                0x00002a3e                __fixunssfsi
 .text.avr-libc.fplib
                0x00002a96       0x7a c:/program files (x86)/atmel/atmel studio 6.0/extensions/atmel/avrgcc/3.4.0.65/avrtoolchain/bin/../lib/gcc/avr/4.6.2/../../../../avr/lib/avr5\libm.a(floatsisf.o)
                0x00002a96                __floatunsisf
                0x00002a9a                __floatsisf
 .text.avr-libc.fplib
                0x00002b10       0x7c c:/program files (x86)/atmel/atmel studio 6.0/extensions/atmel/avrgcc/3.4.0.65/avrtoolchain/bin/../lib/gcc/avr/4.6.2/../../../../avr/lib/avr5\libm.a(floatundisf.o)
                0x00002b10                __floatundisf
                0x00002b12                __fp_di2sf
 .text.avr-libc.fplib
                0x00002b8c       0x48 c:/program files (x86)/atmel/atmel studio 6.0/extensions/atmel/avrgcc/3.4.0.65/avrtoolchain/bin/../lib/gcc/avr/4.6.2/../../../../avr/lib/avr5\libm.a(fp_cmp.o)
                0x00002b8c                __fp_cmp
 .text.avr-libc.fplib
                0x00002bd4        0xc c:/program files (x86)/atmel/atmel studio 6.0/extensions/atmel/avrgcc/3.4.0.65/avrtoolchain/bin/../lib/gcc/avr/4.6.2/../../../../avr/lib/avr5\libm.a(fp_inf.o)
                0x00002bd4                __fp_inf
 .text.avr-libc.fplib
                0x00002be0        0x6 c:/program files (x86)/atmel/atmel studio 6.0/extensions/atmel/avrgcc/3.4.0.65/avrtoolchain/bin/../lib/gcc/avr/4.6.2/../../../../avr/lib/avr5\libm.a(fp_nan.o)
                0x00002be0                __fp_nan
 .text.avr-libc.fplib
                0x00002be6        0xe c:/program files (x86)/atmel/atmel studio 6.0/extensions/atmel/avrgcc/3.4.0.65/avrtoolchain/bin/../lib/gcc/avr/4.6.2/../../../../avr/lib/avr5\libm.a(fp_pscA.o)
                0x00002be6                __fp_pscA
 .text.avr-libc.fplib
                0x00002bf4        0xe c:/program files (x86)/atmel/atmel studio 6.0/extensions/atmel/avrgcc/3.4.0.65/avrtoolchain/bin/../lib/gcc/avr/4.6.2/../../../../avr/lib/avr5\libm.a(fp_pscB.o)
                0x00002bf4                __fp_pscB
 .text.avr-libc.fplib
                0x00002c02       0x22 c:/program files (x86)/atmel/atmel studio 6.0/extensions/atmel/avrgcc/3.4.0.65/avrtoolchain/bin/../lib/gcc/avr/4.6.2/../../../../avr/lib/avr5\libm.a(fp_round.o)
                0x00002c02                __fp_round
 .text.avr-libc.fplib
                0x00002c24       0x44 c:/program files (x86)/atmel/atmel studio 6.0/extensions/atmel/avrgcc/3.4.0.65/avrtoolchain/bin/../lib/gcc/avr/4.6.2/../../../../avr/lib/avr5\libm.a(fp_split3.o)
                0x00002c24                __fp_split3
                0x00002c34                __fp_splitA
 .text.avr-libc.fplib
                0x00002c68        0xe c:/program files (x86)/atmel/atmel studio 6.0/extensions/atmel/avrgcc/3.4.0.65/avrtoolchain/bin/../lib/gcc/avr/4.6.2/../../../../avr/lib/avr5\libm.a(fp_zero.o)
                0x00002c68                __fp_zero
                0x00002c6a                __fp_szero
 .text.avr-libc.fplib
                0x00002c76        0x8 c:/program files (x86)/atmel/atmel studio 6.0/extensions/atmel/avrgcc/3.4.0.65/avrtoolchain/bin/../lib/gcc/avr/4.6.2/../../../../avr/lib/avr5\libm.a(gesf2.o)
                0x00002c76                __gesf2
                0x00002c76                __gtsf2
 .text.avr-libc.fplib
                0x00002c7e        0x4 c:/program files (x86)/atmel/atmel studio 6.0/extensions/atmel/avrgcc/3.4.0.65/avrtoolchain/bin/../lib/gcc/avr/4.6.2/../../../../avr/lib/avr5\libm.a(mulsf3.o)
                0x00002c7e                __mulsf3
 .text.avr-libc.fplib
                0x00002c82       0xc2 c:/program files (x86)/atmel/atmel studio 6.0/extensions/atmel/avrgcc/3.4.0.65/avrtoolchain/bin/../lib/gcc/avr/4.6.2/../../../../avr/lib/avr5\libm.a(mulsf3x.o)
                0x00002c96                __mulsf3x
                0x00002c9a                __mulsf3_pse
 .text.libgcc   0x00002d44       0x3e c:/program files (x86)/atmel/atmel studio 6.0/extensions/atmel/avrgcc/3.4.0.65/avrtoolchain/bin/../lib/gcc/avr/4.6.2/avr5\libgcc.a(_mulsi3.o)
                0x00002d44                __mulsi3
 .text.libgcc   0x00002d82       0x44 c:/program files (x86)/atmel/atmel studio 6.0/extensions/atmel/avrgcc/3.4.0.65/avrtoolchain/bin/../lib/gcc/avr/4.6.2/avr5\libgcc.a(_udivmodsi4.o)
                0x00002d82                __udivmodsi4
 .text.libgcc   0x00002dc6        0x0 c:/program files (x86)/atmel/atmel studio 6.0/extensions/atmel/avrgcc/3.4.0.65/avrtoolchain/bin/../lib/gcc/avr/4.6.2/avr5\libgcc.a(_exit.o)
 .text.libgcc   0x00002dc6        0x0 c:/program files (x86)/atmel/atmel studio 6.0/extensions/atmel/avrgcc/3.4.0.65/avrtoolchain/bin/../lib/gcc/avr/4.6.2/avr5\libgcc.a(_copy_data.o)
 .text.libgcc   0x00002dc6        0x0 c:/program files (x86)/atmel/atmel studio 6.0/extensions/atmel/avrgcc/3.4.0.65/avrtoolchain/bin/../lib/gcc/avr/4.6.2/avr5\libgcc.a(_clear_bss.o)
                0x00002dc6                . = ALIGN (0x2)
 *(.fini9)
 .fini9         0x00002dc6        0x0 c:/program files (x86)/atmel/atmel studio 6.0/extensions/atmel/avrgcc/3.4.0.65/avrtoolchain/bin/../lib/gcc/avr/4.6.2/avr5\libgcc.a(_exit.o)
                0x00002dc6                _exit
                0x00002dc6                exit
 *(.fini9)
 *(.fini8)
 *(.fini8)
 *(.fini7)
 *(.fini7)
 *(.fini6)
 *(.fini6)
 *(.fini5)
 *(.fini5)
 *(.fini4)
 *(.fini4)
 *(.fini3)
 *(.fini3)
 *(.fini2)
 *(.fini2)
 *(.fini1)
 *(.fini1)
 *(.fini0)
 .fini0         0x00002dc6        0x4 c:/program files (x86)/atmel/atmel studio 6.0/extensions/atmel/avrgcc/3.4.0.65/avrtoolchain/bin/../lib/gcc/avr/4.6.2/avr5\libgcc.a(_exit.o)
 *(.fini0)
                0x00002dca                _etext = .

.data           0x00800060       0x68 load address 0x00002dca
                0x00800060                PROVIDE (__data_start, .)
 *(.data)
 .data          0x00800060        0x0 c:/program files (x86)/atmel/atmel studio 6.0/extensions/atmel/avrgcc/3.4.0.65/avrtoolchain/bin/../lib/gcc/avr/4.6.2/../../../../avr/lib/avr5/crtm32.o
 .data          0x00800060        0x0 APP/CRASH/src/CRASH.o
 .data          0x00800060        0x8 APP/CRASH/src/CRASH_Lcfg.o
                0x00800060                gd64_LowerDistanceLimit
                0x00800064                gd64_UpperDistanceLimit
 .data          0x00800068       0x25 APP/MONITORING/src/MONITORING.o
 .data          0x0080008d        0x0 APP/MONITORING/src/MONITORING_Interface.o
 .data          0x0080008d        0x0 APP/SENSING/scr/SENSING.o
 .data          0x0080008d        0x0 APP/SENSING/scr/SENSING_Interface.o
 .data          0x0080008d        0x0 APP/STEERING/src/STEERING.o
 .data          0x0080008d        0x0 APP/STEERING/src/STEERING_Interface.o
 .data          0x0080008d        0x3 HAL/LCD/src/LCD.o
 .data          0x00800090        0x8 HAL/LCD/src/LCD_Lcfg.o
                0x00800090                gastr_LCD_Config
 .data          0x00800098        0x0 HAL/MOTOR/src/MOTOR.o
 .data          0x00800098        0x8 HAL/MOTOR/src/MOTOR_Lcfg.o
                0x00800098                gastr_Motor_Config
 .data          0x008000a0        0x0 HAL/USONIC/src/USONIC.o
 .data          0x008000a0        0x6 HAL/USONIC/src/USONIC_Lcfg.o
                0x008000a0                gu32_USONIC_SystemFreq
                0x008000a4                gastr_USONIC_Config
 .data          0x008000a6        0x0 LIB/UTILS.o
 .data          0x008000a6        0x0 main.o
 .data          0x008000a6        0x0 MCAL/DIO/src/DIO.o
 .data          0x008000a6        0x0 MCAL/GLOBAL_Interrupt/src/GLOBAL_Interrupt.o
 .data          0x008000a6        0x0 MCAL/ICU/src/ICU.o
 .data          0x008000a6        0x4 MCAL/ICU/src/ICU_Lcfg.o
                0x008000a6                gastr_ICUConfig
 .data          0x008000aa        0x0 MCAL/PWM/src/PWM.o
 .data          0x008000aa        0xc MCAL/PWM/src/PWM_Lcfg.o
                0x008000aa                gastr_PWMConfig
 .data          0x008000b6        0x0 MCAL/TIMER/src/TIMER.o
 .data          0x008000b6        0x9 MCAL/TIMER/src/TIMER_Lcfg.o
                0x008000b6                gastr_Timer_Config
 .data          0x008000bf        0x0 OS/src/OS.o
 .data          0x008000bf        0x0 OS/src/OS_Interface.o
 .data          0x008000bf        0x8 OS/src/OS_Lcfg.o
                0x008000bf                gstr_OS_SchedulerCfg
 .data          0x008000c7        0x0 c:/program files (x86)/atmel/atmel studio 6.0/extensions/atmel/avrgcc/3.4.0.65/avrtoolchain/bin/../lib/gcc/avr/4.6.2/../../../../avr/lib/avr5\libm.a(addsf3.o)
 .data          0x008000c7        0x0 c:/program files (x86)/atmel/atmel studio 6.0/extensions/atmel/avrgcc/3.4.0.65/avrtoolchain/bin/../lib/gcc/avr/4.6.2/../../../../avr/lib/avr5\libm.a(addsf3x.o)
 .data          0x008000c7        0x0 c:/program files (x86)/atmel/atmel studio 6.0/extensions/atmel/avrgcc/3.4.0.65/avrtoolchain/bin/../lib/gcc/avr/4.6.2/../../../../avr/lib/avr5\libm.a(cmpsf2.o)
 .data          0x008000c7        0x0 c:/program files (x86)/atmel/atmel studio 6.0/extensions/atmel/avrgcc/3.4.0.65/avrtoolchain/bin/../lib/gcc/avr/4.6.2/../../../../avr/lib/avr5\libm.a(divsf3.o)
 .data          0x008000c7        0x0 c:/program files (x86)/atmel/atmel studio 6.0/extensions/atmel/avrgcc/3.4.0.65/avrtoolchain/bin/../lib/gcc/avr/4.6.2/../../../../avr/lib/avr5\libm.a(divsf3x.o)
 .data          0x008000c7        0x0 c:/program files (x86)/atmel/atmel studio 6.0/extensions/atmel/avrgcc/3.4.0.65/avrtoolchain/bin/../lib/gcc/avr/4.6.2/../../../../avr/lib/avr5\libm.a(fixunssfsi.o)
 .data          0x008000c7        0x0 c:/program files (x86)/atmel/atmel studio 6.0/extensions/atmel/avrgcc/3.4.0.65/avrtoolchain/bin/../lib/gcc/avr/4.6.2/../../../../avr/lib/avr5\libm.a(floatsisf.o)
 .data          0x008000c7        0x0 c:/program files (x86)/atmel/atmel studio 6.0/extensions/atmel/avrgcc/3.4.0.65/avrtoolchain/bin/../lib/gcc/avr/4.6.2/../../../../avr/lib/avr5\libm.a(floatundisf.o)
 .data          0x008000c7        0x0 c:/program files (x86)/atmel/atmel studio 6.0/extensions/atmel/avrgcc/3.4.0.65/avrtoolchain/bin/../lib/gcc/avr/4.6.2/../../../../avr/lib/avr5\libm.a(fp_cmp.o)
 .data          0x008000c7        0x0 c:/program files (x86)/atmel/atmel studio 6.0/extensions/atmel/avrgcc/3.4.0.65/avrtoolchain/bin/../lib/gcc/avr/4.6.2/../../../../avr/lib/avr5\libm.a(fp_inf.o)
 .data          0x008000c7        0x0 c:/program files (x86)/atmel/atmel studio 6.0/extensions/atmel/avrgcc/3.4.0.65/avrtoolchain/bin/../lib/gcc/avr/4.6.2/../../../../avr/lib/avr5\libm.a(fp_nan.o)
 .data          0x008000c7        0x0 c:/program files (x86)/atmel/atmel studio 6.0/extensions/atmel/avrgcc/3.4.0.65/avrtoolchain/bin/../lib/gcc/avr/4.6.2/../../../../avr/lib/avr5\libm.a(fp_pscA.o)
 .data          0x008000c7        0x0 c:/program files (x86)/atmel/atmel studio 6.0/extensions/atmel/avrgcc/3.4.0.65/avrtoolchain/bin/../lib/gcc/avr/4.6.2/../../../../avr/lib/avr5\libm.a(fp_pscB.o)
 .data          0x008000c7        0x0 c:/program files (x86)/atmel/atmel studio 6.0/extensions/atmel/avrgcc/3.4.0.65/avrtoolchain/bin/../lib/gcc/avr/4.6.2/../../../../avr/lib/avr5\libm.a(fp_round.o)
 .data          0x008000c7        0x0 c:/program files (x86)/atmel/atmel studio 6.0/extensions/atmel/avrgcc/3.4.0.65/avrtoolchain/bin/../lib/gcc/avr/4.6.2/../../../../avr/lib/avr5\libm.a(fp_split3.o)
 .data          0x008000c7        0x0 c:/program files (x86)/atmel/atmel studio 6.0/extensions/atmel/avrgcc/3.4.0.65/avrtoolchain/bin/../lib/gcc/avr/4.6.2/../../../../avr/lib/avr5\libm.a(fp_zero.o)
 .data          0x008000c7        0x0 c:/program files (x86)/atmel/atmel studio 6.0/extensions/atmel/avrgcc/3.4.0.65/avrtoolchain/bin/../lib/gcc/avr/4.6.2/../../../../avr/lib/avr5\libm.a(gesf2.o)
 .data          0x008000c7        0x0 c:/program files (x86)/atmel/atmel studio 6.0/extensions/atmel/avrgcc/3.4.0.65/avrtoolchain/bin/../lib/gcc/avr/4.6.2/../../../../avr/lib/avr5\libm.a(mulsf3.o)
 .data          0x008000c7        0x0 c:/program files (x86)/atmel/atmel studio 6.0/extensions/atmel/avrgcc/3.4.0.65/avrtoolchain/bin/../lib/gcc/avr/4.6.2/../../../../avr/lib/avr5\libm.a(mulsf3x.o)
 .data          0x008000c7        0x0 c:/program files (x86)/atmel/atmel studio 6.0/extensions/atmel/avrgcc/3.4.0.65/avrtoolchain/bin/../lib/gcc/avr/4.6.2/avr5\libgcc.a(_mulsi3.o)
 .data          0x008000c7        0x0 c:/program files (x86)/atmel/atmel studio 6.0/extensions/atmel/avrgcc/3.4.0.65/avrtoolchain/bin/../lib/gcc/avr/4.6.2/avr5\libgcc.a(_udivmodsi4.o)
 .data          0x008000c7        0x0 c:/program files (x86)/atmel/atmel studio 6.0/extensions/atmel/avrgcc/3.4.0.65/avrtoolchain/bin/../lib/gcc/avr/4.6.2/avr5\libgcc.a(_exit.o)
 .data          0x008000c7        0x0 c:/program files (x86)/atmel/atmel studio 6.0/extensions/atmel/avrgcc/3.4.0.65/avrtoolchain/bin/../lib/gcc/avr/4.6.2/avr5\libgcc.a(_copy_data.o)
 .data          0x008000c7        0x0 c:/program files (x86)/atmel/atmel studio 6.0/extensions/atmel/avrgcc/3.4.0.65/avrtoolchain/bin/../lib/gcc/avr/4.6.2/avr5\libgcc.a(_clear_bss.o)
 *(.data*)
 *(.rodata)
 *(.rodata*)
 *(.gnu.linkonce.d*)
                0x008000c8                . = ALIGN (0x2)
 *fill*         0x008000c7        0x1 00
                0x008000c8                _edata = .
                0x008000c8                PROVIDE (__data_end, .)

.bss            0x008000c8       0x8d
                0x008000c8                PROVIDE (__bss_start, .)
 *(.bss)
 .bss           0x008000c8        0x0 c:/program files (x86)/atmel/atmel studio 6.0/extensions/atmel/avrgcc/3.4.0.65/avrtoolchain/bin/../lib/gcc/avr/4.6.2/../../../../avr/lib/avr5/crtm32.o
 .bss           0x008000c8        0x9 APP/CRASH/src/CRASH.o
 .bss           0x008000d1        0x0 APP/CRASH/src/CRASH_Lcfg.o
 .bss           0x008000d1       0x1a APP/MONITORING/src/MONITORING.o
 .bss           0x008000eb        0x2 APP/MONITORING/src/MONITORING_Interface.o
 .bss           0x008000ed        0x1 APP/SENSING/scr/SENSING.o
 .bss           0x008000ee        0x4 APP/SENSING/scr/SENSING_Interface.o
 .bss           0x008000f2        0x4 APP/STEERING/src/STEERING.o
 .bss           0x008000f6        0x3 APP/STEERING/src/STEERING_Interface.o
 .bss           0x008000f9        0x1 HAL/LCD/src/LCD.o
 .bss           0x008000fa        0x0 HAL/LCD/src/LCD_Lcfg.o
 .bss           0x008000fa        0x2 HAL/MOTOR/src/MOTOR.o
 .bss           0x008000fc        0x0 HAL/MOTOR/src/MOTOR_Lcfg.o
 .bss           0x008000fc       0x13 HAL/USONIC/src/USONIC.o
                0x008000fc                TimeOnValue
                0x00800100                gu16_OverflowCounter
 .bss           0x0080010f        0x0 HAL/USONIC/src/USONIC_Lcfg.o
 .bss           0x0080010f        0x0 LIB/UTILS.o
 .bss           0x0080010f        0x0 main.o
 .bss           0x0080010f        0x0 MCAL/DIO/src/DIO.o
 .bss           0x0080010f        0x0 MCAL/GLOBAL_Interrupt/src/GLOBAL_Interrupt.o
 .bss           0x0080010f        0x8 MCAL/ICU/src/ICU.o
 .bss           0x00800117        0x0 MCAL/ICU/src/ICU_Lcfg.o
 .bss           0x00800117        0x0 MCAL/PWM/src/PWM.o
 .bss           0x00800117        0x0 MCAL/PWM/src/PWM_Lcfg.o
 .bss           0x00800117        0x9 MCAL/TIMER/src/TIMER.o
 .bss           0x00800120        0x0 MCAL/TIMER/src/TIMER_Lcfg.o
 .bss           0x00800120        0xa OS/src/OS.o
                0x00800120                gpstr_Task
 .bss           0x0080012a       0x25 OS/src/OS_Interface.o
                0x0080012a                gu8_OS_ReadyTasksCounter
 .bss           0x0080014f        0x0 OS/src/OS_Lcfg.o
 .bss           0x0080014f        0x0 c:/program files (x86)/atmel/atmel studio 6.0/extensions/atmel/avrgcc/3.4.0.65/avrtoolchain/bin/../lib/gcc/avr/4.6.2/../../../../avr/lib/avr5\libm.a(addsf3.o)
 .bss           0x0080014f        0x0 c:/program files (x86)/atmel/atmel studio 6.0/extensions/atmel/avrgcc/3.4.0.65/avrtoolchain/bin/../lib/gcc/avr/4.6.2/../../../../avr/lib/avr5\libm.a(addsf3x.o)
 .bss           0x0080014f        0x0 c:/program files (x86)/atmel/atmel studio 6.0/extensions/atmel/avrgcc/3.4.0.65/avrtoolchain/bin/../lib/gcc/avr/4.6.2/../../../../avr/lib/avr5\libm.a(cmpsf2.o)
 .bss           0x0080014f        0x0 c:/program files (x86)/atmel/atmel studio 6.0/extensions/atmel/avrgcc/3.4.0.65/avrtoolchain/bin/../lib/gcc/avr/4.6.2/../../../../avr/lib/avr5\libm.a(divsf3.o)
 .bss           0x0080014f        0x0 c:/program files (x86)/atmel/atmel studio 6.0/extensions/atmel/avrgcc/3.4.0.65/avrtoolchain/bin/../lib/gcc/avr/4.6.2/../../../../avr/lib/avr5\libm.a(divsf3x.o)
 .bss           0x0080014f        0x0 c:/program files (x86)/atmel/atmel studio 6.0/extensions/atmel/avrgcc/3.4.0.65/avrtoolchain/bin/../lib/gcc/avr/4.6.2/../../../../avr/lib/avr5\libm.a(fixunssfsi.o)
 .bss           0x0080014f        0x0 c:/program files (x86)/atmel/atmel studio 6.0/extensions/atmel/avrgcc/3.4.0.65/avrtoolchain/bin/../lib/gcc/avr/4.6.2/../../../../avr/lib/avr5\libm.a(floatsisf.o)
 .bss           0x0080014f        0x0 c:/program files (x86)/atmel/atmel studio 6.0/extensions/atmel/avrgcc/3.4.0.65/avrtoolchain/bin/../lib/gcc/avr/4.6.2/../../../../avr/lib/avr5\libm.a(floatundisf.o)
 .bss           0x0080014f        0x0 c:/program files (x86)/atmel/atmel studio 6.0/extensions/atmel/avrgcc/3.4.0.65/avrtoolchain/bin/../lib/gcc/avr/4.6.2/../../../../avr/lib/avr5\libm.a(fp_cmp.o)
 .bss           0x0080014f        0x0 c:/program files (x86)/atmel/atmel studio 6.0/extensions/atmel/avrgcc/3.4.0.65/avrtoolchain/bin/../lib/gcc/avr/4.6.2/../../../../avr/lib/avr5\libm.a(fp_inf.o)
 .bss           0x0080014f        0x0 c:/program files (x86)/atmel/atmel studio 6.0/extensions/atmel/avrgcc/3.4.0.65/avrtoolchain/bin/../lib/gcc/avr/4.6.2/../../../../avr/lib/avr5\libm.a(fp_nan.o)
 .bss           0x0080014f        0x0 c:/program files (x86)/atmel/atmel studio 6.0/extensions/atmel/avrgcc/3.4.0.65/avrtoolchain/bin/../lib/gcc/avr/4.6.2/../../../../avr/lib/avr5\libm.a(fp_pscA.o)
 .bss           0x0080014f        0x0 c:/program files (x86)/atmel/atmel studio 6.0/extensions/atmel/avrgcc/3.4.0.65/avrtoolchain/bin/../lib/gcc/avr/4.6.2/../../../../avr/lib/avr5\libm.a(fp_pscB.o)
 .bss           0x0080014f        0x0 c:/program files (x86)/atmel/atmel studio 6.0/extensions/atmel/avrgcc/3.4.0.65/avrtoolchain/bin/../lib/gcc/avr/4.6.2/../../../../avr/lib/avr5\libm.a(fp_round.o)
 .bss           0x0080014f        0x0 c:/program files (x86)/atmel/atmel studio 6.0/extensions/atmel/avrgcc/3.4.0.65/avrtoolchain/bin/../lib/gcc/avr/4.6.2/../../../../avr/lib/avr5\libm.a(fp_split3.o)
 .bss           0x0080014f        0x0 c:/program files (x86)/atmel/atmel studio 6.0/extensions/atmel/avrgcc/3.4.0.65/avrtoolchain/bin/../lib/gcc/avr/4.6.2/../../../../avr/lib/avr5\libm.a(fp_zero.o)
 .bss           0x0080014f        0x0 c:/program files (x86)/atmel/atmel studio 6.0/extensions/atmel/avrgcc/3.4.0.65/avrtoolchain/bin/../lib/gcc/avr/4.6.2/../../../../avr/lib/avr5\libm.a(gesf2.o)
 .bss           0x0080014f        0x0 c:/program files (x86)/atmel/atmel studio 6.0/extensions/atmel/avrgcc/3.4.0.65/avrtoolchain/bin/../lib/gcc/avr/4.6.2/../../../../avr/lib/avr5\libm.a(mulsf3.o)
 .bss           0x0080014f        0x0 c:/program files (x86)/atmel/atmel studio 6.0/extensions/atmel/avrgcc/3.4.0.65/avrtoolchain/bin/../lib/gcc/avr/4.6.2/../../../../avr/lib/avr5\libm.a(mulsf3x.o)
 .bss           0x0080014f        0x0 c:/program files (x86)/atmel/atmel studio 6.0/extensions/atmel/avrgcc/3.4.0.65/avrtoolchain/bin/../lib/gcc/avr/4.6.2/avr5\libgcc.a(_mulsi3.o)
 .bss           0x0080014f        0x0 c:/program files (x86)/atmel/atmel studio 6.0/extensions/atmel/avrgcc/3.4.0.65/avrtoolchain/bin/../lib/gcc/avr/4.6.2/avr5\libgcc.a(_udivmodsi4.o)
 .bss           0x0080014f        0x0 c:/program files (x86)/atmel/atmel studio 6.0/extensions/atmel/avrgcc/3.4.0.65/avrtoolchain/bin/../lib/gcc/avr/4.6.2/avr5\libgcc.a(_exit.o)
 .bss           0x0080014f        0x0 c:/program files (x86)/atmel/atmel studio 6.0/extensions/atmel/avrgcc/3.4.0.65/avrtoolchain/bin/../lib/gcc/avr/4.6.2/avr5\libgcc.a(_copy_data.o)
 .bss           0x0080014f        0x0 c:/program files (x86)/atmel/atmel studio 6.0/extensions/atmel/avrgcc/3.4.0.65/avrtoolchain/bin/../lib/gcc/avr/4.6.2/avr5\libgcc.a(_clear_bss.o)
 *(.bss*)
 *(COMMON)
 COMMON         0x0080014f        0x6 main.o
                0x0080014f                SensingTaskHandler
                0x00800151                SteeringTaskHandler
                0x00800153                CrashingTaskHandler
                0x00800155                PROVIDE (__bss_end, .)
                0x00002dca                __data_load_start = LOADADDR (.data)
                0x00002e32                __data_load_end = (__data_load_start + SIZEOF (.data))

.noinit         0x00800155        0x0
                0x00800155                PROVIDE (__noinit_start, .)
 *(.noinit*)
                0x00800155                PROVIDE (__noinit_end, .)
                0x00800155                _end = .
                0x00800155                PROVIDE (__heap_start, .)

.eeprom         0x00810000        0x0
 *(.eeprom*)
                0x00810000                __eeprom_end = .

.fuse
 *(.fuse)
 *(.lfuse)
 *(.hfuse)
 *(.efuse)

.lock
 *(.lock*)

.signature
 *(.signature*)

.stab           0x00000000     0x2700
 *(.stab)
 .stab          0x00000000      0x6cc c:/program files (x86)/atmel/atmel studio 6.0/extensions/atmel/avrgcc/3.4.0.65/avrtoolchain/bin/../lib/gcc/avr/4.6.2/../../../../avr/lib/avr5/crtm32.o
 .stab          0x000006cc       0x78 c:/program files (x86)/atmel/atmel studio 6.0/extensions/atmel/avrgcc/3.4.0.65/avrtoolchain/bin/../lib/gcc/avr/4.6.2/../../../../avr/lib/avr5\libm.a(addsf3.o)
                                 0x84 (size before relaxing)
 .stab          0x00000744      0x4bc c:/program files (x86)/atmel/atmel studio 6.0/extensions/atmel/avrgcc/3.4.0.65/avrtoolchain/bin/../lib/gcc/avr/4.6.2/../../../../avr/lib/avr5\libm.a(addsf3x.o)
                                0x4c8 (size before relaxing)
 .stab          0x00000c00       0x90 c:/program files (x86)/atmel/atmel studio 6.0/extensions/atmel/avrgcc/3.4.0.65/avrtoolchain/bin/../lib/gcc/avr/4.6.2/../../../../avr/lib/avr5\libm.a(cmpsf2.o)
                                 0x9c (size before relaxing)
 .stab          0x00000c90       0x48 c:/program files (x86)/atmel/atmel studio 6.0/extensions/atmel/avrgcc/3.4.0.65/avrtoolchain/bin/../lib/gcc/avr/4.6.2/../../../../avr/lib/avr5\libm.a(divsf3.o)
                                 0x54 (size before relaxing)
 .stab          0x00000cd8      0x510 c:/program files (x86)/atmel/atmel studio 6.0/extensions/atmel/avrgcc/3.4.0.65/avrtoolchain/bin/../lib/gcc/avr/4.6.2/../../../../avr/lib/avr5\libm.a(divsf3x.o)
                                0x51c (size before relaxing)
 .stab          0x000011e8      0x240 c:/program files (x86)/atmel/atmel studio 6.0/extensions/atmel/avrgcc/3.4.0.65/avrtoolchain/bin/../lib/gcc/avr/4.6.2/../../../../avr/lib/avr5\libm.a(fixunssfsi.o)
                                0x24c (size before relaxing)
 .stab          0x00001428      0x318 c:/program files (x86)/atmel/atmel studio 6.0/extensions/atmel/avrgcc/3.4.0.65/avrtoolchain/bin/../lib/gcc/avr/4.6.2/../../../../avr/lib/avr5\libm.a(floatsisf.o)
                                0x324 (size before relaxing)
 .stab          0x00001740      0x324 c:/program files (x86)/atmel/atmel studio 6.0/extensions/atmel/avrgcc/3.4.0.65/avrtoolchain/bin/../lib/gcc/avr/4.6.2/../../../../avr/lib/avr5\libm.a(floatundisf.o)
                                0x330 (size before relaxing)
 .stab          0x00001a64      0x1e0 c:/program files (x86)/atmel/atmel studio 6.0/extensions/atmel/avrgcc/3.4.0.65/avrtoolchain/bin/../lib/gcc/avr/4.6.2/../../../../avr/lib/avr5\libm.a(fp_cmp.o)
                                0x1ec (size before relaxing)
 .stab          0x00001c44       0x78 c:/program files (x86)/atmel/atmel studio 6.0/extensions/atmel/avrgcc/3.4.0.65/avrtoolchain/bin/../lib/gcc/avr/4.6.2/../../../../avr/lib/avr5\libm.a(fp_inf.o)
                                 0x84 (size before relaxing)
 .stab          0x00001cbc       0x54 c:/program files (x86)/atmel/atmel studio 6.0/extensions/atmel/avrgcc/3.4.0.65/avrtoolchain/bin/../lib/gcc/avr/4.6.2/../../../../avr/lib/avr5\libm.a(fp_nan.o)
                                 0x60 (size before relaxing)
 .stab          0x00001d10       0x84 c:/program files (x86)/atmel/atmel studio 6.0/extensions/atmel/avrgcc/3.4.0.65/avrtoolchain/bin/../lib/gcc/avr/4.6.2/../../../../avr/lib/avr5\libm.a(fp_pscA.o)
                                 0x90 (size before relaxing)
 .stab          0x00001d94       0x84 c:/program files (x86)/atmel/atmel studio 6.0/extensions/atmel/avrgcc/3.4.0.65/avrtoolchain/bin/../lib/gcc/avr/4.6.2/../../../../avr/lib/avr5\libm.a(fp_pscB.o)
                                 0x90 (size before relaxing)
 .stab          0x00001e18       0xfc c:/program files (x86)/atmel/atmel studio 6.0/extensions/atmel/avrgcc/3.4.0.65/avrtoolchain/bin/../lib/gcc/avr/4.6.2/../../../../avr/lib/avr5\libm.a(fp_round.o)
                                0x108 (size before relaxing)
 .stab          0x00001f14      0x1d4 c:/program files (x86)/atmel/atmel studio 6.0/extensions/atmel/avrgcc/3.4.0.65/avrtoolchain/bin/../lib/gcc/avr/4.6.2/../../../../avr/lib/avr5\libm.a(fp_split3.o)
                                0x1e0 (size before relaxing)
 .stab          0x000020e8       0x90 c:/program files (x86)/atmel/atmel studio 6.0/extensions/atmel/avrgcc/3.4.0.65/avrtoolchain/bin/../lib/gcc/avr/4.6.2/../../../../avr/lib/avr5\libm.a(fp_zero.o)
                                 0x9c (size before relaxing)
 .stab          0x00002178       0x6c c:/program files (x86)/atmel/atmel studio 6.0/extensions/atmel/avrgcc/3.4.0.65/avrtoolchain/bin/../lib/gcc/avr/4.6.2/../../../../avr/lib/avr5\libm.a(gesf2.o)
                                 0x78 (size before relaxing)
 .stab          0x000021e4       0x48 c:/program files (x86)/atmel/atmel studio 6.0/extensions/atmel/avrgcc/3.4.0.65/avrtoolchain/bin/../lib/gcc/avr/4.6.2/../../../../avr/lib/avr5\libm.a(mulsf3.o)
                                 0x54 (size before relaxing)
 .stab          0x0000222c      0x4d4 c:/program files (x86)/atmel/atmel studio 6.0/extensions/atmel/avrgcc/3.4.0.65/avrtoolchain/bin/../lib/gcc/avr/4.6.2/../../../../avr/lib/avr5\libm.a(mulsf3x.o)
                                0x4e0 (size before relaxing)

.stabstr        0x00000000      0x7ce
 *(.stabstr)
 .stabstr       0x00000000      0x7ce c:/program files (x86)/atmel/atmel studio 6.0/extensions/atmel/avrgcc/3.4.0.65/avrtoolchain/bin/../lib/gcc/avr/4.6.2/../../../../avr/lib/avr5/crtm32.o

.stab.excl
 *(.stab.excl)

.stab.exclstr
 *(.stab.exclstr)

.stab.index
 *(.stab.index)

.stab.indexstr
 *(.stab.indexstr)

.comment
 *(.comment)

.debug
 *(.debug)

.line
 *(.line)

.debug_srcinfo
 *(.debug_srcinfo)

.debug_sfnames
 *(.debug_sfnames)

.debug_aranges  0x00000000      0x300
 *(.debug_aranges)
 .debug_aranges
                0x00000000       0x20 APP/CRASH/src/CRASH.o
 .debug_aranges
                0x00000020       0x20 APP/MONITORING/src/MONITORING.o
 .debug_aranges
                0x00000040       0x20 APP/MONITORING/src/MONITORING_Interface.o
 .debug_aranges
                0x00000060       0x20 APP/SENSING/scr/SENSING.o
 .debug_aranges
                0x00000080       0x20 APP/SENSING/scr/SENSING_Interface.o
 .debug_aranges
                0x000000a0       0x20 APP/STEERING/src/STEERING.o
 .debug_aranges
                0x000000c0       0x20 APP/STEERING/src/STEERING_Interface.o
 .debug_aranges
                0x000000e0       0x20 HAL/LCD/src/LCD.o
 .debug_aranges
                0x00000100       0x20 HAL/MOTOR/src/MOTOR.o
 .debug_aranges
                0x00000120       0x20 HAL/USONIC/src/USONIC.o
 .debug_aranges
                0x00000140       0x20 LIB/UTILS.o
 .debug_aranges
                0x00000160       0x20 main.o
 .debug_aranges
                0x00000180       0x20 MCAL/DIO/src/DIO.o
 .debug_aranges
                0x000001a0       0x20 MCAL/GLOBAL_Interrupt/src/GLOBAL_Interrupt.o
 .debug_aranges
                0x000001c0       0x20 MCAL/ICU/src/ICU.o
 .debug_aranges
                0x000001e0       0x20 MCAL/PWM/src/PWM.o
 .debug_aranges
                0x00000200       0x20 MCAL/TIMER/src/TIMER.o
 .debug_aranges
                0x00000220       0x20 OS/src/OS.o
 .debug_aranges
                0x00000240       0x20 OS/src/OS_Interface.o
 .debug_aranges
                0x00000260       0x20 c:/program files (x86)/atmel/atmel studio 6.0/extensions/atmel/avrgcc/3.4.0.65/avrtoolchain/bin/../lib/gcc/avr/4.6.2/avr5\libgcc.a(_mulsi3.o)
 .debug_aranges
                0x00000280       0x20 c:/program files (x86)/atmel/atmel studio 6.0/extensions/atmel/avrgcc/3.4.0.65/avrtoolchain/bin/../lib/gcc/avr/4.6.2/avr5\libgcc.a(_udivmodsi4.o)
 .debug_aranges
                0x000002a0       0x20 c:/program files (x86)/atmel/atmel studio 6.0/extensions/atmel/avrgcc/3.4.0.65/avrtoolchain/bin/../lib/gcc/avr/4.6.2/avr5\libgcc.a(_exit.o)
 .debug_aranges
                0x000002c0       0x20 c:/program files (x86)/atmel/atmel studio 6.0/extensions/atmel/avrgcc/3.4.0.65/avrtoolchain/bin/../lib/gcc/avr/4.6.2/avr5\libgcc.a(_copy_data.o)
 .debug_aranges
                0x000002e0       0x20 c:/program files (x86)/atmel/atmel studio 6.0/extensions/atmel/avrgcc/3.4.0.65/avrtoolchain/bin/../lib/gcc/avr/4.6.2/avr5\libgcc.a(_clear_bss.o)

.debug_pubnames
 *(.debug_pubnames)

.debug_info     0x00000000     0x3e12
 *(.debug_info)
 .debug_info    0x00000000      0x1b3 APP/CRASH/src/CRASH.o
 .debug_info    0x000001b3       0xa0 APP/CRASH/src/CRASH_Lcfg.o
 .debug_info    0x00000253      0x1f2 APP/MONITORING/src/MONITORING.o
 .debug_info    0x00000445      0x177 APP/MONITORING/src/MONITORING_Interface.o
 .debug_info    0x000005bc      0x111 APP/SENSING/scr/SENSING.o
 .debug_info    0x000006cd      0x12d APP/SENSING/scr/SENSING_Interface.o
 .debug_info    0x000007fa      0x11a APP/STEERING/src/STEERING.o
 .debug_info    0x00000914      0x190 APP/STEERING/src/STEERING_Interface.o
 .debug_info    0x00000aa4      0x36a HAL/LCD/src/LCD.o
 .debug_info    0x00000e0e      0x18f HAL/LCD/src/LCD_Lcfg.o
 .debug_info    0x00000f9d      0x253 HAL/MOTOR/src/MOTOR.o
 .debug_info    0x000011f0      0x157 HAL/MOTOR/src/MOTOR_Lcfg.o
 .debug_info    0x00001347      0x393 HAL/USONIC/src/USONIC.o
 .debug_info    0x000016da      0x15d HAL/USONIC/src/USONIC_Lcfg.o
 .debug_info    0x00001837      0x369 LIB/UTILS.o
 .debug_info    0x00001ba0      0x1d5 main.o
 .debug_info    0x00001d75      0x2c6 MCAL/DIO/src/DIO.o
 .debug_info    0x0000203b       0xb2 MCAL/GLOBAL_Interrupt/src/GLOBAL_Interrupt.o
 .debug_info    0x000020ed      0x5aa MCAL/ICU/src/ICU.o
 .debug_info    0x00002697      0x15f MCAL/ICU/src/ICU_Lcfg.o
 .debug_info    0x000027f6      0x34e MCAL/PWM/src/PWM.o
 .debug_info    0x00002b44      0x181 MCAL/PWM/src/PWM_Lcfg.o
 .debug_info    0x00002cc5      0x491 MCAL/TIMER/src/TIMER.o
 .debug_info    0x00003156       0xe7 MCAL/TIMER/src/TIMER_Lcfg.o
 .debug_info    0x0000323d      0x2df OS/src/OS.o
 .debug_info    0x0000351c      0x3b8 OS/src/OS_Interface.o
 .debug_info    0x000038d4       0xed OS/src/OS_Lcfg.o
 .debug_info    0x000039c1       0xdd c:/program files (x86)/atmel/atmel studio 6.0/extensions/atmel/avrgcc/3.4.0.65/avrtoolchain/bin/../lib/gcc/avr/4.6.2/avr5\libgcc.a(_mulsi3.o)
 .debug_info    0x00003a9e       0xdd c:/program files (x86)/atmel/atmel studio 6.0/extensions/atmel/avrgcc/3.4.0.65/avrtoolchain/bin/../lib/gcc/avr/4.6.2/avr5\libgcc.a(_udivmodsi4.o)
 .debug_info    0x00003b7b       0xdd c:/program files (x86)/atmel/atmel studio 6.0/extensions/atmel/avrgcc/3.4.0.65/avrtoolchain/bin/../lib/gcc/avr/4.6.2/avr5\libgcc.a(_exit.o)
 .debug_info    0x00003c58       0xdd c:/program files (x86)/atmel/atmel studio 6.0/extensions/atmel/avrgcc/3.4.0.65/avrtoolchain/bin/../lib/gcc/avr/4.6.2/avr5\libgcc.a(_copy_data.o)
 .debug_info    0x00003d35       0xdd c:/program files (x86)/atmel/atmel studio 6.0/extensions/atmel/avrgcc/3.4.0.65/avrtoolchain/bin/../lib/gcc/avr/4.6.2/avr5\libgcc.a(_clear_bss.o)
 *(.gnu.linkonce.wi.*)

.debug_abbrev   0x00000000     0x154b
 *(.debug_abbrev)
 .debug_abbrev  0x00000000       0xc1 APP/CRASH/src/CRASH.o
 .debug_abbrev  0x000000c1       0x44 APP/CRASH/src/CRASH_Lcfg.o
 .debug_abbrev  0x00000105       0xa8 APP/MONITORING/src/MONITORING.o
 .debug_abbrev  0x000001ad       0xa0 APP/MONITORING/src/MONITORING_Interface.o
 .debug_abbrev  0x0000024d       0xa0 APP/SENSING/scr/SENSING.o
 .debug_abbrev  0x000002ed       0x99 APP/SENSING/scr/SENSING_Interface.o
 .debug_abbrev  0x00000386       0x93 APP/STEERING/src/STEERING.o
 .debug_abbrev  0x00000419       0xa8 APP/STEERING/src/STEERING_Interface.o
 .debug_abbrev  0x000004c1      0x167 HAL/LCD/src/LCD.o
 .debug_abbrev  0x00000628       0x8c HAL/LCD/src/LCD_Lcfg.o
 .debug_abbrev  0x000006b4      0x102 HAL/MOTOR/src/MOTOR.o
 .debug_abbrev  0x000007b6       0x8c HAL/MOTOR/src/MOTOR_Lcfg.o
 .debug_abbrev  0x00000842      0x123 HAL/USONIC/src/USONIC.o
 .debug_abbrev  0x00000965       0x8c HAL/USONIC/src/USONIC_Lcfg.o
 .debug_abbrev  0x000009f1       0xf0 LIB/UTILS.o
 .debug_abbrev  0x00000ae1       0xb3 main.o
 .debug_abbrev  0x00000b94       0xaa MCAL/DIO/src/DIO.o
 .debug_abbrev  0x00000c3e       0x4a MCAL/GLOBAL_Interrupt/src/GLOBAL_Interrupt.o
 .debug_abbrev  0x00000c88      0x1bc MCAL/ICU/src/ICU.o
 .debug_abbrev  0x00000e44       0x85 MCAL/ICU/src/ICU_Lcfg.o
 .debug_abbrev  0x00000ec9       0xc5 MCAL/PWM/src/PWM.o
 .debug_abbrev  0x00000f8e       0x85 MCAL/PWM/src/PWM_Lcfg.o
 .debug_abbrev  0x00001013      0x163 MCAL/TIMER/src/TIMER.o
 .debug_abbrev  0x00001176       0x74 MCAL/TIMER/src/TIMER_Lcfg.o
 .debug_abbrev  0x000011ea      0x15b OS/src/OS.o
 .debug_abbrev  0x00001345      0x135 OS/src/OS_Interface.o
 .debug_abbrev  0x0000147a       0x6d OS/src/OS_Lcfg.o
 .debug_abbrev  0x000014e7       0x14 c:/program files (x86)/atmel/atmel studio 6.0/extensions/atmel/avrgcc/3.4.0.65/avrtoolchain/bin/../lib/gcc/avr/4.6.2/avr5\libgcc.a(_mulsi3.o)
 .debug_abbrev  0x000014fb       0x14 c:/program files (x86)/atmel/atmel studio 6.0/extensions/atmel/avrgcc/3.4.0.65/avrtoolchain/bin/../lib/gcc/avr/4.6.2/avr5\libgcc.a(_udivmodsi4.o)
 .debug_abbrev  0x0000150f       0x14 c:/program files (x86)/atmel/atmel studio 6.0/extensions/atmel/avrgcc/3.4.0.65/avrtoolchain/bin/../lib/gcc/avr/4.6.2/avr5\libgcc.a(_exit.o)
 .debug_abbrev  0x00001523       0x14 c:/program files (x86)/atmel/atmel studio 6.0/extensions/atmel/avrgcc/3.4.0.65/avrtoolchain/bin/../lib/gcc/avr/4.6.2/avr5\libgcc.a(_copy_data.o)
 .debug_abbrev  0x00001537       0x14 c:/program files (x86)/atmel/atmel studio 6.0/extensions/atmel/avrgcc/3.4.0.65/avrtoolchain/bin/../lib/gcc/avr/4.6.2/avr5\libgcc.a(_clear_bss.o)

.debug_line     0x00000000     0x1735
 *(.debug_line)
 .debug_line    0x00000000       0x74 APP/CRASH/src/CRASH.o
 .debug_line    0x00000074       0x51 APP/CRASH/src/CRASH_Lcfg.o
 .debug_line    0x000000c5      0x116 APP/MONITORING/src/MONITORING.o
 .debug_line    0x000001db       0xa3 APP/MONITORING/src/MONITORING_Interface.o
 .debug_line    0x0000027e       0x6c APP/SENSING/scr/SENSING.o
 .debug_line    0x000002ea       0x71 APP/SENSING/scr/SENSING_Interface.o
 .debug_line    0x0000035b       0x79 APP/STEERING/src/STEERING.o
 .debug_line    0x000003d4       0xb5 APP/STEERING/src/STEERING_Interface.o
 .debug_line    0x00000489      0x1bb HAL/LCD/src/LCD.o
 .debug_line    0x00000644       0x83 HAL/LCD/src/LCD_Lcfg.o
 .debug_line    0x000006c7      0x106 HAL/MOTOR/src/MOTOR.o
 .debug_line    0x000007cd       0x8b HAL/MOTOR/src/MOTOR_Lcfg.o
 .debug_line    0x00000858      0x101 HAL/USONIC/src/USONIC.o
 .debug_line    0x00000959       0x8f HAL/USONIC/src/USONIC_Lcfg.o
 .debug_line    0x000009e8      0x101 LIB/UTILS.o
 .debug_line    0x00000ae9       0x7e main.o
 .debug_line    0x00000b67       0xec MCAL/DIO/src/DIO.o
 .debug_line    0x00000c53       0x77 MCAL/GLOBAL_Interrupt/src/GLOBAL_Interrupt.o
 .debug_line    0x00000cca      0x13e MCAL/ICU/src/ICU.o
 .debug_line    0x00000e08       0x6c MCAL/ICU/src/ICU_Lcfg.o
 .debug_line    0x00000e74       0xdf MCAL/PWM/src/PWM.o
 .debug_line    0x00000f53       0x6c MCAL/PWM/src/PWM_Lcfg.o
 .debug_line    0x00000fbf      0x1ff MCAL/TIMER/src/TIMER.o
 .debug_line    0x000011be       0x74 MCAL/TIMER/src/TIMER_Lcfg.o
 .debug_line    0x00001232       0xd0 OS/src/OS.o
 .debug_line    0x00001302       0xe1 OS/src/OS_Interface.o
 .debug_line    0x000013e3       0x5e OS/src/OS_Lcfg.o
 .debug_line    0x00001441       0xa5 c:/program files (x86)/atmel/atmel studio 6.0/extensions/atmel/avrgcc/3.4.0.65/avrtoolchain/bin/../lib/gcc/avr/4.6.2/avr5\libgcc.a(_mulsi3.o)
 .debug_line    0x000014e6       0xa8 c:/program files (x86)/atmel/atmel studio 6.0/extensions/atmel/avrgcc/3.4.0.65/avrtoolchain/bin/../lib/gcc/avr/4.6.2/avr5\libgcc.a(_udivmodsi4.o)
 .debug_line    0x0000158e       0x88 c:/program files (x86)/atmel/atmel studio 6.0/extensions/atmel/avrgcc/3.4.0.65/avrtoolchain/bin/../lib/gcc/avr/4.6.2/avr5\libgcc.a(_exit.o)
 .debug_line    0x00001616       0x91 c:/program files (x86)/atmel/atmel studio 6.0/extensions/atmel/avrgcc/3.4.0.65/avrtoolchain/bin/../lib/gcc/avr/4.6.2/avr5\libgcc.a(_copy_data.o)
 .debug_line    0x000016a7       0x8e c:/program files (x86)/atmel/atmel studio 6.0/extensions/atmel/avrgcc/3.4.0.65/avrtoolchain/bin/../lib/gcc/avr/4.6.2/avr5\libgcc.a(_clear_bss.o)

.debug_frame    0x00000000      0x9bc
 *(.debug_frame)
 .debug_frame   0x00000000       0x38 APP/CRASH/src/CRASH.o
 .debug_frame   0x00000038       0x40 APP/MONITORING/src/MONITORING.o
 .debug_frame   0x00000078       0x34 APP/MONITORING/src/MONITORING_Interface.o
 .debug_frame   0x000000ac       0x34 APP/SENSING/scr/SENSING.o
 .debug_frame   0x000000e0       0x34 APP/SENSING/scr/SENSING_Interface.o
 .debug_frame   0x00000114       0x24 APP/STEERING/src/STEERING.o
 .debug_frame   0x00000138       0x34 APP/STEERING/src/STEERING_Interface.o
 .debug_frame   0x0000016c       0xc4 HAL/LCD/src/LCD.o
 .debug_frame   0x00000230       0x68 HAL/MOTOR/src/MOTOR.o
 .debug_frame   0x00000298       0x94 HAL/USONIC/src/USONIC.o
 .debug_frame   0x0000032c      0x13c LIB/UTILS.o
 .debug_frame   0x00000468       0x54 main.o
 .debug_frame   0x000004bc       0x64 MCAL/DIO/src/DIO.o
 .debug_frame   0x00000520       0x34 MCAL/GLOBAL_Interrupt/src/GLOBAL_Interrupt.o
 .debug_frame   0x00000554      0x188 MCAL/ICU/src/ICU.o
 .debug_frame   0x000006dc       0x74 MCAL/PWM/src/PWM.o
 .debug_frame   0x00000750      0x12c MCAL/TIMER/src/TIMER.o
 .debug_frame   0x0000087c       0x94 OS/src/OS.o
 .debug_frame   0x00000910       0xac OS/src/OS_Interface.o

.debug_str      0x00000000     0x15aa
 *(.debug_str)
 .debug_str     0x00000000      0x1c1 APP/CRASH/src/CRASH.o
                                0x204 (size before relaxing)
 .debug_str     0x000001c1       0x1e APP/CRASH/src/CRASH_Lcfg.o
                                0x10c (size before relaxing)
 .debug_str     0x000001df      0x127 APP/MONITORING/src/MONITORING.o
                                0x201 (size before relaxing)
 .debug_str     0x00000306       0x7e APP/MONITORING/src/MONITORING_Interface.o
                                0x1b4 (size before relaxing)
 .debug_str     0x00000384       0x5c APP/SENSING/scr/SENSING.o
                                0x149 (size before relaxing)
 .debug_str     0x000003e0       0x5c APP/SENSING/scr/SENSING_Interface.o
                                0x147 (size before relaxing)
 .debug_str     0x0000043c       0x67 APP/STEERING/src/STEERING.o
                                0x145 (size before relaxing)
 .debug_str     0x000004a3       0xbc APP/STEERING/src/STEERING_Interface.o
                                0x194 (size before relaxing)
 .debug_str     0x0000055f      0x156 HAL/LCD/src/LCD.o
                                0x25d (size before relaxing)
 .debug_str     0x000006b5       0x7f HAL/LCD/src/LCD_Lcfg.o
                                0x1bb (size before relaxing)
 .debug_str     0x00000734      0x130 HAL/MOTOR/src/MOTOR.o
                                0x256 (size before relaxing)
 .debug_str     0x00000864       0x1e HAL/MOTOR/src/MOTOR_Lcfg.o
                                0x1b3 (size before relaxing)
 .debug_str     0x00000882      0x1a1 HAL/USONIC/src/USONIC.o
                                0x368 (size before relaxing)
 .debug_str     0x00000a23       0x20 HAL/USONIC/src/USONIC_Lcfg.o
                                0x195 (size before relaxing)
 .debug_str     0x00000a43      0x10f LIB/UTILS.o
                                0x1fe (size before relaxing)
 .debug_str     0x00000b52      0x11e main.o
                                0x1ef (size before relaxing)
 .debug_str     0x00000c70       0x73 MCAL/DIO/src/DIO.o
                                0x224 (size before relaxing)
 .debug_str     0x00000ce3       0x61 MCAL/GLOBAL_Interrupt/src/GLOBAL_Interrupt.o
                                0x128 (size before relaxing)
 .debug_str     0x00000d44      0x145 MCAL/ICU/src/ICU.o
                                0x3fa (size before relaxing)
 .debug_str     0x00000e89       0xed MCAL/ICU/src/ICU_Lcfg.o
                                0x20e (size before relaxing)
 .debug_str     0x00000f76      0x10b MCAL/PWM/src/PWM.o
                                0x2f1 (size before relaxing)
 .debug_str     0x00001081       0xe0 MCAL/PWM/src/PWM_Lcfg.o
                                0x252 (size before relaxing)
 .debug_str     0x00001161      0x1f6 MCAL/TIMER/src/TIMER.o
                                0x310 (size before relaxing)
 .debug_str     0x00001357       0x1f MCAL/TIMER/src/TIMER_Lcfg.o
                                0x133 (size before relaxing)
 .debug_str     0x00001376      0x16b OS/src/OS.o
                                0x310 (size before relaxing)
 .debug_str     0x000014e1       0xb5 OS/src/OS_Interface.o
                                0x375 (size before relaxing)
 .debug_str     0x00001596       0x14 OS/src/OS_Lcfg.o
                                0x164 (size before relaxing)

.debug_loc      0x00000000     0x2666
 *(.debug_loc)
 .debug_loc     0x00000000       0x49 APP/CRASH/src/CRASH.o
 .debug_loc     0x00000049      0x1f6 APP/MONITORING/src/MONITORING.o
 .debug_loc     0x0000023f       0x3f APP/MONITORING/src/MONITORING_Interface.o
 .debug_loc     0x0000027e       0x86 APP/SENSING/scr/SENSING.o
 .debug_loc     0x00000304       0x57 APP/SENSING/scr/SENSING_Interface.o
 .debug_loc     0x0000035b       0x1f APP/STEERING/src/STEERING.o
 .debug_loc     0x0000037a       0xbe APP/STEERING/src/STEERING_Interface.o
 .debug_loc     0x00000438      0x542 HAL/LCD/src/LCD.o
 .debug_loc     0x0000097a      0x15d HAL/MOTOR/src/MOTOR.o
 .debug_loc     0x00000ad7       0xee HAL/USONIC/src/USONIC.o
 .debug_loc     0x00000bc5      0x6c7 LIB/UTILS.o
 .debug_loc     0x0000128c      0x369 MCAL/DIO/src/DIO.o
 .debug_loc     0x000015f5      0x54f MCAL/ICU/src/ICU.o
 .debug_loc     0x00001b44      0x197 MCAL/PWM/src/PWM.o
 .debug_loc     0x00001cdb      0x582 MCAL/TIMER/src/TIMER.o
 .debug_loc     0x0000225d      0x12c OS/src/OS.o
 .debug_loc     0x00002389      0x2dd OS/src/OS_Interface.o

.debug_macinfo
 *(.debug_macinfo)
OUTPUT(OS.elf elf32-avr)
LOAD linker stubs

.debug_ranges   0x00000000       0x48
 .debug_ranges  0x00000000       0x30 MCAL/TIMER/src/TIMER.o
 .debug_ranges  0x00000030       0x18 OS/src/OS.o
